 atl80

 Timestamp is 62c35264 (Mon Jul 04 16:49:40 2022)

 Preferred load address is 7c630000

 Start         Length     Name                   Class
 0001:00000000 00019060H .text                   CODE
 0001:00019060 0000005eH .text$yc                CODE
 0001:000190c0 0000002dH .text$yd                CODE
 0002:00000000 00000120H .idata$5                DATA
 0002:00000120 00000004H .CRT$XCA                DATA
 0002:00000124 0000000cH .CRT$XCL                DATA
 0002:00000130 00000004H .CRT$XCU                DATA
 0002:00000134 00000004H .CRT$XCZ                DATA
 0002:00000138 00000004H .CRT$XIA                DATA
 0002:0000013c 00000008H .CRT$XIC                DATA
 0002:00000144 00000004H .CRT$XIZ                DATA
 0002:00000148 00000004H .CRT$XPA                DATA
 0002:0000014c 00000004H .CRT$XPZ                DATA
 0002:00000150 00000004H .CRT$XTA                DATA
 0002:00000154 00000004H .CRT$XTZ                DATA
 0002:00000160 000030e8H .rdata                  DATA
 0002:00003248 0000004cH .rdata$debug            DATA
 0002:000032a0 0000000cH .rdata$sxdata           DATA
 0002:000032b0 000000dcH .xdata$x                DATA
 0002:0000338c 00000004H ATL$__a                 DATA
 0002:00003390 00000004H ATL$__z                 DATA
 0002:00003394 000000a0H .didat$2                DATA
 0002:00003434 00000020H .didat$3                DATA
 0002:00003454 000001e4H .didat$4                DATA
 0002:00003638 000006deH .didat$6                DATA
 0002:00003d18 000001e4H .didat$7                DATA
 0002:00003efc 00000014H .idata$2                DATA
 0002:00003f10 00000014H .idata$3                DATA
 0002:00003f24 00000120H .idata$4                DATA
 0002:00004044 0000051aH .idata$6                DATA
 0002:00004560 000006ddH .edata                  DATA
 0003:00000000 00000180H .data                   DATA
 0003:00000180 000001e4H .didat$5                DATA
 0003:00000368 0000052cH .bss                    DATA
 0004:00000000 00000128H .rsrc$01                DATA
 0004:00000130 00002210H .rsrc$02                DATA

  Address         Publics by Value              Rva+Base       Lib:Object

 0000:00000000       __except_list              00000000     <absolute>
 0000:00000003       ___safe_se_handler_count   00000003     <absolute>
 0000:00000000       ___ImageBase               7c630000     <linker-defined>
 0001:00000000       _AtlComPtrAssign@8         7c631000 f i RegObj.obj
 0001:00000050       _AtlInternalQueryInterface@16 7c631050 f i RegObj.obj
 0001:00000180       _InlineIsEqualGUID         7c631180 f i RegObj.obj
 0001:000001e0       ?InlineIsEqualUnknown@ATL@@YGHABU_GUID@@@Z 7c6311e0 f i RegObj.obj
 0001:00000230       _AtlWinModuleAddCreateWndData@12 7c631230 f i RegObj.obj
 0001:000002c0       ?_AtlRaiseException@ATL@@YAXKK@Z 7c6312c0 f i RegObj.obj
 0001:000002e0       _AtlWinModuleExtractCreateWndData@4 7c6312e0 f i RegObj.obj
 0001:000003b0       _AtlWinModuleRegisterClassExA@8 7c6313b0 f i RegObj.obj
 0001:00000400       _AtlWinModuleRegisterWndClassInfoA@16 7c631400 f i RegObj.obj
 0001:00000430       ?Add@?$CSimpleArray@GV?$CSimpleArrayEqualHelper@G@ATL@@@ATL@@QAEHABG@Z 7c631430 f i RegObj.obj
 0001:00000530       ?AtlThrowImpl@ATL@@YGXJ@Z  7c631530 f i RegObj.obj
 0001:00000570       ?InternalSetAtIndex@?$CSimpleArray@GV?$CSimpleArrayEqualHelper@G@ATL@@@ATL@@QAEXHABG@Z 7c631570 f i RegObj.obj
 0001:000005c0       ??0Wrapper@?$CSimpleArray@GV?$CSimpleArrayEqualHelper@G@ATL@@@ATL@@QAE@ABG@Z 7c6315c0 f i RegObj.obj
 0001:000005e0       ??0?$CComCritSecLock@VCComCriticalSection@ATL@@@ATL@@QAE@AAVCComCriticalSection@1@_N@Z 7c6315e0 f i RegObj.obj
 0001:00000630       ??1?$CComCritSecLock@VCComCriticalSection@ATL@@@ATL@@QAE@XZ 7c631630 f i RegObj.obj
 0001:00000650       ?Unlock@?$CComCritSecLock@VCComCriticalSection@ATL@@@ATL@@QAEXXZ 7c631650 f i RegObj.obj
 0001:00000670       ?Unlock@CComCriticalSection@ATL@@QAEJXZ 7c631670 f i RegObj.obj
 0001:00000690       ?Lock@?$CComCritSecLock@VCComCriticalSection@ATL@@@ATL@@QAEJXZ 7c631690 f i RegObj.obj
 0001:000006c0       ?Lock@CComCriticalSection@ATL@@QAEJXZ 7c6316c0 f i RegObj.obj
 0001:000006e0       ??$AtlModuleRegisterWndClassInfoT@VAtlModuleRegisterWndClassInfoParamA@ATL@@@ATL@@YAGPAU_ATL_BASE_MODULE70@0@PAU_ATL_WIN_MODULE70@0@PAU_ATL_WNDCLASSINFOA@0@PAP6GJPAUHWND__@@IIJ@ZVAtlModuleRegisterWndClassInfoParamA@0@@Z 7c6316e0 f i RegObj.obj
 0001:000008f0       ?GetClassInfoExA@AtlModuleRegisterWndClassInfoParamA@ATL@@SAHPAUHINSTANCE__@@PBDPAUtagWNDCLASSEXA@@@Z 7c6318f0 f i RegObj.obj
 0001:00000910       ?FormatWindowClassName@AtlModuleRegisterWndClassInfoParamA@ATL@@SAXPADKPAX@Z 7c631910 f i RegObj.obj
 0001:00000960       ?strcpy_s@Checked@ATL@@YAXPADIPBD@Z 7c631960 f i RegObj.obj
 0001:00000960       ?tcscpy_s@Checked@ATL@@YAXPADIPBD@Z 7c631960 f i stdafx.obj
 0001:00000990       ?AtlCrtErrorCheck@ATL@@YAHH@Z 7c631990 f i RegObj.obj
 0001:00000a40       ?ui64toa_s@Checked@ATL@@YAX_KPADIH@Z 7c631a40 f i RegObj.obj
 0001:00000a70       ?LoadCursorA@AtlModuleRegisterWndClassInfoParamA@ATL@@SAPAUHICON__@@PAUHINSTANCE__@@PBD@Z 7c631a70 f i RegObj.obj
 0001:00000a90       ?RegisterClassExA@AtlModuleRegisterWndClassInfoParamA@ATL@@SAGPAU_ATL_WIN_MODULE70@2@PBUtagWNDCLASSEXA@@@Z 7c631a90 f i RegObj.obj
 0001:00000ab0       ?UpdateRegistry@CDLLRegObject@@SGJH@Z 7c631ab0 f i atl.obj
 0001:00000b80       _DllMain@12                7c631b80 f   atl.obj
 0001:00000c30       _AtlCreateRegistrar@4      7c631c30 f   atl.obj
 0001:00000c60       _AtlUpdateRegistryFromResourceD@20 7c631c60 f i atl.obj
 0001:00001180       ?CreateInstance@?$CComCreator@V?$CComObjectCached@VCComClassFactory@ATL@@@ATL@@@ATL@@SGJPAXABU_GUID@@PAPAX@Z 7c632180 f i atl.obj
 0001:000012a0       ?_AtlInitialConstruct@?$CComObjectRootEx@VCComMultiThreadModel@ATL@@@ATL@@QAEJXZ 7c6322a0 f i atl.obj
 0001:000012c0       ?CreateInstance@?$CComCreator2@V?$CComCreator@V?$CComObject@VCDLLRegObject@@@ATL@@@ATL@@V?$CComFailCreator@$0?HPPLPOPA@@2@@ATL@@SGJPAXABU_GUID@@PAPAX@Z 7c6322c0 f i atl.obj
 0001:00001300       ??_G?$CComObjectCached@VCComClassFactory@ATL@@@ATL@@QAEPAXI@Z 7c632300 f i atl.obj
 0001:00001330       ??0?$CComObjectCached@VCComClassFactory@ATL@@@ATL@@QAE@PAX@Z 7c632330 f i atl.obj
 0001:00001360       ??1?$CComObjectCached@VCComClassFactory@ATL@@@ATL@@QAE@XZ 7c632360 f i atl.obj
 0001:000013a0       ?AddRef@?$CComObjectCached@VCComClassFactory@ATL@@@ATL@@UAGKXZ 7c6323a0 f i atl.obj
 0001:000013e0       ?Release@?$CComObjectCached@VCComClassFactory@ATL@@@ATL@@UAGKXZ 7c6323e0 f i atl.obj
 0001:00001450       ?QueryInterface@?$CComObjectCached@VCComClassFactory@ATL@@@ATL@@UAGJABU_GUID@@PAPAX@Z 7c632450 f i atl.obj
 0001:00001470       ?CreateInstance@?$CComCreator@V?$CComObject@VCDLLRegObject@@@ATL@@@ATL@@SGJPAXABU_GUID@@PAPAX@Z 7c632470 f i atl.obj
 0001:00001590       ?FinalConstruct@CDLLRegObject@@QAEJXZ 7c632590 f i atl.obj
 0001:000015c0       ?CreateInstance@?$CComFailCreator@$0?HPPLPOPA@@ATL@@SGJPAXABU_GUID@@PAPAX@Z 7c6325c0 f i atl.obj
 0001:000015f0       ??0CComClassFactory@ATL@@QAE@XZ 7c6325f0 f i atl.obj
 0001:00001620       ??0?$CComObject@VCDLLRegObject@@@ATL@@QAE@PAX@Z 7c632620 f i atl.obj
 0001:00001660       ??0CDLLRegObject@@QAE@XZ   7c632660 f i atl.obj
 0001:00001690       ??0CRegObject@ATL@@QAE@XZ  7c632690 f i atl.obj
 0001:000016c0       ??0CExpansionVector@ATL@@QAE@XZ 7c6326c0 f i atl.obj
 0001:000016e0       ??0?$CSimpleMap@PADPA_WVCExpansionVectorEqualHelper@ATL@@@ATL@@QAE@XZ 7c6326e0 f i atl.obj
 0001:00001710       ?AddRef@?$CComObject@VCDLLRegObject@@@ATL@@UAGKXZ 7c632710 f i atl.obj
 0001:00001730       ?Release@?$CComObject@VCDLLRegObject@@@ATL@@UAGKXZ 7c632730 f i atl.obj
 0001:00001780       ?QueryInterface@?$CComObject@VCDLLRegObject@@@ATL@@UAGJABU_GUID@@PAPAX@Z 7c632780 f i atl.obj
 0001:000017a0       ?_InternalQueryInterface@CDLLRegObject@@QAEJABU_GUID@@PAPAX@Z 7c6327a0 f i atl.obj
 0001:000017d0       ?_GetEntries@CDLLRegObject@@SGPBU_ATL_INTMAP_ENTRY@ATL@@XZ 7c6327d0 f i atl.obj
 0001:000017e0       ??_G?$CComObject@VCDLLRegObject@@@ATL@@UAEPAXI@Z 7c6327e0 f i atl.obj
 0001:000017e0       ??_E?$CComObject@VCDLLRegObject@@@ATL@@UAEPAXI@Z 7c6327e0 f i atl.obj
 0001:00001810       ??1?$CComObject@VCDLLRegObject@@@ATL@@UAE@XZ 7c632810 f i atl.obj
 0001:00001860       ??1CDLLRegObject@@UAE@XZ   7c632860 f i atl.obj
 0001:000018a0       ?FinalRelease@CDLLRegObject@@QAEXXZ 7c6328a0 f i atl.obj
 0001:000018c0       ?CreateInstance@?$CComObject@VCDLLRegObject@@@ATL@@SGJPAPAV12@@Z 7c6328c0 f i atl.obj
 0001:000019d0       ??$AtlMultiply@H@ATL@@YAJPAHHH@Z 7c6329d0 f i atl.obj
 0001:00001a30       ?_AtlVerifyStackAvailable@_ATL_SAFE_ALLOCA_IMPL@ATL@@YA_NK@Z 7c632a30 f i atl.obj
 0001:00001b10       ?_AtlGetConversionACP@ATL@@YGIXZ 7c632b10 f i atl.obj
 0001:00001b20       ?AtlA2WHelper@@YGPA_WPA_WPBDHI@Z 7c632b20 f i atl.obj
 0001:00001b70       ?ocslen@@YAHPB_W@Z         7c632b70 f i atl.obj
 0001:00001b80       ?ocscpy_s@@YA_NPA_WIPB_W@Z 7c632b80 f i atl.obj
 0001:00001bc0       ?Init@CComSafeDeleteCriticalSection@ATL@@QAEJXZ 7c632bc0 f i atl.obj
 0001:00001bf0       ?Init@CComCriticalSection@ATL@@QAEJXZ 7c632bf0 f i atl.obj
 0001:00001c90       ?AtlHresultFromLastError@ATL@@YAJXZ 7c632c90 f i atl.obj
 0001:00001cd0       ?AtlHresultFromWin32@ATL@@YAJK@Z 7c632cd0 f i atl.obj
 0001:00001d10       ?EscapeSingleQuote@CAtlModule@ATL@@SAXPA_WIPB_W@Z 7c632d10 f i atl.obj
 0001:00001db0       ?AtlModuleUpdateRegistryFromResourceD@ATL@@YAJPAU_ATL_MODULE70@1@PB_WHPAU_ATL_REGMAP_ENTRY@1@PAUIRegistrar@@@Z 7c632db0 f i atl.obj
 0001:00001de0       ?Init@CComModule@ATL@@QAEJPAU_ATL_OBJMAP_ENTRY30@2@PAUHINSTANCE__@@PBU_GUID@@@Z 7c632de0 f i atl.obj
 0001:00001e90       ?Term@CComModule@ATL@@QAEXXZ 7c632e90 f i atl.obj
 0001:00001f30       ?Term@CAtlModule@ATL@@QAEXXZ 7c632f30 f i atl.obj
 0001:00001fb0       ?Term@CComCriticalSection@ATL@@QAEJXZ 7c632fb0 f i atl.obj
 0001:00001fd0       _AtlCallTermFunc@4         7c632fd0 f i atl.obj
 0001:00002040       ?InternalQueryInterface@CComObjectRootBase@ATL@@SGJPAXPBU_ATL_INTMAP_ENTRY@2@ABU_GUID@@PAPAX@Z 7c633040 f i atl.obj
 0001:00002070       ?OnFinalMessage@?$CWindowImplBaseT@VCWindow@ATL@@V?$CWinTraits@$0FGAAAAAA@$0A@@2@@ATL@@UAEXPAUHWND__@@@Z 7c633070 f i stdafx.obj
 0001:00002070       ?SetVoid@CComObjectRootBase@ATL@@QAEXPAX@Z 7c633070 f i atl.obj
 0001:00002080       ?InternalFinalConstructRelease@CComObjectRootBase@ATL@@QAEXXZ 7c633080 f i atl.obj
 0001:00002090       ?ObjectMain@CComObjectRootBase@ATL@@SGX_N@Z 7c633090 f i atl.obj
 0001:00002090       ?OnSave@CAxHostWindow@ATL@@UAGXXZ 7c633090 f i stdafx.obj
 0001:00002090       ?OnClose@CAxHostWindow@ATL@@UAGXXZ 7c633090 f i stdafx.obj
 0001:000020a0       ?_InternalQueryInterface@CComClassFactory@ATL@@QAEJABU_GUID@@PAPAX@Z 7c6330a0 f i atl.obj
 0001:000020d0       ?_GetEntries@CComClassFactory@ATL@@SGPBU_ATL_INTMAP_ENTRY@2@XZ 7c6330d0 f i atl.obj
 0001:000020e0       ??1CComClassFactory@ATL@@QAE@XZ 7c6330e0 f i atl.obj
 0001:00002120       ?CreateInstance@CComClassFactory@ATL@@UAGJPAUIUnknown@@ABU_GUID@@PAPAX@Z 7c633120 f i atl.obj
 0001:00002180       ?LockServer@CComClassFactory@ATL@@UAGJH@Z 7c633180 f i atl.obj
 0001:000021c0       ?SetVoid@CComClassFactory@ATL@@QAEXPAX@Z 7c6331c0 f i atl.obj
 0001:000021e0       ??1CRegObject@ATL@@UAE@XZ  7c6331e0 f i atl.obj
 0001:00002210       ??1CExpansionVector@ATL@@QAE@XZ 7c633210 f i atl.obj
 0001:00002230       ?ClearReplacements@CExpansionVector@ATL@@QAEJXZ 7c633230 f i atl.obj
 0001:000022b0       ?FinalConstruct@CRegObject@ATL@@QAEJXZ 7c6332b0 f i atl.obj
 0001:000022d0       ?FileRegister@CRegObject@ATL@@UAGJPB_W@Z 7c6332d0 f i atl.obj
 0001:000022f0       ?FileUnregister@CRegObject@ATL@@UAGJPB_W@Z 7c6332f0 f i atl.obj
 0001:00002310       ?StringRegister@CRegObject@ATL@@UAGJPB_W@Z 7c633310 f i atl.obj
 0001:00002330       ?StringUnregister@CRegObject@ATL@@UAGJPB_W@Z 7c633330 f i atl.obj
 0001:00002350       ??1CComAutoDeleteCriticalSection@ATL@@QAE@XZ 7c633350 f i atl.obj
 0001:00002370       ??1CComSafeDeleteCriticalSection@ATL@@QAE@XZ 7c633370 f i atl.obj
 0001:000023a0       ?AddReplacement@CRegObject@ATL@@UAGJPB_W0@Z 7c6333a0 f i atl.obj
 0001:00002500       ?AtlW2AHelper@@YGPADPADPB_WHI@Z 7c633500 f i atl.obj
 0001:00002550       ?Lock@CComSafeDeleteCriticalSection@ATL@@QAEJXZ 7c633550 f i atl.obj
 0001:00002570       ?Add@CExpansionVector@ATL@@QAEHPBDPB_W@Z 7c633570 f i atl.obj
 0001:000026d0       ?memcpy_s@Checked@ATL@@YAXPAXIPBXI@Z 7c6336d0 f i atl.obj
 0001:00002700       ?ResourceRegister@CRegObject@ATL@@UAGJPB_WI0@Z 7c633700 f i atl.obj
 0001:00002820       ?RegisterFromResource@CRegObject@ATL@@IAEJPB_WPBD1H@Z 7c633820 f i atl.obj
 0001:00002b00       ?ResourceRegisterSz@CRegObject@ATL@@UAGJPB_W00@Z 7c633b00 f i atl.obj
 0001:00002cf0       ?ResourceUnregister@CRegObject@ATL@@UAGJPB_WI0@Z 7c633cf0 f i atl.obj
 0001:00002e10       ?ResourceUnregisterSz@CRegObject@ATL@@UAGJPB_W00@Z 7c633e10 f i atl.obj
 0001:00003000       ?RegisterWithString@CRegObject@ATL@@IAEJPB_WH@Z 7c634000 f i atl.obj
 0001:00003130       ?ClearReplacements@CRegObject@ATL@@UAGJXZ 7c634130 f i atl.obj
 0001:00003170       ?CommonFileRegister@CRegObject@ATL@@IAEJPB_WH@Z 7c634170 f i atl.obj
 0001:000033f0       ??0CRegParser@ATL@@QAE@PAVCRegObject@1@@Z 7c6343f0 f i atl.obj
 0001:00003420       ?RegisterBuffer@CRegParser@ATL@@QAEJPADH@Z 7c634420 f i atl.obj
 0001:000035f0       ?GenerateError@CRegParser@ATL@@IAEJI@Z 7c6345f0 f i atl.obj
 0001:00003610       ?HKeyFromString@CRegParser@ATL@@KAPAUHKEY__@@PAD@Z 7c634610 f i atl.obj
 0001:00003660       ?SkipWhiteSpace@CRegParser@ATL@@IAEXXZ 7c634660 f i atl.obj
 0001:000036a0       ?IsSpace@CRegParser@ATL@@IAEHD@Z 7c6346a0 f i atl.obj
 0001:00003700       ?NextToken@CRegParser@ATL@@IAEJPAD@Z 7c634700 f i atl.obj
 0001:00003920       ?EndOfVar@CRegParser@ATL@@IAEHXZ 7c634920 f i atl.obj
 0001:00003970       ?PreProcessBuffer@CRegParser@ATL@@QAEJPADPAPAD@Z 7c634970 f i atl.obj
 0001:00003b80       ?tcsncpy_s@Checked@ATL@@YAHPADIPBDI@Z 7c634b80 f i atl.obj
 0001:00003bb0       ??0CParseBuffer@CRegParser@ATL@@QAE@H@Z 7c634bb0 f i atl.obj
 0001:00003c10       ?AtlCoTaskMemCAlloc@ATL@@YAPAXKK@Z 7c634c10 f i atl.obj
 0001:00003c50       ??$AtlMultiply@I@ATL@@YAJPAIII@Z 7c634c50 f i atl.obj
 0001:00003c50       ??$AtlMultiply@K@ATL@@YAJPAKKK@Z 7c634c50 f i atl.obj
 0001:00003c90       ??1CParseBuffer@CRegParser@ATL@@QAE@XZ 7c634c90 f i atl.obj
 0001:00003cb0       ?AddChar@CParseBuffer@CRegParser@ATL@@QAEHPBD@Z 7c634cb0 f i atl.obj
 0001:00003ce0       ?Append@CParseBuffer@CRegParser@ATL@@QAEHPBDH@Z 7c634ce0 f i atl.obj
 0001:00003e00       ?AtlCoTaskMemRecalloc@ATL@@YAPAXPAXKK@Z 7c634e00 f i atl.obj
 0001:00003e40       ?AddString@CParseBuffer@CRegParser@ATL@@QAEHPB_W@Z 7c634e40 f i atl.obj
 0001:00003f70       ?Detach@CParseBuffer@CRegParser@ATL@@QAEPADXZ 7c634f70 f i atl.obj
 0001:00003fb0       ?StrFromMap@CRegObject@ATL@@QAEPB_WPAD@Z 7c634fb0 f i atl.obj
 0001:00003ff0       ?StrChrA@CRegParser@ATL@@KAPADPADD@Z 7c634ff0 f i atl.obj
 0001:00004040       ?RegisterSubkeys@CRegParser@ATL@@IAEJPADPAUHKEY__@@HH@Z 7c635040 f i atl.obj
 0001:00004830       ??1CRegKey@ATL@@QAE@XZ     7c635830 f i atl.obj
 0001:00004850       ?DeleteSubKey@CRegKey@ATL@@QAEJPBD@Z 7c635850 f i atl.obj
 0001:00004880       ?DeleteValue@CRegKey@ATL@@QAEJPBD@Z 7c635880 f i atl.obj
 0001:000048b0       ?Close@CRegKey@ATL@@QAEJXZ 7c6358b0 f i atl.obj
 0001:000048f0       ?Create@CRegKey@ATL@@QAEJPAUHKEY__@@PBDPADKKPAU_SECURITY_ATTRIBUTES@@PAK@Z 7c6358f0 f i atl.obj
 0001:00004960       ?Open@CRegKey@ATL@@QAEJPAUHKEY__@@PBDK@Z 7c635960 f i atl.obj
 0001:000049b0       ?RecurseDeleteKey@CRegKey@ATL@@QAEJPBD@Z 7c6359b0 f i atl.obj
 0001:00004ac0       ?AddValue@CRegParser@ATL@@IAEJAAVCRegKey@2@PBDPAD@Z 7c635ac0 f i atl.obj
 0001:000050d0       ?SetDWORDValue@CRegKey@ATL@@QAEJPBDK@Z 7c6360d0 f i atl.obj
 0001:00005100       ?SetStringValue@CRegKey@ATL@@QAEJPBD0K@Z 7c636100 f i atl.obj
 0001:00005160       ?SetMultiStringValue@CRegKey@ATL@@QAEJPBD0@Z 7c636160 f i atl.obj
 0001:000051f0       ?VTFromRegType@CRegParser@ATL@@KAHPBDAAG@Z 7c6361f0 f i atl.obj
 0001:000052b0       ?ChToByte@CRegParser@ATL@@KAED@Z 7c6362b0 f i atl.obj
 0001:00005350       ?CanForceRemoveKey@CRegParser@ATL@@IAEHPBD@Z 7c636350 f i atl.obj
 0001:000053a0       ?HasSubKeys@CRegParser@ATL@@IAEHPAUHKEY__@@@Z 7c6363a0 f i atl.obj
 0001:000053f0       ?SkipAssignment@CRegParser@ATL@@IAEJPAD@Z 7c6363f0 f i atl.obj
 0001:00005490       ?AtlAxWinTerm@ATL@@YAHXZ   7c636490 f i atl.obj
 0001:000054d0       ??0?$CComObjectRootEx@VCComMultiThreadModel@ATL@@@ATL@@QAE@XZ 7c6364d0 f i atl.obj
 0001:00005500       ??0CComAutoDeleteCriticalSection@ATL@@QAE@XZ 7c636500 f i atl.obj
 0001:00005520       ??0CComSafeDeleteCriticalSection@ATL@@QAE@XZ 7c636520 f i atl.obj
 0001:00005540       ??0CComCriticalSection@ATL@@QAE@XZ 7c636540 f i atl.obj
 0001:00005560       ??I?$CComPtrBase@UIDispatch@@@ATL@@QAEPAPAUIDispatch@@XZ 7c636560 f i stdafx.obj
 0001:00005560       ??I?$CComPtrBase@UIOleInPlaceUIWindow@@@ATL@@QAEPAPAUIOleInPlaceUIWindow@@XZ 7c636560 f i stdafx.obj
 0001:00005560       ??I?$CComPtrBase@UIOleInPlaceFrame@@@ATL@@QAEPAPAUIOleInPlaceFrame@@XZ 7c636560 f i stdafx.obj
 0001:00005560       ??I?$CComPtrBase@UITypeLib@@@ATL@@QAEPAPAUITypeLib@@XZ 7c636560 f i stdafx.obj
 0001:00005560       ??I?$CComPtrBase@UIPersistStreamInit@@@ATL@@QAEPAPAUIPersistStreamInit@@XZ 7c636560 f i stdafx.obj
 0001:00005560       ??I?$CComPtrBase@UIConnectionPointContainer@@@ATL@@QAEPAPAUIConnectionPointContainer@@XZ 7c636560 f i stdafx.obj
 0001:00005560       ??I?$CComPtrBase@UIServiceProvider@@@ATL@@QAEPAPAUIServiceProvider@@XZ 7c636560 f i stdafx.obj
 0001:00005560       ??I?$CComPtrBase@UIViewObjectEx@@@ATL@@QAEPAPAUIViewObjectEx@@XZ 7c636560 f i stdafx.obj
 0001:00005560       ??I?$CComPtrBase@UIOleInPlaceObjectWindowless@@@ATL@@QAEPAPAUIOleInPlaceObjectWindowless@@XZ 7c636560 f i stdafx.obj
 0001:00005560       ??I?$CComPtrBase@UITypeInfo2@@@ATL@@QAEPAPAUITypeInfo2@@XZ 7c636560 f i stdafx.obj
 0001:00005560       ??I?$CComPtrBase@UIConnectionPoint@@@ATL@@QAEPAPAUIConnectionPoint@@XZ 7c636560 f i stdafx.obj
 0001:00005560       ??I?$CComPtrBase@UIAxWinHostWindowLic@@@ATL@@QAEPAPAUIAxWinHostWindowLic@@XZ 7c636560 f i stdafx.obj
 0001:00005560       ??I?$CComPtrBase@UITypeInfo@@@ATL@@QAEPAPAUITypeInfo@@XZ 7c636560 f i stdafx.obj
 0001:00005560       ??0IUnknown@@QAE@XZ        7c636560 f i atl.obj
 0001:00005560       ??I?$CComPtrBase@UIProvideClassInfo2@@@ATL@@QAEPAPAUIProvideClassInfo2@@XZ 7c636560 f i stdafx.obj
 0001:00005560       ??I?$CComPtrBase@UIFontDisp@@@ATL@@QAEPAPAUIFontDisp@@XZ 7c636560 f i stdafx.obj
 0001:00005560       ??I?$CComPtrBase@UIOleClientSite@@@ATL@@QAEPAPAUIOleClientSite@@XZ 7c636560 f i stdafx.obj
 0001:00005560       ??I?$CComPtrBase@UIStream@@@ATL@@QAEPAPAUIStream@@XZ 7c636560 f i stdafx.obj
 0001:00005560       ??I?$CComPtrBase@UIRegistrar@@@ATL@@QAEPAPAUIRegistrar@@XZ 7c636560 f i atl.obj
 0001:00005560       ??I?$CComPtrBase@UICreateErrorInfo@@@ATL@@QAEPAPAUICreateErrorInfo@@XZ 7c636560 f i stdafx.obj
 0001:00005560       ?GetCodeAddress@_stdcallthunk@ATL@@QAEPAXXZ 7c636560 f i stdafx.obj
 0001:00005560       ??I?$CComPtrBase@UIOleObject@@@ATL@@QAEPAPAUIOleObject@@XZ 7c636560 f i stdafx.obj
 0001:00005560       ??I?$CComPtrBase@UIWebBrowser2@@@ATL@@QAEPAPAUIWebBrowser2@@XZ 7c636560 f i stdafx.obj
 0001:00005560       ??I?$CComPtrBase@UIUnknown@@@ATL@@QAEPAPAUIUnknown@@XZ 7c636560 f i stdafx.obj
 0001:00005560       ??I?$CComPtrBase@UIAxWinHostWindow@@@ATL@@QAEPAPAUIAxWinHostWindow@@XZ 7c636560 f i stdafx.obj
 0001:00005560       ??I?$CComPtrBase@UIPersist@@@ATL@@QAEPAPAUIPersist@@XZ 7c636560 f i stdafx.obj
 0001:00005560       ??0CMessageMap@ATL@@QAE@XZ 7c636560 f i stdafx.obj
 0001:00005560       ??I?$CComPtrBase@UIErrorInfo@@@ATL@@QAEPAPAUIErrorInfo@@XZ 7c636560 f i stdafx.obj
 0001:00005560       ??ICComBSTR@ATL@@QAEPAPA_WXZ 7c636560 f i stdafx.obj
 0001:00005560       ??I?$CComPtrBase@UIClassFactory2@@@ATL@@QAEPAPAUIClassFactory2@@XZ 7c636560 f i stdafx.obj
 0001:00005560       ??I?$CComPtrBase@UIObjectWithSite@@@ATL@@QAEPAPAUIObjectWithSite@@XZ 7c636560 f i stdafx.obj
 0001:00005560       ??I?$CComPtrBase@UICatRegister@@@ATL@@QAEPAPAUICatRegister@@XZ 7c636560 f i stdafx.obj
 0001:00005560       ??I?$CComPtrBase@UIPersistStream@@@ATL@@QAEPAPAUIPersistStream@@XZ 7c636560 f i stdafx.obj
 0001:00005570       ?Allocate@?$CAtlSafeAllocBufferManager@VCCRTAllocator@ATL@@@_ATL_SAFE_ALLOCA_IMPL@ATL@@QAEPAXK@Z 7c636570 f i atl.obj
 0001:000055c0       ?Allocate@CCRTAllocator@ATL@@SAPAXI@Z 7c6365c0 f i atl.obj
 0001:000055e0       ??1?$CAtlSafeAllocBufferManager@VCCRTAllocator@ATL@@@_ATL_SAFE_ALLOCA_IMPL@ATL@@QAE@XZ 7c6365e0 f i atl.obj
 0001:00005620       ?Free@CCRTAllocator@ATL@@SAXPAX@Z 7c636620 f i atl.obj
 0001:00005640       ??1?$CComObjectRootEx@VCComMultiThreadModel@ATL@@@ATL@@QAE@XZ 7c636640 f i atl.obj
 0001:00005660       ??1CComCriticalSection@ATL@@QAE@XZ 7c636660 f i atl.obj
 0001:00005660       ?FinalRelease@CComObjectRootBase@ATL@@QAEXXZ 7c636660 f i atl.obj
 0001:00005660       ??1CComObjectRootBase@ATL@@QAE@XZ 7c636660 f i atl.obj
 0001:00005660       ?InternalFinalConstructAddRef@CComObjectRootBase@ATL@@QAEXXZ 7c636660 f i atl.obj
 0001:00005670       ??1?$CSimpleMap@PADPA_WVCExpansionVectorEqualHelper@ATL@@@ATL@@QAE@XZ 7c636670 f i atl.obj
 0001:00005690       ?GetLockCount@CAtlModule@ATL@@UAEJXZ 7c636690 f i atl.obj
 0001:00005690       ?GetSize@?$CSimpleMap@PADPA_WVCExpansionVectorEqualHelper@ATL@@@ATL@@QBEHXZ 7c636690 f i atl.obj
 0001:000056b0       ?Add@?$CSimpleMap@PADPA_WVCExpansionVectorEqualHelper@ATL@@@ATL@@QAEHABQADABQA_W@Z 7c6366b0 f i atl.obj
 0001:00005750       ?RemoveAll@?$CSimpleMap@PADPA_WVCExpansionVectorEqualHelper@ATL@@@ATL@@QAEXXZ 7c636750 f i atl.obj
 0001:000057d0       ?Lookup@?$CSimpleMap@PADPA_WVCExpansionVectorEqualHelper@ATL@@@ATL@@QBEPA_WABQAD@Z 7c6367d0 f i atl.obj
 0001:00005810       ?GetKeyAt@?$CSimpleMap@PADPA_WVCExpansionVectorEqualHelper@ATL@@@ATL@@QBEAAPADH@Z 7c636810 f i atl.obj
 0001:00005850       ?GetValueAt@?$CSimpleMap@PADPA_WVCExpansionVectorEqualHelper@ATL@@@ATL@@QBEAAPA_WH@Z 7c636850 f i atl.obj
 0001:00005890       ?Attach@CRegKey@ATL@@QAEXPAUHKEY__@@@Z 7c636890 f i atl.obj
 0001:00005890       ?Attach@?$CAutoVectorPtr@D@ATL@@QAEXPAD@Z 7c636890 f i atl.obj
 0001:00005890       ?Attach@?$CAutoVectorPtr@_W@ATL@@QAEXPA_W@Z 7c636890 f i atl.obj
 0001:000058b0       ??1?$CAutoVectorPtr@D@ATL@@QAE@XZ 7c6368b0 f i atl.obj
 0001:000058b0       ??1?$CAutoVectorPtr@_W@ATL@@QAE@XZ 7c6368b0 f i atl.obj
 0001:000058d0       ?Allocate@?$CTempBuffer@D$0EAA@VCCRTAllocator@ATL@@@ATL@@QAEPADI@Z 7c6368d0 f i atl.obj
 0001:00005900       ??1?$CTempBuffer@E$0BAA@VCCRTAllocator@ATL@@@ATL@@QAE@XZ 7c636900 f i atl.obj
 0001:00005900       ??1?$CTempBuffer@D$0BAA@VCCRTAllocator@ATL@@@ATL@@QAE@XZ 7c636900 f i atl.obj
 0001:00005900       ??1?$CTempBuffer@D$0EAA@VCCRTAllocator@ATL@@@ATL@@QAE@XZ 7c636900 f i atl.obj
 0001:00005920       ?Allocate@?$CTempBuffer@E$0BAA@VCCRTAllocator@ATL@@@ATL@@QAEPAEI@Z 7c636920 f i atl.obj
 0001:00005920       ?Allocate@?$CTempBuffer@D$0BAA@VCCRTAllocator@ATL@@@ATL@@QAEPADI@Z 7c636920 f i atl.obj
 0001:00005950       ?GetWndClassName@?$CAxWindowT@VCWindow@ATL@@@ATL@@SAPBDXZ 7c636950 f i atl.obj
 0001:00005960       ?GetWndClassName@?$CAxWindow2T@VCWindow@ATL@@@ATL@@SAPBDXZ 7c636960 f i atl.obj
 0001:00005970       ?InternalAddRef@?$CComObjectRootEx@VCComMultiThreadModel@ATL@@@ATL@@QAEKXZ 7c636970 f i atl.obj
 0001:00005990       ?Increment@CComMultiThreadModel@ATL@@SGKPAJ@Z 7c636990 f i atl.obj
 0001:000059b0       ?InternalRelease@?$CComObjectRootEx@VCComMultiThreadModel@ATL@@@ATL@@QAEKXZ 7c6369b0 f i atl.obj
 0001:000059d0       ?Decrement@CComMultiThreadModel@ATL@@SGKPAJ@Z 7c6369d0 f i atl.obj
 0001:000059f0       ?FindKey@?$CSimpleMap@PADPA_WVCExpansionVectorEqualHelper@ATL@@@ATL@@QBEHABQAD@Z 7c6369f0 f i atl.obj
 0001:00005a50       ?IsEqualKey@CExpansionVectorEqualHelper@ATL@@SA_NQAD0@Z 7c636a50 f i atl.obj
 0001:00005a70       ?InternalSetAtIndex@?$CSimpleMap@PADPA_WVCExpansionVectorEqualHelper@ATL@@@ATL@@QAEXHABQADABQA_W@Z 7c636a70 f i atl.obj
 0001:00005af0       ?Free@?$CAutoVectorPtr@D@ATL@@QAEXXZ 7c636af0 f i atl.obj
 0001:00005af0       ?Free@?$CAutoVectorPtr@_W@ATL@@QAEXXZ 7c636af0 f i atl.obj
 0001:00005b20       ?AllocateBytes@?$CTempBuffer@D$0EAA@VCCRTAllocator@ATL@@@ATL@@QAEPADI@Z 7c636b20 f i atl.obj
 0001:00005b60       ?FreeHeap@?$CTempBuffer@E$0BAA@VCCRTAllocator@ATL@@@ATL@@AAEXXZ 7c636b60 f i atl.obj
 0001:00005b60       ?FreeHeap@?$CTempBuffer@D$0EAA@VCCRTAllocator@ATL@@@ATL@@AAEXXZ 7c636b60 f i atl.obj
 0001:00005b60       ?FreeHeap@?$CTempBuffer@D$0BAA@VCCRTAllocator@ATL@@@ATL@@AAEXXZ 7c636b60 f i atl.obj
 0001:00005b80       ?AllocateBytes@?$CTempBuffer@E$0BAA@VCCRTAllocator@ATL@@@ATL@@QAEPAEI@Z 7c636b80 f i atl.obj
 0001:00005b80       ?AllocateBytes@?$CTempBuffer@D$0BAA@VCCRTAllocator@ATL@@@ATL@@QAEPADI@Z 7c636b80 f i atl.obj
 0001:00005bc0       ?GetData@CAtlSafeAllocBufferNode@?$CAtlSafeAllocBufferManager@VCCRTAllocator@ATL@@@_ATL_SAFE_ALLOCA_IMPL@ATL@@QAEPAXXZ 7c636bc0 f i atl.obj
 0001:00005be0       ?AllocateHeap@?$CTempBuffer@E$0BAA@VCCRTAllocator@ATL@@@ATL@@AAEXI@Z 7c636be0 f i atl.obj
 0001:00005be0       ?AllocateHeap@?$CTempBuffer@D$0BAA@VCCRTAllocator@ATL@@@ATL@@AAEXI@Z 7c636be0 f i atl.obj
 0001:00005be0       ?AllocateHeap@?$CTempBuffer@D$0EAA@VCCRTAllocator@ATL@@@ATL@@AAEXI@Z 7c636be0 f i atl.obj
 0001:00005c20       ??0?$Wrapper@PAD@?$CSimpleMap@PADPA_WVCExpansionVectorEqualHelper@ATL@@@ATL@@QAE@ABQAD@Z 7c636c20 f i atl.obj
 0001:00005c20       ??0?$Wrapper@PA_W@?$CSimpleMap@PADPA_WVCExpansionVectorEqualHelper@ATL@@@ATL@@QAE@ABQA_W@Z 7c636c20 f i atl.obj
 0001:00005c40       ??$AtlAdd@K@ATL@@YAJPAKKK@Z 7c636c40 f i atl.obj
 0001:00005c70       ??$AtlAddThrow@K@ATL@@YAKKK@Z 7c636c70 f i atl.obj
 0001:00005cb0       ??$AtlMultiplyThrow@I@ATL@@YAIII@Z 7c636cb0 f i atl.obj
 0001:00005cf0       ??$?2PA_W@?$Wrapper@PA_W@?$CSimpleMap@PADPA_WVCExpansionVectorEqualHelper@ATL@@@ATL@@SAPAXIPAPA_W@Z 7c636cf0 f i atl.obj
 0001:00005cf0       ??$?2PAD@?$Wrapper@PAD@?$CSimpleMap@PADPA_WVCExpansionVectorEqualHelper@ATL@@@ATL@@SAPAXIPAPAD@Z 7c636cf0 f i atl.obj
 0001:00005cf0       ??$?2G@Wrapper@?$CSimpleArray@GV?$CSimpleArrayEqualHelper@G@ATL@@@ATL@@SAPAXIPAG@Z 7c636cf0 f i RegObj.obj
 0001:00005d00       ??0CComModule@ATL@@QAE@XZ  7c636d00 f i atl.obj
 0001:00005d30       ?Lock@CAtlModule@ATL@@UAEJXZ 7c636d30 f i atl.obj
 0001:00005d50       ?Unlock@CAtlModule@ATL@@UAEJXZ 7c636d50 f i atl.obj
 0001:00005d70       ?GetGITPtr@CAtlModule@ATL@@UAEJPAPAUIGlobalInterfaceTable@@@Z 7c636d70 f i atl.obj
 0001:00005df0       ?UpdateRegistryFromResourceD@CComModule@ATL@@UAGJPBDHPAU_ATL_REGMAP_ENTRY@2@@Z 7c636df0 f i atl.obj
 0001:00005e10       ?UpdateRegistryFromResourceD@CAtlModule@ATL@@QAGJPBDHPAU_ATL_REGMAP_ENTRY@2@@Z 7c636e10 f i atl.obj
 0001:00005f30       ?UpdateRegistryFromResourceDHelper@CAtlModule@ATL@@QAGJPB_WHPAU_ATL_REGMAP_ENTRY@2@@Z 7c636f30 f i atl.obj
 0001:00006020       ?UpdateRegistryFromResourceD@CComModule@ATL@@UAGJIHPAU_ATL_REGMAP_ENTRY@2@@Z 7c637020 f i atl.obj
 0001:00006040       ?UpdateRegistryFromResourceD@CAtlModule@ATL@@QAGJIHPAU_ATL_REGMAP_ENTRY@2@@Z 7c637040 f i atl.obj
 0001:00006060       ?UpdateRegistryFromResourceS@CComModule@ATL@@UAGJPBDHPAU_ATL_REGMAP_ENTRY@2@@Z 7c637060 f i atl.obj
 0001:00006060       ?UpdateRegistryFromResourceS@CComModule@ATL@@UAGJIHPAU_ATL_REGMAP_ENTRY@2@@Z 7c637060 f i atl.obj
 0001:00006070       ??_ECComModule@ATL@@UAEPAXI@Z 7c637070 f i atl.obj
 0001:00006070       ??_GCComModule@ATL@@UAEPAXI@Z 7c637070 f i atl.obj
 0001:000060a0       ??1CComModule@ATL@@UAE@XZ  7c6370a0 f i atl.obj
 0001:000060c0       ??1?$CAtlModuleT@VCComModule@ATL@@@ATL@@UAE@XZ 7c6370c0 f i atl.obj
 0001:000060e0       ??1CAtlModule@ATL@@UAE@XZ  7c6370e0 f i atl.obj
 0001:00006120       ??1_ATL_MODULE70@ATL@@QAE@XZ 7c637120 f i atl.obj
 0001:00006140       ??0?$CAtlModuleT@VCComModule@ATL@@@ATL@@QAE@XZ 7c637140 f i atl.obj
 0001:00006160       ??0CAtlModule@ATL@@QAE@XZ  7c637160 f i atl.obj
 0001:000061d0       ??0_ATL_MODULE70@ATL@@QAE@XZ 7c6371d0 f i atl.obj
 0001:000061f0       ?AddCommonRGSReplacements@?$CAtlModuleT@VCComModule@ATL@@@ATL@@UAEJPAUIRegistrarBase@@@Z 7c6371f0 f i atl.obj
 0001:00006220       ?GetAppId@?$CAtlModuleT@VCComModule@ATL@@@ATL@@SAPB_WXZ 7c637220 f i atl.obj
 0001:00006230       _AtlDevModeW2A@8           7c637230 f i stdafx.obj
 0001:00006370       _AtlComQIPtrAssign@12      7c637370 f i stdafx.obj
 0001:000063d0       ??_I@YGXPAXIHP6EX0@Z@Z     7c6373d0 f i stdafx.obj
 0001:00006400       _AtlLoadTypeLib@16         7c637400 f i stdafx.obj
 0001:00007590       _AtlUnRegisterTypeLib@8    7c638590 f i stdafx.obj
 0001:00007660       ??1CComBSTR@ATL@@QAE@XZ    7c638660 f i stdafx.obj
 0001:00007680       _AtlRegisterTypeLib@8      7c638680 f i stdafx.obj
 0001:000077d0       ?wcsncpy_s@Checked@ATL@@YAHPA_WIPB_WI@Z 7c6387d0 f i stdafx.obj
 0001:00007800       ?Length@CComBSTR@ATL@@QBEIXZ 7c638800 f i stdafx.obj
 0001:00007820       ?CharNextO@@YAPA_WPB_W@Z   7c638820 f i stdafx.obj
 0001:00007850       _AtlComModuleRegisterServer@12 7c638850 f i stdafx.obj
 0001:00007920       _IsEqualGUID               7c638920 f i stdafx.obj
 0001:00007940       _AtlComModuleUnregisterServer@12 7c638940 f i stdafx.obj
 0001:00007a10       _AtlRegisterClassCategoriesHelper@12 7c638a10 f i stdafx.obj
 0001:00007f30       ?strcat_s@Checked@ATL@@YAXPADIPBD@Z 7c638f30 f i stdafx.obj
 0001:00007f60       _AtlWinModuleTerm@8        7c638f60 f i stdafx.obj
 0001:00008000       _AtlAdvise@16              7c639000 f i stdafx.obj
 0001:000080c0       _AtlUnadvise@12            7c6390c0 f i stdafx.obj
 0001:00008180       _AtlFreeMarshalStream@4    7c639180 f i stdafx.obj
 0001:000081e0       _AtlMarshalPtrInProc@12    7c6391e0 f i stdafx.obj
 0001:00008250       _AtlUnmarshalPtr@12        7c639250 f i stdafx.obj
 0001:000082c0       _AtlComModuleGetClassObject@16 7c6392c0 f i stdafx.obj
 0001:00008420       _AtlComModuleRegisterClassObjects@12 7c639420 f i stdafx.obj
 0001:00008490       ?RegisterClassObject@_ATL_OBJMAP_ENTRY30@ATL@@QAGJKK@Z 7c639490 f i stdafx.obj
 0001:00008510       _AtlComModuleRevokeClassObjects@4 7c639510 f i stdafx.obj
 0001:00008570       ?RevokeClassObject@_ATL_OBJMAP_ENTRY30@ATL@@QAGJXZ 7c639570 f i stdafx.obj
 0001:000085a0       _AtlWaitWithMessageLoop@4  7c6395a0 f i stdafx.obj
 0001:00008690       _AtlGetVersion@4           7c639690 f i stdafx.obj
 0001:000086a0       _AtlWinModuleInit@4        7c6396a0 f i stdafx.obj
 0001:000086f0       _AtlModuleAddTermFunc@12   7c6396f0 f i stdafx.obj
 0001:000087b0       ??_Estringdispid@CComTypeInfoHolder@ATL@@QAEPAXI@Z 7c6397b0 f i stdafx.obj
 0001:00008820       ??1stringdispid@CComTypeInfoHolder@ATL@@QAE@XZ 7c639820 f i stdafx.obj
 0001:00008840       _AtlSetErrorInfo@28        7c639840 f i stdafx.obj
 0001:00008bf0       _AtlIPersistStreamInit_Load@16 7c639bf0 f i stdafx.obj
 0001:00008e80       ?PutProperty@?$CComPtr@UIDispatch@@@ATL@@QAEJJPAUtagVARIANT@@@Z 7c639e80 f i stdafx.obj
 0001:00008eb0       ?PutProperty@?$CComPtr@UIDispatch@@@ATL@@SAJPAUIDispatch@@JPAUtagVARIANT@@@Z 7c639eb0 f i stdafx.obj
 0001:00008fa0       ?ReadFromStream@CComBSTR@ATL@@QAEJPAUIStream@@@Z 7c639fa0 f i stdafx.obj
 0001:00009160       ?Empty@CComBSTR@ATL@@QAEXXZ 7c63a160 f i stdafx.obj
 0001:00009180       ??7?$CComPtrBase@UIOleInPlaceUIWindow@@@ATL@@QBE_NXZ 7c63a180 f i stdafx.obj
 0001:00009180       ??7CComBSTR@ATL@@QBE_NXZ   7c63a180 f i stdafx.obj
 0001:00009180       ??7?$CComPtrBase@UIOleInPlaceFrame@@@ATL@@QBE_NXZ 7c63a180 f i stdafx.obj
 0001:000091a0       ??0CComVariant@ATL@@QAE@XZ 7c63a1a0 f i stdafx.obj
 0001:000091c0       ??1CComVariant@ATL@@QAE@XZ 7c63a1c0 f i stdafx.obj
 0001:000091e0       ?Clear@CComVariant@ATL@@QAEJXZ 7c63a1e0 f i stdafx.obj
 0001:00009200       ?ReadFromStream@CComVariant@ATL@@QAEJPAUIStream@@G@Z 7c63a200 f i stdafx.obj
 0001:00009230       ?ReadFromStream@CComVariant@ATL@@QAEJPAUIStream@@GTClassesAllowedInStream@2@K@Z 7c63a230 f i stdafx.obj
 0001:000094b0       ?ChangeType@CComVariant@ATL@@QAEJGPBUtagVARIANT@@@Z 7c63a4b0 f i stdafx.obj
 0001:000094f0       _AtlIPersistStreamInit_Save@20 7c63a4f0 f i stdafx.obj
 0001:00009780       ?GetProperty@?$CComPtr@UIDispatch@@@ATL@@QAEJJPAUtagVARIANT@@@Z 7c63a780 f i stdafx.obj
 0001:000097b0       ?GetProperty@?$CComPtr@UIDispatch@@@ATL@@SAJPAUIDispatch@@JPAUtagVARIANT@@@Z 7c63a7b0 f i stdafx.obj
 0001:00009820       ?Attach@CComBSTR@ATL@@QAEXPA_W@Z 7c63a820 f i stdafx.obj
 0001:00009850       ?WriteToStream@CComBSTR@ATL@@QAEJPAUIStream@@@Z 7c63a850 f i stdafx.obj
 0001:000098e0       ?GetStreamSize@CComBSTR@ATL@@SAKPA_W@Z 7c63a8e0 f i stdafx.obj
 0001:00009910       ?WriteToStream@CComVariant@ATL@@QAEJPAUIStream@@G@Z 7c63a910 f i stdafx.obj
 0001:000099a0       ?WriteToStream@CComVariant@ATL@@QAEJPAUIStream@@@Z 7c63a9a0 f i stdafx.obj
 0001:00009c20       _AtlIPersistPropertyBag_Load@20 7c63ac20 f i stdafx.obj
 0001:00009fa0       ?ClearToZero@CComVariant@ATL@@QAEJXZ 7c63afa0 f i stdafx.obj
 0001:00009fe0       _AtlIPersistPropertyBag_Save@24 7c63afe0 f i stdafx.obj
 0001:0000a3c0       _AtlGetObjectSourceInterface@20 7c63b3c0 f i stdafx.obj
 0001:0000a830       ??_H@YGXPAXIHP6EPAX0@Z@Z   7c63b830 f i stdafx.obj
 0001:0000a860       _AtlAxDialogBoxW@20        7c63b860 f i stdafx.obj
 0001:0000a890       _AtlAxDialogBoxA@20        7c63b890 f i stdafx.obj
 0001:0000a8c0       _AtlAxCreateDialogW@20     7c63b8c0 f i stdafx.obj
 0001:0000a8f0       _AtlAxCreateDialogA@20     7c63b8f0 f i stdafx.obj
 0001:0000a920       _AtlAxCreateControl@16     7c63b920 f i stdafx.obj
 0001:0000a950       _AtlAxCreateControlEx@28   7c63b950 f i stdafx.obj
 0001:0000a980       _AtlAxCreateControlLic@20  7c63b980 f i stdafx.obj
 0001:0000a9b0       _AtlAxCreateControlLicEx@32 7c63b9b0 f i stdafx.obj
 0001:0000aaf0       ??0CComBSTR@ATL@@QAE@PB_W@Z 7c63baf0 f i stdafx.obj
 0001:0000ab40       _AtlAxAttachControl@12     7c63bb40 f i stdafx.obj
 0001:0000ac20       _AtlAxWinInit@0            7c63bc20 f i stdafx.obj
 0001:0000ae40       __MarkAllocaS              7c63be40 f i stdafx.obj
 0001:0000ae60       ?SetWindowLongPtrA@@YAJPAUHWND__@@HJ@Z 7c63be60 f i stdafx.obj
 0001:0000ae80       ?GetWindowLongPtrA@@YAJPAUHWND__@@H@Z 7c63be80 f i stdafx.obj
 0001:0000aea0       ?ParseInitData@_DialogSplitHelper@ATL@@SAJPAUIStream@@PAPA_W@Z 7c63bea0 f i stdafx.obj
 0001:0000b0d0       ??0CComBSTR@ATL@@QAE@H@Z   7c63c0d0 f i stdafx.obj
 0001:0000b120       _AtlAxGetControl@8         7c63c120 f i stdafx.obj
 0001:0000b160       _AtlAxGetHost@8            7c63c160 f i stdafx.obj
 0001:0000b1a0       _AtlWinModuleRegisterClassExW@8 7c63c1a0 f i stdafx.obj
 0001:0000b1f0       _AtlWinModuleRegisterWndClassInfoW@16 7c63c1f0 f i stdafx.obj
 0001:0000b220       _AtlCreateTargetDC@8       7c63c220 f i stdafx.obj
 0001:0000b590       _AtlHiMetricToPixel@8      7c63c590 f i stdafx.obj
 0001:0000b650       _AtlPixelToHiMetric@8      7c63c650 f i stdafx.obj
 0001:0000b710       ??0?$CComPtrBase@UIOleClientSite@@@ATL@@IAE@XZ 7c63c710 f i stdafx.obj
 0001:0000b710       ??0?$CComPtrBase@UIPersistStream@@@ATL@@IAE@XZ 7c63c710 f i stdafx.obj
 0001:0000b710       ??0CDynamicStdCallThunk@ATL@@QAE@XZ 7c63c710 f i stdafx.obj
 0001:0000b710       ??0?$CAutoVectorPtr@_W@ATL@@QAE@XZ 7c63c710 f i atl.obj
 0001:0000b710       ??0?$CComPtrBase@UIObjectWithSite@@@ATL@@IAE@XZ 7c63c710 f i stdafx.obj
 0001:0000b710       ??0?$CComPtrBase@UIErrorInfo@@@ATL@@IAE@XZ 7c63c710 f i stdafx.obj
 0001:0000b710       ??0?$CComPtrBase@UIStream@@@ATL@@IAE@XZ 7c63c710 f i stdafx.obj
 0001:0000b710       ??0CRegKey@ATL@@QAE@XZ     7c63c710 f i atl.obj
 0001:0000b710       ??0?$CComPtrBase@UIUnknown@@@ATL@@IAE@XZ 7c63c710 f i stdafx.obj
 0001:0000b710       ??0?$CAutoVectorPtr@D@ATL@@QAE@XZ 7c63c710 f i atl.obj
 0001:0000b710       ??0?$CComPtrBase@UIOleObject@@@ATL@@IAE@XZ 7c63c710 f i stdafx.obj
 0001:0000b710       ??0?$CComPtrBase@UIFontDisp@@@ATL@@IAE@XZ 7c63c710 f i stdafx.obj
 0001:0000b710       ??0?$CComPtrBase@UIAxWinHostWindowLic@@@ATL@@IAE@XZ 7c63c710 f i stdafx.obj
 0001:0000b710       ??0?$CComPtrBase@UICreateErrorInfo@@@ATL@@IAE@XZ 7c63c710 f i stdafx.obj
 0001:0000b710       ??0?$CComPtrBase@UIDispatch@@@ATL@@IAE@XZ 7c63c710 f i stdafx.obj
 0001:0000b710       ??0?$CComPtrBase@UIClassFactory2@@@ATL@@IAE@XZ 7c63c710 f i stdafx.obj
 0001:0000b710       ??0?$CComPtrBase@UIOleInPlaceFrame@@@ATL@@IAE@XZ 7c63c710 f i stdafx.obj
 0001:0000b710       ??0?$CComPtrBase@UIOleInPlaceActiveObject@@@ATL@@IAE@XZ 7c63c710 f i stdafx.obj
 0001:0000b710       ??0?$CTempBuffer@D$0EAA@VCCRTAllocator@ATL@@@ATL@@QAE@XZ 7c63c710 f i atl.obj
 0001:0000b710       ??0?$CComPtrBase@UIAdviseSink@@@ATL@@IAE@XZ 7c63c710 f i stdafx.obj
 0001:0000b710       ??0?$CComPtrBase@UIServiceProvider@@@ATL@@IAE@XZ 7c63c710 f i stdafx.obj
 0001:0000b710       ??0?$CComPtrBase@UIPersistStreamInit@@@ATL@@IAE@XZ 7c63c710 f i stdafx.obj
 0001:0000b710       ??0?$CComPtrBase@UIAxWinHostWindow@@@ATL@@IAE@XZ 7c63c710 f i stdafx.obj
 0001:0000b710       ??0?$CTempBuffer@D$0BAA@VCCRTAllocator@ATL@@@ATL@@QAE@XZ 7c63c710 f i atl.obj
 0001:0000b710       ??0?$CComPtrBase@UIOleInPlaceUIWindow@@@ATL@@IAE@XZ 7c63c710 f i stdafx.obj
 0001:0000b710       ??0?$CComPtrBase@UITypeInfo2@@@ATL@@IAE@XZ 7c63c710 f i stdafx.obj
 0001:0000b710       ??0?$CComPtrBase@UITypeLib@@@ATL@@IAE@XZ 7c63c710 f i stdafx.obj
 0001:0000b710       ??0?$CTempBuffer@E$0BAA@VCCRTAllocator@ATL@@@ATL@@QAE@XZ 7c63c710 f i atl.obj
 0001:0000b710       ??0?$CComPtrBase@UIWebBrowser2@@@ATL@@IAE@XZ 7c63c710 f i stdafx.obj
 0001:0000b710       ??0?$CComPtrBase@UIOleInPlaceObjectWindowless@@@ATL@@IAE@XZ 7c63c710 f i stdafx.obj
 0001:0000b710       ??0?$CComPtrBase@UIConnectionPoint@@@ATL@@IAE@XZ 7c63c710 f i stdafx.obj
 0001:0000b710       ??0CComBSTR@ATL@@QAE@XZ    7c63c710 f i stdafx.obj
 0001:0000b710       ??0?$CComPtrBase@UIOleControl@@@ATL@@IAE@XZ 7c63c710 f i stdafx.obj
 0001:0000b710       ??0?$CComPtrBase@UIProvideClassInfo2@@@ATL@@IAE@XZ 7c63c710 f i stdafx.obj
 0001:0000b710       ??0?$CComPtrBase@UITypeInfo@@@ATL@@IAE@XZ 7c63c710 f i stdafx.obj
 0001:0000b710       ??0?$CComPtrBase@UIViewObjectEx@@@ATL@@IAE@XZ 7c63c710 f i stdafx.obj
 0001:0000b710       ??0CComObjectRootBase@ATL@@QAE@XZ 7c63c710 f i atl.obj
 0001:0000b710       ??0?$CComPtrBase@UIPersist@@@ATL@@IAE@XZ 7c63c710 f i stdafx.obj
 0001:0000b710       ??0?$CAtlSafeAllocBufferManager@VCCRTAllocator@ATL@@@_ATL_SAFE_ALLOCA_IMPL@ATL@@QAE@XZ 7c63c710 f i atl.obj
 0001:0000b710       ??0?$CComPtrBase@UIDocHostUIHandlerDispatch@@@ATL@@IAE@XZ 7c63c710 f i stdafx.obj
 0001:0000b710       ??0?$CComPtrBase@UICatRegister@@@ATL@@IAE@XZ 7c63c710 f i stdafx.obj
 0001:0000b710       ??0?$CComPtrBase@UIConnectionPointContainer@@@ATL@@IAE@XZ 7c63c710 f i stdafx.obj
 0001:0000b710       ??0?$CComPtrBase@UIRegistrar@@@ATL@@IAE@XZ 7c63c710 f i atl.obj
 0001:0000b730       ?GetSize@?$CSimpleArray@GV?$CSimpleArrayEqualHelper@G@ATL@@@ATL@@QBEHXZ 7c63c730 f i stdafx.obj
 0001:0000b730       ?GetModuleInstance@CAtlBaseModule@ATL@@QAEPAUHINSTANCE__@@XZ 7c63c730 f i atl.obj
 0001:0000b750       ?RemoveAll@?$CSimpleArray@GV?$CSimpleArrayEqualHelper@G@ATL@@@ATL@@QAEXXZ 7c63c750 f i stdafx.obj
 0001:0000b7b0       ??A?$CSimpleArray@GV?$CSimpleArrayEqualHelper@G@ATL@@@ATL@@QAEAAGH@Z 7c63c7b0 f i stdafx.obj
 0001:0000b7f0       ??BCWindow@ATL@@QBEPAUHWND__@@XZ 7c63c7f0 f i stdafx.obj
 0001:0000b7f0       ??C?$CComPtrBase@UIRegistrar@@@ATL@@QBEPAV?$_NoAddRefReleaseOnCComPtr@UIRegistrar@@@1@XZ 7c63c7f0 f i atl.obj
 0001:0000b7f0       ??C?$CComPtrBase@UIAxWinHostWindowLic@@@ATL@@QBEPAV?$_NoAddRefReleaseOnCComPtr@UIAxWinHostWindowLic@@@1@XZ 7c63c7f0 f i stdafx.obj
 0001:0000b7f0       ??B?$CComPtrBase@UIOleObject@@@ATL@@QBEPAUIOleObject@@XZ 7c63c7f0 f i stdafx.obj
 0001:0000b7f0       ??C?$CComPtrBase@UIWebBrowser2@@@ATL@@QBEPAV?$_NoAddRefReleaseOnCComPtr@UIWebBrowser2@@@1@XZ 7c63c7f0 f i stdafx.obj
 0001:0000b7f0       ??B?$CComPtrBase@UIUnknown@@@ATL@@QBEPAUIUnknown@@XZ 7c63c7f0 f i stdafx.obj
 0001:0000b7f0       ??B?$CComPtrBase@UIRegistrar@@@ATL@@QBEPAUIRegistrar@@XZ 7c63c7f0 f i atl.obj
 0001:0000b7f0       ??C?$CComPtrBase@UIViewObjectEx@@@ATL@@QBEPAV?$_NoAddRefReleaseOnCComPtr@UIViewObjectEx@@@1@XZ 7c63c7f0 f i stdafx.obj
 0001:0000b7f0       ??BCRegKey@ATL@@QBEPAUHKEY__@@XZ 7c63c7f0 f i atl.obj
 0001:0000b7f0       ??B?$CTempBuffer@D$0BAA@VCCRTAllocator@ATL@@@ATL@@QBEPADXZ 7c63c7f0 f i atl.obj
 0001:0000b7f0       ??C?$CComPtrBase@UIOleInPlaceActiveObject@@@ATL@@QBEPAV?$_NoAddRefReleaseOnCComPtr@UIOleInPlaceActiveObject@@@1@XZ 7c63c7f0 f i stdafx.obj
 0001:0000b7f0       ??C?$CComPtrBase@UIDocHostUIHandlerDispatch@@@ATL@@QBEPAV?$_NoAddRefReleaseOnCComPtr@UIDocHostUIHandlerDispatch@@@1@XZ 7c63c7f0 f i stdafx.obj
 0001:0000b7f0       ??B?$CComPtrBase@UIPersistStream@@@ATL@@QBEPAUIPersistStream@@XZ 7c63c7f0 f i stdafx.obj
 0001:0000b7f0       ??C?$CComPtrBase@UICreateErrorInfo@@@ATL@@QBEPAV?$_NoAddRefReleaseOnCComPtr@UICreateErrorInfo@@@1@XZ 7c63c7f0 f i stdafx.obj
 0001:0000b7f0       ??B?$CComPtrBase@UIOleInPlaceObjectWindowless@@@ATL@@QBEPAUIOleInPlaceObjectWindowless@@XZ 7c63c7f0 f i stdafx.obj
 0001:0000b7f0       ??C?$CComPtrBase@UIDispatch@@@ATL@@QBEPAV?$_NoAddRefReleaseOnCComPtr@UIDispatch@@@1@XZ 7c63c7f0 f i stdafx.obj
 0001:0000b7f0       ??B?$CW2AEX@$0IA@@ATL@@QBEPADXZ 7c63c7f0 f i stdafx.obj
 0001:0000b7f0       ??C?$CComPtrBase@UIServiceProvider@@@ATL@@QBEPAV?$_NoAddRefReleaseOnCComPtr@UIServiceProvider@@@1@XZ 7c63c7f0 f i stdafx.obj
 0001:0000b7f0       ??C?$CComPtrBase@UICatRegister@@@ATL@@QBEPAV?$_NoAddRefReleaseOnCComPtr@UICatRegister@@@1@XZ 7c63c7f0 f i stdafx.obj
 0001:0000b7f0       ??C?$CComPtrBase@UIObjectWithSite@@@ATL@@QBEPAV?$_NoAddRefReleaseOnCComPtr@UIObjectWithSite@@@1@XZ 7c63c7f0 f i stdafx.obj
 0001:0000b7f0       ??B?$CComPtrBase@UITypeLib@@@ATL@@QBEPAUITypeLib@@XZ 7c63c7f0 f i stdafx.obj
 0001:0000b7f0       ??C?$CComPtrBase@UITypeLib@@@ATL@@QBEPAV?$_NoAddRefReleaseOnCComPtr@UITypeLib@@@1@XZ 7c63c7f0 f i stdafx.obj
 0001:0000b7f0       ??B?$CComPtrBase@UIFontDisp@@@ATL@@QBEPAUIFontDisp@@XZ 7c63c7f0 f i stdafx.obj
 0001:0000b7f0       ??C?$CComPtrBase@UIClassFactory2@@@ATL@@QBEPAV?$_NoAddRefReleaseOnCComPtr@UIClassFactory2@@@1@XZ 7c63c7f0 f i stdafx.obj
 0001:0000b7f0       ??C?$CComPtrBase@UIAxWinHostWindow@@@ATL@@QBEPAV?$_NoAddRefReleaseOnCComPtr@UIAxWinHostWindow@@@1@XZ 7c63c7f0 f i stdafx.obj
 0001:0000b7f0       ??B?$CComPtrBase@UIViewObjectEx@@@ATL@@QBEPAUIViewObjectEx@@XZ 7c63c7f0 f i stdafx.obj
 0001:0000b7f0       ??C?$CComPtrBase@UIConnectionPointContainer@@@ATL@@QBEPAV?$_NoAddRefReleaseOnCComPtr@UIConnectionPointContainer@@@1@XZ 7c63c7f0 f i stdafx.obj
 0001:0000b7f0       ??B?$CComPtrBase@UITypeInfo@@@ATL@@QBEPAUITypeInfo@@XZ 7c63c7f0 f i stdafx.obj
 0001:0000b7f0       ??B?$CComPtrBase@UIWebBrowser2@@@ATL@@QBEPAUIWebBrowser2@@XZ 7c63c7f0 f i stdafx.obj
 0001:0000b7f0       ??B?$CAutoStackPtr@D@ATL@@QBEPADXZ 7c63c7f0 f i stdafx.obj
 0001:0000b7f0       ??BCComBSTR@ATL@@QBEPA_WXZ 7c63c7f0 f i stdafx.obj
 0001:0000b7f0       ??C?$CComPtrBase@UIConnectionPoint@@@ATL@@QBEPAV?$_NoAddRefReleaseOnCComPtr@UIConnectionPoint@@@1@XZ 7c63c7f0 f i stdafx.obj
 0001:0000b7f0       ??C?$CComPtrBase@UIUnknown@@@ATL@@QBEPAV?$_NoAddRefReleaseOnCComPtr@UIUnknown@@@1@XZ 7c63c7f0 f i stdafx.obj
 0001:0000b7f0       ??B?$CComPtrBase@UIStream@@@ATL@@QBEPAUIStream@@XZ 7c63c7f0 f i stdafx.obj
 0001:0000b7f0       ??C?$CComPtrBase@UIPersistStream@@@ATL@@QBEPAV?$_NoAddRefReleaseOnCComPtr@UIPersistStream@@@1@XZ 7c63c7f0 f i stdafx.obj
 0001:0000b7f0       ??B?$CComPtrBase@UIDispatch@@@ATL@@QBEPAUIDispatch@@XZ 7c63c7f0 f i stdafx.obj
 0001:0000b7f0       ??B?$CComPtrBase@UIAdviseSink@@@ATL@@QBEPAUIAdviseSink@@XZ 7c63c7f0 f i stdafx.obj
 0001:0000b7f0       ??C?$CComPtrBase@UIOleControl@@@ATL@@QBEPAV?$_NoAddRefReleaseOnCComPtr@UIOleControl@@@1@XZ 7c63c7f0 f i stdafx.obj
 0001:0000b7f0       ??C?$CComPtrBase@UIPersistStreamInit@@@ATL@@QBEPAV?$_NoAddRefReleaseOnCComPtr@UIPersistStreamInit@@@1@XZ 7c63c7f0 f i stdafx.obj
 0001:0000b7f0       ??B?$CComPtrBase@UIOleClientSite@@@ATL@@QBEPAUIOleClientSite@@XZ 7c63c7f0 f i stdafx.obj
 0001:0000b7f0       ??B?$CComPtrBase@UIServiceProvider@@@ATL@@QBEPAUIServiceProvider@@XZ 7c63c7f0 f i stdafx.obj
 0001:0000b7f0       ??B?$CComPtrBase@UIOleInPlaceActiveObject@@@ATL@@QBEPAUIOleInPlaceActiveObject@@XZ 7c63c7f0 f i stdafx.obj
 0001:0000b7f0       ??B?$CTempBuffer@E$0BAA@VCCRTAllocator@ATL@@@ATL@@QBEPAEXZ 7c63c7f0 f i atl.obj
 0001:0000b7f0       ??B?$CTempBuffer@D$0EAA@VCCRTAllocator@ATL@@@ATL@@QBEPADXZ 7c63c7f0 f i atl.obj
 0001:0000b7f0       ??B?$CComPtrBase@UIDocHostUIHandlerDispatch@@@ATL@@QBEPAUIDocHostUIHandlerDispatch@@XZ 7c63c7f0 f i stdafx.obj
 0001:0000b7f0       ??C?$CComPtrBase@UIPersist@@@ATL@@QBEPAV?$_NoAddRefReleaseOnCComPtr@UIPersist@@@1@XZ 7c63c7f0 f i stdafx.obj
 0001:0000b7f0       ??B?$CComPtrBase@UITypeInfo2@@@ATL@@QBEPAUITypeInfo2@@XZ 7c63c7f0 f i stdafx.obj
 0001:0000b7f0       ??C?$CComPtrBase@UIProvideClassInfo2@@@ATL@@QBEPAV?$_NoAddRefReleaseOnCComPtr@UIProvideClassInfo2@@@1@XZ 7c63c7f0 f i stdafx.obj
 0001:0000b7f0       ??B?$CComPtrBase@UIPersistStreamInit@@@ATL@@QBEPAUIPersistStreamInit@@XZ 7c63c7f0 f i stdafx.obj
 0001:0000b7f0       ??C?$CComPtrBase@UITypeInfo@@@ATL@@QBEPAV?$_NoAddRefReleaseOnCComPtr@UITypeInfo@@@1@XZ 7c63c7f0 f i stdafx.obj
 0001:0000b7f0       ??C?$CComPtrBase@UIOleObject@@@ATL@@QBEPAV?$_NoAddRefReleaseOnCComPtr@UIOleObject@@@1@XZ 7c63c7f0 f i stdafx.obj
 0001:0000b7f0       ??C?$CComPtrBase@UIOleInPlaceObjectWindowless@@@ATL@@QBEPAV?$_NoAddRefReleaseOnCComPtr@UIOleInPlaceObjectWindowless@@@1@XZ 7c63c7f0 f i stdafx.obj
 0001:0000b7f0       ??B?$CComPtrBase@UIErrorInfo@@@ATL@@QBEPAUIErrorInfo@@XZ 7c63c7f0 f i stdafx.obj
 0001:0000b800       ??1?$CComPtrBase@UIObjectWithSite@@@ATL@@QAE@XZ 7c63c800 f i stdafx.obj
 0001:0000b800       ??1?$CComPtrBase@UIOleInPlaceActiveObject@@@ATL@@QAE@XZ 7c63c800 f i stdafx.obj
 0001:0000b800       ??1?$CComPtrBase@UIErrorInfo@@@ATL@@QAE@XZ 7c63c800 f i stdafx.obj
 0001:0000b800       ??1?$CComPtrBase@UITypeInfo@@@ATL@@QAE@XZ 7c63c800 f i stdafx.obj
 0001:0000b800       ??1?$CComPtrBase@UIViewObjectEx@@@ATL@@QAE@XZ 7c63c800 f i stdafx.obj
 0001:0000b800       ??1?$CComPtrBase@UIClassFactory2@@@ATL@@QAE@XZ 7c63c800 f i stdafx.obj
 0001:0000b800       ??1?$CComPtrBase@UIOleClientSite@@@ATL@@QAE@XZ 7c63c800 f i stdafx.obj
 0001:0000b800       ??1?$CComPtrBase@UIWebBrowser2@@@ATL@@QAE@XZ 7c63c800 f i stdafx.obj
 0001:0000b800       ??1?$CComPtrBase@UIConnectionPointContainer@@@ATL@@QAE@XZ 7c63c800 f i stdafx.obj
 0001:0000b800       ??1?$CComPtrBase@UIDispatch@@@ATL@@QAE@XZ 7c63c800 f i stdafx.obj
 0001:0000b800       ??1?$CComPtrBase@UIOleControl@@@ATL@@QAE@XZ 7c63c800 f i stdafx.obj
 0001:0000b800       ??1?$CComPtrBase@UIOleInPlaceFrame@@@ATL@@QAE@XZ 7c63c800 f i stdafx.obj
 0001:0000b800       ??1?$CComPtrBase@UIDocHostUIHandlerDispatch@@@ATL@@QAE@XZ 7c63c800 f i stdafx.obj
 0001:0000b800       ??1?$CComPtrBase@UICatRegister@@@ATL@@QAE@XZ 7c63c800 f i stdafx.obj
 0001:0000b800       ??1?$CComPtrBase@UIAxWinHostWindow@@@ATL@@QAE@XZ 7c63c800 f i stdafx.obj
 0001:0000b800       ??1?$CComPtrBase@UIConnectionPoint@@@ATL@@QAE@XZ 7c63c800 f i stdafx.obj
 0001:0000b800       ??1?$CComPtrBase@UITypeLib@@@ATL@@QAE@XZ 7c63c800 f i stdafx.obj
 0001:0000b800       ??1?$CComPtrBase@UIOleInPlaceUIWindow@@@ATL@@QAE@XZ 7c63c800 f i stdafx.obj
 0001:0000b800       ??1?$CComPtrBase@UIRegistrar@@@ATL@@QAE@XZ 7c63c800 f i atl.obj
 0001:0000b800       ??1?$CComPtrBase@UIAdviseSink@@@ATL@@QAE@XZ 7c63c800 f i stdafx.obj
 0001:0000b800       ??1?$CComPtrBase@UITypeInfo2@@@ATL@@QAE@XZ 7c63c800 f i stdafx.obj
 0001:0000b800       ??1?$CComPtrBase@UIUnknown@@@ATL@@QAE@XZ 7c63c800 f i stdafx.obj
 0001:0000b800       ??1?$CComPtrBase@UIPersist@@@ATL@@QAE@XZ 7c63c800 f i stdafx.obj
 0001:0000b800       ??1?$CComPtrBase@UIProvideClassInfo2@@@ATL@@QAE@XZ 7c63c800 f i stdafx.obj
 0001:0000b800       ??1?$CComPtrBase@UIOleInPlaceObjectWindowless@@@ATL@@QAE@XZ 7c63c800 f i stdafx.obj
 0001:0000b800       ??1?$CComPtrBase@UICreateErrorInfo@@@ATL@@QAE@XZ 7c63c800 f i stdafx.obj
 0001:0000b800       ??1?$CComPtrBase@UIServiceProvider@@@ATL@@QAE@XZ 7c63c800 f i stdafx.obj
 0001:0000b800       ??1?$CComPtrBase@UIStream@@@ATL@@QAE@XZ 7c63c800 f i stdafx.obj
 0001:0000b800       ??1?$CComPtrBase@UIPersistStream@@@ATL@@QAE@XZ 7c63c800 f i stdafx.obj
 0001:0000b800       ??1?$CComPtrBase@UIPersistStreamInit@@@ATL@@QAE@XZ 7c63c800 f i stdafx.obj
 0001:0000b800       ??1?$CComPtrBase@UIFontDisp@@@ATL@@QAE@XZ 7c63c800 f i stdafx.obj
 0001:0000b800       ??1?$CComPtrBase@UIOleObject@@@ATL@@QAE@XZ 7c63c800 f i stdafx.obj
 0001:0000b800       ??1?$CComPtrBase@UIAxWinHostWindowLic@@@ATL@@QAE@XZ 7c63c800 f i stdafx.obj
 0001:0000b830       ??9?$CComPtrBase@UIFontDisp@@@ATL@@QBE_NPAUIFontDisp@@@Z 7c63c830 f i stdafx.obj
 0001:0000b830       ??9?$CComPtrBase@UIOleControl@@@ATL@@QBE_NPAUIOleControl@@@Z 7c63c830 f i stdafx.obj
 0001:0000b830       ??9?$CComPtrBase@UIProvideClassInfo2@@@ATL@@QBE_NPAUIProvideClassInfo2@@@Z 7c63c830 f i stdafx.obj
 0001:0000b830       ??9?$CComPtrBase@UIOleInPlaceActiveObject@@@ATL@@QBE_NPAUIOleInPlaceActiveObject@@@Z 7c63c830 f i stdafx.obj
 0001:0000b830       ??9?$CComPtrBase@UIUnknown@@@ATL@@QBE_NPAUIUnknown@@@Z 7c63c830 f i stdafx.obj
 0001:0000b830       ??9?$CComPtrBase@UIDocHostUIHandlerDispatch@@@ATL@@QBE_NPAUIDocHostUIHandlerDispatch@@@Z 7c63c830 f i stdafx.obj
 0001:0000b830       ??9?$CComPtrBase@UIPersistStream@@@ATL@@QBE_NPAUIPersistStream@@@Z 7c63c830 f i stdafx.obj
 0001:0000b830       ??9?$CComPtrBase@UIObjectWithSite@@@ATL@@QBE_NPAUIObjectWithSite@@@Z 7c63c830 f i stdafx.obj
 0001:0000b830       ??9?$CComPtrBase@UIViewObjectEx@@@ATL@@QBE_NPAUIViewObjectEx@@@Z 7c63c830 f i stdafx.obj
 0001:0000b830       ??9?$CComPtrBase@UIOleObject@@@ATL@@QBE_NPAUIOleObject@@@Z 7c63c830 f i stdafx.obj
 0001:0000b830       ??9?$CComPtrBase@UIOleClientSite@@@ATL@@QBE_NPAUIOleClientSite@@@Z 7c63c830 f i stdafx.obj
 0001:0000b830       ??9?$CComPtrBase@UIRegistrar@@@ATL@@QBE_NPAUIRegistrar@@@Z 7c63c830 f i atl.obj
 0001:0000b830       ??9?$CComPtrBase@UIDispatch@@@ATL@@QBE_NPAUIDispatch@@@Z 7c63c830 f i stdafx.obj
 0001:0000b860       ??0_U_RECT@ATL@@QAE@PAUtagRECT@@@Z 7c63c860 f i stdafx.obj
 0001:0000b860       ??0_U_MENUorID@ATL@@QAE@I@Z 7c63c860 f i stdafx.obj
 0001:0000b860       ??0?$CAutoStackPtr@D@ATL@@QAE@PAD@Z 7c63c860 f i stdafx.obj
 0001:0000b860       ??0CRegKey@ATL@@QAE@PAUHKEY__@@@Z 7c63c860 f i stdafx.obj
 0001:0000b860       ??0CWindow@ATL@@QAE@PAUHWND__@@@Z 7c63c860 f i stdafx.obj
 0001:0000b880       ??1?$CAutoStackPtr@D@ATL@@QAE@XZ 7c63c880 f i stdafx.obj
 0001:0000b8a0       ?CreateInstance@?$CComCreator@V?$CComPolyObject@VCAxHostWindow@ATL@@@ATL@@@ATL@@SGJPAXABU_GUID@@PAPAX@Z 7c63c8a0 f i stdafx.obj
 0001:0000b9c0       ?Free@?$CAutoStackPtr@D@ATL@@QAEXXZ 7c63c9c0 f i stdafx.obj
 0001:0000b9f0       __freea                    7c63c9f0 f i stdafx.obj
 0001:0000ba30       ??0?$CComPolyObject@VCAxHostWindow@ATL@@@ATL@@QAE@PAX@Z 7c63ca30 f i stdafx.obj
 0001:0000baa0       ?_AtlInitialConstruct@?$CComPolyObject@VCAxHostWindow@ATL@@@ATL@@QAEJXZ 7c63caa0 f i stdafx.obj
 0001:0000bae0       ?FinalConstruct@CComObjectRootBase@ATL@@QAEJXZ 7c63cae0 f i atl.obj
 0001:0000bae0       ?_AtlInitialConstruct@?$CComObjectRootEx@VCComSingleThreadModel@ATL@@@ATL@@QAEJXZ 7c63cae0 f i stdafx.obj
 0001:0000bae0       ?_AtlFinalConstruct@CComObjectRootBase@ATL@@QAEJXZ 7c63cae0 f i atl.obj
 0001:0000baf0       ?FinalConstruct@?$CComPolyObject@VCAxHostWindow@ATL@@@ATL@@QAEJXZ 7c63caf0 f i stdafx.obj
 0001:0000bb30       ?InternalAddRef@?$CComObjectRootEx@VCComSingleThreadModel@ATL@@@ATL@@QAEKXZ 7c63cb30 f i stdafx.obj
 0001:0000bb50       ?Increment@CComSingleThreadModel@ATL@@SGKPAJ@Z 7c63cb50 f i stdafx.obj
 0001:0000bb70       ?InternalRelease@?$CComObjectRootEx@VCComSingleThreadModel@ATL@@@ATL@@QAEKXZ 7c63cb70 f i stdafx.obj
 0001:0000bb90       ?Decrement@CComSingleThreadModel@ATL@@SGKPAJ@Z 7c63cb90 f i stdafx.obj
 0001:0000bbb0       ?AddRef@?$CComPolyObject@VCAxHostWindow@ATL@@@ATL@@UAGKXZ 7c63cbb0 f i stdafx.obj
 0001:0000bbd0       ?Release@?$CComPolyObject@VCAxHostWindow@ATL@@@ATL@@UAGKXZ 7c63cbd0 f i stdafx.obj
 0001:0000bc20       ?QueryInterface@?$CComPolyObject@VCAxHostWindow@ATL@@@ATL@@UAGJABU_GUID@@PAPAX@Z 7c63cc20 f i stdafx.obj
 0001:0000bc90       ?_InternalQueryInterface@CAxHostWindow@ATL@@QAEJABU_GUID@@PAPAX@Z 7c63cc90 f i stdafx.obj
 0001:0000bcc0       ?_GetEntries@CAxHostWindow@ATL@@SGPBU_ATL_INTMAP_ENTRY@2@XZ 7c63ccc0 f i stdafx.obj
 0001:0000bcd0       ??_G?$CComPolyObject@VCAxHostWindow@ATL@@@ATL@@UAEPAXI@Z 7c63ccd0 f i stdafx.obj
 0001:0000bcd0       ??_E?$CComPolyObject@VCAxHostWindow@ATL@@@ATL@@UAEPAXI@Z 7c63ccd0 f i stdafx.obj
 0001:0000bd00       ??1?$CComPolyObject@VCAxHostWindow@ATL@@@ATL@@UAE@XZ 7c63cd00 f i stdafx.obj
 0001:0000bd70       ??1?$CComObjectRootEx@VCComSingleThreadModel@ATL@@@ATL@@QAE@XZ 7c63cd70 f i stdafx.obj
 0001:0000bd90       ??1?$CComContainedObject@VCAxHostWindow@ATL@@@ATL@@UAE@XZ 7c63cd90 f i stdafx.obj
 0001:0000bdb0       ??1CAxHostWindow@ATL@@UAE@XZ 7c63cdb0 f i stdafx.obj
 0001:0000bed0       ??1?$CWindowImpl@VCAxUIWindow@ATL@@VCWindow@2@V?$CWinTraits@$0FGAAAAAA@$0A@@2@@ATL@@UAE@XZ 7c63ced0 f i stdafx.obj
 0001:0000bed0       ??1?$CWindowImpl@VCAxHostWindow@ATL@@VCWindow@2@V?$CWinTraits@$0FGAAAAAA@$0A@@2@@ATL@@UAE@XZ 7c63ced0 f i stdafx.obj
 0001:0000bed0       ??1?$CWindowImpl@VCAxFrameWindow@ATL@@VCWindow@2@V?$CWinTraits@$0FGAAAAAA@$0A@@2@@ATL@@UAE@XZ 7c63ced0 f i stdafx.obj
 0001:0000bef0       ??1?$CWindowImplBaseT@VCWindow@ATL@@V?$CWinTraits@$0FGAAAAAA@$0A@@2@@ATL@@UAE@XZ 7c63cef0 f i stdafx.obj
 0001:0000bf10       ??1?$CWindowImplRoot@VCWindow@ATL@@@ATL@@UAE@XZ 7c63cf10 f i stdafx.obj
 0001:0000bf30       ??1?$IObjectWithSiteImpl@VCAxHostWindow@ATL@@@ATL@@UAE@XZ 7c63cf30 f i stdafx.obj
 0001:0000bf50       ??1?$IDispatchImpl@UIAxWinAmbientDispatchEx@@$1?_GUID_b2d0778b_ac99_4c58_a5c8_e7724e5316b5@@3U__s_GUID@@B$1?m_libid@CAtlModule@ATL@@2U_GUID@@A$0PPPP@$0PPPP@VCComTypeInfoHolder@ATL@@@ATL@@UAE@XZ 7c63cf50 f i stdafx.obj
 0001:0000bf70       ??1CComTypeInfoHolder@ATL@@QAE@XZ 7c63cf70 f i stdafx.obj
 0001:0000bfe0       ??1CWndProcThunk@ATL@@QAE@XZ 7c63cfe0 f i stdafx.obj
 0001:0000c000       ??1CDynamicStdCallThunk@ATL@@QAE@XZ 7c63d000 f i stdafx.obj
 0001:0000c030       ??3_stdcallthunk@ATL@@SAXPAX@Z 7c63d030 f i stdafx.obj
 0001:0000c040       ?FinalRelease@?$CComPolyObject@VCAxHostWindow@ATL@@@ATL@@QAEXXZ 7c63d040 f i stdafx.obj
 0001:0000c070       ?FinalRelease@CAxHostWindow@ATL@@QAEXXZ 7c63d070 f i stdafx.obj
 0001:0000c090       ?ReleaseAll@CAxHostWindow@ATL@@QAEXXZ 7c63d090 f i stdafx.obj
 0001:0000c340       ??0?$CComContainedObject@VCAxHostWindow@ATL@@@ATL@@QAE@PAX@Z 7c63d340 f i stdafx.obj
 0001:0000c3d0       ??0CAxHostWindow@ATL@@QAE@XZ 7c63d3d0 f i stdafx.obj
 0001:0000c6a0       ?OnFinalMessage@CAxHostWindow@ATL@@UAEXPAUHWND__@@@Z 7c63d6a0 f i stdafx.obj
 0001:0000c6d0       ?ProcessWindowMessage@CAxHostWindow@ATL@@UAEHPAUHWND__@@IIJAAJK@Z 7c63d6d0 f i stdafx.obj
 0001:0000cfb0       ?OnForwardMsg@CAxHostWindow@ATL@@QAEJIIJAAH@Z 7c63dfb0 f i stdafx.obj
 0001:0000d030       ?OnGetUnknown@CAxHostWindow@ATL@@QAEJIIJAAH@Z 7c63e030 f i stdafx.obj
 0001:0000d060       ?OnGetControl@CAxHostWindow@ATL@@QAEJIIJAAH@Z 7c63e060 f i stdafx.obj
 0001:0000d0a0       ?OnEraseBackground@CAxHostWindow@ATL@@QAEJIIJAAH@Z 7c63e0a0 f i stdafx.obj
 0001:0000d0e0       ?OnMouseActivate@CAxHostWindow@ATL@@QAEJIIJAAH@Z 7c63e0e0 f i stdafx.obj
 0001:0000d1e0       ?OnSetFocus@CAxHostWindow@ATL@@QAEJIIJAAH@Z 7c63e1e0 f i stdafx.obj
 0001:0000d330       ?IsChild@CWindow@ATL@@QBEHPAUHWND__@@@Z 7c63e330 f i stdafx.obj
 0001:0000d350       ?OnKillFocus@CAxHostWindow@ATL@@QAEJIIJAAH@Z 7c63e350 f i stdafx.obj
 0001:0000d380       ?OnSize@CAxHostWindow@ATL@@QAEJIIJAAH@Z 7c63e380 f i stdafx.obj
 0001:0000d4e0       ?OnDestroy@CAxHostWindow@ATL@@QAEJIIJAAH@Z 7c63e4e0 f i stdafx.obj
 0001:0000d540       ?OnWindowMessage@CAxHostWindow@ATL@@QAEJIIJAAH@Z 7c63e540 f i stdafx.obj
 0001:0000d5e0       ?OnWindowlessMouseMessage@CAxHostWindow@ATL@@QAEJIIJAAH@Z 7c63e5e0 f i stdafx.obj
 0001:0000d670       ?OnPaint@CAxHostWindow@ATL@@QAEJIIJAAH@Z 7c63e670 f i stdafx.obj
 0001:0000d970       ?GetClientRect@CWindow@ATL@@QBEHPAUtagRECT@@@Z 7c63e970 f i stdafx.obj
 0001:0000d990       ?CreateControl@CAxHostWindow@ATL@@UAGJPB_WPAUHWND__@@PAUIStream@@@Z 7c63e990 f i stdafx.obj
 0001:0000d9e0       ?CreateControlEx@CAxHostWindow@ATL@@UAGJPB_WPAUHWND__@@PAUIStream@@PAPAUIUnknown@@ABU_GUID@@PAU5@@Z 7c63e9e0 f i stdafx.obj
 0001:0000da10       ?AttachControl@CAxHostWindow@ATL@@UAGJPAUIUnknown@@PAUHWND__@@@Z 7c63ea10 f i stdafx.obj
 0001:0000daf0       ?RedrawWindow@CWindow@ATL@@QAEHPBUtagRECT@@PAUHRGN__@@I@Z 7c63eaf0 f i stdafx.obj
 0001:0000db20       ?QueryControl@CAxHostWindow@ATL@@UAGJABU_GUID@@PAPAX@Z 7c63eb20 f i stdafx.obj
 0001:0000db90       ?SetExternalDispatch@CAxHostWindow@ATL@@UAGJPAUIDispatch@@@Z 7c63eb90 f i stdafx.obj
 0001:0000dbb0       ??4?$CComPtr@UIRegistrar@@@ATL@@QAEPAUIRegistrar@@PAU2@@Z 7c63ebb0 f i atl.obj
 0001:0000dbb0       ??4?$CComPtr@UIOleInPlaceActiveObject@@@ATL@@QAEPAUIOleInPlaceActiveObject@@PAU2@@Z 7c63ebb0 f i stdafx.obj
 0001:0000dbb0       ??4?$CComPtr@UIUnknown@@@ATL@@QAEPAUIUnknown@@PAU2@@Z 7c63ebb0 f i stdafx.obj
 0001:0000dbb0       ??4?$CComPtr@UIDispatch@@@ATL@@QAEPAUIDispatch@@PAU2@@Z 7c63ebb0 f i stdafx.obj
 0001:0000dbb0       ??4?$CComPtr@UIFontDisp@@@ATL@@QAEPAUIFontDisp@@PAU2@@Z 7c63ebb0 f i stdafx.obj
 0001:0000dbb0       ??4?$CComPtr@UIDocHostUIHandlerDispatch@@@ATL@@QAEPAUIDocHostUIHandlerDispatch@@PAU2@@Z 7c63ebb0 f i stdafx.obj
 0001:0000dbf0       ?SetExternalUIHandler@CAxHostWindow@ATL@@UAGJPAUIDocHostUIHandlerDispatch@@@Z 7c63ebf0 f i stdafx.obj
 0001:0000dc10       ?CreateControlLic@CAxHostWindow@ATL@@UAGJPB_WPAUHWND__@@PAUIStream@@PA_W@Z 7c63ec10 f i stdafx.obj
 0001:0000dc60       ?CreateControlLicEx@CAxHostWindow@ATL@@UAGJPB_WPAUHWND__@@PAUIStream@@PAPAUIUnknown@@ABU_GUID@@PAU5@PA_W@Z 7c63ec60 f i stdafx.obj
 0001:0000e140       ??0CComVariant@ATL@@QAE@PB_W@Z 7c63f140 f i stdafx.obj
 0001:0000e170       ??4CComVariant@ATL@@QAEAAV01@PB_W@Z 7c63f170 f i stdafx.obj
 0001:0000e1e0       ?GetStyle@CWindow@ATL@@QBEKXZ 7c63f1e0 f i stdafx.obj
 0001:0000e200       ?SetWindowLongA@CWindow@ATL@@QAEJHJ@Z 7c63f200 f i stdafx.obj
 0001:0000e230       ?SetWindowPos@CWindow@ATL@@QAEHPAUHWND__@@HHHHI@Z 7c63f230 f i stdafx.obj
 0001:0000e270       ?IsParentDialog@CWindow@ATL@@QAEHXZ 7c63f270 f i stdafx.obj
 0001:0000e2d0       ?GetParent@CWindow@ATL@@QBE?AV12@XZ 7c63f2d0 f i stdafx.obj
 0001:0000e300       ?FindOneOf@CAtlModule@ATL@@SAPBDPBD0@Z 7c63f300 f i stdafx.obj
 0001:0000e370       ?ShowContextMenu@CAxHostWindow@ATL@@UAGJKPAUtagPOINT@@PAUIUnknown@@PAUIDispatch@@@Z 7c63f370 f i stdafx.obj
 0001:0000e3f0       ?GetHostInfo@CAxHostWindow@ATL@@UAGJPAU_DOCHOSTUIINFO@@@Z 7c63f3f0 f i stdafx.obj
 0001:0000e470       ?ShowUI@CAxHostWindow@ATL@@UAGJKPAUIOleInPlaceActiveObject@@PAUIOleCommandTarget@@PAUIOleInPlaceFrame@@PAUIOleInPlaceUIWindow@@@Z 7c63f470 f i stdafx.obj
 0001:0000e4e0       ?HideUI@CAxHostWindow@ATL@@UAGJXZ 7c63f4e0 f i stdafx.obj
 0001:0000e530       ?UpdateUI@CAxHostWindow@ATL@@UAGJXZ 7c63f530 f i stdafx.obj
 0001:0000e580       ?EnableModeless@CAxHostWindow@ATL@@UAGJH@Z 7c63f580 f i stdafx.obj
 0001:0000e5e0       ?OnDocWindowActivate@CAxHostWindow@ATL@@UAGJH@Z 7c63f5e0 f i stdafx.obj
 0001:0000e640       ?OnFrameWindowActivate@CAxHostWindow@ATL@@UAGJH@Z 7c63f640 f i stdafx.obj
 0001:0000e6a0       ?ResizeBorder@CAxHostWindow@ATL@@UAGJPBUtagRECT@@PAUIOleInPlaceUIWindow@@H@Z 7c63f6a0 f i stdafx.obj
 0001:0000e710       ?TranslateAcceleratorA@CAxHostWindow@ATL@@UAGJPAUtagMSG@@PBU_GUID@@K@Z 7c63f710 f i stdafx.obj
 0001:0000e7a0       ??0CComBSTR@ATL@@QAE@ABU_GUID@@@Z 7c63f7a0 f i stdafx.obj
 0001:0000e820       ?GetOptionKeyPath@CAxHostWindow@ATL@@UAGJPAPA_WK@Z 7c63f820 f i stdafx.obj
 0001:0000e920       ?ByteLength@CComBSTR@ATL@@QBEIXZ 7c63f920 f i stdafx.obj
 0001:0000e940       ?GetDropTarget@CAxHostWindow@ATL@@UAGJPAUIDropTarget@@PAPAU3@@Z 7c63f940 f i stdafx.obj
 0001:0000ea20       ?GetExternal@CAxHostWindow@ATL@@UAGJPAPAUIDispatch@@@Z 7c63fa20 f i stdafx.obj
 0001:0000eac0       ?TranslateUrl@CAxHostWindow@ATL@@UAGJKPA_WPAPA_W@Z 7c63fac0 f i stdafx.obj
 0001:0000ebd0       ?FilterDataObject@CAxHostWindow@ATL@@UAGJPAUIDataObject@@PAPAU3@@Z 7c63fbd0 f i stdafx.obj
 0001:0000ec90       ?Invoke@CAxHostWindow@ATL@@UAGJJABU_GUID@@KGPAUtagDISPPARAMS@@PAUtagVARIANT@@PAUtagEXCEPINFO@@PAI@Z 7c63fc90 f i stdafx.obj
 0001:0000ed60       ?FireAmbientPropertyChange@CAxHostWindow@ATL@@QAEJJ@Z 7c63fd60 f i stdafx.obj
 0001:0000edd0       ?put_AllowWindowlessActivation@CAxHostWindow@ATL@@UAGJF@Z 7c63fdd0 f i stdafx.obj
 0001:0000ee00       ?get_AllowWindowlessActivation@CAxHostWindow@ATL@@UAGJPAF@Z 7c63fe00 f i stdafx.obj
 0001:0000ee30       ?put_BackColor@CAxHostWindow@ATL@@UAGJK@Z 7c63fe30 f i stdafx.obj
 0001:0000ee70       ?get_BackColor@CAxHostWindow@ATL@@UAGJPAK@Z 7c63fe70 f i stdafx.obj
 0001:0000eea0       ?put_ForeColor@CAxHostWindow@ATL@@UAGJK@Z 7c63fea0 f i stdafx.obj
 0001:0000eed0       ?get_ForeColor@CAxHostWindow@ATL@@UAGJPAK@Z 7c63fed0 f i stdafx.obj
 0001:0000ef00       ?put_LocaleID@CAxHostWindow@ATL@@UAGJK@Z 7c63ff00 f i stdafx.obj
 0001:0000ef30       ?get_LocaleID@CAxHostWindow@ATL@@UAGJPAK@Z 7c63ff30 f i stdafx.obj
 0001:0000ef60       ?put_UserMode@CAxHostWindow@ATL@@UAGJF@Z 7c63ff60 f i stdafx.obj
 0001:0000efa0       ?get_UserMode@CAxHostWindow@ATL@@UAGJPAF@Z 7c63ffa0 f i stdafx.obj
 0001:0000efd0       ?put_DisplayAsDefault@CAxHostWindow@ATL@@UAGJF@Z 7c63ffd0 f i stdafx.obj
 0001:0000f010       ?get_DisplayAsDefault@CAxHostWindow@ATL@@UAGJPAF@Z 7c640010 f i stdafx.obj
 0001:0000f040       ?put_Font@CAxHostWindow@ATL@@UAGJPAUIFontDisp@@@Z 7c640040 f i stdafx.obj
 0001:0000f070       ?get_Font@CAxHostWindow@ATL@@UAGJPAPAUIFontDisp@@@Z 7c640070 f i stdafx.obj
 0001:0000f350       ?put_MessageReflect@CAxHostWindow@ATL@@UAGJF@Z 7c640350 f i stdafx.obj
 0001:0000f390       ?get_MessageReflect@CAxHostWindow@ATL@@UAGJPAF@Z 7c640390 f i stdafx.obj
 0001:0000f3c0       ?get_ShowGrabHandles@CAxHostWindow@ATL@@UAGJPAF@Z 7c6403c0 f i stdafx.obj
 0001:0000f3e0       ?get_ShowHatching@CAxHostWindow@ATL@@UAGJPAF@Z 7c6403e0 f i stdafx.obj
 0001:0000f400       ?put_DocHostFlags@CAxHostWindow@ATL@@UAGJK@Z 7c640400 f i stdafx.obj
 0001:0000f430       ?get_DocHostFlags@CAxHostWindow@ATL@@UAGJPAK@Z 7c640430 f i stdafx.obj
 0001:0000f460       ?put_DocHostDoubleClickFlags@CAxHostWindow@ATL@@UAGJK@Z 7c640460 f i stdafx.obj
 0001:0000f480       ?get_DocHostDoubleClickFlags@CAxHostWindow@ATL@@UAGJPAK@Z 7c640480 f i stdafx.obj
 0001:0000f4b0       ?put_AllowContextMenu@CAxHostWindow@ATL@@UAGJF@Z 7c6404b0 f i stdafx.obj
 0001:0000f4e0       ?get_AllowContextMenu@CAxHostWindow@ATL@@UAGJPAF@Z 7c6404e0 f i stdafx.obj
 0001:0000f510       ?put_AllowShowUI@CAxHostWindow@ATL@@UAGJF@Z 7c640510 f i stdafx.obj
 0001:0000f540       ?get_AllowShowUI@CAxHostWindow@ATL@@UAGJPAF@Z 7c640540 f i stdafx.obj
 0001:0000f570       ?put_OptionKeyPath@CAxHostWindow@ATL@@UAGJPA_W@Z 7c640570 f i stdafx.obj
 0001:0000f590       ??4CComBSTR@ATL@@QAEAAV01@PB_W@Z 7c640590 f i stdafx.obj
 0001:0000f5f0       ?get_OptionKeyPath@CAxHostWindow@ATL@@UAGJPAPA_W@Z 7c6405f0 f i stdafx.obj
 0001:0000f620       ?SetAmbientDispatch@CAxHostWindow@ATL@@UAGJPAUIDispatch@@@Z 7c640620 f i stdafx.obj
 0001:0000f640       ?SetSite@CAxHostWindow@ATL@@UAGJPAUIUnknown@@@Z 7c640640 f i stdafx.obj
 0001:0000f6c0       ?TransformCoords@CAxHostWindow@ATL@@UAGJPAU_POINTL@@PAUtagPOINTF@@K@Z 7c6406c0 f i stdafx.obj
 0001:0000f6c0       ?GetMoniker@CAxHostWindow@ATL@@UAGJKKPAPAUIMoniker@@@Z 7c6406c0 f i stdafx.obj
 0001:0000f6d0       ?GetContainer@CAxHostWindow@ATL@@UAGJPAPAUIOleContainer@@@Z 7c6406d0 f i stdafx.obj
 0001:0000f760       ?ShowObject@CAxHostWindow@ATL@@UAGJXZ 7c640760 f i stdafx.obj
 0001:0000f7f0       ?GetDC@CWindow@ATL@@QAEPAUHDC__@@XZ 7c6407f0 f i stdafx.obj
 0001:0000f810       ?ReleaseDC@CWindow@ATL@@QAEHPAUHDC__@@@Z 7c640810 f i stdafx.obj
 0001:0000f830       ?GetWindow@CAxHostWindow@ATL@@UAGJPAPAUHWND__@@@Z 7c640830 f i stdafx.obj
 0001:0000f870       ?ContextSensitiveHelp@CAxHostWindow@ATL@@UAGJH@Z 7c640870 f i stdafx.obj
 0001:0000f870       ?OnShowWindow@CAxHostWindow@ATL@@UAGJH@Z 7c640870 f i stdafx.obj
 0001:0000f880       ?CanInPlaceActivate@CAxHostWindow@ATL@@UAGJXZ 7c640880 f i stdafx.obj
 0001:0000f880       ?UpdateRegistry@CAxHostWindow@ATL@@SGJH@Z 7c640880 f i atl.obj
 0001:0000f880       ?OnControlInfoChanged@CAxHostWindow@ATL@@UAGJXZ 7c640880 f i stdafx.obj
 0001:0000f880       ?RequestUIActivate@CAxHostWindow@ATL@@UAGJXZ 7c640880 f i stdafx.obj
 0001:0000f890       ?OnInPlaceActivate@CAxHostWindow@ATL@@UAGJXZ 7c640890 f i stdafx.obj
 0001:0000f910       ?OnUIActivate@CAxHostWindow@ATL@@UAGJXZ 7c640910 f i stdafx.obj
 0001:0000f930       ?GetWindowContext@CAxHostWindow@ATL@@UAGJPAPAUIOleInPlaceFrame@@PAPAUIOleInPlaceUIWindow@@PAUtagRECT@@2PAUtagOIFI@@@Z 7c640930 f i stdafx.obj
 0001:0000fb00       ?Scroll@CAxHostWindow@ATL@@UAGJUtagSIZE@@@Z 7c640b00 f i stdafx.obj
 0001:0000fb10       ?OnUIDeactivate@CAxHostWindow@ATL@@UAGJH@Z 7c640b10 f i stdafx.obj
 0001:0000fb30       ?OnInPlaceDeactivate@CAxHostWindow@ATL@@UAGJXZ 7c640b30 f i stdafx.obj
 0001:0000fb60       ?ShowPropertyFrame@CAxHostWindow@ATL@@UAGJXZ 7c640b60 f i stdafx.obj
 0001:0000fb60       ?DeactivateAndUndo@CAxHostWindow@ATL@@UAGJXZ 7c640b60 f i stdafx.obj
 0001:0000fb60       ?SaveObject@CAxHostWindow@ATL@@UAGJXZ 7c640b60 f i stdafx.obj
 0001:0000fb60       ?RequestNewObjectLayout@CAxHostWindow@ATL@@UAGJXZ 7c640b60 f i stdafx.obj
 0001:0000fb60       ?DiscardUndoState@CAxHostWindow@ATL@@UAGJXZ 7c640b60 f i stdafx.obj
 0001:0000fb70       ?OnPosRectChange@CAxHostWindow@ATL@@UAGJPBUtagRECT@@@Z 7c640b70 f i stdafx.obj
 0001:0000fc10       ?Detach@?$CComPtrBase@UITypeInfo@@@ATL@@QAEPAUITypeInfo@@XZ 7c640c10 f i stdafx.obj
 0001:0000fc10       ?Detach@CWindow@ATL@@QAEPAUHWND__@@XZ 7c640c10 f i stdafx.obj
 0001:0000fc10       ?Detach@CRegKey@ATL@@QAEPAUHKEY__@@XZ 7c640c10 f i atl.obj
 0001:0000fc10       ?Detach@?$CAutoVectorPtr@D@ATL@@QAEPADXZ 7c640c10 f i atl.obj
 0001:0000fc10       ?Detach@?$CAutoVectorPtr@_W@ATL@@QAEPA_WXZ 7c640c10 f i atl.obj
 0001:0000fc10       ?Detach@CComBSTR@ATL@@QAEPA_WXZ 7c640c10 f i stdafx.obj
 0001:0000fc10       ?Detach@?$CComPtrBase@UIUnknown@@@ATL@@QAEPAUIUnknown@@XZ 7c640c10 f i stdafx.obj
 0001:0000fc40       ?MoveWindow@CWindow@ATL@@QAEHPBUtagRECT@@H@Z 7c640c40 f i stdafx.obj
 0001:0000fc90       ?ClientToScreen@CWindow@ATL@@QBEHPAUtagRECT@@@Z 7c640c90 f i stdafx.obj
 0001:0000fcd0       ?ScreenToClient@CWindow@ATL@@QBEHPAUtagRECT@@@Z 7c640cd0 f i stdafx.obj
 0001:0000fd10       ?OnInPlaceActivateEx@CAxHostWindow@ATL@@UAGJPAHK@Z 7c640d10 f i stdafx.obj
 0001:0000fe30       ?OnInPlaceDeactivateEx@CAxHostWindow@ATL@@UAGJH@Z 7c640e30 f i stdafx.obj
 0001:0000fe60       ?CanWindowlessActivate@CAxHostWindow@ATL@@UAGJXZ 7c640e60 f i stdafx.obj
 0001:0000fe80       ?GetCapture@CAxHostWindow@ATL@@UAGJXZ 7c640e80 f i stdafx.obj
 0001:0000fea0       ?SetCapture@CAxHostWindow@ATL@@UAGJH@Z 7c640ea0 f i stdafx.obj
 0001:0000fef0       ?SetCapture@CWindow@ATL@@QAEPAUHWND__@@XZ 7c640ef0 f i stdafx.obj
 0001:0000ff10       ?GetFocus@CAxHostWindow@ATL@@UAGJXZ 7c640f10 f i stdafx.obj
 0001:0000ff30       ?SetFocus@CAxHostWindow@ATL@@UAGJH@Z 7c640f30 f i stdafx.obj
 0001:0000ff60       ?GetDC@CAxHostWindow@ATL@@UAGJPBUtagRECT@@KPAPAUHDC__@@@Z 7c640f60 f i stdafx.obj
 0001:00010090       ?ReleaseDC@CAxHostWindow@ATL@@UAGJPAUHDC__@@@Z 7c641090 f i stdafx.obj
 0001:00010110       ?InvalidateRect@CAxHostWindow@ATL@@UAGJPBUtagRECT@@H@Z 7c641110 f i stdafx.obj
 0001:00010130       ?InvalidateRect@CWindow@ATL@@QAEHPBUtagRECT@@H@Z 7c641130 f i stdafx.obj
 0001:00010160       ?InvalidateRgn@CAxHostWindow@ATL@@UAGJPAUHRGN__@@H@Z 7c641160 f i stdafx.obj
 0001:00010180       ?InvalidateRgn@CWindow@ATL@@QAEXPAUHRGN__@@H@Z 7c641180 f i stdafx.obj
 0001:000101b0       ?ScrollRect@CAxHostWindow@ATL@@UAGJHHPBUtagRECT@@0@Z 7c6411b0 f i stdafx.obj
 0001:000101c0       ?OnDefWindowMessage@CAxHostWindow@ATL@@UAGJIIJPAJ@Z 7c6411c0 f i stdafx.obj
 0001:000101f0       ?GetExtendedControl@CAxHostWindow@ATL@@UAGJPAPAUIDispatch@@@Z 7c6411f0 f i stdafx.obj
 0001:00010220       ?OnFocus@CAxHostWindow@ATL@@UAGJH@Z 7c641220 f i stdafx.obj
 0001:00010250       ?OnDataChange@CAxHostWindow@ATL@@UAGXPAUtagFORMATETC@@PAUtagSTGMEDIUM@@@Z 7c641250 f i stdafx.obj
 0001:00010250       ?OnViewChange@CAxHostWindow@ATL@@UAGXKJ@Z 7c641250 f i stdafx.obj
 0001:00010260       ?OnRename@CAxHostWindow@ATL@@UAGXPAUIMoniker@@@Z 7c641260 f i stdafx.obj
 0001:00010270       ?ParseDisplayName@CAxHostWindow@ATL@@UAGJPAUIBindCtx@@PA_WPAKPAPAUIMoniker@@@Z 7c641270 f i stdafx.obj
 0001:00010280       ?EnumObjects@CAxHostWindow@ATL@@UAGJKPAPAUIEnumUnknown@@@Z 7c641280 f i stdafx.obj
 0001:00010380       ?LockContainer@CAxHostWindow@ATL@@UAGJH@Z 7c641380 f i stdafx.obj
 0001:000103b0       ?ActivateAx@CAxHostWindow@ATL@@QAEJPAUIUnknown@@_NPAUIStream@@@Z 7c6413b0 f i stdafx.obj
 0001:000109d0       ?SubclassWindow@CAxHostWindow@ATL@@QAEXPAUHWND__@@@Z 7c6419d0 f i stdafx.obj
 0001:00010a10       ?ReleaseWindow@CAxHostWindow@ATL@@QAEXXZ 7c641a10 f i stdafx.obj
 0001:00010a60       ?ReflectNotifications@CAxHostWindow@ATL@@QAEJIIJAAH@Z 7c641a60 f i stdafx.obj
 0001:00010cb0       ?GetDlgItem@CWindow@ATL@@QBE?AV12@H@Z 7c641cb0 f i stdafx.obj
 0001:00010ce0       ?QueryService@CAxHostWindow@ATL@@UAGJABU_GUID@@0PAPAX@Z 7c641ce0 f i stdafx.obj
 0001:00010d60       ??0?$CWindowImpl@VCAxHostWindow@ATL@@VCWindow@2@V?$CWinTraits@$0FGAAAAAA@$0A@@2@@ATL@@QAE@XZ 7c641d60 f i stdafx.obj
 0001:00010d60       ??0?$CWindowImpl@VCAxUIWindow@ATL@@VCWindow@2@V?$CWinTraits@$0FGAAAAAA@$0A@@2@@ATL@@QAE@XZ 7c641d60 f i stdafx.obj
 0001:00010d60       ??0?$CWindowImpl@VCAxFrameWindow@ATL@@VCWindow@2@V?$CWinTraits@$0FGAAAAAA@$0A@@2@@ATL@@QAE@XZ 7c641d60 f i stdafx.obj
 0001:00010d80       ??0IOleInPlaceSiteWindowless@@QAE@XZ 7c641d80 f i stdafx.obj
 0001:00010da0       ??0IOleInPlaceUIWindow@@QAE@XZ 7c641da0 f i stdafx.obj
 0001:00010da0       ??0IAxWinAmbientDispatch@@QAE@XZ 7c641da0 f i stdafx.obj
 0001:00010da0       ??0IOleInPlaceSite@@QAE@XZ 7c641da0 f i stdafx.obj
 0001:00010da0       ??0IRegistrar@@QAE@XZ      7c641da0 f i atl.obj
 0001:00010da0       ??0IAxWinHostWindowLic@@QAE@XZ 7c641da0 f i stdafx.obj
 0001:00010da0       ??0IOleContainer@@QAE@XZ   7c641da0 f i stdafx.obj
 0001:00010dc0       ??0?$IObjectWithSiteImpl@VCAxHostWindow@ATL@@@ATL@@QAE@XZ 7c641dc0 f i stdafx.obj
 0001:00010df0       ??1?$CComQIPtr@UIPersistStream@@$1?_GUID_00000109_0000_0000_c000_000000000046@@3U__s_GUID@@B@ATL@@QAE@XZ 7c641df0 f i stdafx.obj
 0001:00010df0       ??1?$CComQIPtr@UIPersistStreamInit@@$1?_GUID_7fd52380_4e07_101b_ae2d_08002b2ec713@@3U__s_GUID@@B@ATL@@QAE@XZ 7c641df0 f i stdafx.obj
 0001:00010df0       ??1?$CComQIPtr@UIAdviseSink@@$1?_GUID_0000010f_0000_0000_c000_000000000046@@3U__s_GUID@@B@ATL@@QAE@XZ 7c641df0 f i stdafx.obj
 0001:00010df0       ??1?$CComQIPtr@UIOleClientSite@@$1?_GUID_00000118_0000_0000_c000_000000000046@@3U__s_GUID@@B@ATL@@QAE@XZ 7c641df0 f i stdafx.obj
 0001:00010df0       ??1?$CComQIPtr@UIOleControl@@$1?_GUID_b196b288_bab4_101a_b69c_00aa00341d07@@3U__s_GUID@@B@ATL@@QAE@XZ 7c641df0 f i stdafx.obj
 0001:00010df0       ??1?$CComQIPtr@UIOleInPlaceActiveObject@@$1?_GUID_00000117_0000_0000_c000_000000000046@@3U__s_GUID@@B@ATL@@QAE@XZ 7c641df0 f i stdafx.obj
 0001:00010e10       ??1?$CComPtr@UIPersistStreamInit@@@ATL@@QAE@XZ 7c641e10 f i stdafx.obj
 0001:00010e10       ??1?$CComPtr@UIDispatch@@@ATL@@QAE@XZ 7c641e10 f i stdafx.obj
 0001:00010e10       ??1?$CComPtr@UIWebBrowser2@@@ATL@@QAE@XZ 7c641e10 f i stdafx.obj
 0001:00010e10       ??1?$CComPtr@UIConnectionPoint@@@ATL@@QAE@XZ 7c641e10 f i stdafx.obj
 0001:00010e10       ??1?$CComPtr@UIAdviseSink@@@ATL@@QAE@XZ 7c641e10 f i stdafx.obj
 0001:00010e10       ??1?$CComPtr@UIFontDisp@@@ATL@@QAE@XZ 7c641e10 f i stdafx.obj
 0001:00010e10       ??1?$CComPtr@UIObjectWithSite@@@ATL@@QAE@XZ 7c641e10 f i stdafx.obj
 0001:00010e10       ??1?$CComPtr@UIProvideClassInfo2@@@ATL@@QAE@XZ 7c641e10 f i stdafx.obj
 0001:00010e10       ??1?$CComPtr@UIOleObject@@@ATL@@QAE@XZ 7c641e10 f i stdafx.obj
 0001:00010e10       ??1?$CComPtr@UIOleInPlaceObjectWindowless@@@ATL@@QAE@XZ 7c641e10 f i stdafx.obj
 0001:00010e10       ??1?$CComPtr@UITypeInfo2@@@ATL@@QAE@XZ 7c641e10 f i stdafx.obj
 0001:00010e10       ??1?$CComPtr@UIViewObjectEx@@@ATL@@QAE@XZ 7c641e10 f i stdafx.obj
 0001:00010e10       ??1?$CComPtr@UIAxWinHostWindow@@@ATL@@QAE@XZ 7c641e10 f i stdafx.obj
 0001:00010e10       ??1?$CComPtr@UIOleClientSite@@@ATL@@QAE@XZ 7c641e10 f i stdafx.obj
 0001:00010e10       ??1?$CComPtr@UIOleInPlaceUIWindow@@@ATL@@QAE@XZ 7c641e10 f i stdafx.obj
 0001:00010e10       ??1?$CComPtr@UIConnectionPointContainer@@@ATL@@QAE@XZ 7c641e10 f i stdafx.obj
 0001:00010e10       ??1?$CComPtr@UICreateErrorInfo@@@ATL@@QAE@XZ 7c641e10 f i stdafx.obj
 0001:00010e10       ??1?$CComPtr@UITypeLib@@@ATL@@QAE@XZ 7c641e10 f i stdafx.obj
 0001:00010e10       ??1?$CComPtr@UIDocHostUIHandlerDispatch@@@ATL@@QAE@XZ 7c641e10 f i stdafx.obj
 0001:00010e10       ??1?$CComPtr@UIOleInPlaceActiveObject@@@ATL@@QAE@XZ 7c641e10 f i stdafx.obj
 0001:00010e10       ??1?$CComPtr@UIClassFactory2@@@ATL@@QAE@XZ 7c641e10 f i stdafx.obj
 0001:00010e10       ??1?$CComPtr@UIRegistrar@@@ATL@@QAE@XZ 7c641e10 f i atl.obj
 0001:00010e10       ??1?$CComPtr@UIOleControl@@@ATL@@QAE@XZ 7c641e10 f i stdafx.obj
 0001:00010e10       ??1?$CComPtr@UIPersist@@@ATL@@QAE@XZ 7c641e10 f i stdafx.obj
 0001:00010e10       ??1?$CComPtr@UIServiceProvider@@@ATL@@QAE@XZ 7c641e10 f i stdafx.obj
 0001:00010e10       ??1?$CComPtr@UIUnknown@@@ATL@@QAE@XZ 7c641e10 f i stdafx.obj
 0001:00010e10       ??1?$CComPtr@UIPersistStream@@@ATL@@QAE@XZ 7c641e10 f i stdafx.obj
 0001:00010e10       ??1?$CComPtr@UIOleInPlaceFrame@@@ATL@@QAE@XZ 7c641e10 f i stdafx.obj
 0001:00010e10       ??1?$CComPtr@UITypeInfo@@@ATL@@QAE@XZ 7c641e10 f i stdafx.obj
 0001:00010e10       ??1?$CComPtr@UIErrorInfo@@@ATL@@QAE@XZ 7c641e10 f i stdafx.obj
 0001:00010e10       ??1?$CComPtr@UIAxWinHostWindowLic@@@ATL@@QAE@XZ 7c641e10 f i stdafx.obj
 0001:00010e10       ??1?$CComPtr@UICatRegister@@@ATL@@QAE@XZ 7c641e10 f i stdafx.obj
 0001:00010e10       ??1?$CComPtr@UIStream@@@ATL@@QAE@XZ 7c641e10 f i stdafx.obj
 0001:00010e30       ??0?$CComPtr@UIUnknown@@@ATL@@QAE@PAUIUnknown@@@Z 7c641e30 f i stdafx.obj
 0001:00010e50       ??0?$CW2AEX@$0IA@@ATL@@QAE@PB_W@Z 7c641e50 f i stdafx.obj
 0001:00010e80       ??1?$CW2AEX@$0IA@@ATL@@QAE@XZ 7c641e80 f i stdafx.obj
 0001:00010eb0       ??0?$CWindowImplBaseT@VCWindow@ATL@@V?$CWinTraits@$0FGAAAAAA@$0A@@2@@ATL@@QAE@XZ 7c641eb0 f i stdafx.obj
 0001:00010ee0       ?GetWindowProc@?$CWindowImplBaseT@VCWindow@ATL@@V?$CWinTraits@$0FGAAAAAA@$0A@@2@@ATL@@UAEP6GJPAUHWND__@@IIJ@ZXZ 7c641ee0 f i stdafx.obj
 0001:00010ef0       ?DestroyWindow@?$CWindowImplBaseT@VCWindow@ATL@@V?$CWinTraits@$0FGAAAAAA@$0A@@2@@ATL@@QAEHXZ 7c641ef0 f i stdafx.obj
 0001:00010f10       ?DefWindowProcA@?$CWindowImplBaseT@VCWindow@ATL@@V?$CWinTraits@$0FGAAAAAA@$0A@@2@@ATL@@QAEJXZ 7c641f10 f i stdafx.obj
 0001:00010f60       ?DefWindowProcA@?$CWindowImplBaseT@VCWindow@ATL@@V?$CWinTraits@$0FGAAAAAA@$0A@@2@@ATL@@QAEJIIJ@Z 7c641f60 f i stdafx.obj
 0001:00010f90       ?SetSite@?$IObjectWithSiteImpl@VCAxHostWindow@ATL@@@ATL@@UAGJPAUIUnknown@@@Z 7c641f90 f i stdafx.obj
 0001:00010fd0       ?GetSite@?$IObjectWithSiteImpl@VCAxHostWindow@ATL@@@ATL@@UAGJABU_GUID@@PAPAX@Z 7c641fd0 f i stdafx.obj
 0001:00011060       ?GetTypeInfoCount@?$IDispatchImpl@UIAxWinAmbientDispatchEx@@$1?_GUID_b2d0778b_ac99_4c58_a5c8_e7724e5316b5@@3U__s_GUID@@B$1?m_libid@CAtlModule@ATL@@2U_GUID@@A$0PPPP@$0PPPP@VCComTypeInfoHolder@ATL@@@ATL@@UAGJPAI@Z 7c642060 f i stdafx.obj
 0001:00011080       ?GetTypeInfo@?$IDispatchImpl@UIAxWinAmbientDispatchEx@@$1?_GUID_b2d0778b_ac99_4c58_a5c8_e7724e5316b5@@3U__s_GUID@@B$1?m_libid@CAtlModule@ATL@@2U_GUID@@A$0PPPP@$0PPPP@VCComTypeInfoHolder@ATL@@@ATL@@UAGJIKPAPAUITypeInfo@@@Z 7c642080 f i stdafx.obj
 0001:000110a0       ?GetTypeInfo@CComTypeInfoHolder@ATL@@QAEJIKPAPAUITypeInfo@@@Z 7c6420a0 f i stdafx.obj
 0001:000110c0       ?GetTI@CComTypeInfoHolder@ATL@@QAEJKPAPAUITypeInfo@@@Z 7c6420c0 f i stdafx.obj
 0001:00011130       ?GetTI@CComTypeInfoHolder@ATL@@QAEJK@Z 7c642130 f i stdafx.obj
 0001:00011530       ?LoadNameCache@CComTypeInfoHolder@ATL@@QAEJPAUITypeInfo@@@Z 7c642530 f i stdafx.obj
 0001:00011720       ??0stringdispid@CComTypeInfoHolder@ATL@@QAE@XZ 7c642720 f i stdafx.obj
 0001:00011750       ??0?$CComPtr@UITypeInfo@@@ATL@@QAE@ABV01@@Z 7c642750 f i stdafx.obj
 0001:00011770       ?GetIDsOfNames@?$IDispatchImpl@UIAxWinAmbientDispatchEx@@$1?_GUID_b2d0778b_ac99_4c58_a5c8_e7724e5316b5@@3U__s_GUID@@B$1?m_libid@CAtlModule@ATL@@2U_GUID@@A$0PPPP@$0PPPP@VCComTypeInfoHolder@ATL@@@ATL@@UAGJABU_GUID@@PAPA_WIKPAJ@Z 7c642770 f i stdafx.obj
 0001:000117a0       ?GetIDsOfNames@CComTypeInfoHolder@ATL@@QAEJABU_GUID@@PAPA_WIKPAJ@Z 7c6427a0 f i stdafx.obj
 0001:000118b0       ?EnsureTI@CComTypeInfoHolder@ATL@@QAEJK@Z 7c6428b0 f i stdafx.obj
 0001:000118f0       ?Invoke@?$IDispatchImpl@UIAxWinAmbientDispatchEx@@$1?_GUID_b2d0778b_ac99_4c58_a5c8_e7724e5316b5@@3U__s_GUID@@B$1?m_libid@CAtlModule@ATL@@2U_GUID@@A$0PPPP@$0PPPP@VCComTypeInfoHolder@ATL@@@ATL@@UAGJJABU_GUID@@KGPAUtagDISPPARAMS@@PAUtagVARIANT@@PAUtagEXCEPINFO@@PAI@Z 7c6428f0 f i stdafx.obj
 0001:00011930       ?Invoke@CComTypeInfoHolder@ATL@@QAEJPAUIDispatch@@JABU_GUID@@KGPAUtagDISPPARAMS@@PAUtagVARIANT@@PAUtagEXCEPINFO@@PAI@Z 7c642930 f i stdafx.obj
 0001:00011990       ??0?$IDispatchImpl@UIAxWinAmbientDispatchEx@@$1?_GUID_b2d0778b_ac99_4c58_a5c8_e7724e5316b5@@3U__s_GUID@@B$1?m_libid@CAtlModule@ATL@@2U_GUID@@A$0PPPP@$0PPPP@VCComTypeInfoHolder@ATL@@@ATL@@QAE@XZ 7c642990 f i stdafx.obj
 0001:000119d0       ??0CComTypeInfoHolder@ATL@@QAE@PBU_GUID@@0GG@Z 7c6429d0 f i stdafx.obj
 0001:00011a30       ??8?$CComPtrBase@UIOleInPlaceActiveObject@@@ATL@@QBE_NPAUIOleInPlaceActiveObject@@@Z 7c642a30 f i stdafx.obj
 0001:00011a30       ??8?$CComPtrBase@UIFontDisp@@@ATL@@QBE_NPAUIFontDisp@@@Z 7c642a30 f i stdafx.obj
 0001:00011a30       ??8?$CComPtrBase@UIDispatch@@@ATL@@QBE_NPAUIDispatch@@@Z 7c642a30 f i stdafx.obj
 0001:00011a30       ??8?$CComPtrBase@UIOleClientSite@@@ATL@@QBE_NPAUIOleClientSite@@@Z 7c642a30 f i stdafx.obj
 0001:00011a30       ??8?$CComPtrBase@UIOleObject@@@ATL@@QBE_NPAUIOleObject@@@Z 7c642a30 f i stdafx.obj
[...]
 0001:00014c9a       _OleCreatePropertyFrame@44 7c645c9a f   atldload:oleaut32.obj
 0001:00014ca2       _LoadRegTypeLib@20         7c645ca2 f   atldload:oleaut32.obj
 0001:00014caa       _CryptHashData@16          7c645caa f   atldload:oleaut32.obj
 0001:00014caa       _VariantTimeToDosDateTime@16 7c645caa f   atldload:oleaut32.obj
 0001:00014caf       _VarCmp@16                 7c645caf f   atldload:oleaut32.obj
 0001:00014cb5       _SetErrorInfo@8            7c645cb5 f   atldload:oleaut32.obj
 0001:00014cb5       _SafeArrayAccessData@8     7c645cb5 f   atldload:oleaut32.obj
 0001:00014cb5       _LoadTypeLib@8             7c645cb5 f   atldload:oleaut32.obj
 0001:00014cb5       _SafeArrayCopy@8           7c645cb5 f   atldload:oleaut32.obj
 0001:00014cbd       _VarUI4FromStr@16          7c645cbd f   atldload:oleaut32.obj
 0001:00014cbd       _VariantChangeType@16      7c645cbd f   atldload:oleaut32.obj
 0001:00014cc5       _RegisterTypeLib@12        7c645cc5 f   atldload:oleaut32.obj
 0001:00014cc5       _SafeArrayPutElement@12    7c645cc5 f   atldload:oleaut32.obj
 0001:00014cc5       _SafeArrayGetLBound@12     7c645cc5 f   atldload:oleaut32.obj
 0001:00014cc5       _SafeArrayGetUBound@12     7c645cc5 f   atldload:oleaut32.obj
 0001:00014ccd       _DispInvoke@32             7c645ccd f   atldload:oleaut32.obj
 0001:00014cd5       _DispGetIDsOfNames@16      7c645cd5 f   atldload:oleaut32.obj
 0001:00014cd5       _OleDraw@16                7c645cd5 f   atldload:oleaut32.obj
 0001:00014cdd       _SafeArrayGetElement@12    7c645cdd f   atldload:oleaut32.obj
 0001:00014ce5       _VariantCopyInd@8          7c645ce5 f   atldload:oleaut32.obj
 0001:00014ce5       _VariantCopy@8             7c645ce5 f   atldload:oleaut32.obj
 0001:00014ce5       _GetHGlobalFromStream@8    7c645ce5 f   atldload:oleaut32.obj
 0001:00014ced       _CryptDestroyKey@4         7c645ced f   atldload:oleaut32.obj
 0001:00014ced       _SafeArrayGetDim@4         7c645ced f   atldload:oleaut32.obj
 0001:00014ced       _SysAllocString@4          7c645ced f   atldload:oleaut32.obj
 0001:00014ced       _SafeArrayGetElemsize@4    7c645ced f   atldload:oleaut32.obj
 0001:00014ced       _CryptDestroyHash@4        7c645ced f   atldload:oleaut32.obj
 0001:00014ced       _DispatchMessageA@4        7c645ced f   atldload:oleaut32.obj
 0001:00014ced       _CoTaskMemAlloc@4          7c645ced f   atldload:oleaut32.obj
 0001:00014ced       _SysStringLen@4            7c645ced f   atldload:oleaut32.obj
 0001:00014ced       _SysStringByteLen@4        7c645ced f   atldload:oleaut32.obj
 0001:00014ced       _IsWindow@4                7c645ced f   atldload:oleaut32.obj
 0001:00014cf2       _OleCreatePropertyFrameIndirect@4 7c645cf2 f   atldload:oleaut32.obj
 0001:00014cf2       _SafeArrayUnaccessData@4   7c645cf2 f   atldload:oleaut32.obj
 0001:00014cf2       _CreateErrorInfo@4         7c645cf2 f   atldload:oleaut32.obj
 0001:00014cf2       _SafeArrayDestroy@4        7c645cf2 f   atldload:oleaut32.obj
 0001:00014cfa       _OleDestroyMenuDescriptor@4 7c645cfa f   atldload:oleaut32.obj
 0001:00014cfa       _SafeArrayLock@4           7c645cfa f   atldload:oleaut32.obj
 0001:00014cfa       _SafeArrayDestroyData@4    7c645cfa f   atldload:oleaut32.obj
 0001:00014cfa       _StgIsStorageFile@4        7c645cfa f   atldload:oleaut32.obj
 0001:00014cfa       _SafeArrayAllocData@4      7c645cfa f   atldload:oleaut32.obj
 0001:00014cfa       _SafeArrayDestroyDescriptor@4 7c645cfa f   atldload:oleaut32.obj
 0001:00014cfa       _SafeArrayUnlock@4         7c645cfa f   atldload:oleaut32.obj
 0001:00014cfa       _OleIsCurrentClipboard@4   7c645cfa f   atldload:oleaut32.obj
 0001:00014d02       _UnRegisterTypeLib@20      7c645d02 f   atldload:oleaut32.obj
 0001:00014d02       _VarBstrFromCy@20          7c645d02 f   atldload:oleaut32.obj
 0001:00014d02       _VarBstrFromDate@20        7c645d02 f   atldload:oleaut32.obj
 0001:00014d02       _OleLoadPicture@20         7c645d02 f   atldload:oleaut32.obj
 0001:00014d02       _VarParseNumFromStr@20     7c645d02 f   atldload:oleaut32.obj
 0001:00014d0a       _DispCallFunc@32           7c645d0a f   atldload:oleaut32.obj
 0001:00014d0a       _OleCreateFromFile@32      7c645d0a f   atldload:oleaut32.obj
 0001:00014d12       _CoCreateGuid@4            7c645d12 f   atldload:ole32.obj
 0001:00014d18       _CoInitializeSecurity@36   7c645d18 f   atldload:ole32.obj
 0001:00014d20       _CoWaitForMultipleHandles@20 7c645d20 f   atldload:ole32.obj
 0001:00014d20       _CoRegisterClassObject@20  7c645d20 f   atldload:ole32.obj
 0001:00014d20       _OleSetMenuDescriptor@20   7c645d20 f   atldload:ole32.obj
 0001:00014d28       _CoRevertToSelf@0          7c645d28 f   atldload:ole32.obj
 0001:00014d28       _CoImpersonateClient@0     7c645d28 f   atldload:ole32.obj
 0001:00014d28       _CoResumeClassObjects@0    7c645d28 f   atldload:ole32.obj
 0001:00014d28       _OleFlushClipboard@0       7c645d28 f   atldload:ole32.obj
 0001:00014d28       _CoSuspendClassObjects@0   7c645d28 f   atldload:ole32.obj
 0001:00014d2e       _CoTaskMemFree@4           7c645d2e f   atldload:ole32.obj
 0001:00014d2e       _ReleaseStgMedium@4        7c645d2e f   atldload:ole32.obj
 0001:00014d2e       _SysFreeString@4           7c645d2e f   atldload:ole32.obj
 0001:00014d31       _CoCreateFreeThreadedMarshaler@8 7c645d31 f   atldload:ole32.obj
 0001:00014d31       _CreateClassMoniker@8      7c645d31 f   atldload:ole32.obj
 0001:00014d31       _GetRunningObjectTable@8   7c645d31 f   atldload:ole32.obj
 0001:00014d43       _CreateItemMoniker@12      7c645d43 f   atldload:ole32.obj
 0001:00014d55       _CoUnmarshalInterface@12   7c645d55 f   atldload:ole32.obj
 0001:00014d55       _CreateStreamOnHGlobal@12  7c645d55 f   atldload:ole32.obj
 0001:00014d55       _OleLoadFromStream@12      7c645d55 f   atldload:ole32.obj
 0001:00014d55       _OleLockRunning@12         7c645d55 f   atldload:ole32.obj
 0001:00014d55       _OleRegGetUserType@12      7c645d55 f   atldload:ole32.obj
 0001:00014d55       _OleRegGetMiscStatus@12    7c645d55 f   atldload:ole32.obj
 0001:00014d55       _CreateILockBytesOnHGlobal@12 7c645d55 f   atldload:ole32.obj
 0001:00014d55       _CoMarshalInterThreadInterfaceInStream@12 7c645d55 f   atldload:ole32.obj
 0001:00014d55       _CoGetInterfaceAndReleaseStream@12 7c645d55 f   atldload:ole32.obj
 0001:00014d55       _OleSave@12                7c645d55 f   atldload:ole32.obj
 0001:00014d5d       _MkParseDisplayName@16     7c645d5d f   atldload:ole32.obj
 0001:00014d6f       _OleUninitialize@0         7c645d6f f   atldload:ole32.obj
 0001:00014d6f       _CoUninitialize@0          7c645d6f f   atldload:ole32.obj
 0001:00014d6f       _CoFreeUnusedLibraries@0   7c645d6f f   atldload:ole32.obj
 0001:00014d70       _StgCreateDocfile@16       7c645d70 f   atldload:ole32.obj
 0001:00014d70       _StgCreateDocfileOnILockBytes@16 7c645d70 f   atldload:ole32.obj
 0001:00014d70       _DoDragDrop@16             7c645d70 f   atldload:ole32.obj
 0001:00014d78       _CoMarshalInterface@24     7c645d78 f   atldload:ole32.obj
 0001:00014d78       _StgOpenStorage@24         7c645d78 f   atldload:ole32.obj
 0001:00014d80       _CoReleaseMarshalData@4    7c645d80 f   atldload:ole32.obj
 0001:00014d80       _PropVariantClear@4        7c645d80 f   atldload:ole32.obj
 0001:00014d80       _CoRevokeClassObject@4     7c645d80 f   atldload:ole32.obj
 0001:00014d80       _OleQueryCreateFromData@4  7c645d80 f   atldload:ole32.obj
 0001:00014d80       _OleGetClipboard@4         7c645d80 f   atldload:ole32.obj
 0001:00014d80       _OleSetClipboard@4         7c645d80 f   atldload:ole32.obj
 0001:00014d80       _OleInitialize@4           7c645d80 f   atldload:ole32.obj
 0001:00014d80       _RevokeDragDrop@4          7c645d80 f   atldload:ole32.obj
 0001:00014d80       _CoInitialize@4            7c645d80 f   atldload:ole32.obj
 0001:00014d80       _CoDisableCallCancellation@4 7c645d80 f   atldload:ole32.obj
 0001:00014d80       _CreateDataAdviseHolder@4  7c645d80 f   atldload:ole32.obj
 0001:00014d80       _OleQueryLinkFromData@4    7c645d80 f   atldload:ole32.obj
 0001:00014d80       _CoEnableCallCancellation@4 7c645d80 f   atldload:ole32.obj
 0001:00014d80       _OleRun@4                  7c645d80 f   atldload:ole32.obj
 0001:00014d80       _CreateOleAdviseHolder@4   7c645d80 f   atldload:ole32.obj
 0001:00014d88       _CoSetProxyBlanket@32      7c645d88 f   atldload:ole32.obj
 0001:00014d88       _StgOpenStorageEx@32       7c645d88 f   atldload:ole32.obj
 0001:00014d90       _CoCreateInstance@20       7c645d90 f   atldload:ole32.obj
 0001:00014d90       _CoGetClassObject@20       7c645d90 f   atldload:ole32.obj
 0001:00014da2       _OleCreateFromData@28      7c645da2 f   atldload:ole32.obj
 0001:00014db4       _CoFileTimeNow@4           7c645db4 f   atldload:ole32.obj
 0001:00014dcd       _CLSIDFromString@8         7c645dcd f   atldload:ole32.obj
 0001:00014dcd       _CLSIDFromProgID@8         7c645dcd f   atldload:ole32.obj
 0001:00014dcd       _RegisterDragDrop@8        7c645dcd f   atldload:ole32.obj
 0001:00014dcd       _WriteClassStm@8           7c645dcd f   atldload:ole32.obj
 0001:00014dcd       _CoGetMalloc@8             7c645dcd f   atldload:ole32.obj
 0001:00014dcd       _CoSwitchCallContext@8     7c645dcd f   atldload:ole32.obj
 0001:00014dcd       _CoAllowSetForegroundWindow@8 7c645dcd f   atldload:ole32.obj
 0001:00014dcd       _OleSaveToStream@8         7c645dcd f   atldload:ole32.obj
 0001:00014dcd       _OleRegEnumVerbs@8         7c645dcd f   atldload:ole32.obj
 0001:00014dcd       _CoCancelCall@8            7c645dcd f   atldload:ole32.obj
 0001:00014dcd       _ProgIDFromCLSID@8         7c645dcd f   atldload:ole32.obj
 0001:00014dcd       _StringFromCLSID@8         7c645dcd f   atldload:ole32.obj
 0001:00014dcd       _CoInitializeEx@8          7c645dcd f   atldload:ole32.obj
 0001:00014dcd       _PropVariantCopy@8         7c645dcd f   atldload:ole32.obj
 0001:00014dcd       _CoRegisterMessageFilter@8 7c645dcd f   atldload:ole32.obj
 0001:00014dcd       _FreePropVariantArray@8    7c645dcd f   atldload:ole32.obj
 0001:00014dcd       _GetClassFile@8            7c645dcd f   atldload:ole32.obj
 0001:00014dcd       _CreateFileMoniker@8       7c645dcd f   atldload:ole32.obj
 0001:00014dcd       _CreateBindCtx@8           7c645dcd f   atldload:ole32.obj
 0001:00014dd5       _WriteClassStg@8           7c645dd5 f   atldload:ole32.obj
 0001:00014dd5       _SafeArrayRedim@8          7c645dd5 f   atldload:ole32.obj
 0001:00014dd5       _GetHGlobalFromILockBytes@8 7c645dd5 f   atldload:ole32.obj
 0001:00014dd5       _OleSetContainedObject@8   7c645dd5 f   atldload:ole32.obj
 0001:00014dd5       _SetConvertStg@8           7c645dd5 f   atldload:ole32.obj
 0001:00014dd5       _CoDisconnectObject@8      7c645dd5 f   atldload:ole32.obj
 0001:00014dd5       _ReadClassStg@8            7c645dd5 f   atldload:ole32.obj
 0001:00014dd5       _CoTreatAsClass@8          7c645dd5 f   atldload:ole32.obj
 0001:00014dd5       _ReadClassStm@8            7c645dd5 f   atldload:ole32.obj
 0001:00014dd5       _SafeArrayAllocDescriptor@8 7c645dd5 f   atldload:ole32.obj
 0001:00014ddd       _IsAccelerator@16          7c645ddd f   atldload:ole32.obj
 0001:00014ddd       _RegQueryValueW@16         7c645ddd f   atldload:ole32.obj
 0001:00014de9       _OleCreateMenuDescriptor@8 7c645de9 f   atldload:ole32.obj
 0001:00014df5       _IsTextUnicode@12          7c645df5 f   atldload:ole32.obj
 0001:00014df5       _SetFileSecurityW@12       7c645df5 f   atldload:ole32.obj
 0001:00014df5       _OleGetIconOfClass@12      7c645df5 f   atldload:ole32.obj
 0001:00014df5       _OleDuplicateData@12       7c645df5 f   atldload:ole32.obj
 0001:00014e01       _OleTranslateAccelerator@12 7c645e01 f   atldload:ole32.obj
 0001:00014e01       _SafeArrayPtrOfIndex@12    7c645e01 f   atldload:ole32.obj
 0001:00014e01       _CreateGenericComposite@12 7c645e01 f   atldload:ole32.obj
 0001:00014e01       _OleTranslateColor@12      7c645e01 f   atldload:ole32.obj
 0001:00014e01       _WriteFmtUserTypeStg@12    7c645e01 f   atldload:ole32.obj
 0001:00014e01       _ReadFmtUserTypeStg@12     7c645e01 f   atldload:ole32.obj
 0001:00014e01       _OleCreateFontIndirect@12  7c645e01 f   atldload:ole32.obj
 0001:00014e01       _SysReAllocStringLen@12    7c645e01 f   atldload:ole32.obj
 0001:00014e01       _CoLockObjectExternal@12   7c645e01 f   atldload:ole32.obj
 0001:00014e09       _VarDecFromStr@16          7c645e09 f   atldload:ole32.obj
 0001:00014e09       _VarBstrCmp@16             7c645e09 f   atldload:ole32.obj
 0001:00014e09       _VarBstrFromDec@16         7c645e09 f   atldload:ole32.obj
 0001:00014e09       _VarCyFromStr@16           7c645e09 f   atldload:ole32.obj
 0001:00014e09       _VarDateFromStr@16         7c645e09 f   atldload:ole32.obj
 0001:00014e09       _OleCreatePictureIndirect@16 7c645e09 f   atldload:ole32.obj
 0001:00014e09       _OleLoad@16                7c645e09 f   atldload:ole32.obj
 0001:00014e09       _CreateDataCache@16        7c645e09 f   atldload:ole32.obj
 0001:00014e11       _OleCreate@28              7c645e11 f   atldload:ole32.obj
 0001:00014e11       _OleCreateLinkToFile@28    7c645e11 f   atldload:ole32.obj
 0001:00014e11       _OleCreateStaticFromData@28 7c645e11 f   atldload:ole32.obj
 0001:00014e11       _OleCreateLinkFromData@28  7c645e11 f   atldload:ole32.obj
 0001:00014e19       _OleIsRunning@4            7c645e19 f   atldload:ole32.obj
 0001:00014e25       _StgOpenStorageOnILockBytes@24 7c645e25 f   atldload:ole32.obj
 0001:00014e2d       _ReportEventW@36           7c645e2d f   atldload:gdi32.obj
 0001:00014e2d       _BitBlt@36                 7c645e2d f   atldload:gdi32.obj
 0001:00014e39       _RegOpenKeyA@12            7c645e39 f   atldload:advapi.obj
 0001:00014e39       _RegCreateKeyA@12          7c645e39 f   atldload:advapi.obj
 0001:00014e39       _RegOpenKeyW@12            7c645e39 f   atldload:advapi.obj
 0001:00014e39       _RegCreateKeyW@12          7c645e39 f   atldload:advapi.obj
 0001:00014e3f       _RegCreateKeyExA@36        7c645e3f f   atldload:advapi.obj
 0001:00014e45       _RegCreateKeyExW@36        7c645e45 f   atldload:advapi.obj
 0001:00014e63       _RegOpenKeyExW@20          7c645e63 f   atldload:advapi.obj
 0001:00014e77       _RegSetValueExA@24         7c645e77 f   atldload:advapi.obj
 0001:00014e77       _RegQueryValueExA@24       7c645e77 f   atldload:advapi.obj
 0001:00014e77       _RegSetValueExW@24         7c645e77 f   atldload:advapi.obj
 0001:00014e7d       _RegQueryValueExW@24       7c645e7d f   atldload:advapi.obj
 0001:00014e9b       _RegCloseKey@4             7c645e9b f   atldload:advapi.obj
 0001:00014ea1       _RegDeleteValueW@8         7c645ea1 f   atldload:advapi.obj
 0001:00014ea1       _RegDeleteKeyA@8           7c645ea1 f   atldload:advapi.obj
 0001:00014ea1       _RegDeleteValueA@8         7c645ea1 f   atldload:advapi.obj
 0001:00014ea1       _RegDeleteKeyW@8           7c645ea1 f   atldload:advapi.obj
 0001:00014ea7       _RegSetValueA@20           7c645ea7 f   atldload:advapi.obj
 0001:00014ea7       _RegNotifyChangeKeyValue@20 7c645ea7 f   atldload:advapi.obj
 0001:00014ea7       _RegOpenKeyExA@20          7c645ea7 f   atldload:advapi.obj
 0001:00014ead       _RegQueryValueA@16         7c645ead f   atldload:advapi.obj
 0001:00014ead       _RegEnumKeyA@16            7c645ead f   atldload:advapi.obj
 0001:00014ead       _RegEnumKeyW@16            7c645ead f   atldload:advapi.obj
 0001:00014eb3       _RegEnumKeyExW@32          7c645eb3 f   atldload:advapi.obj
 0001:00014ec7       _RegQueryInfoKeyW@48       7c645ec7 f   atldload:advapi.obj
 0001:00014ecd       _AdjustTokenPrivileges@24  7c645ecd f   atldload:advapi.obj
 0001:00014ecd       _CreateDIBSection@24       7c645ecd f   atldload:advapi.obj
 0001:00014ed9       _AllocateAndInitializeSid@44 7c645ed9 f   atldload:advapi.obj
 0001:00014ee5       _OpenThreadToken@16        7c645ee5 f   atldload:advapi.obj
 0001:00014ee5       _OpenDesktopA@16           7c645ee5 f   atldload:advapi.obj
 0001:00014ee5       _PostMessageA@16           7c645ee5 f   atldload:advapi.obj
 0001:00014ee5       _MessageBoxA@16            7c645ee5 f   atldload:advapi.obj
 0001:00014ee5       _LoadStringA@16            7c645ee5 f   atldload:advapi.obj
 0001:00014ee5       _RedrawWindow@16           7c645ee5 f   atldload:advapi.obj
 0001:00014ee5       _GetMessageA@16            7c645ee5 f   atldload:advapi.obj
 0001:00014ee5       _DefWindowProcW@16         7c645ee5 f   atldload:advapi.obj
 0001:00014ee5       _GetMessageW@16            7c645ee5 f   atldload:advapi.obj
 0001:00014ee5       _SystemParametersInfoW@16  7c645ee5 f   atldload:advapi.obj
 0001:00014ee5       _SendMessageW@16           7c645ee5 f   atldload:advapi.obj
 0001:00014ee5       _CallNextHookEx@16         7c645ee5 f   atldload:advapi.obj
 0001:00014ee5       _SetViewportOrgEx@16       7c645ee5 f   atldload:advapi.obj
 0001:00014ee5       _GetSystemPaletteEntries@16 7c645ee5 f   atldload:advapi.obj
 0001:00014ee5       _LoadStringW@16            7c645ee5 f   atldload:advapi.obj
 0001:00014ee5       _SetViewportExtEx@16       7c645ee5 f   atldload:advapi.obj
 0001:00014ee5       _SetWindowExtEx@16         7c645ee5 f   atldload:advapi.obj
 0001:00014ee5       _CreateDCW@16              7c645ee5 f   atldload:advapi.obj
 0001:00014ee5       _DefWindowProcA@16         7c645ee5 f   atldload:advapi.obj
 0001:00014ef1       _RegEnumValueW@32          7c645ef1 f   atldload:advapi.obj
 0001:00014ef7       _SysAllocStringByteLen@8   7c645ef7 f   atldload:advapi.obj
 0001:00014ef7       _SystemTimeToVariantTime@8 7c645ef7 f   atldload:advapi.obj
 0001:00014ef7       _SysAllocStringLen@8       7c645ef7 f   atldload:advapi.obj
 0001:00014ef7       _CoTaskMemRealloc@8        7c645ef7 f   atldload:advapi.obj
 0001:00014ef7       _CryptReleaseContext@8     7c645ef7 f   atldload:advapi.obj
 0001:00014efc       _CryptExportKey@24         7c645efc f   atldload:advapi.obj
 0001:00014f01       _CryptGetHashParam@20      7c645f01 f   atldload:advapi.obj
 0001:00014f14       _CryptCreateHash@20        7c645f14 f   atldload:advapi.obj
 0001:00014f14       _CryptAcquireContextW@20   7c645f14 f   atldload:advapi.obj
 0001:00014f19       _GetFileSecurityW@20       7c645f19 f   atldload:advapi.obj
 0001:00014f19       _RegSetValueW@20           7c645f19 f   atldload:advapi.obj
 0001:0001576b       ?__InitializeThunkPool@@YAHXZ 7c64676b f   atls:atlthunk.obj
 0001:00015feb       @x64toa_s@24               7c646feb f   libcmt:xtoas.obj
 0001:00017b80       @x64tow_s@24               7c648b80 f   libcmt:xtows.obj
 0001:000187bc       __unwind_handler4          7c6497bc f   libcmt:exsup4.obj
 0001:000189bb       _fastzero_I                7c6499bb f   libcmt:p4_memset.obj
 0001:00018ab5       _fastcopy_I                7c649ab5 f   libcmt:p4_memcpy.obj
 0001:00018c48       __unwind_handler           7c649c48 f   libcmt:exsup.obj
 0001:00018d5f       _has_osfxsr_set            7c649d5f f   libcmt:cpu_disp.obj
 0001:00019060       ??__E_Module@@YAXXZ        7c64a060 f   atl.obj
 0001:0001907c       ??__E_AtlBaseModule@ATL@@YAXXZ 7c64a07c f   atls:atlbase.obj
 0001:00019092       ??__E_AtlWinModule@ATL@@YAXXZ 7c64a092 f   atls:atlbase.obj
 0001:000190a8       ??__E_AtlComModule@ATL@@YAXXZ 7c64a0a8 f   atls:atlcommodule.obj
 0001:000190c0       ??__F_Module@@YAXXZ        7c64a0c0 f   atl.obj
 0001:000190cf       ??__F_AtlBaseModule@ATL@@YAXXZ 7c64a0cf f   atls:atlbase.obj
 0001:000190d9       ??__F_AtlWinModule@ATL@@YAXXZ 7c64a0d9 f   atls:atlbase.obj
 0001:000190e3       ??__F_AtlComModule@ATL@@YAXXZ 7c64a0e3 f   atls:atlcommodule.obj
