 atl80

 Timestamp is 62c3525f (Mon Jul 04 16:49:35 2022)

 Preferred load address is 7c630000

 Start         Length     Name                   Class
 0001:00000000 0001753aH .text                   CODE
 0001:00017540 0000005eH .text$yc                CODE
 0001:000175a0 0000002dH .text$yd                CODE
 0002:00000000 00000110H .idata$5                DATA
 0002:00000110 00000004H .CRT$XCA                DATA
 0002:00000114 0000000cH .CRT$XCL                DATA
 0002:00000120 00000004H .CRT$XCU                DATA
 0002:00000124 00000004H .CRT$XCZ                DATA
 0002:00000128 00000004H .CRT$XIA                DATA
 0002:0000012c 00000008H .CRT$XIC                DATA
 0002:00000134 00000004H .CRT$XIZ                DATA
 0002:00000138 00000004H .CRT$XPA                DATA
 0002:0000013c 00000004H .CRT$XPZ                DATA
 0002:00000140 00000004H .CRT$XTA                DATA
 0002:00000144 00000004H .CRT$XTZ                DATA
 0002:00000150 000033a0H .rdata                  DATA
 0002:000034f0 0000004dH .rdata$debug            DATA
 0002:00003540 0000000cH .rdata$sxdata           DATA
 0002:00003550 000000bcH .xdata$x                DATA
 0002:0000360c 00000004H ATL$__a                 DATA
 0002:00003610 00000004H ATL$__z                 DATA
 0002:00003614 000000a0H .didat$2                DATA
 0002:000036b4 00000020H .didat$3                DATA
 0002:000036d4 000001ecH .didat$4                DATA
 0002:000038c0 00000700H .didat$6                DATA
 0002:00003fc0 000001ecH .didat$7                DATA
 0002:000041ac 00000014H .idata$2                DATA
 0002:000041c0 00000014H .idata$3                DATA
 0002:000041d4 00000110H .idata$4                DATA
 0002:000042e4 000004d4H .idata$6                DATA
 0002:000047c0 000006ddH .edata                  DATA
 0003:00000000 000001c0H .data                   DATA
 0003:000001c0 000001ecH .didat$5                DATA
 0003:000003b0 0000052cH .bss                    DATA
 0004:00000000 00000128H .rsrc$01                DATA
 0004:00000130 00002218H .rsrc$02                DATA

  Address         Publics by Value              Rva+Base       Lib:Object

 0000:00000000       __except_list              00000000     <absolute>
 0000:00000003       ___safe_se_handler_count   00000003     <absolute>
 0000:00000000       ___ImageBase               7c630000     <linker-defined>
 0001:00000000       _AtlComPtrAssign@8         7c631000 f i RegObj.obj
 0001:00000050       _AtlInternalQueryInterface@16 7c631050 f i RegObj.obj
 0001:00000180       _InlineIsEqualGUID         7c631180 f i RegObj.obj
 0001:000001e0       ?InlineIsEqualUnknown@ATL@@YGHABU_GUID@@@Z 7c6311e0 f i RegObj.obj
 0001:00000230       _AtlWinModuleAddCreateWndData@12 7c631230 f i RegObj.obj
 0001:000002c0       ?_AtlRaiseException@ATL@@YAXKK@Z 7c6312c0 f i RegObj.obj
 0001:000002e0       _AtlWinModuleExtractCreateWndData@4 7c6312e0 f i RegObj.obj
 0001:000003b0       _AtlWinModuleRegisterClassExW@8 7c6313b0 f i RegObj.obj
 0001:00000400       _AtlWinModuleRegisterWndClassInfoW@16 7c631400 f i RegObj.obj
 0001:00000430       ?Add@?$CSimpleArray@GV?$CSimpleArrayEqualHelper@G@ATL@@@ATL@@QAEHABG@Z 7c631430 f i RegObj.obj
 0001:00000530       ?AtlThrowImpl@ATL@@YGXJ@Z  7c631530 f i RegObj.obj
 0001:00000570       ?InternalSetAtIndex@?$CSimpleArray@GV?$CSimpleArrayEqualHelper@G@ATL@@@ATL@@QAEXHABG@Z 7c631570 f i RegObj.obj
 0001:000005c0       ??0Wrapper@?$CSimpleArray@GV?$CSimpleArrayEqualHelper@G@ATL@@@ATL@@QAE@ABG@Z 7c6315c0 f i RegObj.obj
 0001:000005e0       ??0?$CComCritSecLock@VCComCriticalSection@ATL@@@ATL@@QAE@AAVCComCriticalSection@1@_N@Z 7c6315e0 f i RegObj.obj
 0001:00000630       ??1?$CComCritSecLock@VCComCriticalSection@ATL@@@ATL@@QAE@XZ 7c631630 f i RegObj.obj
 0001:00000650       ?Unlock@?$CComCritSecLock@VCComCriticalSection@ATL@@@ATL@@QAEXXZ 7c631650 f i RegObj.obj
 0001:00000670       ?Unlock@CComCriticalSection@ATL@@QAEJXZ 7c631670 f i RegObj.obj
 0001:00000690       ?Lock@?$CComCritSecLock@VCComCriticalSection@ATL@@@ATL@@QAEJXZ 7c631690 f i RegObj.obj
 0001:000006c0       ?Lock@CComCriticalSection@ATL@@QAEJXZ 7c6316c0 f i RegObj.obj
 0001:000006e0       ??$AtlModuleRegisterWndClassInfoT@VAtlModuleRegisterWndClassInfoParamW@ATL@@@ATL@@YAGPAU_ATL_BASE_MODULE70@0@PAU_ATL_WIN_MODULE70@0@PAU_ATL_WNDCLASSINFOW@0@PAP6GJPAUHWND__@@IIJ@ZVAtlModuleRegisterWndClassInfoParamW@0@@Z 7c6316e0 f i RegObj.obj
 0001:000008f0       ?GetClassInfoExW@AtlModuleRegisterWndClassInfoParamW@ATL@@SAHPAUHINSTANCE__@@PB_WPAUtagWNDCLASSEXW@@@Z 7c6318f0 f i RegObj.obj
 0001:00000910       ?FormatWindowClassName@AtlModuleRegisterWndClassInfoParamW@ATL@@SAXPA_WKPAX@Z 7c631910 f i RegObj.obj
 0001:00000960       ?AtlCrtErrorCheck@ATL@@YAHH@Z 7c631960 f i RegObj.obj
 0001:00000a10       ?ui64tow_s@Checked@ATL@@YAX_KPA_WIH@Z 7c631a10 f i RegObj.obj
 0001:00000a40       ?LoadCursorW@AtlModuleRegisterWndClassInfoParamW@ATL@@SAPAUHICON__@@PAUHINSTANCE__@@PB_W@Z 7c631a40 f i RegObj.obj
 0001:00000a60       ?RegisterClassExW@AtlModuleRegisterWndClassInfoParamW@ATL@@SAGPAU_ATL_WIN_MODULE70@2@PBUtagWNDCLASSEXW@@@Z 7c631a60 f i RegObj.obj
 0001:00000a80       ??$?2G@Wrapper@?$CSimpleArray@GV?$CSimpleArrayEqualHelper@G@ATL@@@ATL@@SAPAXIPAG@Z 7c631a80 f i RegObj.obj
 0001:00000a80       ??$?2PA_W@?$Wrapper@PA_W@?$CSimpleMap@PA_WPA_WVCExpansionVectorEqualHelper@ATL@@@ATL@@SAPAXIPAPA_W@Z 7c631a80 f i atl.obj
 0001:00000a90       ?UpdateRegistry@CDLLRegObject@@SGJH@Z 7c631a90 f i atl.obj
 0001:00000b60       _DllMain@12                7c631b60 f   atl.obj
 0001:00000c20       _AtlCreateRegistrar@4      7c631c20 f   atl.obj
 0001:00000c50       _AtlUpdateRegistryFromResourceD@20 7c631c50 f i atl.obj
 0001:00001080       ?GetWndCaption@?$CWindowImpl@VCAxUIWindow@ATL@@VCWindow@2@V?$CWinTraits@$0FGAAAAAA@$0A@@2@@ATL@@SAPB_WXZ 7c632080 f i stdafx.obj
 0001:00001080       ?GetObjectDescription@?$CComCoClass@VCDLLRegObject@@$1?CLSID_Registrar@@3U_GUID@@B@ATL@@SGPB_WXZ 7c632080 f i atl.obj
 0001:00001080       ?GetWndCaption@?$CWindowImpl@VCAxFrameWindow@ATL@@VCWindow@2@V?$CWinTraits@$0FGAAAAAA@$0A@@2@@ATL@@SAPB_WXZ 7c632080 f i stdafx.obj
 0001:00001080       ?GetWndClassName@CWindow@ATL@@SAPB_WXZ 7c632080 f i stdafx.obj
 0001:00001080       ?GetInvalidValue@_AtlCreateDialogIndirectParamHelper@ATL@@SAPAUHWND__@@XZ 7c632080 f i stdafx.obj
 0001:00001080       ?GetCategoryMap@CComObjectRootBase@ATL@@SAPBU_ATL_CATMAP_ENTRY@2@XZ 7c632080 f i atl.obj
 0001:00001090       ?CreateInstance@?$CComCreator@V?$CComObjectCached@VCComClassFactory@ATL@@@ATL@@@ATL@@SGJPAXABU_GUID@@PAPAX@Z 7c632090 f i atl.obj
 0001:000011b0       ?_AtlInitialConstruct@?$CComObjectRootEx@VCComMultiThreadModel@ATL@@@ATL@@QAEJXZ 7c6321b0 f i atl.obj
 0001:000011d0       ?CreateInstance@?$CComCreator2@V?$CComCreator@V?$CComObject@VCDLLRegObject@@@ATL@@@ATL@@V?$CComFailCreator@$0?HPPLPOPA@@2@@ATL@@SGJPAXABU_GUID@@PAPAX@Z 7c6321d0 f i atl.obj
 0001:00001210       ??_G?$CComObjectCached@VCComClassFactory@ATL@@@ATL@@QAEPAXI@Z 7c632210 f i atl.obj
 0001:00001240       ??0?$CComObjectCached@VCComClassFactory@ATL@@@ATL@@QAE@PAX@Z 7c632240 f i atl.obj
 0001:00001270       ??1?$CComObjectCached@VCComClassFactory@ATL@@@ATL@@QAE@XZ 7c632270 f i atl.obj
 0001:000012b0       ?AddRef@?$CComObjectCached@VCComClassFactory@ATL@@@ATL@@UAGKXZ 7c6322b0 f i atl.obj
 0001:000012f0       ?Release@?$CComObjectCached@VCComClassFactory@ATL@@@ATL@@UAGKXZ 7c6322f0 f i atl.obj
 0001:00001360       ?QueryInterface@?$CComObjectCached@VCComClassFactory@ATL@@@ATL@@UAGJABU_GUID@@PAPAX@Z 7c632360 f i atl.obj
 0001:00001380       ?CreateInstance@?$CComCreator@V?$CComObject@VCDLLRegObject@@@ATL@@@ATL@@SGJPAXABU_GUID@@PAPAX@Z 7c632380 f i atl.obj
 0001:000014a0       ?FinalConstruct@CDLLRegObject@@QAEJXZ 7c6324a0 f i atl.obj
 0001:000014d0       ?CreateInstance@?$CComFailCreator@$0?HPPLPOPA@@ATL@@SGJPAXABU_GUID@@PAPAX@Z 7c6324d0 f i atl.obj
 0001:00001500       ??0CComClassFactory@ATL@@QAE@XZ 7c632500 f i atl.obj
 0001:00001530       ??0?$CComObject@VCDLLRegObject@@@ATL@@QAE@PAX@Z 7c632530 f i atl.obj
 0001:00001570       ??0CDLLRegObject@@QAE@XZ   7c632570 f i atl.obj
 0001:000015a0       ??0CRegObject@ATL@@QAE@XZ  7c6325a0 f i atl.obj
 0001:000015d0       ??0CExpansionVector@ATL@@QAE@XZ 7c6325d0 f i atl.obj
 0001:000015f0       ??0?$CSimpleMap@PA_WPA_WVCExpansionVectorEqualHelper@ATL@@@ATL@@QAE@XZ 7c6325f0 f i atl.obj
 0001:00001620       ?AddRef@?$CComObject@VCDLLRegObject@@@ATL@@UAGKXZ 7c632620 f i atl.obj
 0001:00001640       ?Release@?$CComObject@VCDLLRegObject@@@ATL@@UAGKXZ 7c632640 f i atl.obj
 0001:00001690       ?QueryInterface@?$CComObject@VCDLLRegObject@@@ATL@@UAGJABU_GUID@@PAPAX@Z 7c632690 f i atl.obj
 0001:000016b0       ?_InternalQueryInterface@CDLLRegObject@@QAEJABU_GUID@@PAPAX@Z 7c6326b0 f i atl.obj
 0001:000016e0       ?_GetEntries@CDLLRegObject@@SGPBU_ATL_INTMAP_ENTRY@ATL@@XZ 7c6326e0 f i atl.obj
 0001:000016f0       ??_E?$CComObject@VCDLLRegObject@@@ATL@@UAEPAXI@Z 7c6326f0 f i atl.obj
 0001:000016f0       ??_G?$CComObject@VCDLLRegObject@@@ATL@@UAEPAXI@Z 7c6326f0 f i atl.obj
 0001:00001720       ??1?$CComObject@VCDLLRegObject@@@ATL@@UAE@XZ 7c632720 f i atl.obj
 0001:00001770       ??1CDLLRegObject@@UAE@XZ   7c632770 f i atl.obj
 0001:000017b0       ?FinalRelease@CDLLRegObject@@QAEXXZ 7c6327b0 f i atl.obj
 0001:000017d0       ?CreateInstance@?$CComObject@VCDLLRegObject@@@ATL@@SGJPAPAV12@@Z 7c6327d0 f i atl.obj
 0001:000018e0       ?_AtlGetConversionACP@ATL@@YGIXZ 7c6328e0 f i atl.obj
 0001:000018f0       ?ocslen@@YAHPB_W@Z         7c6328f0 f i atl.obj
 0001:00001900       ?ocscpy_s@@YA_NPA_WIPB_W@Z 7c632900 f i atl.obj
 0001:00001940       ?Init@CComSafeDeleteCriticalSection@ATL@@QAEJXZ 7c632940 f i atl.obj
 0001:00001970       ?Init@CComCriticalSection@ATL@@QAEJXZ 7c632970 f i atl.obj
 0001:00001a10       ?AtlHresultFromLastError@ATL@@YAJXZ 7c632a10 f i atl.obj
 0001:00001a50       ?AtlHresultFromWin32@ATL@@YAJK@Z 7c632a50 f i atl.obj
 0001:00001a90       ?EscapeSingleQuote@CAtlModule@ATL@@SAXPA_WIPB_W@Z 7c632a90 f i atl.obj
 0001:00001b30       ??1?$CComPtr@UIViewObjectEx@@@ATL@@QAE@XZ 7c632b30 f i stdafx.obj
 0001:00001b30       ??1?$CComPtr@UIRegistrar@@@ATL@@QAE@XZ 7c632b30 f i atl.obj
 0001:00001b30       ??1?$CComPtr@UIServiceProvider@@@ATL@@QAE@XZ 7c632b30 f i stdafx.obj
 0001:00001b30       ??1?$CComPtr@UIConnectionPoint@@@ATL@@QAE@XZ 7c632b30 f i stdafx.obj
 0001:00001b30       ??1?$CComPtr@UITypeLib@@@ATL@@QAE@XZ 7c632b30 f i stdafx.obj
 0001:00001b30       ??1?$CComPtr@UIWebBrowser2@@@ATL@@QAE@XZ 7c632b30 f i stdafx.obj
 0001:00001b30       ??1?$CComPtr@UIDocHostUIHandlerDispatch@@@ATL@@QAE@XZ 7c632b30 f i stdafx.obj
 0001:00001b30       ??1?$CComPtr@UIPersistStreamInit@@@ATL@@QAE@XZ 7c632b30 f i stdafx.obj
 0001:00001b30       ??1?$CComPtr@UICreateErrorInfo@@@ATL@@QAE@XZ 7c632b30 f i stdafx.obj
 0001:00001b30       ??1?$CComPtr@UIAxWinHostWindow@@@ATL@@QAE@XZ 7c632b30 f i stdafx.obj
 0001:00001b30       ??1?$CComPtr@UIObjectWithSite@@@ATL@@QAE@XZ 7c632b30 f i stdafx.obj
 0001:00001b30       ??1?$CComPtr@UIErrorInfo@@@ATL@@QAE@XZ 7c632b30 f i stdafx.obj
 0001:00001b30       ??1?$CComPtr@UIClassFactory2@@@ATL@@QAE@XZ 7c632b30 f i stdafx.obj
 0001:00001b30       ??1?$CComPtr@UIFontDisp@@@ATL@@QAE@XZ 7c632b30 f i stdafx.obj
 0001:00001b30       ??1?$CComPtr@UIOleInPlaceFrame@@@ATL@@QAE@XZ 7c632b30 f i stdafx.obj
 0001:00001b30       ??1?$CComPtr@UIOleInPlaceObjectWindowless@@@ATL@@QAE@XZ 7c632b30 f i stdafx.obj
 0001:00001b30       ??1?$CComPtr@UIStream@@@ATL@@QAE@XZ 7c632b30 f i stdafx.obj
 0001:00001b30       ??1?$CComPtr@UITypeInfo@@@ATL@@QAE@XZ 7c632b30 f i stdafx.obj
 0001:00001b30       ??1?$CComPtr@UIProvideClassInfo2@@@ATL@@QAE@XZ 7c632b30 f i stdafx.obj
 0001:00001b30       ??1?$CComPtr@UIPersist@@@ATL@@QAE@XZ 7c632b30 f i stdafx.obj
 0001:00001b30       ??1?$CComPtr@UIAdviseSink@@@ATL@@QAE@XZ 7c632b30 f i stdafx.obj
 0001:00001b30       ??1?$CComPtr@UIConnectionPointContainer@@@ATL@@QAE@XZ 7c632b30 f i stdafx.obj
 0001:00001b30       ??1?$CComPtr@UIOleInPlaceActiveObject@@@ATL@@QAE@XZ 7c632b30 f i stdafx.obj
 0001:00001b30       ??1?$CComPtr@UIOleObject@@@ATL@@QAE@XZ 7c632b30 f i stdafx.obj
 0001:00001b30       ??1?$CComPtr@UIUnknown@@@ATL@@QAE@XZ 7c632b30 f i stdafx.obj
 0001:00001b30       ??1?$CComPtr@UIPersistStream@@@ATL@@QAE@XZ 7c632b30 f i stdafx.obj
 0001:00001b30       ??1?$CComPtr@UIAxWinHostWindowLic@@@ATL@@QAE@XZ 7c632b30 f i stdafx.obj
 0001:00001b30       ??1?$CComPtr@UIDispatch@@@ATL@@QAE@XZ 7c632b30 f i stdafx.obj
 0001:00001b30       ??1?$CComPtr@UITypeInfo2@@@ATL@@QAE@XZ 7c632b30 f i stdafx.obj
 0001:00001b30       ??1?$CComPtr@UICatRegister@@@ATL@@QAE@XZ 7c632b30 f i stdafx.obj
 0001:00001b30       ??1?$CComPtr@UIOleControl@@@ATL@@QAE@XZ 7c632b30 f i stdafx.obj
 0001:00001b30       ??1?$CComPtr@UIOleClientSite@@@ATL@@QAE@XZ 7c632b30 f i stdafx.obj
 0001:00001b30       ??1?$CComPtr@UIOleInPlaceUIWindow@@@ATL@@QAE@XZ 7c632b30 f i stdafx.obj
 0001:00001b50       ?AtlModuleUpdateRegistryFromResourceD@ATL@@YAJPAU_ATL_MODULE70@1@PB_WHPAU_ATL_REGMAP_ENTRY@1@PAUIRegistrar@@@Z 7c632b50 f i atl.obj
 0001:00001b80       ?GetModuleInstance@CAtlBaseModule@ATL@@QAEPAUHINSTANCE__@@XZ 7c632b80 f i atl.obj
 0001:00001b80       ?GetSize@?$CSimpleArray@GV?$CSimpleArrayEqualHelper@G@ATL@@@ATL@@QBEHXZ 7c632b80 f i stdafx.obj
 0001:00001ba0       ?Init@CComModule@ATL@@QAEJPAU_ATL_OBJMAP_ENTRY30@2@PAUHINSTANCE__@@PBU_GUID@@@Z 7c632ba0 f i atl.obj
 0001:00001c50       ?Term@CComModule@ATL@@QAEXXZ 7c632c50 f i atl.obj
 0001:00001cf0       ?Term@CAtlModule@ATL@@QAEXXZ 7c632cf0 f i atl.obj
 0001:00001d70       ?Term@CComCriticalSection@ATL@@QAEJXZ 7c632d70 f i atl.obj
 0001:00001d90       _AtlCallTermFunc@4         7c632d90 f i atl.obj
 0001:00001e00       ?InternalQueryInterface@CComObjectRootBase@ATL@@SGJPAXPBU_ATL_INTMAP_ENTRY@2@ABU_GUID@@PAPAX@Z 7c632e00 f i atl.obj
 0001:00001e30       ?SetVoid@CComObjectRootBase@ATL@@QAEXPAX@Z 7c632e30 f i atl.obj
 0001:00001e30       ?OnFinalMessage@?$CWindowImplBaseT@VCWindow@ATL@@V?$CWinTraits@$0FGAAAAAA@$0A@@2@@ATL@@UAEXPAUHWND__@@@Z 7c632e30 f i stdafx.obj
 0001:00001e40       ?InternalFinalConstructRelease@CComObjectRootBase@ATL@@QAEXXZ 7c632e40 f i atl.obj
 0001:00001e50       ?_InternalQueryInterface@CComClassFactory@ATL@@QAEJABU_GUID@@PAPAX@Z 7c632e50 f i atl.obj
 0001:00001e80       ?_GetEntries@CComClassFactory@ATL@@SGPBU_ATL_INTMAP_ENTRY@2@XZ 7c632e80 f i atl.obj
 0001:00001e90       ??1CComClassFactory@ATL@@QAE@XZ 7c632e90 f i atl.obj
 0001:00001ed0       ?CreateInstance@CComClassFactory@ATL@@UAGJPAUIUnknown@@ABU_GUID@@PAPAX@Z 7c632ed0 f i atl.obj
 0001:00001f30       ?LockServer@CComClassFactory@ATL@@UAGJH@Z 7c632f30 f i atl.obj
 0001:00001f70       ?SetVoid@CComClassFactory@ATL@@QAEXPAX@Z 7c632f70 f i atl.obj
 0001:00001f90       ??1CRegObject@ATL@@UAE@XZ  7c632f90 f i atl.obj
 0001:00001fc0       ??1CExpansionVector@ATL@@QAE@XZ 7c632fc0 f i atl.obj
 0001:00001fe0       ?ClearReplacements@CExpansionVector@ATL@@QAEJXZ 7c632fe0 f i atl.obj
 0001:00002060       ?FinalConstruct@CRegObject@ATL@@QAEJXZ 7c633060 f i atl.obj
 0001:00002080       ?FileRegister@CRegObject@ATL@@UAGJPB_W@Z 7c633080 f i atl.obj
 0001:000020a0       ?FileUnregister@CRegObject@ATL@@UAGJPB_W@Z 7c6330a0 f i atl.obj
 0001:000020c0       ?StringRegister@CRegObject@ATL@@UAGJPB_W@Z 7c6330c0 f i atl.obj
 0001:000020e0       ?StringUnregister@CRegObject@ATL@@UAGJPB_W@Z 7c6330e0 f i atl.obj
 0001:00002100       ??1CComAutoDeleteCriticalSection@ATL@@QAE@XZ 7c633100 f i atl.obj
 0001:00002120       ??1CComSafeDeleteCriticalSection@ATL@@QAE@XZ 7c633120 f i atl.obj
 0001:00002150       ?AddReplacement@CRegObject@ATL@@UAGJPB_W0@Z 7c633150 f i atl.obj
 0001:000021e0       ?Lock@CComSafeDeleteCriticalSection@ATL@@QAEJXZ 7c6331e0 f i atl.obj
 0001:00002200       ?Add@CExpansionVector@ATL@@QAEHPB_W0@Z 7c633200 f i atl.obj
 0001:00002370       ?memcpy_s@Checked@ATL@@YAXPAXIPBXI@Z 7c633370 f i atl.obj
 0001:000023a0       ?ResourceRegister@CRegObject@ATL@@UAGJPB_WI0@Z 7c6333a0 f i atl.obj
 0001:00002400       ?RegisterFromResource@CRegObject@ATL@@IAEJPB_W00H@Z 7c633400 f i atl.obj
 0001:00002620       ?ResourceRegisterSz@CRegObject@ATL@@UAGJPB_W00@Z 7c633620 f i atl.obj
 0001:000026b0       ?ResourceUnregister@CRegObject@ATL@@UAGJPB_WI0@Z 7c6336b0 f i atl.obj
 0001:00002710       ?ResourceUnregisterSz@CRegObject@ATL@@UAGJPB_W00@Z 7c633710 f i atl.obj
 0001:000027a0       ?RegisterWithString@CRegObject@ATL@@IAEJPB_WH@Z 7c6337a0 f i atl.obj
 0001:00002810       ?ClearReplacements@CRegObject@ATL@@UAGJXZ 7c633810 f i atl.obj
 0001:00002850       ?CommonFileRegister@CRegObject@ATL@@IAEJPB_WH@Z 7c633850 f i atl.obj
 0001:00002a90       ??0CRegParser@ATL@@QAE@PAVCRegObject@1@@Z 7c633a90 f i atl.obj
 0001:00002ac0       ?RegisterBuffer@CRegParser@ATL@@QAEJPA_WH@Z 7c633ac0 f i atl.obj
 0001:00002c90       ?GenerateError@CRegParser@ATL@@IAEJI@Z 7c633c90 f i atl.obj
 0001:00002cb0       ?HKeyFromString@CRegParser@ATL@@KAPAUHKEY__@@PA_W@Z 7c633cb0 f i atl.obj
 0001:00002d00       ?SkipWhiteSpace@CRegParser@ATL@@IAEXXZ 7c633d00 f i atl.obj
 0001:00002d40       ?IsSpace@CRegParser@ATL@@IAEH_W@Z 7c633d40 f i atl.obj
 0001:00002da0       ?NextToken@CRegParser@ATL@@IAEJPA_W@Z 7c633da0 f i atl.obj
 0001:00002fd0       ?EndOfVar@CRegParser@ATL@@IAEHXZ 7c633fd0 f i atl.obj
 0001:00003020       ?PreProcessBuffer@CRegParser@ATL@@QAEJPA_WPAPA_W@Z 7c634020 f i atl.obj
 0001:00003230       ??0CParseBuffer@CRegParser@ATL@@QAE@H@Z 7c634230 f i atl.obj
 0001:00003290       ?AtlCoTaskMemCAlloc@ATL@@YAPAXKK@Z 7c634290 f i atl.obj
 0001:000032d0       ??$AtlMultiply@I@ATL@@YAJPAIII@Z 7c6342d0 f i atl.obj
 0001:000032d0       ??$AtlMultiply@K@ATL@@YAJPAKKK@Z 7c6342d0 f i atl.obj
 0001:00003310       ??1CParseBuffer@CRegParser@ATL@@QAE@XZ 7c634310 f i atl.obj
 0001:00003330       ?AddChar@CParseBuffer@CRegParser@ATL@@QAEHPB_W@Z 7c634330 f i atl.obj
 0001:00003360       ?Append@CParseBuffer@CRegParser@ATL@@QAEHPB_WH@Z 7c634360 f i atl.obj
 0001:00003480       ?AtlCoTaskMemRecalloc@ATL@@YAPAXPAXKK@Z 7c634480 f i atl.obj
 0001:000034c0       ?AddString@CParseBuffer@CRegParser@ATL@@QAEHPB_W@Z 7c6344c0 f i atl.obj
 0001:00003540       ?Detach@CParseBuffer@CRegParser@ATL@@QAEPA_WXZ 7c634540 f i atl.obj
 0001:00003580       ?StrFromMap@CRegObject@ATL@@QAEPB_WPA_W@Z 7c634580 f i atl.obj
 0001:000035c0       ?StrChrW@CRegParser@ATL@@KAPA_WPA_W_W@Z 7c6345c0 f i atl.obj
 0001:00003610       ?RegisterSubkeys@CRegParser@ATL@@IAEJPA_WPAUHKEY__@@HH@Z 7c634610 f i atl.obj
 0001:00003e00       ??1CRegKey@ATL@@QAE@XZ     7c634e00 f i atl.obj
 0001:00003e20       ?Detach@CWindow@ATL@@QAEPAUHWND__@@XZ 7c634e20 f i stdafx.obj
 0001:00003e20       ?Detach@?$CComPtrBase@UIUnknown@@@ATL@@QAEPAUIUnknown@@XZ 7c634e20 f i stdafx.obj
 0001:00003e20       ?Detach@?$CComPtrBase@UITypeInfo@@@ATL@@QAEPAUITypeInfo@@XZ 7c634e20 f i stdafx.obj
 0001:00003e20       ?Detach@CRegKey@ATL@@QAEPAUHKEY__@@XZ 7c634e20 f i atl.obj
 0001:00003e20       ?Detach@CComBSTR@ATL@@QAEPA_WXZ 7c634e20 f i stdafx.obj
 0001:00003e20       ?Detach@?$CAutoVectorPtr@_W@ATL@@QAEPA_WXZ 7c634e20 f i atl.obj
 0001:00003e50       ?Attach@CRegKey@ATL@@QAEXPAUHKEY__@@@Z 7c634e50 f i atl.obj
 0001:00003e50       ?Attach@?$CAutoVectorPtr@_W@ATL@@QAEXPA_W@Z 7c634e50 f i atl.obj
 0001:00003e70       ?DeleteSubKey@CRegKey@ATL@@QAEJPB_W@Z 7c634e70 f i atl.obj
 0001:00003ea0       ?DeleteValue@CRegKey@ATL@@QAEJPB_W@Z 7c634ea0 f i atl.obj
 0001:00003ed0       ?Close@CRegKey@ATL@@QAEJXZ 7c634ed0 f i atl.obj
 0001:00003f10       ?Create@CRegKey@ATL@@QAEJPAUHKEY__@@PB_WPA_WKKPAU_SECURITY_ATTRIBUTES@@PAK@Z 7c634f10 f i atl.obj
 0001:00003f80       ?Open@CRegKey@ATL@@QAEJPAUHKEY__@@PB_WK@Z 7c634f80 f i atl.obj
 0001:00003fd0       ?RecurseDeleteKey@CRegKey@ATL@@QAEJPB_W@Z 7c634fd0 f i atl.obj
 0001:000040e0       ?AddValue@CRegParser@ATL@@IAEJAAVCRegKey@2@PB_WPA_W@Z 7c6350e0 f i atl.obj
 0001:000045a0       ?SetDWORDValue@CRegKey@ATL@@QAEJPB_WK@Z 7c6355a0 f i atl.obj
 0001:000045d0       ?SetStringValue@CRegKey@ATL@@QAEJPB_W0K@Z 7c6355d0 f i atl.obj
 0001:00004630       ?SetMultiStringValue@CRegKey@ATL@@QAEJPB_W0@Z 7c635630 f i atl.obj
 0001:000046c0       ?VTFromRegType@CRegParser@ATL@@KAHPB_WAAG@Z 7c6356c0 f i atl.obj
 0001:00004780       ?ChToByte@CRegParser@ATL@@KAE_W@Z 7c635780 f i atl.obj
 0001:00004820       ?CanForceRemoveKey@CRegParser@ATL@@IAEHPB_W@Z 7c635820 f i atl.obj
 0001:00004870       ?HasSubKeys@CRegParser@ATL@@IAEHPAUHKEY__@@@Z 7c635870 f i atl.obj
 0001:000048c0       ?SkipAssignment@CRegParser@ATL@@IAEJPA_W@Z 7c6358c0 f i atl.obj
 0001:00004960       ?AtlAxWinTerm@ATL@@YAHXZ   7c635960 f i atl.obj
 0001:000049a0       ??0?$CComObjectRootEx@VCComMultiThreadModel@ATL@@@ATL@@QAE@XZ 7c6359a0 f i atl.obj
 0001:000049d0       ??0CComAutoDeleteCriticalSection@ATL@@QAE@XZ 7c6359d0 f i atl.obj
 0001:000049f0       ??0CComSafeDeleteCriticalSection@ATL@@QAE@XZ 7c6359f0 f i atl.obj
 0001:00004a10       ??0CComCriticalSection@ATL@@QAE@XZ 7c635a10 f i atl.obj
 0001:00004a30       ??1?$CAtlSafeAllocBufferManager@VCCRTAllocator@ATL@@@_ATL_SAFE_ALLOCA_IMPL@ATL@@QAE@XZ 7c635a30 f i atl.obj
 0001:00004a70       ?Free@CCRTAllocator@ATL@@SAXPAX@Z 7c635a70 f i atl.obj
 0001:00004a90       ??1?$CComObjectRootEx@VCComMultiThreadModel@ATL@@@ATL@@QAE@XZ 7c635a90 f i atl.obj
 0001:00004ab0       ?FinalRelease@CComObjectRootBase@ATL@@QAEXXZ 7c635ab0 f i atl.obj
 0001:00004ab0       ??1?$CW2CWEX@$0IA@@ATL@@QAE@XZ 7c635ab0 f i stdafx.obj
 0001:00004ab0       ?InternalFinalConstructAddRef@CComObjectRootBase@ATL@@QAEXXZ 7c635ab0 f i atl.obj
 0001:00004ab0       ??1CComCriticalSection@ATL@@QAE@XZ 7c635ab0 f i atl.obj
 0001:00004ab0       ??1CComObjectRootBase@ATL@@QAE@XZ 7c635ab0 f i atl.obj
 0001:00004ac0       ??1?$CSimpleMap@PA_WPA_WVCExpansionVectorEqualHelper@ATL@@@ATL@@QAE@XZ 7c635ac0 f i atl.obj
 0001:00004ae0       ?Add@?$CSimpleMap@PA_WPA_WVCExpansionVectorEqualHelper@ATL@@@ATL@@QAEHABQA_W0@Z 7c635ae0 f i atl.obj
 0001:00004b80       ?RemoveAll@?$CSimpleMap@PA_WPA_WVCExpansionVectorEqualHelper@ATL@@@ATL@@QAEXXZ 7c635b80 f i atl.obj
 0001:00004c00       ?Lookup@?$CSimpleMap@PA_WPA_WVCExpansionVectorEqualHelper@ATL@@@ATL@@QBEPA_WABQA_W@Z 7c635c00 f i atl.obj
 0001:00004c40       ?GetKeyAt@?$CSimpleMap@PA_WPA_WVCExpansionVectorEqualHelper@ATL@@@ATL@@QBEAAPA_WH@Z 7c635c40 f i atl.obj
 0001:00004c80       ?GetValueAt@?$CSimpleMap@PA_WPA_WVCExpansionVectorEqualHelper@ATL@@@ATL@@QBEAAPA_WH@Z 7c635c80 f i atl.obj
 0001:00004cc0       ??1?$CAutoVectorPtr@_W@ATL@@QAE@XZ 7c635cc0 f i atl.obj
 0001:00004ce0       ?Allocate@?$CTempBuffer@_W$0EAA@VCCRTAllocator@ATL@@@ATL@@QAEPA_WI@Z 7c635ce0 f i atl.obj
 0001:00004d10       ?Allocate@?$CTempBuffer@D$0EAA@VCCRTAllocator@ATL@@@ATL@@QAEPADI@Z 7c635d10 f i atl.obj
 0001:00004d40       ?Allocate@?$CTempBuffer@_W$0BAA@VCCRTAllocator@ATL@@@ATL@@QAEPA_WI@Z 7c635d40 f i atl.obj
 0001:00004d70       ??0CComObjectRootBase@ATL@@QAE@XZ 7c635d70 f i atl.obj
 0001:00004d70       ??0?$CComPtrBase@UIOleClientSite@@@ATL@@IAE@XZ 7c635d70 f i stdafx.obj
 0001:00004d70       ??0?$CComPtrBase@UIConnectionPoint@@@ATL@@IAE@XZ 7c635d70 f i stdafx.obj
 0001:00004d70       ??0?$CComPtrBase@UIStream@@@ATL@@IAE@XZ 7c635d70 f i stdafx.obj
 0001:00004d70       ??0?$CComPtrBase@UIWebBrowser2@@@ATL@@IAE@XZ 7c635d70 f i stdafx.obj
 0001:00004d70       ??0CDynamicStdCallThunk@ATL@@QAE@XZ 7c635d70 f i stdafx.obj
 0001:00004d70       ??0?$CComPtrBase@UIFontDisp@@@ATL@@IAE@XZ 7c635d70 f i stdafx.obj
 0001:00004d70       ??0?$CComPtrBase@UIViewObjectEx@@@ATL@@IAE@XZ 7c635d70 f i stdafx.obj
 0001:00004d70       ??0?$CComPtrBase@UIObjectWithSite@@@ATL@@IAE@XZ 7c635d70 f i stdafx.obj
 0001:00004d70       ??0?$CComPtrBase@UIOleInPlaceObjectWindowless@@@ATL@@IAE@XZ 7c635d70 f i stdafx.obj
 0001:00004d70       ??0?$CAtlSafeAllocBufferManager@VCCRTAllocator@ATL@@@_ATL_SAFE_ALLOCA_IMPL@ATL@@QAE@XZ 7c635d70 f i atl.obj
 0001:00004d70       ??0?$CComPtrBase@UIOleControl@@@ATL@@IAE@XZ 7c635d70 f i stdafx.obj
 0001:00004d70       ??0?$CComPtrBase@UIOleInPlaceUIWindow@@@ATL@@IAE@XZ 7c635d70 f i stdafx.obj
 0001:00004d70       ??0?$CComPtrBase@UIServiceProvider@@@ATL@@IAE@XZ 7c635d70 f i stdafx.obj
 0001:00004d70       ??0?$CComPtrBase@UIPersistStream@@@ATL@@IAE@XZ 7c635d70 f i stdafx.obj
 0001:00004d70       ??0?$CComPtrBase@UIClassFactory2@@@ATL@@IAE@XZ 7c635d70 f i stdafx.obj
 0001:00004d70       ??0?$CComPtrBase@UIRegistrar@@@ATL@@IAE@XZ 7c635d70 f i atl.obj
 0001:00004d70       ??0?$CComPtrBase@UIUnknown@@@ATL@@IAE@XZ 7c635d70 f i stdafx.obj
 0001:00004d70       ??0?$CComPtrBase@UITypeLib@@@ATL@@IAE@XZ 7c635d70 f i stdafx.obj
 0001:00004d70       ??0?$CComPtrBase@UITypeInfo2@@@ATL@@IAE@XZ 7c635d70 f i stdafx.obj
 0001:00004d70       ??0?$CComPtrBase@UIPersist@@@ATL@@IAE@XZ 7c635d70 f i stdafx.obj
 0001:00004d70       ??0?$CComPtrBase@UIOleObject@@@ATL@@IAE@XZ 7c635d70 f i stdafx.obj
 0001:00004d70       ??0?$CComPtrBase@UIErrorInfo@@@ATL@@IAE@XZ 7c635d70 f i stdafx.obj
 0001:00004d70       ??0?$CTempBuffer@E$0BAA@VCCRTAllocator@ATL@@@ATL@@QAE@XZ 7c635d70 f i atl.obj
 0001:00004d70       ??0?$CComPtrBase@UIOleInPlaceActiveObject@@@ATL@@IAE@XZ 7c635d70 f i stdafx.obj
 0001:00004d70       ??0?$CComPtrBase@UIProvideClassInfo2@@@ATL@@IAE@XZ 7c635d70 f i stdafx.obj
 0001:00004d70       ??0?$CAutoVectorPtr@_W@ATL@@QAE@XZ 7c635d70 f i atl.obj
 0001:00004d70       ??0?$CTempBuffer@_W$0BAA@VCCRTAllocator@ATL@@@ATL@@QAE@XZ 7c635d70 f i atl.obj
 0001:00004d70       ??0CRegKey@ATL@@QAE@XZ     7c635d70 f i atl.obj
 0001:00004d70       ??0?$CComPtrBase@UIDocHostUIHandlerDispatch@@@ATL@@IAE@XZ 7c635d70 f i stdafx.obj
 0001:00004d70       ??0?$CComPtrBase@UIAdviseSink@@@ATL@@IAE@XZ 7c635d70 f i stdafx.obj
 0001:00004d70       ??0CComBSTR@ATL@@QAE@XZ    7c635d70 f i stdafx.obj
 0001:00004d70       ??0?$CComPtrBase@UIOleInPlaceFrame@@@ATL@@IAE@XZ 7c635d70 f i stdafx.obj
 0001:00004d70       ??0?$CComPtrBase@UIConnectionPointContainer@@@ATL@@IAE@XZ 7c635d70 f i stdafx.obj
 0001:00004d70       ??0?$CTempBuffer@_W$0EAA@VCCRTAllocator@ATL@@@ATL@@QAE@XZ 7c635d70 f i atl.obj
 0001:00004d70       ??0?$CComPtrBase@UIAxWinHostWindowLic@@@ATL@@IAE@XZ 7c635d70 f i stdafx.obj
 0001:00004d70       ??0?$CComPtrBase@UICreateErrorInfo@@@ATL@@IAE@XZ 7c635d70 f i stdafx.obj
 0001:00004d70       ??0?$CComPtrBase@UITypeInfo@@@ATL@@IAE@XZ 7c635d70 f i stdafx.obj
 0001:00004d70       ??0?$CComPtrBase@UIPersistStreamInit@@@ATL@@IAE@XZ 7c635d70 f i stdafx.obj
 0001:00004d70       ??0?$CComPtrBase@UIAxWinHostWindow@@@ATL@@IAE@XZ 7c635d70 f i stdafx.obj
 0001:00004d70       ??0?$CComPtrBase@UIDispatch@@@ATL@@IAE@XZ 7c635d70 f i stdafx.obj
 0001:00004d70       ??0?$CComPtrBase@UICatRegister@@@ATL@@IAE@XZ 7c635d70 f i stdafx.obj
 0001:00004d70       ??0?$CTempBuffer@D$0EAA@VCCRTAllocator@ATL@@@ATL@@QAE@XZ 7c635d70 f i atl.obj
 0001:00004d90       ??1?$CTempBuffer@D$0EAA@VCCRTAllocator@ATL@@@ATL@@QAE@XZ 7c635d90 f i atl.obj
 0001:00004d90       ??1?$CTempBuffer@E$0BAA@VCCRTAllocator@ATL@@@ATL@@QAE@XZ 7c635d90 f i atl.obj
 0001:00004d90       ??1?$CTempBuffer@_W$0EAA@VCCRTAllocator@ATL@@@ATL@@QAE@XZ 7c635d90 f i atl.obj
 0001:00004d90       ??1?$CTempBuffer@_W$0BAA@VCCRTAllocator@ATL@@@ATL@@QAE@XZ 7c635d90 f i atl.obj
 0001:00004db0       ?Allocate@?$CTempBuffer@E$0BAA@VCCRTAllocator@ATL@@@ATL@@QAEPAEI@Z 7c635db0 f i atl.obj
 0001:00004de0       ?GetWndClassName@?$CAxWindowT@VCWindow@ATL@@@ATL@@SAPB_WXZ 7c635de0 f i atl.obj
 0001:00004df0       ?GetWndClassName@?$CAxWindow2T@VCWindow@ATL@@@ATL@@SAPB_WXZ 7c635df0 f i atl.obj
 0001:00004e00       ?InternalAddRef@?$CComObjectRootEx@VCComMultiThreadModel@ATL@@@ATL@@QAEKXZ 7c635e00 f i atl.obj
 0001:00004e20       ?Increment@CComMultiThreadModel@ATL@@SGKPAJ@Z 7c635e20 f i atl.obj
 0001:00004e40       ?InternalRelease@?$CComObjectRootEx@VCComMultiThreadModel@ATL@@@ATL@@QAEKXZ 7c635e40 f i atl.obj
 0001:00004e60       ?Decrement@CComMultiThreadModel@ATL@@SGKPAJ@Z 7c635e60 f i atl.obj
 0001:00004e80       ?FindKey@?$CSimpleMap@PA_WPA_WVCExpansionVectorEqualHelper@ATL@@@ATL@@QBEHABQA_W@Z 7c635e80 f i atl.obj
 0001:00004ee0       ?IsEqualKey@CExpansionVectorEqualHelper@ATL@@SA_NQA_W0@Z 7c635ee0 f i atl.obj
 0001:00004f00       ?InternalSetAtIndex@?$CSimpleMap@PA_WPA_WVCExpansionVectorEqualHelper@ATL@@@ATL@@QAEXHABQA_W0@Z 7c635f00 f i atl.obj
 0001:00004f80       ?Free@?$CAutoVectorPtr@_W@ATL@@QAEXXZ 7c635f80 f i atl.obj
 0001:00004fb0       ?AllocateBytes@?$CTempBuffer@D$0EAA@VCCRTAllocator@ATL@@@ATL@@QAEPADI@Z 7c635fb0 f i atl.obj
 0001:00004fb0       ?AllocateBytes@?$CTempBuffer@_W$0EAA@VCCRTAllocator@ATL@@@ATL@@QAEPA_WI@Z 7c635fb0 f i atl.obj
 0001:00004ff0       ?AllocateBytes@?$CTempBuffer@E$0BAA@VCCRTAllocator@ATL@@@ATL@@QAEPAEI@Z 7c635ff0 f i atl.obj
 0001:00004ff0       ?AllocateBytes@?$CTempBuffer@_W$0BAA@VCCRTAllocator@ATL@@@ATL@@QAEPA_WI@Z 7c635ff0 f i atl.obj
 0001:00005030       ?FreeHeap@?$CTempBuffer@E$0BAA@VCCRTAllocator@ATL@@@ATL@@AAEXXZ 7c636030 f i atl.obj
 0001:00005030       ?FreeHeap@?$CTempBuffer@D$0EAA@VCCRTAllocator@ATL@@@ATL@@AAEXXZ 7c636030 f i atl.obj
 0001:00005030       ?FreeHeap@?$CTempBuffer@_W$0BAA@VCCRTAllocator@ATL@@@ATL@@AAEXXZ 7c636030 f i atl.obj
 0001:00005030       ?FreeHeap@?$CTempBuffer@_W$0EAA@VCCRTAllocator@ATL@@@ATL@@AAEXXZ 7c636030 f i atl.obj
 0001:00005050       ?AllocateHeap@?$CTempBuffer@_W$0EAA@VCCRTAllocator@ATL@@@ATL@@AAEXI@Z 7c636050 f i atl.obj
 0001:00005050       ?AllocateHeap@?$CTempBuffer@_W$0BAA@VCCRTAllocator@ATL@@@ATL@@AAEXI@Z 7c636050 f i atl.obj
 0001:00005050       ?AllocateHeap@?$CTempBuffer@E$0BAA@VCCRTAllocator@ATL@@@ATL@@AAEXI@Z 7c636050 f i atl.obj
 0001:00005050       ?AllocateHeap@?$CTempBuffer@D$0EAA@VCCRTAllocator@ATL@@@ATL@@AAEXI@Z 7c636050 f i atl.obj
 0001:00005090       ?Allocate@CCRTAllocator@ATL@@SAPAXI@Z 7c636090 f i atl.obj
 0001:000050b0       ??0?$Wrapper@PA_W@?$CSimpleMap@PA_WPA_WVCExpansionVectorEqualHelper@ATL@@@ATL@@QAE@ABQA_W@Z 7c6360b0 f i atl.obj
 0001:000050d0       ??$AtlMultiplyThrow@I@ATL@@YAIII@Z 7c6360d0 f i atl.obj
 0001:00005110       ??0CComModule@ATL@@QAE@XZ  7c636110 f i atl.obj
 0001:00005140       ?Lock@CAtlModule@ATL@@UAEJXZ 7c636140 f i atl.obj
 0001:00005160       ?Unlock@CAtlModule@ATL@@UAEJXZ 7c636160 f i atl.obj
 0001:00005180       ?GetLockCount@CAtlModule@ATL@@UAEJXZ 7c636180 f i atl.obj
 0001:00005180       ?GetSize@?$CSimpleMap@PA_WPA_WVCExpansionVectorEqualHelper@ATL@@@ATL@@QBEHXZ 7c636180 f i atl.obj
 0001:000051a0       ?GetGITPtr@CAtlModule@ATL@@UAEJPAPAUIGlobalInterfaceTable@@@Z 7c6361a0 f i atl.obj
 0001:00005220       ?UpdateRegistryFromResourceD@CComModule@ATL@@UAGJPB_WHPAU_ATL_REGMAP_ENTRY@2@@Z 7c636220 f i atl.obj
 0001:00005240       ?UpdateRegistryFromResourceD@CAtlModule@ATL@@QAGJPB_WHPAU_ATL_REGMAP_ENTRY@2@@Z 7c636240 f i atl.obj
 0001:000052c0       ?UpdateRegistryFromResourceDHelper@CAtlModule@ATL@@QAGJPB_WHPAU_ATL_REGMAP_ENTRY@2@@Z 7c6362c0 f i atl.obj
 0001:000053b0       ?UpdateRegistryFromResourceD@CComModule@ATL@@UAGJIHPAU_ATL_REGMAP_ENTRY@2@@Z 7c6363b0 f i atl.obj
 0001:000053d0       ?UpdateRegistryFromResourceD@CAtlModule@ATL@@QAGJIHPAU_ATL_REGMAP_ENTRY@2@@Z 7c6363d0 f i atl.obj
 0001:000053f0       ?UpdateRegistryFromResourceS@CComModule@ATL@@UAGJIHPAU_ATL_REGMAP_ENTRY@2@@Z 7c6363f0 f i atl.obj
 0001:000053f0       ?UpdateRegistryFromResourceS@CComModule@ATL@@UAGJPB_WHPAU_ATL_REGMAP_ENTRY@2@@Z 7c6363f0 f i atl.obj
 0001:00005400       ??_GCComModule@ATL@@UAEPAXI@Z 7c636400 f i atl.obj
 0001:00005400       ??_ECComModule@ATL@@UAEPAXI@Z 7c636400 f i atl.obj
 0001:00005430       ??1CComModule@ATL@@UAE@XZ  7c636430 f i atl.obj
 0001:00005450       ??1?$CAtlModuleT@VCComModule@ATL@@@ATL@@UAE@XZ 7c636450 f i atl.obj
 0001:00005470       ??1CAtlModule@ATL@@UAE@XZ  7c636470 f i atl.obj
 0001:000054b0       ??1_ATL_MODULE70@ATL@@QAE@XZ 7c6364b0 f i atl.obj
 0001:000054d0       ??0?$CAtlModuleT@VCComModule@ATL@@@ATL@@QAE@XZ 7c6364d0 f i atl.obj
 0001:000054f0       ??0CAtlModule@ATL@@QAE@XZ  7c6364f0 f i atl.obj
 0001:00005560       ??0_ATL_MODULE70@ATL@@QAE@XZ 7c636560 f i atl.obj
 0001:00005580       ?AddCommonRGSReplacements@?$CAtlModuleT@VCComModule@ATL@@@ATL@@UAEJPAUIRegistrarBase@@@Z 7c636580 f i atl.obj
 0001:000055b0       ?InitLibId@?$CAtlModuleT@VCComModule@ATL@@@ATL@@SAXXZ 7c6365b0 f i atl.obj
 0001:000055b0       ?init@?$_CopyInterface@UIUnknown@@@ATL@@SAXPAPAUIUnknown@@@Z 7c6365b0 f i stdafx.obj
 0001:000055c0       ?GetAppId@?$CAtlModuleT@VCComModule@ATL@@@ATL@@SAPB_WXZ 7c6365c0 f i atl.obj
 0001:000055d0       _AtlDevModeW2A@8           7c6365d0 f i stdafx.obj
 0001:00005710       ?AtlW2AHelper@@YGPADPADPB_WHI@Z 7c636710 f i stdafx.obj
 0001:00005760       _AtlComQIPtrAssign@12      7c636760 f i stdafx.obj
 0001:000057c0       ??_I@YGXPAXIHP6EX0@Z@Z     7c6367c0 f i stdafx.obj
 0001:000057f0       _AtlLoadTypeLib@16         7c6367f0 f i stdafx.obj
 0001:000065a0       _AtlUnRegisterTypeLib@8    7c6375a0 f i stdafx.obj
 0001:00006670       ??1CComBSTR@ATL@@QAE@XZ    7c637670 f i stdafx.obj
 0001:00006690       _AtlRegisterTypeLib@8      7c637690 f i stdafx.obj
 0001:000067e0       ?tcsncpy_s@Checked@ATL@@YAHPA_WIPB_WI@Z 7c6377e0 f i atl.obj
 0001:000067e0       ?wcsncpy_s@Checked@ATL@@YAHPA_WIPB_WI@Z 7c6377e0 f i stdafx.obj
 0001:00006810       ?Length@CComBSTR@ATL@@QBEIXZ 7c637810 f i stdafx.obj
 0001:00006830       ?CharNextO@@YAPA_WPB_W@Z   7c637830 f i stdafx.obj
 0001:00006840       _AtlComModuleRegisterServer@12 7c637840 f i stdafx.obj
 0001:00006910       _IsEqualGUID               7c637910 f i stdafx.obj
 0001:00006930       _AtlComModuleUnregisterServer@12 7c637930 f i stdafx.obj
 0001:00006a00       _AtlRegisterClassCategoriesHelper@12 7c637a00 f i stdafx.obj
 0001:00006e70       ?wcscat_s@Checked@ATL@@YAXPA_WIPB_W@Z 7c637e70 f i stdafx.obj
 0001:00006ea0       _AtlWinModuleTerm@8        7c637ea0 f i stdafx.obj
 0001:00006f40       _AtlAdvise@16              7c637f40 f i stdafx.obj
 0001:00007000       _AtlUnadvise@12            7c638000 f i stdafx.obj
 0001:000070c0       _AtlFreeMarshalStream@4    7c6380c0 f i stdafx.obj
 0001:00007120       _AtlMarshalPtrInProc@12    7c638120 f i stdafx.obj
 0001:00007190       _AtlUnmarshalPtr@12        7c638190 f i stdafx.obj
 0001:00007200       _AtlComModuleGetClassObject@16 7c638200 f i stdafx.obj
 0001:00007360       _AtlComModuleRegisterClassObjects@12 7c638360 f i stdafx.obj
 0001:000073d0       ?RegisterClassObject@_ATL_OBJMAP_ENTRY30@ATL@@QAGJKK@Z 7c6383d0 f i stdafx.obj
 0001:00007450       _AtlComModuleRevokeClassObjects@4 7c638450 f i stdafx.obj
 0001:000074b0       ?RevokeClassObject@_ATL_OBJMAP_ENTRY30@ATL@@QAGJXZ 7c6384b0 f i stdafx.obj
 0001:000074e0       _AtlWaitWithMessageLoop@4  7c6384e0 f i stdafx.obj
 0001:000075d0       _AtlGetVersion@4           7c6385d0 f i stdafx.obj
 0001:000075e0       _AtlWinModuleInit@4        7c6385e0 f i stdafx.obj
 0001:00007630       _AtlModuleAddTermFunc@12   7c638630 f i stdafx.obj
 0001:000076f0       ??_Estringdispid@CComTypeInfoHolder@ATL@@QAEPAXI@Z 7c6386f0 f i stdafx.obj
 0001:00007760       ??1stringdispid@CComTypeInfoHolder@ATL@@QAE@XZ 7c638760 f i stdafx.obj
 0001:00007780       _AtlSetErrorInfo@28        7c638780 f i stdafx.obj
 0001:00007a10       ?tcscpy_s@Checked@ATL@@YAXPA_WIPB_W@Z 7c638a10 f i stdafx.obj
 0001:00007a10       ?wcscpy_s@Checked@ATL@@YAXPA_WIPB_W@Z 7c638a10 f i RegObj.obj
 0001:00007a40       _AtlIPersistStreamInit_Load@16 7c638a40 f i stdafx.obj
 0001:00007cd0       ?PutProperty@?$CComPtr@UIDispatch@@@ATL@@QAEJJPAUtagVARIANT@@@Z 7c638cd0 f i stdafx.obj
 0001:00007d00       ?PutProperty@?$CComPtr@UIDispatch@@@ATL@@SAJPAUIDispatch@@JPAUtagVARIANT@@@Z 7c638d00 f i stdafx.obj
 0001:00007df0       ?ReadFromStream@CComBSTR@ATL@@QAEJPAUIStream@@@Z 7c638df0 f i stdafx.obj
 0001:00007fb0       ?Empty@CComBSTR@ATL@@QAEXXZ 7c638fb0 f i stdafx.obj
 0001:00007fd0       ??7?$CComPtrBase@UIOleInPlaceUIWindow@@@ATL@@QBE_NXZ 7c638fd0 f i stdafx.obj
 0001:00007fd0       ??7?$CComPtrBase@UIOleInPlaceFrame@@@ATL@@QBE_NXZ 7c638fd0 f i stdafx.obj
 0001:00007fd0       ??7CComBSTR@ATL@@QBE_NXZ   7c638fd0 f i stdafx.obj
 0001:00007ff0       ??0CComVariant@ATL@@QAE@XZ 7c638ff0 f i stdafx.obj
 0001:00008010       ??1CComVariant@ATL@@QAE@XZ 7c639010 f i stdafx.obj
 0001:00008030       ?Clear@CComVariant@ATL@@QAEJXZ 7c639030 f i stdafx.obj
 0001:00008050       ?ReadFromStream@CComVariant@ATL@@QAEJPAUIStream@@G@Z 7c639050 f i stdafx.obj
 0001:00008080       ?ReadFromStream@CComVariant@ATL@@QAEJPAUIStream@@GTClassesAllowedInStream@2@K@Z 7c639080 f i stdafx.obj
 0001:00008300       ?ChangeType@CComVariant@ATL@@QAEJGPBUtagVARIANT@@@Z 7c639300 f i stdafx.obj
 0001:00008340       _AtlIPersistStreamInit_Save@20 7c639340 f i stdafx.obj
 0001:000085d0       ?GetProperty@?$CComPtr@UIDispatch@@@ATL@@QAEJJPAUtagVARIANT@@@Z 7c6395d0 f i stdafx.obj
 0001:00008600       ?GetProperty@?$CComPtr@UIDispatch@@@ATL@@SAJPAUIDispatch@@JPAUtagVARIANT@@@Z 7c639600 f i stdafx.obj
 0001:00008670       ?Attach@CComBSTR@ATL@@QAEXPA_W@Z 7c639670 f i stdafx.obj
 0001:000086a0       ?WriteToStream@CComBSTR@ATL@@QAEJPAUIStream@@@Z 7c6396a0 f i stdafx.obj
 0001:00008730       ?GetStreamSize@CComBSTR@ATL@@SAKPA_W@Z 7c639730 f i stdafx.obj
 0001:00008760       ?WriteToStream@CComVariant@ATL@@QAEJPAUIStream@@G@Z 7c639760 f i stdafx.obj
 0001:000087f0       ?WriteToStream@CComVariant@ATL@@QAEJPAUIStream@@@Z 7c6397f0 f i stdafx.obj
 0001:00008a70       _AtlIPersistPropertyBag_Load@20 7c639a70 f i stdafx.obj
 0001:00008df0       ?ClearToZero@CComVariant@ATL@@QAEJXZ 7c639df0 f i stdafx.obj
 0001:00008e30       _AtlIPersistPropertyBag_Save@24 7c639e30 f i stdafx.obj
 0001:00009210       _AtlGetObjectSourceInterface@20 7c63a210 f i stdafx.obj
 0001:00009680       ??_H@YGXPAXIHP6EPAX0@Z@Z   7c63a680 f i stdafx.obj
 0001:000096b0       _AtlAxDialogBoxW@20        7c63a6b0 f i stdafx.obj
 0001:000096e0       _AtlAxDialogBoxA@20        7c63a6e0 f i stdafx.obj
 0001:00009710       _AtlAxCreateDialogW@20     7c63a710 f i stdafx.obj
 0001:00009740       _AtlAxCreateDialogA@20     7c63a740 f i stdafx.obj
 0001:00009770       _AtlAxCreateControl@16     7c63a770 f i stdafx.obj
 0001:000097a0       _AtlAxCreateControlEx@28   7c63a7a0 f i stdafx.obj
 0001:000097d0       _AtlAxCreateControlLic@20  7c63a7d0 f i stdafx.obj
 0001:00009800       _AtlAxCreateControlLicEx@32 7c63a800 f i stdafx.obj
 0001:00009940       ??0CComBSTR@ATL@@QAE@PB_W@Z 7c63a940 f i stdafx.obj
 0001:00009990       _AtlAxAttachControl@12     7c63a990 f i stdafx.obj
 0001:00009a70       _AtlAxWinInit@0            7c63aa70 f i stdafx.obj
 0001:00009c90       __MarkAllocaS              7c63ac90 f i stdafx.obj
 0001:00009cb0       ?OLE2CT_EX_DEF@@YAPB_WPB_W@Z 7c63acb0 f i stdafx.obj
 0001:00009cb0       ?T2OLE_EX@@YAPA_WPA_WI@Z   7c63acb0 f i atl.obj
 0001:00009cb0       ?OLE2T_EX@@YAPA_WPA_WI@Z   7c63acb0 f i stdafx.obj
 0001:00009cb0       ?T2COLE_EX_DEF@@YAPB_WPB_W@Z 7c63acb0 f i stdafx.obj
 0001:00009cb0       ?T2OLE_EX_DEF@@YAPA_WPA_W@Z 7c63acb0 f i stdafx.obj
 0001:00009cb0       ?T2COLE_EX@@YAPB_WPB_WI@Z  7c63acb0 f i atl.obj
 0001:00009cb0       ?DEVMODEOLE2T_EX@@YAPAU_devicemodeW@@PAU1@@Z 7c63acb0 f i stdafx.obj
 0001:00009cb0       ?OLE2CT_EX@@YAPB_WPB_WI@Z  7c63acb0 f i atl.obj
 0001:00009cc0       ?SetWindowLongPtrW@@YAJPAUHWND__@@HJ@Z 7c63acc0 f i stdafx.obj
 0001:00009ce0       ?GetWindowLongPtrW@@YAJPAUHWND__@@H@Z 7c63ace0 f i stdafx.obj
 0001:00009d00       ?ParseInitData@_DialogSplitHelper@ATL@@SAJPAUIStream@@PAPA_W@Z 7c63ad00 f i stdafx.obj
 0001:00009f30       ??0CComBSTR@ATL@@QAE@H@Z   7c63af30 f i stdafx.obj
 0001:00009f80       _AtlAxGetControl@8         7c63af80 f i stdafx.obj
 0001:00009fc0       _AtlAxGetHost@8            7c63afc0 f i stdafx.obj
 0001:0000a000       _AtlWinModuleRegisterClassExA@8 7c63b000 f i stdafx.obj
 0001:0000a050       _AtlWinModuleRegisterWndClassInfoA@16 7c63b050 f i stdafx.obj
 0001:0000a080       _AtlCreateTargetDC@8       7c63b080 f i stdafx.obj
 0001:0000a190       _AtlHiMetricToPixel@8      7c63b190 f i stdafx.obj
 0001:0000a250       _AtlPixelToHiMetric@8      7c63b250 f i stdafx.obj
 0001:0000a310       ?RemoveAll@?$CSimpleArray@GV?$CSimpleArrayEqualHelper@G@ATL@@@ATL@@QAEXXZ 7c63b310 f i stdafx.obj
 0001:0000a370       ??A?$CSimpleArray@GV?$CSimpleArrayEqualHelper@G@ATL@@@ATL@@QAEAAGH@Z 7c63b370 f i stdafx.obj
 0001:0000a3b0       ??1?$CComPtrBase@UIRegistrar@@@ATL@@QAE@XZ 7c63b3b0 f i atl.obj
 0001:0000a3b0       ??1?$CComPtrBase@UIViewObjectEx@@@ATL@@QAE@XZ 7c63b3b0 f i stdafx.obj
 0001:0000a3b0       ??1?$CComPtrBase@UIServiceProvider@@@ATL@@QAE@XZ 7c63b3b0 f i stdafx.obj
 0001:0000a3b0       ??1?$CComPtrBase@UIClassFactory2@@@ATL@@QAE@XZ 7c63b3b0 f i stdafx.obj
 0001:0000a3b0       ??1?$CComPtrBase@UIOleControl@@@ATL@@QAE@XZ 7c63b3b0 f i stdafx.obj
 0001:0000a3b0       ??1?$CComPtrBase@UIUnknown@@@ATL@@QAE@XZ 7c63b3b0 f i stdafx.obj
 0001:0000a3b0       ??1?$CComPtrBase@UICatRegister@@@ATL@@QAE@XZ 7c63b3b0 f i stdafx.obj
 0001:0000a3b0       ??1?$CComPtrBase@UIOleObject@@@ATL@@QAE@XZ 7c63b3b0 f i stdafx.obj
 0001:0000a3b0       ??1?$CComPtrBase@UITypeInfo2@@@ATL@@QAE@XZ 7c63b3b0 f i stdafx.obj
 0001:0000a3b0       ??1?$CComPtrBase@UIPersistStream@@@ATL@@QAE@XZ 7c63b3b0 f i stdafx.obj
 0001:0000a3b0       ??1?$CComPtrBase@UIDispatch@@@ATL@@QAE@XZ 7c63b3b0 f i stdafx.obj
 0001:0000a3b0       ??1?$CComPtrBase@UITypeInfo@@@ATL@@QAE@XZ 7c63b3b0 f i stdafx.obj
 0001:0000a3b0       ??1?$CComPtrBase@UICreateErrorInfo@@@ATL@@QAE@XZ 7c63b3b0 f i stdafx.obj
 0001:0000a3b0       ??1?$CComPtrBase@UIObjectWithSite@@@ATL@@QAE@XZ 7c63b3b0 f i stdafx.obj
 0001:0000a3b0       ??1?$CComPtrBase@UIAdviseSink@@@ATL@@QAE@XZ 7c63b3b0 f i stdafx.obj
 0001:0000a3b0       ??1?$CComPtrBase@UIConnectionPoint@@@ATL@@QAE@XZ 7c63b3b0 f i stdafx.obj
 0001:0000a3b0       ??1?$CComPtrBase@UIPersistStreamInit@@@ATL@@QAE@XZ 7c63b3b0 f i stdafx.obj
 0001:0000a3b0       ??1?$CComPtrBase@UIOleInPlaceObjectWindowless@@@ATL@@QAE@XZ 7c63b3b0 f i stdafx.obj
 0001:0000a3b0       ??1?$CComPtrBase@UIOleInPlaceFrame@@@ATL@@QAE@XZ 7c63b3b0 f i stdafx.obj
 0001:0000a3b0       ??1?$CComPtrBase@UIOleInPlaceActiveObject@@@ATL@@QAE@XZ 7c63b3b0 f i stdafx.obj
 0001:0000a3b0       ??1?$CComPtrBase@UIOleInPlaceUIWindow@@@ATL@@QAE@XZ 7c63b3b0 f i stdafx.obj
 0001:0000a3b0       ??1?$CComPtrBase@UIConnectionPointContainer@@@ATL@@QAE@XZ 7c63b3b0 f i stdafx.obj
 0001:0000a3b0       ??1?$CComPtrBase@UIDocHostUIHandlerDispatch@@@ATL@@QAE@XZ 7c63b3b0 f i stdafx.obj
 0001:0000a3b0       ??1?$CComPtrBase@UITypeLib@@@ATL@@QAE@XZ 7c63b3b0 f i stdafx.obj
 0001:0000a3b0       ??1?$CComPtrBase@UIAxWinHostWindowLic@@@ATL@@QAE@XZ 7c63b3b0 f i stdafx.obj
 0001:0000a3b0       ??1?$CComPtrBase@UIErrorInfo@@@ATL@@QAE@XZ 7c63b3b0 f i stdafx.obj
 0001:0000a3b0       ??1?$CComPtrBase@UIStream@@@ATL@@QAE@XZ 7c63b3b0 f i stdafx.obj
 0001:0000a3b0       ??1?$CComPtrBase@UIWebBrowser2@@@ATL@@QAE@XZ 7c63b3b0 f i stdafx.obj
 0001:0000a3b0       ??1?$CComPtrBase@UIFontDisp@@@ATL@@QAE@XZ 7c63b3b0 f i stdafx.obj
 0001:0000a3b0       ??1?$CComPtrBase@UIPersist@@@ATL@@QAE@XZ 7c63b3b0 f i stdafx.obj
 0001:0000a3b0       ??1?$CComPtrBase@UIAxWinHostWindow@@@ATL@@QAE@XZ 7c63b3b0 f i stdafx.obj
 0001:0000a3b0       ??1?$CComPtrBase@UIProvideClassInfo2@@@ATL@@QAE@XZ 7c63b3b0 f i stdafx.obj
 0001:0000a3b0       ??1?$CComPtrBase@UIOleClientSite@@@ATL@@QAE@XZ 7c63b3b0 f i stdafx.obj
 0001:0000a3e0       ??0?$CComObjectRootEx@VCComSingleThreadModel@ATL@@@ATL@@QAE@XZ 7c63b3e0 f i stdafx.obj
 0001:0000a3e0       ??0?$CComPtr@UIErrorInfo@@@ATL@@QAE@XZ 7c63b3e0 f i stdafx.obj
 0001:0000a3e0       ??0?$CComPtr@UIOleClientSite@@@ATL@@QAE@XZ 7c63b3e0 f i stdafx.obj
 0001:0000a3e0       ??0?$CComPtr@UIAdviseSink@@@ATL@@QAE@XZ 7c63b3e0 f i stdafx.obj
 0001:0000a3e0       ??0?$CComPtr@UIPersistStream@@@ATL@@QAE@XZ 7c63b3e0 f i stdafx.obj
 0001:0000a3e0       ??0?$CComPtr@UIDocHostUIHandlerDispatch@@@ATL@@QAE@XZ 7c63b3e0 f i stdafx.obj
 0001:0000a3e0       ??0?$CComPtr@UIPersistStreamInit@@@ATL@@QAE@XZ 7c63b3e0 f i stdafx.obj
 0001:0000a3e0       ??0?$CComPtr@UIProvideClassInfo2@@@ATL@@QAE@XZ 7c63b3e0 f i stdafx.obj
 0001:0000a3e0       ??0?$CComPtr@UIOleInPlaceFrame@@@ATL@@QAE@XZ 7c63b3e0 f i stdafx.obj
 0001:0000a3e0       ??0?$CComPtr@UITypeInfo@@@ATL@@QAE@XZ 7c63b3e0 f i stdafx.obj
 0001:0000a3e0       ??0?$CComPtr@UIOleInPlaceUIWindow@@@ATL@@QAE@XZ 7c63b3e0 f i stdafx.obj
 0001:0000a3e0       ??0?$CComPtr@UIAxWinHostWindow@@@ATL@@QAE@XZ 7c63b3e0 f i stdafx.obj
 0001:0000a3e0       ??0?$CComPtr@UIOleInPlaceObjectWindowless@@@ATL@@QAE@XZ 7c63b3e0 f i stdafx.obj
 0001:0000a3e0       ??0?$CComPtr@UIObjectWithSite@@@ATL@@QAE@XZ 7c63b3e0 f i stdafx.obj
 0001:0000a3e0       ??0?$CComPtr@UIOleControl@@@ATL@@QAE@XZ 7c63b3e0 f i stdafx.obj
 0001:0000a3e0       ??0?$CComPtr@UICatRegister@@@ATL@@QAE@XZ 7c63b3e0 f i stdafx.obj
 0001:0000a3e0       ??0?$CComPtr@UIAxWinHostWindowLic@@@ATL@@QAE@XZ 7c63b3e0 f i stdafx.obj
 0001:0000a3e0       ??0?$CComPtr@UIOleInPlaceActiveObject@@@ATL@@QAE@XZ 7c63b3e0 f i stdafx.obj
 0001:0000a3e0       ??0?$CComPtr@UIServiceProvider@@@ATL@@QAE@XZ 7c63b3e0 f i stdafx.obj
 0001:0000a3e0       ??0?$CComPtr@UIUnknown@@@ATL@@QAE@XZ 7c63b3e0 f i stdafx.obj
 0001:0000a3e0       ??0?$CComPtr@UITypeInfo2@@@ATL@@QAE@XZ 7c63b3e0 f i stdafx.obj
 0001:0000a3e0       ??0?$CComPtr@UITypeLib@@@ATL@@QAE@XZ 7c63b3e0 f i stdafx.obj
 0001:0000a3e0       ??0?$CComPtr@UIRegistrar@@@ATL@@QAE@XZ 7c63b3e0 f i atl.obj
 0001:0000a3e0       ??0?$CComPtr@UIFontDisp@@@ATL@@QAE@XZ 7c63b3e0 f i stdafx.obj
 0001:0000a3e0       ??0?$CComPtr@UIConnectionPoint@@@ATL@@QAE@XZ 7c63b3e0 f i stdafx.obj
 0001:0000a3e0       ??0?$CComPtr@UIPersist@@@ATL@@QAE@XZ 7c63b3e0 f i stdafx.obj
 0001:0000a3e0       ??0?$CComPtr@UIClassFactory2@@@ATL@@QAE@XZ 7c63b3e0 f i stdafx.obj
 0001:0000a3e0       ??0?$CComPtr@UIConnectionPointContainer@@@ATL@@QAE@XZ 7c63b3e0 f i stdafx.obj
 0001:0000a3e0       ??0?$CComPtr@UICreateErrorInfo@@@ATL@@QAE@XZ 7c63b3e0 f i stdafx.obj
 0001:0000a3e0       ??0?$CComPtr@UIStream@@@ATL@@QAE@XZ 7c63b3e0 f i stdafx.obj
 0001:0000a3e0       ??0?$CComPtr@UIViewObjectEx@@@ATL@@QAE@XZ 7c63b3e0 f i stdafx.obj
 0001:0000a3e0       ??0?$CComPtr@UIDispatch@@@ATL@@QAE@XZ 7c63b3e0 f i stdafx.obj
 0001:0000a3e0       ??0?$CComPtr@UIOleObject@@@ATL@@QAE@XZ 7c63b3e0 f i stdafx.obj
 0001:0000a3e0       ??0?$CComPtr@UIWebBrowser2@@@ATL@@QAE@XZ 7c63b3e0 f i stdafx.obj
 0001:0000a400       ??1?$CAutoStackPtr@_W@ATL@@QAE@XZ 7c63b400 f i stdafx.obj
 0001:0000a420       ?CreateInstance@?$CComCreator@V?$CComPolyObject@VCAxHostWindow@ATL@@@ATL@@@ATL@@SGJPAXABU_GUID@@PAPAX@Z 7c63b420 f i stdafx.obj
 0001:0000a540       ??B?$CComPtrBase@UIServiceProvider@@@ATL@@QBEPAUIServiceProvider@@XZ 7c63b540 f i stdafx.obj
 0001:0000a540       ??C?$CComPtrBase@UITypeLib@@@ATL@@QBEPAV?$_NoAddRefReleaseOnCComPtr@UITypeLib@@@1@XZ 7c63b540 f i stdafx.obj
 0001:0000a540       ??C?$CComPtrBase@UIDispatch@@@ATL@@QBEPAV?$_NoAddRefReleaseOnCComPtr@UIDispatch@@@1@XZ 7c63b540 f i stdafx.obj
 0001:0000a540       ??C?$CComPtrBase@UIServiceProvider@@@ATL@@QBEPAV?$_NoAddRefReleaseOnCComPtr@UIServiceProvider@@@1@XZ 7c63b540 f i stdafx.obj
 0001:0000a540       ??C?$CComPtrBase@UIOleControl@@@ATL@@QBEPAV?$_NoAddRefReleaseOnCComPtr@UIOleControl@@@1@XZ 7c63b540 f i stdafx.obj
 0001:0000a540       ??B?$CComPtrBase@UIViewObjectEx@@@ATL@@QBEPAUIViewObjectEx@@XZ 7c63b540 f i stdafx.obj
 0001:0000a540       ??C?$CComPtrBase@UIOleObject@@@ATL@@QBEPAV?$_NoAddRefReleaseOnCComPtr@UIOleObject@@@1@XZ 7c63b540 f i stdafx.obj
 0001:0000a540       ??BCComBSTR@ATL@@QBEPA_WXZ 7c63b540 f i stdafx.obj
 0001:0000a540       ??C?$CComPtrBase@UIUnknown@@@ATL@@QBEPAV?$_NoAddRefReleaseOnCComPtr@UIUnknown@@@1@XZ 7c63b540 f i stdafx.obj
 0001:0000a540       ??B?$CComPtrBase@UIPersistStream@@@ATL@@QBEPAUIPersistStream@@XZ 7c63b540 f i stdafx.obj
 0001:0000a540       ??C?$CComPtrBase@UICreateErrorInfo@@@ATL@@QBEPAV?$_NoAddRefReleaseOnCComPtr@UICreateErrorInfo@@@1@XZ 7c63b540 f i stdafx.obj
 0001:0000a540       ??C?$CComPtrBase@UIAxWinHostWindowLic@@@ATL@@QBEPAV?$_NoAddRefReleaseOnCComPtr@UIAxWinHostWindowLic@@@1@XZ 7c63b540 f i stdafx.obj
 0001:0000a540       ??B?$CComPtrBase@UIOleClientSite@@@ATL@@QBEPAUIOleClientSite@@XZ 7c63b540 f i stdafx.obj
 0001:0000a540       ??B?$CComPtrBase@UIUnknown@@@ATL@@QBEPAUIUnknown@@XZ 7c63b540 f i stdafx.obj
 0001:0000a540       ??C?$CComPtrBase@UIOleInPlaceActiveObject@@@ATL@@QBEPAV?$_NoAddRefReleaseOnCComPtr@UIOleInPlaceActiveObject@@@1@XZ 7c63b540 f i stdafx.obj
 0001:0000a540       ??C?$CComPtrBase@UIOleInPlaceObjectWindowless@@@ATL@@QBEPAV?$_NoAddRefReleaseOnCComPtr@UIOleInPlaceObjectWindowless@@@1@XZ 7c63b540 f i stdafx.obj
 0001:0000a540       ??B?$CComPtrBase@UITypeLib@@@ATL@@QBEPAUITypeLib@@XZ 7c63b540 f i stdafx.obj
 0001:0000a540       ??B?$CComPtrBase@UIOleInPlaceActiveObject@@@ATL@@QBEPAUIOleInPlaceActiveObject@@XZ 7c63b540 f i stdafx.obj
 0001:0000a540       ??B?$CW2CWEX@$0IA@@ATL@@QBEPB_WXZ 7c63b540 f i stdafx.obj
 0001:0000a540       ??C?$CComPtrBase@UIConnectionPoint@@@ATL@@QBEPAV?$_NoAddRefReleaseOnCComPtr@UIConnectionPoint@@@1@XZ 7c63b540 f i stdafx.obj
 0001:0000a540       ??C?$CComPtrBase@UIProvideClassInfo2@@@ATL@@QBEPAV?$_NoAddRefReleaseOnCComPtr@UIProvideClassInfo2@@@1@XZ 7c63b540 f i stdafx.obj
 0001:0000a540       ??C?$CComPtrBase@UIClassFactory2@@@ATL@@QBEPAV?$_NoAddRefReleaseOnCComPtr@UIClassFactory2@@@1@XZ 7c63b540 f i stdafx.obj
 0001:0000a540       ??B?$CComPtrBase@UIOleObject@@@ATL@@QBEPAUIOleObject@@XZ 7c63b540 f i stdafx.obj
 0001:0000a540       ??B?$CComPtrBase@UIStream@@@ATL@@QBEPAUIStream@@XZ 7c63b540 f i stdafx.obj
 0001:0000a540       ??B?$CComPtrBase@UITypeInfo@@@ATL@@QBEPAUITypeInfo@@XZ 7c63b540 f i stdafx.obj
 0001:0000a540       ??C?$CComPtrBase@UIPersist@@@ATL@@QBEPAV?$_NoAddRefReleaseOnCComPtr@UIPersist@@@1@XZ 7c63b540 f i stdafx.obj
 0001:0000a540       ??B?$CComPtrBase@UIPersistStreamInit@@@ATL@@QBEPAUIPersistStreamInit@@XZ 7c63b540 f i stdafx.obj
 0001:0000a540       ??B?$CAutoStackPtr@_W@ATL@@QBEPA_WXZ 7c63b540 f i stdafx.obj
 0001:0000a540       ??B?$CComPtrBase@UIFontDisp@@@ATL@@QBEPAUIFontDisp@@XZ 7c63b540 f i stdafx.obj
 0001:0000a540       ??C?$CComPtrBase@UITypeInfo@@@ATL@@QBEPAV?$_NoAddRefReleaseOnCComPtr@UITypeInfo@@@1@XZ 7c63b540 f i stdafx.obj
 0001:0000a540       ??C?$CComPtrBase@UIAxWinHostWindow@@@ATL@@QBEPAV?$_NoAddRefReleaseOnCComPtr@UIAxWinHostWindow@@@1@XZ 7c63b540 f i stdafx.obj
 0001:0000a540       ??C?$CComPtrBase@UIWebBrowser2@@@ATL@@QBEPAV?$_NoAddRefReleaseOnCComPtr@UIWebBrowser2@@@1@XZ 7c63b540 f i stdafx.obj
 0001:0000a540       ??C?$CComPtrBase@UIDocHostUIHandlerDispatch@@@ATL@@QBEPAV?$_NoAddRefReleaseOnCComPtr@UIDocHostUIHandlerDispatch@@@1@XZ 7c63b540 f i stdafx.obj
 0001:0000a540       ??B?$CTempBuffer@_W$0EAA@VCCRTAllocator@ATL@@@ATL@@QBEPA_WXZ 7c63b540 f i atl.obj
 0001:0000a540       ??B?$CComPtrBase@UITypeInfo2@@@ATL@@QBEPAUITypeInfo2@@XZ 7c63b540 f i stdafx.obj
 0001:0000a540       ??B?$CComPtrBase@UIDispatch@@@ATL@@QBEPAUIDispatch@@XZ 7c63b540 f i stdafx.obj
 0001:0000a540       ??C?$CComPtrBase@UIViewObjectEx@@@ATL@@QBEPAV?$_NoAddRefReleaseOnCComPtr@UIViewObjectEx@@@1@XZ 7c63b540 f i stdafx.obj
 0001:0000a540       ??C?$CComPtrBase@UIObjectWithSite@@@ATL@@QBEPAV?$_NoAddRefReleaseOnCComPtr@UIObjectWithSite@@@1@XZ 7c63b540 f i stdafx.obj
 0001:0000a540       ??C?$CComPtrBase@UICatRegister@@@ATL@@QBEPAV?$_NoAddRefReleaseOnCComPtr@UICatRegister@@@1@XZ 7c63b540 f i stdafx.obj
 0001:0000a540       ??B?$CComPtrBase@UIRegistrar@@@ATL@@QBEPAUIRegistrar@@XZ 7c63b540 f i atl.obj
 0001:0000a540       ??B?$CTempBuffer@E$0BAA@VCCRTAllocator@ATL@@@ATL@@QBEPAEXZ 7c63b540 f i atl.obj
 0001:0000a540       ??B?$CTempBuffer@D$0EAA@VCCRTAllocator@ATL@@@ATL@@QBEPADXZ 7c63b540 f i atl.obj
 0001:0000a540       ??B?$CComPtrBase@UIOleInPlaceObjectWindowless@@@ATL@@QBEPAUIOleInPlaceObjectWindowless@@XZ 7c63b540 f i stdafx.obj
 0001:0000a540       ??C?$CComPtrBase@UIConnectionPointContainer@@@ATL@@QBEPAV?$_NoAddRefReleaseOnCComPtr@UIConnectionPointContainer@@@1@XZ 7c63b540 f i stdafx.obj
 0001:0000a540       ??BCWindow@ATL@@QBEPAUHWND__@@XZ 7c63b540 f i stdafx.obj
 0001:0000a540       ??B?$CTempBuffer@_W$0BAA@VCCRTAllocator@ATL@@@ATL@@QBEPA_WXZ 7c63b540 f i atl.obj
 0001:0000a540       ??C?$CComPtrBase@UIPersistStreamInit@@@ATL@@QBEPAV?$_NoAddRefReleaseOnCComPtr@UIPersistStreamInit@@@1@XZ 7c63b540 f i stdafx.obj
 0001:0000a540       ??B?$CComPtrBase@UIDocHostUIHandlerDispatch@@@ATL@@QBEPAUIDocHostUIHandlerDispatch@@XZ 7c63b540 f i stdafx.obj
 0001:0000a540       ??B?$CComPtrBase@UIWebBrowser2@@@ATL@@QBEPAUIWebBrowser2@@XZ 7c63b540 f i stdafx.obj
 0001:0000a540       ??C?$CComPtrBase@UIPersistStream@@@ATL@@QBEPAV?$_NoAddRefReleaseOnCComPtr@UIPersistStream@@@1@XZ 7c63b540 f i stdafx.obj
 0001:0000a540       ??B?$CComPtrBase@UIAdviseSink@@@ATL@@QBEPAUIAdviseSink@@XZ 7c63b540 f i stdafx.obj
 0001:0000a540       ??C?$CComPtrBase@UIRegistrar@@@ATL@@QBEPAV?$_NoAddRefReleaseOnCComPtr@UIRegistrar@@@1@XZ 7c63b540 f i atl.obj
 0001:0000a540       ??B?$CComPtrBase@UIErrorInfo@@@ATL@@QBEPAUIErrorInfo@@XZ 7c63b540 f i stdafx.obj
 0001:0000a540       ??BCRegKey@ATL@@QBEPAUHKEY__@@XZ 7c63b540 f i atl.obj
 0001:0000a550       ?Free@?$CAutoStackPtr@_W@ATL@@QAEXXZ 7c63b550 f i stdafx.obj
 0001:0000a580       __freea                    7c63b580 f i stdafx.obj
 0001:0000a5c0       ??0?$CComPolyObject@VCAxHostWindow@ATL@@@ATL@@QAE@PAX@Z 7c63b5c0 f i stdafx.obj
 0001:0000a630       ?_AtlInitialConstruct@?$CComPolyObject@VCAxHostWindow@ATL@@@ATL@@QAEJXZ 7c63b630 f i stdafx.obj
 0001:0000a670       ?FinalConstruct@CComObjectRootBase@ATL@@QAEJXZ 7c63b670 f i atl.obj
 0001:0000a670       ?_AtlInitialConstruct@?$CComObjectRootEx@VCComSingleThreadModel@ATL@@@ATL@@QAEJXZ 7c63b670 f i stdafx.obj
 0001:0000a670       ?_AtlFinalConstruct@CComObjectRootBase@ATL@@QAEJXZ 7c63b670 f i atl.obj
 0001:0000a680       ?FinalConstruct@?$CComPolyObject@VCAxHostWindow@ATL@@@ATL@@QAEJXZ 7c63b680 f i stdafx.obj
 0001:0000a6c0       ?InternalAddRef@?$CComObjectRootEx@VCComSingleThreadModel@ATL@@@ATL@@QAEKXZ 7c63b6c0 f i stdafx.obj
 0001:0000a6e0       ?Increment@CComSingleThreadModel@ATL@@SGKPAJ@Z 7c63b6e0 f i stdafx.obj
 0001:0000a700       ?InternalRelease@?$CComObjectRootEx@VCComSingleThreadModel@ATL@@@ATL@@QAEKXZ 7c63b700 f i stdafx.obj
 0001:0000a720       ?Decrement@CComSingleThreadModel@ATL@@SGKPAJ@Z 7c63b720 f i stdafx.obj
 0001:0000a740       ?AddRef@?$CComPolyObject@VCAxHostWindow@ATL@@@ATL@@UAGKXZ 7c63b740 f i stdafx.obj
 0001:0000a760       ?Release@?$CComPolyObject@VCAxHostWindow@ATL@@@ATL@@UAGKXZ 7c63b760 f i stdafx.obj
 0001:0000a7b0       ?QueryInterface@?$CComPolyObject@VCAxHostWindow@ATL@@@ATL@@UAGJABU_GUID@@PAPAX@Z 7c63b7b0 f i stdafx.obj
 0001:0000a820       ?_InternalQueryInterface@CAxHostWindow@ATL@@QAEJABU_GUID@@PAPAX@Z 7c63b820 f i stdafx.obj
 0001:0000a850       ?_GetEntries@CAxHostWindow@ATL@@SGPBU_ATL_INTMAP_ENTRY@2@XZ 7c63b850 f i stdafx.obj
 0001:0000a860       ??_G?$CComPolyObject@VCAxHostWindow@ATL@@@ATL@@UAEPAXI@Z 7c63b860 f i stdafx.obj
 0001:0000a860       ??_E?$CComPolyObject@VCAxHostWindow@ATL@@@ATL@@UAEPAXI@Z 7c63b860 f i stdafx.obj
 0001:0000a890       ??1?$CComPolyObject@VCAxHostWindow@ATL@@@ATL@@UAE@XZ 7c63b890 f i stdafx.obj
 0001:0000a900       ??1?$CComObjectRootEx@VCComSingleThreadModel@ATL@@@ATL@@QAE@XZ 7c63b900 f i stdafx.obj
 0001:0000a920       ??1?$CComContainedObject@VCAxHostWindow@ATL@@@ATL@@UAE@XZ 7c63b920 f i stdafx.obj
 0001:0000a940       ??1CAxHostWindow@ATL@@UAE@XZ 7c63b940 f i stdafx.obj
 0001:0000aa60       ??1?$CWindowImplBaseT@VCWindow@ATL@@V?$CWinTraits@$0FGAAAAAA@$0A@@2@@ATL@@UAE@XZ 7c63ba60 f i stdafx.obj
 0001:0000aa80       ??1?$CWindowImplRoot@VCWindow@ATL@@@ATL@@UAE@XZ 7c63ba80 f i stdafx.obj
 0001:0000aaa0       ??1?$IObjectWithSiteImpl@VCAxHostWindow@ATL@@@ATL@@UAE@XZ 7c63baa0 f i stdafx.obj
 0001:0000aac0       ??1?$IDispatchImpl@UIAxWinAmbientDispatchEx@@$1?_GUID_b2d0778b_ac99_4c58_a5c8_e7724e5316b5@@3U__s_GUID@@B$1?m_libid@CAtlModule@ATL@@2U_GUID@@A$0PPPP@$0PPPP@VCComTypeInfoHolder@ATL@@@ATL@@UAE@XZ 7c63bac0 f i stdafx.obj
 0001:0000aae0       ??1CComTypeInfoHolder@ATL@@QAE@XZ 7c63bae0 f i stdafx.obj
 0001:0000ab50       ??1CWndProcThunk@ATL@@QAE@XZ 7c63bb50 f i stdafx.obj
 0001:0000ab70       ??1CDynamicStdCallThunk@ATL@@QAE@XZ 7c63bb70 f i stdafx.obj
 0001:0000aba0       ??3_stdcallthunk@ATL@@SAXPAX@Z 7c63bba0 f i stdafx.obj
 0001:0000abb0       ?FinalRelease@?$CComPolyObject@VCAxHostWindow@ATL@@@ATL@@QAEXXZ 7c63bbb0 f i stdafx.obj
 0001:0000abe0       ?FinalRelease@CAxHostWindow@ATL@@QAEXXZ 7c63bbe0 f i stdafx.obj
 0001:0000ac00       ?ReleaseAll@CAxHostWindow@ATL@@QAEXXZ 7c63bc00 f i stdafx.obj
 0001:0000aeb0       ??8?$CComPtrBase@UIOleControl@@@ATL@@QBE_NPAUIOleControl@@@Z 7c63beb0 f i stdafx.obj
 0001:0000aeb0       ??8?$CComPtrBase@UIViewObjectEx@@@ATL@@QBE_NPAUIViewObjectEx@@@Z 7c63beb0 f i stdafx.obj
 0001:0000aeb0       ??8?$CComPtrBase@UIDispatch@@@ATL@@QBE_NPAUIDispatch@@@Z 7c63beb0 f i stdafx.obj
 0001:0000aeb0       ??8?$CComPtrBase@UIOleObject@@@ATL@@QBE_NPAUIOleObject@@@Z 7c63beb0 f i stdafx.obj
 0001:0000aeb0       ??8?$CComPtrBase@UIRegistrar@@@ATL@@QBE_NPAUIRegistrar@@@Z 7c63beb0 f i atl.obj
 0001:0000aeb0       ??8?$CComPtrBase@UIPersistStream@@@ATL@@QBE_NPAUIPersistStream@@@Z 7c63beb0 f i stdafx.obj
 0001:0000aeb0       ??8?$CComPtrBase@UIDocHostUIHandlerDispatch@@@ATL@@QBE_NPAUIDocHostUIHandlerDispatch@@@Z 7c63beb0 f i stdafx.obj
 0001:0000aeb0       ??8?$CComPtrBase@UIObjectWithSite@@@ATL@@QBE_NPAUIObjectWithSite@@@Z 7c63beb0 f i stdafx.obj
 0001:0000aeb0       ??8?$CComPtrBase@UIProvideClassInfo2@@@ATL@@QBE_NPAUIProvideClassInfo2@@@Z 7c63beb0 f i stdafx.obj
 0001:0000aeb0       ??8?$CComPtrBase@UIUnknown@@@ATL@@QBE_NPAUIUnknown@@@Z 7c63beb0 f i stdafx.obj
 0001:0000aeb0       ??8?$CComPtrBase@UIFontDisp@@@ATL@@QBE_NPAUIFontDisp@@@Z 7c63beb0 f i stdafx.obj
 0001:0000aeb0       ??8?$CComPtrBase@UIOleInPlaceActiveObject@@@ATL@@QBE_NPAUIOleInPlaceActiveObject@@@Z 7c63beb0 f i stdafx.obj
 0001:0000aeb0       ??8?$CComPtrBase@UIOleClientSite@@@ATL@@QBE_NPAUIOleClientSite@@@Z 7c63beb0 f i stdafx.obj
 0001:0000aed0       ??0?$CComContainedObject@VCAxHostWindow@ATL@@@ATL@@QAE@PAX@Z 7c63bed0 f i stdafx.obj
 0001:0000af60       ??0CAxHostWindow@ATL@@QAE@XZ 7c63bf60 f i stdafx.obj
 0001:0000b230       ?OnFinalMessage@CAxHostWindow@ATL@@UAEXPAUHWND__@@@Z 7c63c230 f i stdafx.obj
 0001:0000b260       ?ProcessWindowMessage@CAxHostWindow@ATL@@UAEHPAUHWND__@@IIJAAJK@Z 7c63c260 f i stdafx.obj
 0001:0000bb40       ?OnForwardMsg@CAxHostWindow@ATL@@QAEJIIJAAH@Z 7c63cb40 f i stdafx.obj
 0001:0000bbc0       ?OnGetUnknown@CAxHostWindow@ATL@@QAEJIIJAAH@Z 7c63cbc0 f i stdafx.obj
 0001:0000bbf0       ?OnGetControl@CAxHostWindow@ATL@@QAEJIIJAAH@Z 7c63cbf0 f i stdafx.obj
 0001:0000bc30       ?OnEraseBackground@CAxHostWindow@ATL@@QAEJIIJAAH@Z 7c63cc30 f i stdafx.obj
 0001:0000bc70       ?OnMouseActivate@CAxHostWindow@ATL@@QAEJIIJAAH@Z 7c63cc70 f i stdafx.obj
 0001:0000bd70       ?OnSetFocus@CAxHostWindow@ATL@@QAEJIIJAAH@Z 7c63cd70 f i stdafx.obj
 0001:0000bec0       ?IsChild@CWindow@ATL@@QBEHPAUHWND__@@@Z 7c63cec0 f i stdafx.obj
 0001:0000bee0       ?OnKillFocus@CAxHostWindow@ATL@@QAEJIIJAAH@Z 7c63cee0 f i stdafx.obj
 0001:0000bf10       ?OnSize@CAxHostWindow@ATL@@QAEJIIJAAH@Z 7c63cf10 f i stdafx.obj
 0001:0000c070       ?OnDestroy@CAxHostWindow@ATL@@QAEJIIJAAH@Z 7c63d070 f i stdafx.obj
 0001:0000c0d0       ?OnWindowMessage@CAxHostWindow@ATL@@QAEJIIJAAH@Z 7c63d0d0 f i stdafx.obj
 0001:0000c170       ?OnWindowlessMouseMessage@CAxHostWindow@ATL@@QAEJIIJAAH@Z 7c63d170 f i stdafx.obj
 0001:0000c200       ?OnPaint@CAxHostWindow@ATL@@QAEJIIJAAH@Z 7c63d200 f i stdafx.obj
 0001:0000c500       ?GetClientRect@CWindow@ATL@@QBEHPAUtagRECT@@@Z 7c63d500 f i stdafx.obj
 0001:0000c520       ?CreateControl@CAxHostWindow@ATL@@UAGJPB_WPAUHWND__@@PAUIStream@@@Z 7c63d520 f i stdafx.obj
 0001:0000c570       ?CreateControlEx@CAxHostWindow@ATL@@UAGJPB_WPAUHWND__@@PAUIStream@@PAPAUIUnknown@@ABU_GUID@@PAU5@@Z 7c63d570 f i stdafx.obj
 0001:0000c5a0       ?AttachControl@CAxHostWindow@ATL@@UAGJPAUIUnknown@@PAUHWND__@@@Z 7c63d5a0 f i stdafx.obj
 0001:0000c680       ?RedrawWindow@CWindow@ATL@@QAEHPBUtagRECT@@PAUHRGN__@@I@Z 7c63d680 f i stdafx.obj
 0001:0000c6b0       ?QueryControl@CAxHostWindow@ATL@@UAGJABU_GUID@@PAPAX@Z 7c63d6b0 f i stdafx.obj
 0001:0000c720       ?SetExternalDispatch@CAxHostWindow@ATL@@UAGJPAUIDispatch@@@Z 7c63d720 f i stdafx.obj
 0001:0000c740       ?SetExternalUIHandler@CAxHostWindow@ATL@@UAGJPAUIDocHostUIHandlerDispatch@@@Z 7c63d740 f i stdafx.obj
 0001:0000c760       ?CreateControlLic@CAxHostWindow@ATL@@UAGJPB_WPAUHWND__@@PAUIStream@@PA_W@Z 7c63d760 f i stdafx.obj
 0001:0000c7b0       ?CreateControlLicEx@CAxHostWindow@ATL@@UAGJPB_WPAUHWND__@@PAUIStream@@PAPAUIUnknown@@ABU_GUID@@PAU5@PA_W@Z 7c63d7b0 f i stdafx.obj
 0001:0000cc90       ??0CComVariant@ATL@@QAE@PB_W@Z 7c63dc90 f i stdafx.obj
 0001:0000ccc0       ??4CComVariant@ATL@@QAEAAV01@PB_W@Z 7c63dcc0 f i stdafx.obj
 0001:0000cd30       ?GetStyle@CWindow@ATL@@QBEKXZ 7c63dd30 f i stdafx.obj
 0001:0000cd50       ?SetWindowLongW@CWindow@ATL@@QAEJHJ@Z 7c63dd50 f i stdafx.obj
 0001:0000cd80       ?SetWindowPos@CWindow@ATL@@QAEHPAUHWND__@@HHHHI@Z 7c63dd80 f i stdafx.obj
 0001:0000cdc0       ?IsParentDialog@CWindow@ATL@@QAEHXZ 7c63ddc0 f i stdafx.obj
 0001:0000ce20       ?GetParent@CWindow@ATL@@QBE?AV12@XZ 7c63de20 f i stdafx.obj
 0001:0000ce50       ?FindOneOf@CAtlModule@ATL@@SAPB_WPB_W0@Z 7c63de50 f i stdafx.obj
 0001:0000cec0       ?ShowContextMenu@CAxHostWindow@ATL@@UAGJKPAUtagPOINT@@PAUIUnknown@@PAUIDispatch@@@Z 7c63dec0 f i stdafx.obj
 0001:0000cf40       ?GetHostInfo@CAxHostWindow@ATL@@UAGJPAU_DOCHOSTUIINFO@@@Z 7c63df40 f i stdafx.obj
 0001:0000cfc0       ?ShowUI@CAxHostWindow@ATL@@UAGJKPAUIOleInPlaceActiveObject@@PAUIOleCommandTarget@@PAUIOleInPlaceFrame@@PAUIOleInPlaceUIWindow@@@Z 7c63dfc0 f i stdafx.obj
 0001:0000d030       ?HideUI@CAxHostWindow@ATL@@UAGJXZ 7c63e030 f i stdafx.obj
 0001:0000d080       ?UpdateUI@CAxHostWindow@ATL@@UAGJXZ 7c63e080 f i stdafx.obj
 0001:0000d0d0       ?EnableModeless@CAxHostWindow@ATL@@UAGJH@Z 7c63e0d0 f i stdafx.obj
 0001:0000d130       ?OnDocWindowActivate@CAxHostWindow@ATL@@UAGJH@Z 7c63e130 f i stdafx.obj
 0001:0000d190       ?OnFrameWindowActivate@CAxHostWindow@ATL@@UAGJH@Z 7c63e190 f i stdafx.obj
 0001:0000d1f0       ?ResizeBorder@CAxHostWindow@ATL@@UAGJPBUtagRECT@@PAUIOleInPlaceUIWindow@@H@Z 7c63e1f0 f i stdafx.obj
 0001:0000d260       ?TranslateAcceleratorW@CAxHostWindow@ATL@@UAGJPAUtagMSG@@PBU_GUID@@K@Z 7c63e260 f i stdafx.obj
 0001:0000d2f0       ??0CComBSTR@ATL@@QAE@ABU_GUID@@@Z 7c63e2f0 f i stdafx.obj
 0001:0000d370       ?GetOptionKeyPath@CAxHostWindow@ATL@@UAGJPAPA_WK@Z 7c63e370 f i stdafx.obj
 0001:0000d470       ?ByteLength@CComBSTR@ATL@@QBEIXZ 7c63e470 f i stdafx.obj
 0001:0000d490       ?GetDropTarget@CAxHostWindow@ATL@@UAGJPAUIDropTarget@@PAPAU3@@Z 7c63e490 f i stdafx.obj
 0001:0000d570       ?GetExternal@CAxHostWindow@ATL@@UAGJPAPAUIDispatch@@@Z 7c63e570 f i stdafx.obj
 0001:0000d610       ?TranslateUrl@CAxHostWindow@ATL@@UAGJKPA_WPAPA_W@Z 7c63e610 f i stdafx.obj
 0001:0000d720       ?FilterDataObject@CAxHostWindow@ATL@@UAGJPAUIDataObject@@PAPAU3@@Z 7c63e720 f i stdafx.obj
 0001:0000d7e0       ?Invoke@CAxHostWindow@ATL@@UAGJJABU_GUID@@KGPAUtagDISPPARAMS@@PAUtagVARIANT@@PAUtagEXCEPINFO@@PAI@Z 7c63e7e0 f i stdafx.obj
 0001:0000d8b0       ?FireAmbientPropertyChange@CAxHostWindow@ATL@@QAEJJ@Z 7c63e8b0 f i stdafx.obj
 0001:0000d920       ?put_AllowWindowlessActivation@CAxHostWindow@ATL@@UAGJF@Z 7c63e920 f i stdafx.obj
 0001:0000d950       ?get_AllowWindowlessActivation@CAxHostWindow@ATL@@UAGJPAF@Z 7c63e950 f i stdafx.obj
 0001:0000d980       ?put_BackColor@CAxHostWindow@ATL@@UAGJK@Z 7c63e980 f i stdafx.obj
 0001:0000d9c0       ?get_BackColor@CAxHostWindow@ATL@@UAGJPAK@Z 7c63e9c0 f i stdafx.obj
 0001:0000d9f0       ?put_ForeColor@CAxHostWindow@ATL@@UAGJK@Z 7c63e9f0 f i stdafx.obj
 0001:0000da20       ?get_ForeColor@CAxHostWindow@ATL@@UAGJPAK@Z 7c63ea20 f i stdafx.obj
 0001:0000da50       ?put_LocaleID@CAxHostWindow@ATL@@UAGJK@Z 7c63ea50 f i stdafx.obj
 0001:0000da80       ?get_LocaleID@CAxHostWindow@ATL@@UAGJPAK@Z 7c63ea80 f i stdafx.obj
 0001:0000dab0       ?put_UserMode@CAxHostWindow@ATL@@UAGJF@Z 7c63eab0 f i stdafx.obj
 0001:0000daf0       ?get_UserMode@CAxHostWindow@ATL@@UAGJPAF@Z 7c63eaf0 f i stdafx.obj
 0001:0000db20       ?put_DisplayAsDefault@CAxHostWindow@ATL@@UAGJF@Z 7c63eb20 f i stdafx.obj
 0001:0000db60       ?get_DisplayAsDefault@CAxHostWindow@ATL@@UAGJPAF@Z 7c63eb60 f i stdafx.obj
 0001:0000db90       ?put_Font@CAxHostWindow@ATL@@UAGJPAUIFontDisp@@@Z 7c63eb90 f i stdafx.obj
 0001:0000dbc0       ?get_Font@CAxHostWindow@ATL@@UAGJPAPAUIFontDisp@@@Z 7c63ebc0 f i stdafx.obj
 0001:0000de10       ?put_MessageReflect@CAxHostWindow@ATL@@UAGJF@Z 7c63ee10 f i stdafx.obj
 0001:0000de50       ?get_MessageReflect@CAxHostWindow@ATL@@UAGJPAF@Z 7c63ee50 f i stdafx.obj
 0001:0000de80       ?get_ShowGrabHandles@CAxHostWindow@ATL@@UAGJPAF@Z 7c63ee80 f i stdafx.obj
 0001:0000dea0       ?get_ShowHatching@CAxHostWindow@ATL@@UAGJPAF@Z 7c63eea0 f i stdafx.obj
 0001:0000dec0       ?put_DocHostFlags@CAxHostWindow@ATL@@UAGJK@Z 7c63eec0 f i stdafx.obj
 0001:0000def0       ?get_DocHostFlags@CAxHostWindow@ATL@@UAGJPAK@Z 7c63eef0 f i stdafx.obj
 0001:0000df20       ?put_DocHostDoubleClickFlags@CAxHostWindow@ATL@@UAGJK@Z 7c63ef20 f i stdafx.obj
 0001:0000df40       ?get_DocHostDoubleClickFlags@CAxHostWindow@ATL@@UAGJPAK@Z 7c63ef40 f i stdafx.obj
 0001:0000df70       ?put_AllowContextMenu@CAxHostWindow@ATL@@UAGJF@Z 7c63ef70 f i stdafx.obj
 0001:0000dfa0       ?get_AllowContextMenu@CAxHostWindow@ATL@@UAGJPAF@Z 7c63efa0 f i stdafx.obj
 0001:0000dfd0       ?put_AllowShowUI@CAxHostWindow@ATL@@UAGJF@Z 7c63efd0 f i stdafx.obj
 0001:0000e000       ?get_AllowShowUI@CAxHostWindow@ATL@@UAGJPAF@Z 7c63f000 f i stdafx.obj
 0001:0000e030       ?put_OptionKeyPath@CAxHostWindow@ATL@@UAGJPA_W@Z 7c63f030 f i stdafx.obj
 0001:0000e050       ??4CComBSTR@ATL@@QAEAAV01@PB_W@Z 7c63f050 f i stdafx.obj
 0001:0000e0b0       ?get_OptionKeyPath@CAxHostWindow@ATL@@UAGJPAPA_W@Z 7c63f0b0 f i stdafx.obj
 0001:0000e0e0       ?SetAmbientDispatch@CAxHostWindow@ATL@@UAGJPAUIDispatch@@@Z 7c63f0e0 f i stdafx.obj
 0001:0000e100       ?SetSite@CAxHostWindow@ATL@@UAGJPAUIUnknown@@@Z 7c63f100 f i stdafx.obj
 0001:0000e180       ?GetContainer@CAxHostWindow@ATL@@UAGJPAPAUIOleContainer@@@Z 7c63f180 f i stdafx.obj
 0001:0000e210       ?ShowObject@CAxHostWindow@ATL@@UAGJXZ 7c63f210 f i stdafx.obj
 0001:0000e2a0       ?GetDC@CWindow@ATL@@QAEPAUHDC__@@XZ 7c63f2a0 f i stdafx.obj
 0001:0000e2c0       ?ReleaseDC@CWindow@ATL@@QAEHPAUHDC__@@@Z 7c63f2c0 f i stdafx.obj
 0001:0000e2e0       ?OnShowWindow@CAxHostWindow@ATL@@UAGJH@Z 7c63f2e0 f i stdafx.obj
 0001:0000e2e0       ?ContextSensitiveHelp@CAxHostWindow@ATL@@UAGJH@Z 7c63f2e0 f i stdafx.obj
 0001:0000e2f0       ?GetWindow@CAxHostWindow@ATL@@UAGJPAPAUHWND__@@@Z 7c63f2f0 f i stdafx.obj
 0001:0000e330       ?OnInPlaceActivate@CAxHostWindow@ATL@@UAGJXZ 7c63f330 f i stdafx.obj
 0001:0000e3b0       ?OnUIActivate@CAxHostWindow@ATL@@UAGJXZ 7c63f3b0 f i stdafx.obj
 0001:0000e3d0       ?GetWindowContext@CAxHostWindow@ATL@@UAGJPAPAUIOleInPlaceFrame@@PAPAUIOleInPlaceUIWindow@@PAUtagRECT@@2PAUtagOIFI@@@Z 7c63f3d0 f i stdafx.obj
 0001:0000e5a0       ?Scroll@CAxHostWindow@ATL@@UAGJUtagSIZE@@@Z 7c63f5a0 f i stdafx.obj
 0001:0000e5b0       ?OnUIDeactivate@CAxHostWindow@ATL@@UAGJH@Z 7c63f5b0 f i stdafx.obj
 0001:0000e5d0       ?OnInPlaceDeactivate@CAxHostWindow@ATL@@UAGJXZ 7c63f5d0 f i stdafx.obj
 0001:0000e600       ?DeactivateAndUndo@CAxHostWindow@ATL@@UAGJXZ 7c63f600 f i stdafx.obj
 0001:0000e600       ?DiscardUndoState@CAxHostWindow@ATL@@UAGJXZ 7c63f600 f i stdafx.obj
 0001:0000e600       ?SaveObject@CAxHostWindow@ATL@@UAGJXZ 7c63f600 f i stdafx.obj
 0001:0000e600       ?ShowPropertyFrame@CAxHostWindow@ATL@@UAGJXZ 7c63f600 f i stdafx.obj
 0001:0000e600       ?RequestNewObjectLayout@CAxHostWindow@ATL@@UAGJXZ 7c63f600 f i stdafx.obj
 0001:0000e610       ?OnPosRectChange@CAxHostWindow@ATL@@UAGJPBUtagRECT@@@Z 7c63f610 f i stdafx.obj
 0001:0000e6b0       ?MoveWindow@CWindow@ATL@@QAEHPBUtagRECT@@H@Z 7c63f6b0 f i stdafx.obj
 0001:0000e700       ?ClientToScreen@CWindow@ATL@@QBEHPAUtagRECT@@@Z 7c63f700 f i stdafx.obj
 0001:0000e740       ?ScreenToClient@CWindow@ATL@@QBEHPAUtagRECT@@@Z 7c63f740 f i stdafx.obj
 0001:0000e780       ?OnInPlaceActivateEx@CAxHostWindow@ATL@@UAGJPAHK@Z 7c63f780 f i stdafx.obj
 0001:0000e8a0       ?OnInPlaceDeactivateEx@CAxHostWindow@ATL@@UAGJH@Z 7c63f8a0 f i stdafx.obj
 0001:0000e8d0       ?CanWindowlessActivate@CAxHostWindow@ATL@@UAGJXZ 7c63f8d0 f i stdafx.obj
 0001:0000e8f0       ?GetCapture@CAxHostWindow@ATL@@UAGJXZ 7c63f8f0 f i stdafx.obj
 0001:0000e910       ?SetCapture@CAxHostWindow@ATL@@UAGJH@Z 7c63f910 f i stdafx.obj
 0001:0000e960       ?SetCapture@CWindow@ATL@@QAEPAUHWND__@@XZ 7c63f960 f i stdafx.obj
 0001:0000e980       ?GetFocus@CAxHostWindow@ATL@@UAGJXZ 7c63f980 f i stdafx.obj
 0001:0000e9a0       ?SetFocus@CAxHostWindow@ATL@@UAGJH@Z 7c63f9a0 f i stdafx.obj
 0001:0000e9d0       ?GetDC@CAxHostWindow@ATL@@UAGJPBUtagRECT@@KPAPAUHDC__@@@Z 7c63f9d0 f i stdafx.obj
 0001:0000eb00       ?ReleaseDC@CAxHostWindow@ATL@@UAGJPAUHDC__@@@Z 7c63fb00 f i stdafx.obj
 0001:0000eb80       ?InvalidateRect@CAxHostWindow@ATL@@UAGJPBUtagRECT@@H@Z 7c63fb80 f i stdafx.obj
 0001:0000eba0       ?InvalidateRect@CWindow@ATL@@QAEHPBUtagRECT@@H@Z 7c63fba0 f i stdafx.obj
 0001:0000ebd0       ?InvalidateRgn@CAxHostWindow@ATL@@UAGJPAUHRGN__@@H@Z 7c63fbd0 f i stdafx.obj
 0001:0000ebf0       ?InvalidateRgn@CWindow@ATL@@QAEXPAUHRGN__@@H@Z 7c63fbf0 f i stdafx.obj
 0001:0000ec20       ?ScrollRect@CAxHostWindow@ATL@@UAGJHHPBUtagRECT@@0@Z 7c63fc20 f i stdafx.obj
 0001:0000ec30       ?SetBorderSpace@CAxFrameWindow@ATL@@UAGJPBUtagRECT@@@Z 7c63fc30 f i stdafx.obj
 0001:0000ec30       ?SetBorderSpace@CAxUIWindow@ATL@@UAGJPBUtagRECT@@@Z 7c63fc30 f i stdafx.obj
 0001:0000ec30       ?EnableModeless@CAxFrameWindow@ATL@@UAGJH@Z 7c63fc30 f i stdafx.obj
 0001:0000ec30       ?SetStatusText@CAxFrameWindow@ATL@@UAGJPB_W@Z 7c63fc30 f i stdafx.obj
 0001:0000ec30       ?GetBorder@CAxFrameWindow@ATL@@UAGJPAUtagRECT@@@Z 7c63fc30 f i stdafx.obj
 0001:0000ec30       ?GetBorder@CAxUIWindow@ATL@@UAGJPAUtagRECT@@@Z 7c63fc30 f i stdafx.obj
 0001:0000ec30       ?ContextSensitiveHelp@CAxUIWindow@ATL@@UAGJH@Z 7c63fc30 f i stdafx.obj
 0001:0000ec30       ?RemoveMenus@CAxFrameWindow@ATL@@UAGJPAUHMENU__@@@Z 7c63fc30 f i stdafx.obj
 0001:0000ec30       ?ContextSensitiveHelp@CAxFrameWindow@ATL@@UAGJH@Z 7c63fc30 f i stdafx.obj
 0001:0000ec30       ?LockInPlaceActive@CAxHostWindow@ATL@@UAGJH@Z 7c63fc30 f i stdafx.obj
 0001:0000ec30       ?AdjustRect@CAxHostWindow@ATL@@UAGJPAUtagRECT@@@Z 7c63fc30 f i stdafx.obj
 0001:0000ec40       ?OnDefWindowMessage@CAxHostWindow@ATL@@UAGJIIJPAJ@Z 7c63fc40 f i stdafx.obj
 0001:0000ec70       ?CanInPlaceActivate@CAxHostWindow@ATL@@UAGJXZ 7c63fc70 f i stdafx.obj
 0001:0000ec70       ?OnControlInfoChanged@CAxHostWindow@ATL@@UAGJXZ 7c63fc70 f i stdafx.obj
 0001:0000ec70       ?UpdateRegistry@CAxHostWindow@ATL@@SGJH@Z 7c63fc70 f i atl.obj
 0001:0000ec70       ?RequestUIActivate@CAxHostWindow@ATL@@UAGJXZ 7c63fc70 f i stdafx.obj
 0001:0000ec80       ?GetExtendedControl@CAxHostWindow@ATL@@UAGJPAPAUIDispatch@@@Z 7c63fc80 f i stdafx.obj
 0001:0000ecb0       ?GetMoniker@CAxHostWindow@ATL@@UAGJKKPAPAUIMoniker@@@Z 7c63fcb0 f i stdafx.obj
 0001:0000ecb0       ?TransformCoords@CAxHostWindow@ATL@@UAGJPAU_POINTL@@PAUtagPOINTF@@K@Z 7c63fcb0 f i stdafx.obj
 0001:0000ecc0       ?TranslateAcceleratorW@CAxFrameWindow@ATL@@UAGJPAUtagMSG@@G@Z 7c63fcc0 f i stdafx.obj
 0001:0000ecc0       ?TranslateAcceleratorW@CAxHostWindow@ATL@@UAGJPAUtagMSG@@K@Z 7c63fcc0 f i stdafx.obj
 0001:0000ecd0       ?OnFocus@CAxHostWindow@ATL@@UAGJH@Z 7c63fcd0 f i stdafx.obj
 0001:0000ed00       ?OnViewChange@CAxHostWindow@ATL@@UAGXKJ@Z 7c63fd00 f i stdafx.obj
 0001:0000ed00       ?OnDataChange@CAxHostWindow@ATL@@UAGXPAUtagFORMATETC@@PAUtagSTGMEDIUM@@@Z 7c63fd00 f i stdafx.obj
 0001:0000ed10       ?OnRename@CAxHostWindow@ATL@@UAGXPAUIMoniker@@@Z 7c63fd10 f i stdafx.obj
 0001:0000ed20       ?OnSave@CAxHostWindow@ATL@@UAGXXZ 7c63fd20 f i stdafx.obj
 0001:0000ed20       ?ObjectMain@CComObjectRootBase@ATL@@SGX_N@Z 7c63fd20 f i atl.obj
 0001:0000ed20       ?OnClose@CAxHostWindow@ATL@@UAGXXZ 7c63fd20 f i stdafx.obj
 0001:0000ed30       ?ParseDisplayName@CAxHostWindow@ATL@@UAGJPAUIBindCtx@@PA_WPAKPAPAUIMoniker@@@Z 7c63fd30 f i stdafx.obj
 0001:0000ed40       ?EnumObjects@CAxHostWindow@ATL@@UAGJKPAPAUIEnumUnknown@@@Z 7c63fd40 f i stdafx.obj
 0001:0000ee40       ?LockContainer@CAxHostWindow@ATL@@UAGJH@Z 7c63fe40 f i stdafx.obj
 0001:0000ee70       ?ActivateAx@CAxHostWindow@ATL@@QAEJPAUIUnknown@@_NPAUIStream@@@Z 7c63fe70 f i stdafx.obj
 0001:0000f490       ?SubclassWindow@CAxHostWindow@ATL@@QAEXPAUHWND__@@@Z 7c640490 f i stdafx.obj
 0001:0000f4d0       ?ReleaseWindow@CAxHostWindow@ATL@@QAEXXZ 7c6404d0 f i stdafx.obj
 0001:0000f520       ?ReflectNotifications@CAxHostWindow@ATL@@QAEJIIJAAH@Z 7c640520 f i stdafx.obj
 0001:0000f770       ?GetDlgItem@CWindow@ATL@@QBE?AV12@H@Z 7c640770 f i stdafx.obj
 0001:0000f7a0       ?QueryService@CAxHostWindow@ATL@@UAGJABU_GUID@@0PAPAX@Z 7c6407a0 f i stdafx.obj
 0001:0000f820       ??0?$CWindowImpl@VCAxUIWindow@ATL@@VCWindow@2@V?$CWinTraits@$0FGAAAAAA@$0A@@2@@ATL@@QAE@XZ 7c640820 f i stdafx.obj
 0001:0000f820       ??0?$CWindowImpl@VCAxFrameWindow@ATL@@VCWindow@2@V?$CWinTraits@$0FGAAAAAA@$0A@@2@@ATL@@QAE@XZ 7c640820 f i stdafx.obj
 0001:0000f820       ??0?$CWindowImpl@VCAxHostWindow@ATL@@VCWindow@2@V?$CWinTraits@$0FGAAAAAA@$0A@@2@@ATL@@QAE@XZ 7c640820 f i stdafx.obj
 0001:0000f840       ??0IOleInPlaceSiteWindowless@@QAE@XZ 7c640840 f i stdafx.obj
 0001:0000f860       ??0?$IObjectWithSiteImpl@VCAxHostWindow@ATL@@@ATL@@QAE@XZ 7c640860 f i stdafx.obj
 0001:0000f890       ??1?$CComQIPtr@UIPersistStream@@$1?_GUID_00000109_0000_0000_c000_000000000046@@3U__s_GUID@@B@ATL@@QAE@XZ 7c640890 f i stdafx.obj
 0001:0000f890       ??1?$CComQIPtr@UIAdviseSink@@$1?_GUID_0000010f_0000_0000_c000_000000000046@@3U__s_GUID@@B@ATL@@QAE@XZ 7c640890 f i stdafx.obj
 0001:0000f890       ??1?$CComQIPtr@UIOleControl@@$1?_GUID_b196b288_bab4_101a_b69c_00aa00341d07@@3U__s_GUID@@B@ATL@@QAE@XZ 7c640890 f i stdafx.obj
 0001:0000f890       ??1?$CComQIPtr@UIOleInPlaceActiveObject@@$1?_GUID_00000117_0000_0000_c000_000000000046@@3U__s_GUID@@B@ATL@@QAE@XZ 7c640890 f i stdafx.obj
 0001:0000f890       ??1?$CComQIPtr@UIOleClientSite@@$1?_GUID_00000118_0000_0000_c000_000000000046@@3U__s_GUID@@B@ATL@@QAE@XZ 7c640890 f i stdafx.obj
 0001:0000f890       ??1?$CComQIPtr@UIPersistStreamInit@@$1?_GUID_7fd52380_4e07_101b_ae2d_08002b2ec713@@3U__s_GUID@@B@ATL@@QAE@XZ 7c640890 f i stdafx.obj
 0001:0000f8b0       ??9?$CComPtrBase@UIOleInPlaceActiveObject@@@ATL@@QBE_NPAUIOleInPlaceActiveObject@@@Z 7c6408b0 f i stdafx.obj
 0001:0000f8b0       ??9?$CComPtrBase@UIUnknown@@@ATL@@QBE_NPAUIUnknown@@@Z 7c6408b0 f i stdafx.obj
 0001:0000f8b0       ??9?$CComPtrBase@UIDocHostUIHandlerDispatch@@@ATL@@QBE_NPAUIDocHostUIHandlerDispatch@@@Z 7c6408b0 f i stdafx.obj
 0001:0000f8b0       ??9?$CComPtrBase@UIDispatch@@@ATL@@QBE_NPAUIDispatch@@@Z 7c6408b0 f i stdafx.obj
 0001:0000f8b0       ??9?$CComPtrBase@UIFontDisp@@@ATL@@QBE_NPAUIFontDisp@@@Z 7c6408b0 f i stdafx.obj
 0001:0000f8b0       ??9?$CComPtrBase@UIOleObject@@@ATL@@QBE_NPAUIOleObject@@@Z 7c6408b0 f i stdafx.obj
 0001:0000f8b0       ??9?$CComPtrBase@UIOleClientSite@@@ATL@@QBE_NPAUIOleClientSite@@@Z 7c6408b0 f i stdafx.obj
 0001:0000f8b0       ??9?$CComPtrBase@UIPersistStream@@@ATL@@QBE_NPAUIPersistStream@@@Z 7c6408b0 f i stdafx.obj
 0001:0000f8b0       ??9?$CComPtrBase@UIRegistrar@@@ATL@@QBE_NPAUIRegistrar@@@Z 7c6408b0 f i atl.obj
 0001:0000f8b0       ??9?$CComPtrBase@UIOleControl@@@ATL@@QBE_NPAUIOleControl@@@Z 7c6408b0 f i stdafx.obj
 0001:0000f8b0       ??9?$CComPtrBase@UIObjectWithSite@@@ATL@@QBE_NPAUIObjectWithSite@@@Z 7c6408b0 f i stdafx.obj
 0001:0000f8b0       ??9?$CComPtrBase@UIViewObjectEx@@@ATL@@QBE_NPAUIViewObjectEx@@@Z 7c6408b0 f i stdafx.obj
 0001:0000f8b0       ??9?$CComPtrBase@UIProvideClassInfo2@@@ATL@@QBE_NPAUIProvideClassInfo2@@@Z 7c6408b0 f i stdafx.obj
 0001:0000f8e0       ??0?$CComPtr@UIUnknown@@@ATL@@QAE@PAUIUnknown@@@Z 7c6408e0 f i stdafx.obj
 0001:0000f900       ??0_U_RECT@ATL@@QAE@PAUtagRECT@@@Z 7c640900 f i stdafx.obj
 0001:0000f900       ??0CRegKey@ATL@@QAE@PAUHKEY__@@@Z 7c640900 f i stdafx.obj
 0001:0000f900       ??0CWindow@ATL@@QAE@PAUHWND__@@@Z 7c640900 f i stdafx.obj
 0001:0000f900       ??0?$CW2CWEX@$0IA@@ATL@@QAE@PB_W@Z 7c640900 f i stdafx.obj
 0001:0000f900       ??0?$CAutoStackPtr@_W@ATL@@QAE@PA_W@Z 7c640900 f i stdafx.obj
 0001:0000f900       ??0_U_MENUorID@ATL@@QAE@I@Z 7c640900 f i stdafx.obj
 0001:0000f920       ??0?$CWindowImplBaseT@VCWindow@ATL@@V?$CWinTraits@$0FGAAAAAA@$0A@@2@@ATL@@QAE@XZ 7c640920 f i stdafx.obj
 0001:0000f950       ?GetWindowProc@?$CWindowImplBaseT@VCWindow@ATL@@V?$CWinTraits@$0FGAAAAAA@$0A@@2@@ATL@@UAEP6GJPAUHWND__@@IIJ@ZXZ 7c640950 f i stdafx.obj
 0001:0000f960       ?DestroyWindow@?$CWindowImplBaseT@VCWindow@ATL@@V?$CWinTraits@$0FGAAAAAA@$0A@@2@@ATL@@QAEHXZ 7c640960 f i stdafx.obj
 0001:0000f980       ?DefWindowProcW@?$CWindowImplBaseT@VCWindow@ATL@@V?$CWinTraits@$0FGAAAAAA@$0A@@2@@ATL@@QAEJXZ 7c640980 f i stdafx.obj
 0001:0000f9d0       ?DefWindowProcW@?$CWindowImplBaseT@VCWindow@ATL@@V?$CWinTraits@$0FGAAAAAA@$0A@@2@@ATL@@QAEJIIJ@Z 7c6409d0 f i stdafx.obj
 0001:0000fa00       ?SetSite@?$IObjectWithSiteImpl@VCAxHostWindow@ATL@@@ATL@@UAGJPAUIUnknown@@@Z 7c640a00 f i stdafx.obj
 0001:0000fa40       ?GetSite@?$IObjectWithSiteImpl@VCAxHostWindow@ATL@@@ATL@@UAGJABU_GUID@@PAPAX@Z 7c640a40 f i stdafx.obj
 0001:0000fad0       ?GetTypeInfoCount@?$IDispatchImpl@UIAxWinAmbientDispatchEx@@$1?_GUID_b2d0778b_ac99_4c58_a5c8_e7724e5316b5@@3U__s_GUID@@B$1?m_libid@CAtlModule@ATL@@2U_GUID@@A$0PPPP@$0PPPP@VCComTypeInfoHolder@ATL@@@ATL@@UAGJPAI@Z 7c640ad0 f i stdafx.obj
 0001:0000faf0       ?GetTypeInfo@?$IDispatchImpl@UIAxWinAmbientDispatchEx@@$1?_GUID_b2d0778b_ac99_4c58_a5c8_e7724e5316b5@@3U__s_GUID@@B$1?m_libid@CAtlModule@ATL@@2U_GUID@@A$0PPPP@$0PPPP@VCComTypeInfoHolder@ATL@@@ATL@@UAGJIKPAPAUITypeInfo@@@Z 7c640af0 f i stdafx.obj
 0001:0000fb10       ?GetTypeInfo@CComTypeInfoHolder@ATL@@QAEJIKPAPAUITypeInfo@@@Z 7c640b10 f i stdafx.obj
 0001:0000fb30       ?GetTI@CComTypeInfoHolder@ATL@@QAEJKPAPAUITypeInfo@@@Z 7c640b30 f i stdafx.obj
 0001:0000fba0       ?GetTI@CComTypeInfoHolder@ATL@@QAEJK@Z 7c640ba0 f i stdafx.obj
 0001:0000fe70       ?LoadNameCache@CComTypeInfoHolder@ATL@@QAEJPAUITypeInfo@@@Z 7c640e70 f i stdafx.obj
 0001:00010060       ??0stringdispid@CComTypeInfoHolder@ATL@@QAE@XZ 7c641060 f i stdafx.obj
 0001:00010090       ??0?$CComPtr@UITypeInfo@@@ATL@@QAE@ABV01@@Z 7c641090 f i stdafx.obj
[...]
 0001:00013312       _OpenProcessToken@12       7c644312 f   atldload:user32.obj
 0001:0001331e       _CreateWindowExA@48        7c64431e f   atldload:user32.obj
 0001:0001331e       _CreateWindowExW@48        7c64431e f   atldload:user32.obj
 0001:0001332a       _DialogBoxIndirectParamW@20 7c64432a f   atldload:user32.obj
 0001:0001332a       _DialogBoxIndirectParamA@20 7c64432a f   atldload:user32.obj
 0001:0001332a       _MsgWaitForMultipleObjects@20 7c64432a f   atldload:user32.obj
 0001:00013337       _RegisterClassExW@4        7c644337 f   atldload:user32.obj
 0001:00013337       _RegisterClassExA@4        7c644337 f   atldload:user32.obj
 0001:00013337       _RegisterClassA@4          7c644337 f   atldload:user32.obj
 0001:00013344       _SetWindowPos@28           7c644344 f   atldload:user32.obj
 0001:00013350       _SysFreeString@4           7c644350 f   atldload:oleaut32.obj
 0001:00013350       _CoTaskMemFree@4           7c644350 f   atldload:oleaut32.obj
 0001:00013350       _ReleaseStgMedium@4        7c644350 f   atldload:oleaut32.obj
 0001:00013353       _VariantInit@4             7c644353 f   atldload:oleaut32.obj
 0001:00013361       _VariantClear@4            7c644361 f   atldload:oleaut32.obj
 0001:00013374       _SysAllocStringByteLen@8   7c644374 f   atldload:oleaut32.obj
 0001:00013374       _CoTaskMemRealloc@8        7c644374 f   atldload:oleaut32.obj
 0001:00013374       _CryptReleaseContext@8     7c644374 f   atldload:oleaut32.obj
 0001:00013374       _SystemTimeToVariantTime@8 7c644374 f   atldload:oleaut32.obj
 0001:00013374       _SysAllocStringLen@8       7c644374 f   atldload:oleaut32.obj
 0001:00013379       _SafeArrayGetElemsize@4    7c644379 f   atldload:oleaut32.obj
 0001:00013379       _DispatchMessageA@4        7c644379 f   atldload:oleaut32.obj
 0001:00013379       _CoTaskMemAlloc@4          7c644379 f   atldload:oleaut32.obj
 0001:00013379       _SysStringLen@4            7c644379 f   atldload:oleaut32.obj
 0001:00013379       _CryptDestroyHash@4        7c644379 f   atldload:oleaut32.obj
 0001:00013379       _SysStringByteLen@4        7c644379 f   atldload:oleaut32.obj
 0001:00013379       _SafeArrayGetDim@4         7c644379 f   atldload:oleaut32.obj
 0001:00013379       _CryptDestroyKey@4         7c644379 f   atldload:oleaut32.obj
 0001:00013379       _IsWindow@4                7c644379 f   atldload:oleaut32.obj
 0001:00013379       _SysAllocString@4          7c644379 f   atldload:oleaut32.obj
 0001:0001337e       _OleCreatePropertyFrame@44 7c64437e f   atldload:oleaut32.obj
 0001:00013386       _LoadRegTypeLib@20         7c644386 f   atldload:oleaut32.obj
 0001:0001338e       _SafeArrayAccessData@8     7c64438e f   atldload:oleaut32.obj
 0001:0001338e       _SafeArrayCopy@8           7c64438e f   atldload:oleaut32.obj
 0001:0001338e       _LoadTypeLib@8             7c64438e f   atldload:oleaut32.obj
 0001:0001338e       _SetErrorInfo@8            7c64438e f   atldload:oleaut32.obj
 0001:00013396       _OemToCharBuffA@12         7c644396 f   atldload:oleaut32.obj
 0001:00013396       _SafeArrayCreateVector@12  7c644396 f   atldload:oleaut32.obj
 0001:00013396       _CharToOemBuffA@12         7c644396 f   atldload:oleaut32.obj
 0001:00013396       _SafeArrayCreate@12        7c644396 f   atldload:oleaut32.obj
 0001:00013396       _StringFromGUID2@12        7c644396 f   atldload:oleaut32.obj
 0001:00013396       _VariantTimeToSystemTime@12 7c644396 f   atldload:oleaut32.obj
 0001:00013396       _DosDateTimeToVariantTime@12 7c644396 f   atldload:oleaut32.obj
 0001:0001339b       _VariantTimeToDosDateTime@16 7c64439b f   atldload:oleaut32.obj
 0001:0001339b       _CryptHashData@16          7c64439b f   atldload:oleaut32.obj
 0001:000133a0       _VarCmp@16                 7c6443a0 f   atldload:oleaut32.obj
 0001:000133a6       _SafeArrayPutElement@12    7c6443a6 f   atldload:oleaut32.obj
 0001:000133a6       _SafeArrayGetUBound@12     7c6443a6 f   atldload:oleaut32.obj
 0001:000133a6       _SafeArrayGetLBound@12     7c6443a6 f   atldload:oleaut32.obj
 0001:000133a6       _RegisterTypeLib@12        7c6443a6 f   atldload:oleaut32.obj
 0001:000133ae       _DispInvoke@32             7c6443ae f   atldload:oleaut32.obj
 0001:000133b6       _SafeArrayGetElement@12    7c6443b6 f   atldload:oleaut32.obj
 0001:000133be       _VariantChangeType@16      7c6443be f   atldload:oleaut32.obj
 0001:000133be       _VarUI4FromStr@16          7c6443be f   atldload:oleaut32.obj
 0001:000133c6       _CreateErrorInfo@4         7c6443c6 f   atldload:oleaut32.obj
 0001:000133c6       _SafeArrayDestroy@4        7c6443c6 f   atldload:oleaut32.obj
 0001:000133c6       _SafeArrayUnaccessData@4   7c6443c6 f   atldload:oleaut32.obj
 0001:000133c6       _OleCreatePropertyFrameIndirect@4 7c6443c6 f   atldload:oleaut32.obj
 0001:000133ce       _OleCreatePictureIndirect@16 7c6443ce f   atldload:oleaut32.obj
 0001:000133ce       _VarBstrFromDec@16         7c6443ce f   atldload:oleaut32.obj
 0001:000133ce       _VarDateFromStr@16         7c6443ce f   atldload:oleaut32.obj
 0001:000133ce       _CreateDataCache@16        7c6443ce f   atldload:oleaut32.obj
 0001:000133ce       _VarDecFromStr@16          7c6443ce f   atldload:oleaut32.obj
 0001:000133ce       _OleLoad@16                7c6443ce f   atldload:oleaut32.obj
 0001:000133ce       _VarCyFromStr@16           7c6443ce f   atldload:oleaut32.obj
 0001:000133ce       _VarBstrCmp@16             7c6443ce f   atldload:oleaut32.obj
 0001:000133d6       _VarBstrFromDate@20        7c6443d6 f   atldload:oleaut32.obj
 0001:000133d6       _VarParseNumFromStr@20     7c6443d6 f   atldload:oleaut32.obj
 0001:000133d6       _OleLoadPicture@20         7c6443d6 f   atldload:oleaut32.obj
 0001:000133d6       _UnRegisterTypeLib@20      7c6443d6 f   atldload:oleaut32.obj
 0001:000133d6       _VarBstrFromCy@20          7c6443d6 f   atldload:oleaut32.obj
 0001:000133de       _RegisterDragDrop@8        7c6443de f   atldload:ole32.obj
 0001:000133de       _OleRegEnumVerbs@8         7c6443de f   atldload:ole32.obj
 0001:000133de       _GetClassFile@8            7c6443de f   atldload:ole32.obj
 0001:000133de       _CreateFileMoniker@8       7c6443de f   atldload:ole32.obj
 0001:000133de       _WriteClassStm@8           7c6443de f   atldload:ole32.obj
 0001:000133de       _CoGetMalloc@8             7c6443de f   atldload:ole32.obj
 0001:000133de       _FreePropVariantArray@8    7c6443de f   atldload:ole32.obj
 0001:000133de       _CreateBindCtx@8           7c6443de f   atldload:ole32.obj
 0001:000133de       _StringFromCLSID@8         7c6443de f   atldload:ole32.obj
 0001:000133de       _ProgIDFromCLSID@8         7c6443de f   atldload:ole32.obj
 0001:000133de       _CoInitializeEx@8          7c6443de f   atldload:ole32.obj
 0001:000133de       _CoRegisterMessageFilter@8 7c6443de f   atldload:ole32.obj
 0001:000133de       _OleSaveToStream@8         7c6443de f   atldload:ole32.obj
 0001:000133de       _CoCancelCall@8            7c6443de f   atldload:ole32.obj
 0001:000133de       _CLSIDFromString@8         7c6443de f   atldload:ole32.obj
 0001:000133de       _CLSIDFromProgID@8         7c6443de f   atldload:ole32.obj
 0001:000133de       _PropVariantCopy@8         7c6443de f   atldload:ole32.obj
 0001:000133de       _CoSwitchCallContext@8     7c6443de f   atldload:ole32.obj
 0001:000133de       _CoAllowSetForegroundWindow@8 7c6443de f   atldload:ole32.obj
 0001:000133e6       _CoCreateGuid@4            7c6443e6 f   atldload:ole32.obj
 0001:000133ec       _CoCreateInstance@20       7c6443ec f   atldload:ole32.obj
 0001:000133ec       _CoGetClassObject@20       7c6443ec f   atldload:ole32.obj
 0001:000133fe       _CoInitializeSecurity@36   7c6443fe f   atldload:ole32.obj
 0001:00013406       _CoMarshalInterface@24     7c644406 f   atldload:ole32.obj
 0001:00013406       _StgOpenStorage@24         7c644406 f   atldload:ole32.obj
 0001:0001340e       _CoRegisterClassObject@20  7c64440e f   atldload:ole32.obj
 0001:0001340e       _CoWaitForMultipleHandles@20 7c64440e f   atldload:ole32.obj
 0001:0001340e       _OleSetMenuDescriptor@20   7c64440e f   atldload:ole32.obj
 0001:00013416       _CoRevertToSelf@0          7c644416 f   atldload:ole32.obj
 0001:00013416       _CoResumeClassObjects@0    7c644416 f   atldload:ole32.obj
 0001:00013416       _OleFlushClipboard@0       7c644416 f   atldload:ole32.obj
 0001:00013416       _CoImpersonateClient@0     7c644416 f   atldload:ole32.obj
 0001:00013416       _CoSuspendClassObjects@0   7c644416 f   atldload:ole32.obj
 0001:0001341c       _OleUninitialize@0         7c64441c f   atldload:ole32.obj
 0001:0001341c       _CoUninitialize@0          7c64441c f   atldload:ole32.obj
 0001:0001341c       _CoFreeUnusedLibraries@0   7c64441c f   atldload:ole32.obj
 0001:0001341d       _CreateClassMoniker@8      7c64441d f   atldload:ole32.obj
 0001:0001341d       _GetRunningObjectTable@8   7c64441d f   atldload:ole32.obj
 0001:0001341d       _CoCreateFreeThreadedMarshaler@8 7c64441d f   atldload:ole32.obj
 0001:0001342f       _CreateItemMoniker@12      7c64442f f   atldload:ole32.obj
 0001:00013441       _MkParseDisplayName@16     7c644441 f   atldload:ole32.obj
 0001:00013453       _OleInitialize@4           7c644453 f   atldload:ole32.obj
 0001:00013453       _CoReleaseMarshalData@4    7c644453 f   atldload:ole32.obj
 0001:00013453       _CoDisableCallCancellation@4 7c644453 f   atldload:ole32.obj
 0001:00013453       _CreateDataAdviseHolder@4  7c644453 f   atldload:ole32.obj
 0001:00013453       _OleQueryCreateFromData@4  7c644453 f   atldload:ole32.obj
 0001:00013453       _OleQueryLinkFromData@4    7c644453 f   atldload:ole32.obj
 0001:00013453       _CoEnableCallCancellation@4 7c644453 f   atldload:ole32.obj
 0001:00013453       _CoRevokeClassObject@4     7c644453 f   atldload:ole32.obj
 0001:00013453       _OleGetClipboard@4         7c644453 f   atldload:ole32.obj
 0001:00013453       _PropVariantClear@4        7c644453 f   atldload:ole32.obj
 0001:00013453       _OleSetClipboard@4         7c644453 f   atldload:ole32.obj
 0001:00013453       _RevokeDragDrop@4          7c644453 f   atldload:ole32.obj
 0001:00013453       _CoInitialize@4            7c644453 f   atldload:ole32.obj
 0001:00013453       _CreateOleAdviseHolder@4   7c644453 f   atldload:ole32.obj
 0001:00013453       _OleRun@4                  7c644453 f   atldload:ole32.obj
 0001:0001345b       _StgCreateDocfileOnILockBytes@16 7c64445b f   atldload:ole32.obj
 0001:0001345b       _StgCreateDocfile@16       7c64445b f   atldload:ole32.obj
 0001:0001345b       _DoDragDrop@16             7c64445b f   atldload:ole32.obj
 0001:00013463       _CoUnmarshalInterface@12   7c644463 f   atldload:ole32.obj
 0001:00013463       _OleLockRunning@12         7c644463 f   atldload:ole32.obj
 0001:00013463       _CreateILockBytesOnHGlobal@12 7c644463 f   atldload:ole32.obj
 0001:00013463       _OleRegGetMiscStatus@12    7c644463 f   atldload:ole32.obj
 0001:00013463       _OleRegGetUserType@12      7c644463 f   atldload:ole32.obj
 0001:00013463       _OleSave@12                7c644463 f   atldload:ole32.obj
 0001:00013463       _OleLoadFromStream@12      7c644463 f   atldload:ole32.obj
 0001:00013463       _CoMarshalInterThreadInterfaceInStream@12 7c644463 f   atldload:ole32.obj
 0001:00013463       _CoGetInterfaceAndReleaseStream@12 7c644463 f   atldload:ole32.obj
 0001:00013463       _CreateStreamOnHGlobal@12  7c644463 f   atldload:ole32.obj
 0001:0001346b       _CoSetProxyBlanket@32      7c64446b f   atldload:ole32.obj
 0001:0001346b       _StgOpenStorageEx@32       7c64446b f   atldload:ole32.obj
 0001:00013473       _OleDraw@16                7c644473 f   atldload:ole32.obj
 0001:00013473       _DispGetIDsOfNames@16      7c644473 f   atldload:ole32.obj
 0001:0001347b       _OleCreateFromData@28      7c64447b f   atldload:ole32.obj
 0001:0001348d       _CoFileTimeNow@4           7c64448d f   atldload:ole32.obj
 0001:000134a6       _VariantCopyInd@8          7c6444a6 f   atldload:ole32.obj
 0001:000134a6       _VariantCopy@8             7c6444a6 f   atldload:ole32.obj
 0001:000134a6       _GetHGlobalFromStream@8    7c6444a6 f   atldload:ole32.obj
 0001:000134ae       _SafeArrayLock@4           7c6444ae f   atldload:ole32.obj
 0001:000134ae       _SafeArrayAllocData@4      7c6444ae f   atldload:ole32.obj
 0001:000134ae       _OleIsCurrentClipboard@4   7c6444ae f   atldload:ole32.obj
 0001:000134ae       _SafeArrayUnlock@4         7c6444ae f   atldload:ole32.obj
 0001:000134ae       _StgIsStorageFile@4        7c6444ae f   atldload:ole32.obj
 0001:000134ae       _SafeArrayDestroyDescriptor@4 7c6444ae f   atldload:ole32.obj
 0001:000134ae       _OleDestroyMenuDescriptor@4 7c6444ae f   atldload:ole32.obj
 0001:000134ae       _SafeArrayDestroyData@4    7c6444ae f   atldload:ole32.obj
 0001:000134b6       _OleCreateMenuDescriptor@8 7c6444b6 f   atldload:ole32.obj
 0001:000134c2       _OleCreateFontIndirect@12  7c6444c2 f   atldload:ole32.obj
 0001:000134c2       _WriteFmtUserTypeStg@12    7c6444c2 f   atldload:ole32.obj
 0001:000134c2       _CreateGenericComposite@12 7c6444c2 f   atldload:ole32.obj
 0001:000134c2       _ReadFmtUserTypeStg@12     7c6444c2 f   atldload:ole32.obj
 0001:000134c2       _SafeArrayPtrOfIndex@12    7c6444c2 f   atldload:ole32.obj
 0001:000134c2       _SysReAllocStringLen@12    7c6444c2 f   atldload:ole32.obj
 0001:000134c2       _OleTranslateAccelerator@12 7c6444c2 f   atldload:ole32.obj
 0001:000134c2       _OleTranslateColor@12      7c6444c2 f   atldload:ole32.obj
 0001:000134c2       _CoLockObjectExternal@12   7c6444c2 f   atldload:ole32.obj
 0001:000134ca       _OleCreateLinkFromData@28  7c6444ca f   atldload:ole32.obj
 0001:000134ca       _OleCreateStaticFromData@28 7c6444ca f   atldload:ole32.obj
 0001:000134ca       _OleCreate@28              7c6444ca f   atldload:ole32.obj
 0001:000134ca       _OleCreateLinkToFile@28    7c6444ca f   atldload:ole32.obj
 0001:000134d2       _OleCreateFromFile@32      7c6444d2 f   atldload:ole32.obj
 0001:000134d2       _DispCallFunc@32           7c6444d2 f   atldload:ole32.obj
 0001:000134da       _OleIsRunning@4            7c6444da f   atldload:ole32.obj
 0001:000134e6       _ReadClassStg@8            7c6444e6 f   atldload:ole32.obj
 0001:000134e6       _WriteClassStg@8           7c6444e6 f   atldload:ole32.obj
 0001:000134e6       _SetConvertStg@8           7c6444e6 f   atldload:ole32.obj
 0001:000134e6       _SafeArrayRedim@8          7c6444e6 f   atldload:ole32.obj
 0001:000134e6       _SafeArrayAllocDescriptor@8 7c6444e6 f   atldload:ole32.obj
 0001:000134e6       _CoTreatAsClass@8          7c6444e6 f   atldload:ole32.obj
 0001:000134e6       _ReadClassStm@8            7c6444e6 f   atldload:ole32.obj
 0001:000134e6       _CoDisconnectObject@8      7c6444e6 f   atldload:ole32.obj
 0001:000134e6       _OleSetContainedObject@8   7c6444e6 f   atldload:ole32.obj
 0001:000134e6       _GetHGlobalFromILockBytes@8 7c6444e6 f   atldload:ole32.obj
 0001:000134ee       _StgOpenStorageOnILockBytes@24 7c6444ee f   atldload:ole32.obj
 0001:000134f6       _RegOpenKeyA@12            7c6444f6 f   atldload:advapi.obj
 0001:000134f6       _RegOpenKeyW@12            7c6444f6 f   atldload:advapi.obj
 0001:000134f6       _RegCreateKeyA@12          7c6444f6 f   atldload:advapi.obj
 0001:000134f6       _RegCreateKeyW@12          7c6444f6 f   atldload:advapi.obj
 0001:000134fc       _RegCreateKeyExA@36        7c6444fc f   atldload:advapi.obj
 0001:00013502       _RegCreateKeyExW@36        7c644502 f   atldload:advapi.obj
 0001:00013520       _RegOpenKeyExW@20          7c644520 f   atldload:advapi.obj
 0001:00013534       _RegQueryValueExA@24       7c644534 f   atldload:advapi.obj
 0001:00013534       _RegSetValueExA@24         7c644534 f   atldload:advapi.obj
 0001:00013534       _RegSetValueExW@24         7c644534 f   atldload:advapi.obj
 0001:0001353a       _RegQueryValueExW@24       7c64453a f   atldload:advapi.obj
 0001:00013558       _RegCloseKey@4             7c644558 f   atldload:advapi.obj
 0001:0001355e       _RegDeleteKeyA@8           7c64455e f   atldload:advapi.obj
 0001:0001355e       _RegDeleteKeyW@8           7c64455e f   atldload:advapi.obj
 0001:0001355e       _RegDeleteValueA@8         7c64455e f   atldload:advapi.obj
 0001:0001355e       _RegDeleteValueW@8         7c64455e f   atldload:advapi.obj
 0001:00013564       _RegSetValueA@20           7c644564 f   atldload:advapi.obj
 0001:00013564       _RegOpenKeyExA@20          7c644564 f   atldload:advapi.obj
 0001:00013564       _RegNotifyChangeKeyValue@20 7c644564 f   atldload:advapi.obj
 0001:0001356a       _RegEnumKeyA@16            7c64456a f   atldload:advapi.obj
 0001:0001356a       _RegEnumKeyW@16            7c64456a f   atldload:advapi.obj
 0001:0001356a       _RegQueryValueA@16         7c64456a f   atldload:advapi.obj
 0001:00013570       _RegEnumKeyExW@32          7c644570 f   atldload:advapi.obj
 0001:00013584       _RegQueryInfoKeyW@48       7c644584 f   atldload:advapi.obj
 0001:0001358a       _BitBlt@36                 7c64458a f   atldload:advapi.obj
 0001:0001358a       _ReportEventW@36           7c64458a f   atldload:advapi.obj
 0001:00013596       _AdjustTokenPrivileges@24  7c644596 f   atldload:advapi.obj
 0001:00013596       _CreateDIBSection@24       7c644596 f   atldload:advapi.obj
 0001:000135a2       _AllocateAndInitializeSid@44 7c6445a2 f   atldload:advapi.obj
 0001:000135ae       _RegEnumValueW@32          7c6445ae f   atldload:advapi.obj
 0001:000135b4       _CryptExportKey@24         7c6445b4 f   atldload:advapi.obj
 0001:000135b9       _CryptGetHashParam@20      7c6445b9 f   atldload:advapi.obj
 0001:000135cc       _CryptCreateHash@20        7c6445cc f   atldload:advapi.obj
 0001:000135cc       _CryptAcquireContextW@20   7c6445cc f   atldload:advapi.obj
 0001:000135d1       _IsAccelerator@16          7c6445d1 f   atldload:advapi.obj
 0001:000135d1       _RegQueryValueW@16         7c6445d1 f   atldload:advapi.obj
 0001:000135dd       _GetFileSecurityW@20       7c6445dd f   atldload:advapi.obj
 0001:000135dd       _RegSetValueW@20           7c6445dd f   atldload:advapi.obj
 0001:000135e9       _OleDuplicateData@12       7c6445e9 f   atldload:advapi.obj
 0001:000135e9       _OleGetIconOfClass@12      7c6445e9 f   atldload:advapi.obj
 0001:000135e9       _IsTextUnicode@12          7c6445e9 f   atldload:advapi.obj
 0001:000135e9       _SetFileSecurityW@12       7c6445e9 f   atldload:advapi.obj
 0001:00013e45       ?__InitializeThunkPool@@YAHXZ 7c644e45 f   atls:atlthunk.obj
 0001:0001459a       @x64tow_s@24               7c64559a f   libcmt:xtows.obj
 0001:0001605b       @x64toa_s@24               7c64705b f   libcmt:xtoas.obj
 0001:00016c8c       __unwind_handler4          7c647c8c f   libcmt:exsup4.obj
 0001:00016e8b       _fastzero_I                7c647e8b f   libcmt:p4_memset.obj
 0001:00016f85       _fastcopy_I                7c647f85 f   libcmt:p4_memcpy.obj
 0001:00017118       __unwind_handler           7c648118 f   libcmt:exsup.obj
 0001:0001722f       _has_osfxsr_set            7c64822f f   libcmt:cpu_disp.obj
 0001:00017540       ??__E_Module@@YAXXZ        7c648540 f   atl.obj
 0001:0001755c       ??__E_AtlBaseModule@ATL@@YAXXZ 7c64855c f   atls:atlbase.obj
 0001:00017572       ??__E_AtlWinModule@ATL@@YAXXZ 7c648572 f   atls:atlbase.obj
 0001:00017588       ??__E_AtlComModule@ATL@@YAXXZ 7c648588 f   atls:atlcommodule.obj
 0001:000175a0       ??__F_Module@@YAXXZ        7c6485a0 f   atl.obj
 0001:000175af       ??__F_AtlBaseModule@ATL@@YAXXZ 7c6485af f   atls:atlbase.obj
 0001:000175b9       ??__F_AtlWinModule@ATL@@YAXXZ 7c6485b9 f   atls:atlbase.obj
 0001:000175c3       ??__F_AtlComModule@ATL@@YAXXZ 7c6485c3 f   atls:atlcommodule.obj
