 atl80

 Timestamp is 62c3529a (Mon Jul 04 16:50:34 2022)

 Preferred load address is 7c630000

 Start         Length     Name                   Class
 0001:00000000 0006754cH .text                   CODE
 0001:00067550 00000103H .text$x                 CODE
 0001:00067660 0000045cH .text$yc                CODE
 0001:00067ac0 0000006fH .text$yd                CODE
 0002:00000000 00000208H .idata$5                DATA
 0002:00000208 00000004H .CRT$XCA                DATA
 0002:0000020c 0000000cH .CRT$XCC                DATA
 0002:00000218 00000074H .CRT$XCL                DATA
 0002:0000028c 00000010H .CRT$XCU                DATA
 0002:0000029c 00000004H .CRT$XCZ                DATA
 0002:000002a0 00000004H .CRT$XIA                DATA
 0002:000002a4 00000014H .CRT$XIC                DATA
 0002:000002b8 00000004H .CRT$XIZ                DATA
 0002:000002bc 00000004H .CRT$XPA                DATA
 0002:000002c0 00000008H .CRT$XPX                DATA
 0002:000002c8 00000004H .CRT$XPXA               DATA
 0002:000002cc 00000004H .CRT$XPZ                DATA
 0002:000002d0 00000004H .CRT$XTA                DATA
 0002:000002d4 00000004H .CRT$XTZ                DATA
 0002:000002e0 00019240H .rdata                  DATA
 0002:00019520 0000004cH .rdata$debug            DATA
 0002:0001956c 00000388H .rdata$r                DATA
 0002:00019900 0000002cH .rdata$sxdata           DATA
 0002:0001992c 00000004H .rtc$IAA                DATA
 0002:00019930 00000004H .rtc$IZZ                DATA
 0002:00019934 00000004H .rtc$TAA                DATA
 0002:00019938 00000004H .rtc$TZZ                DATA
 0002:00019940 00000d4cH .xdata$x                DATA
 0002:0001a68c 00000004H ATL$__a                 DATA
 0002:0001a690 00000004H ATL$__z                 DATA
 0002:0001a694 000000a0H .didat$2                DATA
 0002:0001a734 00000020H .didat$3                DATA
 0002:0001a754 000001f4H .didat$4                DATA
 0002:0001a948 00000720H .didat$6                DATA
 0002:0001b068 000001f4H .didat$7                DATA
 0002:0001b25c 00000014H .idata$2                DATA
 0002:0001b270 00000014H .idata$3                DATA
 0002:0001b284 00000208H .idata$4                DATA
 0002:0001b48c 00000920H .idata$6                DATA
 0002:0001bdb0 000006ddH .edata                  DATA
 0003:00000000 000012e0H .data                   DATA
 0003:000012e0 000001f4H .didat$5                DATA
 0003:000014e0 00001f1cH .bss                    DATA
 0004:00000000 00000128H .rsrc$01                DATA
 0004:00000130 00002210H .rsrc$02                DATA

  Address         Publics by Value              Rva+Base       Lib:Object

 0000:00000000       __except_list              00000000     <absolute>
 0000:0000000b       ___safe_se_handler_count   0000000b     <absolute>
 0000:00000000       ___ImageBase               7c630000     <linker-defined>
 0001:00000000       _AtlComPtrAssign@8         7c631000 f i RegObj.obj
 0001:00000050       _AtlInternalQueryInterface@16 7c631050 f i RegObj.obj
 0001:00000220       _InlineIsEqualGUID         7c631220 f i RegObj.obj
 0001:00000280       ?InlineIsEqualUnknown@ATL@@YGHABU_GUID@@@Z 7c631280 f i RegObj.obj
 0001:000002d0       _AtlWinModuleAddCreateWndData@12 7c6312d0 f i RegObj.obj
 0001:000003e0       ??0CTraceFileAndLineInfo@ATL@@QAE@PBDH@Z 7c6313e0 f i RegObj.obj
 0001:00000410       ??RCTraceFileAndLineInfo@ATL@@QBAXKIPBDZZ 7c631410 f i RegObj.obj
 0001:00000450       ?TraceV@CTrace@ATL@@QBAXPBDHKI0PAD@Z 7c631450 f i RegObj.obj
 0001:00000480       ??BCTraceCategory@ATL@@QBEKXZ 7c631480 f i RegObj.obj
 0001:00000490       ?_AtlRaiseException@ATL@@YAXKK@Z 7c631490 f i RegObj.obj
 0001:000004b0       _AtlWinModuleExtractCreateWndData@4 7c6314b0 f i RegObj.obj
 0001:000005d0       _AtlWinModuleRegisterClassExA@8 7c6315d0 f i RegObj.obj
 0001:00000640       _AtlWinModuleRegisterWndClassInfoA@16 7c631640 f i RegObj.obj
 0001:00000670       ?Add@?$CSimpleArray@GV?$CSimpleArrayEqualHelper@G@ATL@@@ATL@@QAEHABG@Z 7c631670 f i RegObj.obj
 0001:00000790       ?AtlThrowImpl@ATL@@YGXJ@Z  7c631790 f i RegObj.obj
 0001:00000820       ?InternalSetAtIndex@?$CSimpleArray@GV?$CSimpleArrayEqualHelper@G@ATL@@@ATL@@QAEXHABG@Z 7c631820 f i RegObj.obj
 0001:00000870       ??0Wrapper@?$CSimpleArray@GV?$CSimpleArrayEqualHelper@G@ATL@@@ATL@@QAE@ABG@Z 7c631870 f i RegObj.obj
 0001:00000890       ??0?$CComCritSecLock@VCComCriticalSection@ATL@@@ATL@@QAE@AAVCComCriticalSection@1@_N@Z 7c631890 f i RegObj.obj
 0001:000008e0       ??1?$CComCritSecLock@VCComCriticalSection@ATL@@@ATL@@QAE@XZ 7c6318e0 f i RegObj.obj
 0001:00000900       ?Unlock@?$CComCritSecLock@VCComCriticalSection@ATL@@@ATL@@QAEXXZ 7c631900 f i RegObj.obj
 0001:00000950       ?Unlock@CComCriticalSection@ATL@@QAEJXZ 7c631950 f i RegObj.obj
 0001:00000970       ?Lock@?$CComCritSecLock@VCComCriticalSection@ATL@@@ATL@@QAEJXZ 7c631970 f i RegObj.obj
 0001:000009d0       ?Lock@CComCriticalSection@ATL@@QAEJXZ 7c6319d0 f i RegObj.obj
 0001:000009f0       ??$AtlModuleRegisterWndClassInfoT@VAtlModuleRegisterWndClassInfoParamA@ATL@@@ATL@@YAGPAU_ATL_BASE_MODULE70@0@PAU_ATL_WIN_MODULE70@0@PAU_ATL_WNDCLASSINFOA@0@PAP6GJPAUHWND__@@IIJ@ZVAtlModuleRegisterWndClassInfoParamA@0@@Z 7c6319f0 f i RegObj.obj
 0001:00000d70       ?GetClassInfoExA@AtlModuleRegisterWndClassInfoParamA@ATL@@SAHPAUHINSTANCE__@@PBDPAUtagWNDCLASSEXA@@@Z 7c631d70 f i RegObj.obj
 0001:00000d90       ?FormatWindowClassName@AtlModuleRegisterWndClassInfoParamA@ATL@@SAXPADKPAX@Z 7c631d90 f i RegObj.obj
 0001:00000db0       ?LoadCursorA@AtlModuleRegisterWndClassInfoParamA@ATL@@SAPAUHICON__@@PAUHINSTANCE__@@PBD@Z 7c631db0 f i RegObj.obj
 0001:00000dd0       ?RegisterClassExA@AtlModuleRegisterWndClassInfoParamA@ATL@@SAGPAU_ATL_WIN_MODULE70@2@PBUtagWNDCLASSEXA@@@Z 7c631dd0 f i RegObj.obj
 0001:00000df0       ??$?2G@Wrapper@?$CSimpleArray@GV?$CSimpleArrayEqualHelper@G@ATL@@@ATL@@SAPAXIPAG@Z 7c631df0 f i RegObj.obj
 0001:00000e00       ?UpdateRegistry@CDLLRegObject@@SGJH@Z 7c631e00 f i atl.obj
 0001:00000ed0       _DllMain@12                7c631ed0 f   atl.obj
 0001:00000fc0       _AtlCreateRegistrar@4      7c631fc0 f   atl.obj
 0001:00000ff0       _AtlUpdateRegistryFromResourceD@20 7c631ff0 f i atl.obj
 0001:00001570       ??4?$CComPtr@UIRegistrar@@@ATL@@QAEPAUIRegistrar@@PAU2@@Z 7c632570 f i atl.obj
 0001:000015b0       ?GetObjectDescription@?$CComCoClass@VCDLLRegObject@@$1?CLSID_Registrar@@3U_GUID@@B@ATL@@SGPBDXZ 7c6325b0 f i atl.obj
 0001:000015c0       ?CreateInstance@?$CComCreator@V?$CComObjectCached@VCComClassFactory@ATL@@@ATL@@@ATL@@SGJPAXABU_GUID@@PAPAX@Z 7c6325c0 f i atl.obj
 0001:00001700       ?_AtlInitialConstruct@?$CComObjectRootEx@VCComMultiThreadModel@ATL@@@ATL@@QAEJXZ 7c632700 f i atl.obj
 0001:00001720       ?CreateInstance@?$CComCreator2@V?$CComCreator@V?$CComObject@VCDLLRegObject@@@ATL@@@ATL@@V?$CComFailCreator@$0?HPPLPOPA@@2@@ATL@@SGJPAXABU_GUID@@PAPAX@Z 7c632720 f i atl.obj
 0001:00001790       ??_G?$CComObjectCached@VCComClassFactory@ATL@@@ATL@@QAEPAXI@Z 7c632790 f i atl.obj
 0001:000017c0       ??9?$CComPtrBase@UIRegistrar@@@ATL@@QBE_NPAUIRegistrar@@@Z 7c6327c0 f i atl.obj
 0001:000017f0       ??0?$CComObjectCached@VCComClassFactory@ATL@@@ATL@@QAE@PAX@Z 7c6327f0 f i atl.obj
 0001:00001820       ??1?$CComObjectCached@VCComClassFactory@ATL@@@ATL@@QAE@XZ 7c632820 f i atl.obj
 0001:00001860       ?AddRef@?$CComObjectCached@VCComClassFactory@ATL@@@ATL@@UAGKXZ 7c632860 f i atl.obj
 0001:000018a0       ?Release@?$CComObjectCached@VCComClassFactory@ATL@@@ATL@@UAGKXZ 7c6328a0 f i atl.obj
 0001:00001910       ?QueryInterface@?$CComObjectCached@VCComClassFactory@ATL@@@ATL@@UAGJABU_GUID@@PAPAX@Z 7c632910 f i atl.obj
 0001:00001930       ?CreateInstance@?$CComCreator@V?$CComObject@VCDLLRegObject@@@ATL@@@ATL@@SGJPAXABU_GUID@@PAPAX@Z 7c632930 f i atl.obj
 0001:00001a80       ?FinalConstruct@CDLLRegObject@@QAEJXZ 7c632a80 f i atl.obj
 0001:00001ab0       ?CreateInstance@?$CComFailCreator@$0?HPPLPOPA@@ATL@@SGJPAXABU_GUID@@PAPAX@Z 7c632ab0 f i atl.obj
 0001:00001ae0       ??0CComClassFactory@ATL@@QAE@XZ 7c632ae0 f i atl.obj
 0001:00001b10       ??0IClassFactory@@QAE@XZ   7c632b10 f i atl.obj
 0001:00001b30       ??8?$CComPtrBase@UIRegistrar@@@ATL@@QBE_NPAUIRegistrar@@@Z 7c632b30 f i atl.obj
 0001:00001b50       ??0?$CComObject@VCDLLRegObject@@@ATL@@QAE@PAX@Z 7c632b50 f i atl.obj
 0001:00001b90       ??0CDLLRegObject@@QAE@XZ   7c632b90 f i atl.obj
 0001:00001bc0       ??0CRegObject@ATL@@QAE@XZ  7c632bc0 f i atl.obj
 0001:00001bf0       ??0IRegistrar@@QAE@XZ      7c632bf0 f i atl.obj
 0001:00001c10       ??0CExpansionVector@ATL@@QAE@XZ 7c632c10 f i atl.obj
 0001:00001c30       ??0IRegistrarBase@@QAE@XZ  7c632c30 f i atl.obj
 0001:00001c50       ??0?$CSimpleMap@PADPA_WVCExpansionVectorEqualHelper@ATL@@@ATL@@QAE@XZ 7c632c50 f i atl.obj
 0001:00001c80       ?AddRef@?$CComObject@VCDLLRegObject@@@ATL@@UAGKXZ 7c632c80 f i atl.obj
 0001:00001ca0       ?Release@?$CComObject@VCDLLRegObject@@@ATL@@UAGKXZ 7c632ca0 f i atl.obj
 0001:00001cf0       ?QueryInterface@?$CComObject@VCDLLRegObject@@@ATL@@UAGJABU_GUID@@PAPAX@Z 7c632cf0 f i atl.obj
 0001:00001d10       ?_InternalQueryInterface@CDLLRegObject@@QAEJABU_GUID@@PAPAX@Z 7c632d10 f i atl.obj
 0001:00001d40       ?_GetEntries@CDLLRegObject@@SGPBU_ATL_INTMAP_ENTRY@ATL@@XZ 7c632d40 f i atl.obj
 0001:00001d50       ??_E?$CComObject@VCDLLRegObject@@@ATL@@UAEPAXI@Z 7c632d50 f i atl.obj
 0001:00001d50       ??_G?$CComObject@VCDLLRegObject@@@ATL@@UAEPAXI@Z 7c632d50 f i atl.obj
 0001:00001d80       ??1?$CComObject@VCDLLRegObject@@@ATL@@UAE@XZ 7c632d80 f i atl.obj
 0001:00001dd0       ??1CDLLRegObject@@UAE@XZ   7c632dd0 f i atl.obj
 0001:00001e10       ?FinalRelease@CDLLRegObject@@QAEXXZ 7c632e10 f i atl.obj
 0001:00001e30       ?CreateInstance@?$CComObject@VCDLLRegObject@@@ATL@@SGJPAPAV12@@Z 7c632e30 f i atl.obj
 0001:00001f60       ??$AtlMultiply@H@ATL@@YAJPAHHH@Z 7c632f60 f i atl.obj
 0001:00001fc0       ?_AtlVerifyStackAvailable@_ATL_SAFE_ALLOCA_IMPL@ATL@@YA_NK@Z 7c632fc0 f i atl.obj
 0001:000020c0       ?_AtlGetConversionACP@ATL@@YGIXZ 7c6330c0 f i atl.obj
 0001:000020d0       ?AtlA2WHelper@@YGPA_WPA_WPBDHI@Z 7c6330d0 f i atl.obj
 0001:00002190       ?ocslen@@YAHPB_W@Z         7c633190 f i atl.obj
 0001:000021a0       ?ocscpy_s@@YA_NPA_WIPB_W@Z 7c6331a0 f i atl.obj
 0001:000021e0       ?Init@CComSafeDeleteCriticalSection@ATL@@QAEJXZ 7c6331e0 f i atl.obj
 0001:00002240       ?Init@CComCriticalSection@ATL@@QAEJXZ 7c633240 f i atl.obj
 0001:000022e0       ?AtlHresultFromLastError@ATL@@YAJXZ 7c6332e0 f i atl.obj
 0001:00002320       ?AtlHresultFromWin32@ATL@@YAJK@Z 7c633320 f i atl.obj
 0001:00002360       ?EscapeSingleQuote@CAtlModule@ATL@@SAXPA_WIPB_W@Z 7c633360 f i atl.obj
 0001:00002400       ??1?$CComPtr@UIRegistrar@@@ATL@@QAE@XZ 7c633400 f i atl.obj
 0001:00002420       _AtlWinModuleTerm@8        7c633420 f i atl.obj
 0001:000024c0       ?Term@CComCriticalSection@ATL@@QAEJXZ 7c6334c0 f i atl.obj
 0001:000024e0       ?AtlModuleUpdateRegistryFromResourceD@ATL@@YAJPAU_ATL_MODULE70@1@PB_WHPAU_ATL_REGMAP_ENTRY@1@PAUIRegistrar@@@Z 7c6334e0 f i atl.obj
 0001:00002510       ?GetModuleInstance@CAtlBaseModule@ATL@@QAEPAUHINSTANCE__@@XZ 7c633510 f i atl.obj
 0001:00002530       ?Init@CComModule@ATL@@QAEJPAU_ATL_OBJMAP_ENTRY30@2@PAUHINSTANCE__@@PBU_GUID@@@Z 7c633530 f i atl.obj
 0001:000025e0       ?Term@CComModule@ATL@@QAEXXZ 7c6335e0 f i atl.obj
 0001:00002690       ?Term@CAtlWinModule@ATL@@QAEXXZ 7c633690 f i atl.obj
 0001:000026b0       ?Term@CAtlModule@ATL@@QAEXXZ 7c6336b0 f i atl.obj
 0001:00002730       _AtlCallTermFunc@4         7c633730 f i atl.obj
 0001:000027a0       ?FinalConstruct@CComObjectRootBase@ATL@@QAEJXZ 7c6337a0 f i atl.obj
 0001:000027b0       ?_AtlFinalConstruct@CComObjectRootBase@ATL@@QAEJXZ 7c6337b0 f i atl.obj
 0001:000027c0       ?FinalRelease@CComObjectRootBase@ATL@@QAEXXZ 7c6337c0 f i atl.obj
 0001:000027d0       ?GetCategoryMap@CComObjectRootBase@ATL@@SAPBU_ATL_CATMAP_ENTRY@2@XZ 7c6337d0 f i atl.obj
 0001:000027e0       ?InternalQueryInterface@CComObjectRootBase@ATL@@SGJPAXPBU_ATL_INTMAP_ENTRY@2@ABU_GUID@@PAPAX@Z 7c6337e0 f i atl.obj
 0001:00002880       ?SetVoid@CComObjectRootBase@ATL@@QAEXPAX@Z 7c633880 f i atl.obj
 0001:00002890       ?InternalFinalConstructAddRef@CComObjectRootBase@ATL@@QAEXXZ 7c633890 f i atl.obj
 0001:000028a0       ?InternalFinalConstructRelease@CComObjectRootBase@ATL@@QAEXXZ 7c6338a0 f i atl.obj
 0001:000028e0       ?ObjectMain@CComObjectRootBase@ATL@@SGX_N@Z 7c6338e0 f i atl.obj
 0001:000028f0       ?_InternalQueryInterface@CComClassFactory@ATL@@QAEJABU_GUID@@PAPAX@Z 7c6338f0 f i atl.obj
 0001:00002920       ?_GetEntries@CComClassFactory@ATL@@SGPBU_ATL_INTMAP_ENTRY@2@XZ 7c633920 f i atl.obj
 0001:00002930       ??1CComClassFactory@ATL@@QAE@XZ 7c633930 f i atl.obj
 0001:00002970       ?CreateInstance@CComClassFactory@ATL@@UAGJPAUIUnknown@@ABU_GUID@@PAPAX@Z 7c633970 f i atl.obj
 0001:00002a30       ?LockServer@CComClassFactory@ATL@@UAGJH@Z 7c633a30 f i atl.obj
 0001:00002a70       ?SetVoid@CComClassFactory@ATL@@QAEXPAX@Z 7c633a70 f i atl.obj
 0001:00002a90       ??1CRegObject@ATL@@UAE@XZ  7c633a90 f i atl.obj
 0001:00002ac0       ??1CExpansionVector@ATL@@QAE@XZ 7c633ac0 f i atl.obj
 0001:00002ae0       ?ClearReplacements@CExpansionVector@ATL@@QAEJXZ 7c633ae0 f i atl.obj
 0001:00002b60       ?FinalConstruct@CRegObject@ATL@@QAEJXZ 7c633b60 f i atl.obj
 0001:00002b80       ?FileRegister@CRegObject@ATL@@UAGJPB_W@Z 7c633b80 f i atl.obj
 0001:00002ba0       ?FileUnregister@CRegObject@ATL@@UAGJPB_W@Z 7c633ba0 f i atl.obj
 0001:00002bc0       ?StringRegister@CRegObject@ATL@@UAGJPB_W@Z 7c633bc0 f i atl.obj
 0001:00002be0       ?StringUnregister@CRegObject@ATL@@UAGJPB_W@Z 7c633be0 f i atl.obj
 0001:00002c00       ??1CComAutoDeleteCriticalSection@ATL@@QAE@XZ 7c633c00 f i atl.obj
 0001:00002c20       ??1CComSafeDeleteCriticalSection@ATL@@QAE@XZ 7c633c20 f i atl.obj
 0001:00002c50       ??1CComCriticalSection@ATL@@QAE@XZ 7c633c50 f i atl.obj
 0001:00002c60       ?AddReplacement@CRegObject@ATL@@UAGJPB_W0@Z 7c633c60 f i atl.obj
 0001:00002dd0       ?AtlW2AHelper@@YGPADPADPB_WHI@Z 7c633dd0 f i atl.obj
 0001:00002ea0       ?Lock@CComSafeDeleteCriticalSection@ATL@@QAEJXZ 7c633ea0 f i atl.obj
 0001:00002ef0       ?Add@CExpansionVector@ATL@@QAEHPBDPB_W@Z 7c633ef0 f i atl.obj
 0001:00003070       ?memcpy_s@Checked@ATL@@YAXPAXIPBXI@Z 7c634070 f i atl.obj
 0001:000030a0       ?AtlCrtErrorCheck@ATL@@YAHH@Z 7c6340a0 f i atl.obj
 0001:00003150       ?ResourceRegister@CRegObject@ATL@@UAGJPB_WI0@Z 7c634150 f i atl.obj
 0001:00003280       ?RegisterFromResource@CRegObject@ATL@@IAEJPB_WPBD1H@Z 7c634280 f i atl.obj
 0001:00003640       ?ResourceRegisterSz@CRegObject@ATL@@UAGJPB_W00@Z 7c634640 f i atl.obj
 0001:00003850       ?ResourceUnregister@CRegObject@ATL@@UAGJPB_WI0@Z 7c634850 f i atl.obj
 0001:00003980       ?ResourceUnregisterSz@CRegObject@ATL@@UAGJPB_W00@Z 7c634980 f i atl.obj
 0001:00003b90       ?RegisterWithString@CRegObject@ATL@@IAEJPB_WH@Z 7c634b90 f i atl.obj
 0001:00003cd0       ?ClearReplacements@CRegObject@ATL@@UAGJXZ 7c634cd0 f i atl.obj
 0001:00003d10       ?CommonFileRegister@CRegObject@ATL@@IAEJPB_WH@Z 7c634d10 f i atl.obj
 0001:00004010       ??0CRegParser@ATL@@QAE@PAVCRegObject@1@@Z 7c635010 f i atl.obj
 0001:00004040       ?RegisterBuffer@CRegParser@ATL@@QAEJPADH@Z 7c635040 f i atl.obj
 0001:000042e0       ?GenerateError@CRegParser@ATL@@IAEJI@Z 7c6352e0 f i atl.obj
 0001:00004300       ?HKeyFromString@CRegParser@ATL@@KAPAUHKEY__@@PAD@Z 7c635300 f i atl.obj
 0001:00004350       ?SkipWhiteSpace@CRegParser@ATL@@IAEXXZ 7c635350 f i atl.obj
 0001:00004390       ?IsSpace@CRegParser@ATL@@IAEHD@Z 7c635390 f i atl.obj
 0001:000043f0       ?NextToken@CRegParser@ATL@@IAEJPAD@Z 7c6353f0 f i atl.obj
 0001:00004640       ?EndOfVar@CRegParser@ATL@@IAEHXZ 7c635640 f i atl.obj
 0001:00004690       ?PreProcessBuffer@CRegParser@ATL@@QAEJPADPAPAD@Z 7c635690 f i atl.obj
 0001:00004920       ?tcsncpy_s@Checked@ATL@@YAHPADIPBDI@Z 7c635920 f i atl.obj
 0001:00004950       __tcsncpy_s                7c635950 f i atl.obj
 0001:00004970       ??0CParseBuffer@CRegParser@ATL@@QAE@H@Z 7c635970 f i atl.obj
 0001:000049d0       ?AtlCoTaskMemCAlloc@ATL@@YAPAXKK@Z 7c6359d0 f i atl.obj
 0001:00004a10       ??$AtlMultiply@K@ATL@@YAJPAKKK@Z 7c635a10 f i atl.obj
 0001:00004a50       ??1CParseBuffer@CRegParser@ATL@@QAE@XZ 7c635a50 f i atl.obj
 0001:00004a70       ?AddChar@CParseBuffer@CRegParser@ATL@@QAEHPBD@Z 7c635a70 f i atl.obj
 0001:00004aa0       ?Append@CParseBuffer@CRegParser@ATL@@QAEHPBDH@Z 7c635aa0 f i atl.obj
 0001:00004be0       ?AtlCoTaskMemRecalloc@ATL@@YAPAXPAXKK@Z 7c635be0 f i atl.obj
 0001:00004c20       ?AddString@CParseBuffer@CRegParser@ATL@@QAEHPB_W@Z 7c635c20 f i atl.obj
 0001:00004d60       ?Detach@CParseBuffer@CRegParser@ATL@@QAEPADXZ 7c635d60 f i atl.obj
 0001:00004da0       ?StrFromMap@CRegObject@ATL@@QAEPB_WPAD@Z 7c635da0 f i atl.obj
 0001:00004e10       ?StrChrA@CRegParser@ATL@@KAPADPADD@Z 7c635e10 f i atl.obj
 0001:00004e60       ?RegisterSubkeys@CRegParser@ATL@@IAEJPADPAUHKEY__@@HH@Z 7c635e60 f i atl.obj
 0001:00005810       ??0CRegKey@ATL@@QAE@XZ     7c636810 f i atl.obj
 0001:00005830       ??1CRegKey@ATL@@QAE@XZ     7c636830 f i atl.obj
 0001:00005850       ??BCRegKey@ATL@@QBEPAUHKEY__@@XZ 7c636850 f i atl.obj
 0001:00005860       ?Detach@CRegKey@ATL@@QAEPAUHKEY__@@XZ 7c636860 f i atl.obj
 0001:00005890       ?Attach@CRegKey@ATL@@QAEXPAUHKEY__@@@Z 7c636890 f i atl.obj
 0001:000058e0       ?DeleteSubKey@CRegKey@ATL@@QAEJPBD@Z 7c6368e0 f i atl.obj
 0001:00005930       ?DeleteValue@CRegKey@ATL@@QAEJPBD@Z 7c636930 f i atl.obj
 0001:00005980       ?Close@CRegKey@ATL@@QAEJXZ 7c636980 f i atl.obj
 0001:000059c0       ?Create@CRegKey@ATL@@QAEJPAUHKEY__@@PBDPADKKPAU_SECURITY_ATTRIBUTES@@PAK@Z 7c6369c0 f i atl.obj
 0001:00005a60       ?Open@CRegKey@ATL@@QAEJPAUHKEY__@@PBDK@Z 7c636a60 f i atl.obj
 0001:00005b00       ?RecurseDeleteKey@CRegKey@ATL@@QAEJPBD@Z 7c636b00 f i atl.obj
 0001:00005c50       ?AddValue@CRegParser@ATL@@IAEJAAVCRegKey@2@PBDPAD@Z 7c636c50 f i atl.obj
 0001:000063f0       ?SetDWORDValue@CRegKey@ATL@@QAEJPBDK@Z 7c6373f0 f i atl.obj
 0001:00006450       ?SetStringValue@CRegKey@ATL@@QAEJPBD0K@Z 7c637450 f i atl.obj
 0001:00006530       ?SetMultiStringValue@CRegKey@ATL@@QAEJPBD0@Z 7c637530 f i atl.obj
 0001:00006610       ?VTFromRegType@CRegParser@ATL@@KAHPBDAAG@Z 7c637610 f i atl.obj
 0001:000066d0       ?ChToByte@CRegParser@ATL@@KAED@Z 7c6376d0 f i atl.obj
 0001:000067c0       ?CanForceRemoveKey@CRegParser@ATL@@IAEHPBD@Z 7c6377c0 f i atl.obj
 0001:00006810       ?HasSubKeys@CRegParser@ATL@@IAEHPAUHKEY__@@@Z 7c637810 f i atl.obj
 0001:000068b0       ?SkipAssignment@CRegParser@ATL@@IAEJPAD@Z 7c6378b0 f i atl.obj
 0001:00006950       ?AtlAxWinTerm@ATL@@YAHXZ   7c637950 f i atl.obj
 0001:00006990       ??0?$CComObjectRootEx@VCComMultiThreadModel@ATL@@@ATL@@QAE@XZ 7c637990 f i atl.obj
 0001:000069c0       ??0CComObjectRootBase@ATL@@QAE@XZ 7c6379c0 f i atl.obj
 0001:000069e0       ??0CComAutoDeleteCriticalSection@ATL@@QAE@XZ 7c6379e0 f i atl.obj
 0001:00006a00       ??0CComSafeDeleteCriticalSection@ATL@@QAE@XZ 7c637a00 f i atl.obj
 0001:00006a20       ??0CComCriticalSection@ATL@@QAE@XZ 7c637a20 f i atl.obj
 0001:00006a40       ??0IUnknown@@QAE@XZ        7c637a40 f i atl.obj
 0001:00006a50       ?UpdateRegistry@CAxHostWindow@ATL@@SGJH@Z 7c637a50 f i atl.obj
 0001:00006a60       ??0?$CAtlSafeAllocBufferManager@VCCRTAllocator@ATL@@@_ATL_SAFE_ALLOCA_IMPL@ATL@@QAE@XZ 7c637a60 f i atl.obj
 0001:00006a80       ?Allocate@?$CAtlSafeAllocBufferManager@VCCRTAllocator@ATL@@@_ATL_SAFE_ALLOCA_IMPL@ATL@@QAEPAXK@Z 7c637a80 f i atl.obj
 0001:00006ad0       ?Allocate@CCRTAllocator@ATL@@SAPAXI@Z 7c637ad0 f i atl.obj
 0001:00006af0       ??1?$CAtlSafeAllocBufferManager@VCCRTAllocator@ATL@@@_ATL_SAFE_ALLOCA_IMPL@ATL@@QAE@XZ 7c637af0 f i atl.obj
 0001:00006b30       ?Free@CCRTAllocator@ATL@@SAXPAX@Z 7c637b30 f i atl.obj
 0001:00006b50       ?GetSize@?$CSimpleArray@GV?$CSimpleArrayEqualHelper@G@ATL@@@ATL@@QBEHXZ 7c637b50 f i atl.obj
 0001:00006b70       ?RemoveAll@?$CSimpleArray@GV?$CSimpleArrayEqualHelper@G@ATL@@@ATL@@QAEXXZ 7c637b70 f i atl.obj
 0001:00006bd0       ??A?$CSimpleArray@GV?$CSimpleArrayEqualHelper@G@ATL@@@ATL@@QAEAAGH@Z 7c637bd0 f i atl.obj
 0001:00006c40       ??0?$CComPtr@UIRegistrar@@@ATL@@QAE@XZ 7c637c40 f i atl.obj
 0001:00006c60       ??1?$CComPtrBase@UIRegistrar@@@ATL@@QAE@XZ 7c637c60 f i atl.obj
 0001:00006c90       ??B?$CComPtrBase@UIRegistrar@@@ATL@@QBEPAUIRegistrar@@XZ 7c637c90 f i atl.obj
 0001:00006ca0       ??I?$CComPtrBase@UIRegistrar@@@ATL@@QAEPAPAUIRegistrar@@XZ 7c637ca0 f i atl.obj
 0001:00006ce0       ??C?$CComPtrBase@UIRegistrar@@@ATL@@QBEPAV?$_NoAddRefReleaseOnCComPtr@UIRegistrar@@@1@XZ 7c637ce0 f i atl.obj
 0001:00006d20       ??1?$CComObjectRootEx@VCComMultiThreadModel@ATL@@@ATL@@QAE@XZ 7c637d20 f i atl.obj
 0001:00006d40       ??1CComObjectRootBase@ATL@@QAE@XZ 7c637d40 f i atl.obj
 0001:00006d50       ??1?$CSimpleMap@PADPA_WVCExpansionVectorEqualHelper@ATL@@@ATL@@QAE@XZ 7c637d50 f i atl.obj
 0001:00006d70       ?GetSize@?$CSimpleMap@PADPA_WVCExpansionVectorEqualHelper@ATL@@@ATL@@QBEHXZ 7c637d70 f i atl.obj
 0001:00006d90       ?Add@?$CSimpleMap@PADPA_WVCExpansionVectorEqualHelper@ATL@@@ATL@@QAEHABQADABQA_W@Z 7c637d90 f i atl.obj
 0001:00006e30       ?RemoveAll@?$CSimpleMap@PADPA_WVCExpansionVectorEqualHelper@ATL@@@ATL@@QAEXXZ 7c637e30 f i atl.obj
 0001:00006eb0       ?Lookup@?$CSimpleMap@PADPA_WVCExpansionVectorEqualHelper@ATL@@@ATL@@QBEPA_WABQAD@Z 7c637eb0 f i atl.obj
 0001:00006ef0       ?GetKeyAt@?$CSimpleMap@PADPA_WVCExpansionVectorEqualHelper@ATL@@@ATL@@QBEAAPADH@Z 7c637ef0 f i atl.obj
 0001:00006f60       ?GetValueAt@?$CSimpleMap@PADPA_WVCExpansionVectorEqualHelper@ATL@@@ATL@@QBEAAPA_WH@Z 7c637f60 f i atl.obj
 0001:00006fd0       ??0?$CAutoVectorPtr@D@ATL@@QAE@XZ 7c637fd0 f i atl.obj
 0001:00006ff0       ??1?$CAutoVectorPtr@D@ATL@@QAE@XZ 7c637ff0 f i atl.obj
 0001:00007010       ?Attach@?$CAutoVectorPtr@D@ATL@@QAEXPAD@Z 7c638010 f i atl.obj
 0001:00007060       ?Detach@?$CAutoVectorPtr@D@ATL@@QAEPADXZ 7c638060 f i atl.obj
 0001:00007090       ??0?$CAutoVectorPtr@_W@ATL@@QAE@XZ 7c638090 f i atl.obj
 0001:000070b0       ??1?$CAutoVectorPtr@_W@ATL@@QAE@XZ 7c6380b0 f i atl.obj
 0001:000070d0       ?Attach@?$CAutoVectorPtr@_W@ATL@@QAEXPA_W@Z 7c6380d0 f i atl.obj
 0001:00007120       ?Detach@?$CAutoVectorPtr@_W@ATL@@QAEPA_WXZ 7c638120 f i atl.obj
 0001:00007150       ??0?$CTempBuffer@D$0EAA@VCCRTAllocator@ATL@@@ATL@@QAE@XZ 7c638150 f i atl.obj
 0001:00007170       ??1?$CTempBuffer@D$0EAA@VCCRTAllocator@ATL@@@ATL@@QAE@XZ 7c638170 f i atl.obj
 0001:00007190       ??B?$CTempBuffer@D$0EAA@VCCRTAllocator@ATL@@@ATL@@QBEPADXZ 7c638190 f i atl.obj
 0001:000071a0       ?Allocate@?$CTempBuffer@D$0EAA@VCCRTAllocator@ATL@@@ATL@@QAEPADI@Z 7c6381a0 f i atl.obj
 0001:000071d0       ??0?$CTempBuffer@D$0BAA@VCCRTAllocator@ATL@@@ATL@@QAE@XZ 7c6381d0 f i atl.obj
 0001:000071f0       ??1?$CTempBuffer@D$0BAA@VCCRTAllocator@ATL@@@ATL@@QAE@XZ 7c6381f0 f i atl.obj
 0001:00007210       ??B?$CTempBuffer@D$0BAA@VCCRTAllocator@ATL@@@ATL@@QBEPADXZ 7c638210 f i atl.obj
 0001:00007220       ?Allocate@?$CTempBuffer@D$0BAA@VCCRTAllocator@ATL@@@ATL@@QAEPADI@Z 7c638220 f i atl.obj
 0001:00007250       ??0?$CTempBuffer@E$0BAA@VCCRTAllocator@ATL@@@ATL@@QAE@XZ 7c638250 f i atl.obj
 0001:00007270       ??1?$CTempBuffer@E$0BAA@VCCRTAllocator@ATL@@@ATL@@QAE@XZ 7c638270 f i atl.obj
 0001:00007290       ??B?$CTempBuffer@E$0BAA@VCCRTAllocator@ATL@@@ATL@@QBEPAEXZ 7c638290 f i atl.obj
 0001:000072a0       ?Allocate@?$CTempBuffer@E$0BAA@VCCRTAllocator@ATL@@@ATL@@QAEPAEI@Z 7c6382a0 f i atl.obj
 0001:000072d0       ?GetWndClassName@?$CAxWindowT@VCWindow@ATL@@@ATL@@SAPBDXZ 7c6382d0 f i atl.obj
 0001:000072e0       ?GetWndClassName@?$CAxWindow2T@VCWindow@ATL@@@ATL@@SAPBDXZ 7c6382e0 f i atl.obj
 0001:000072f0       ??0?$CComPtrBase@UIRegistrar@@@ATL@@IAE@XZ 7c6382f0 f i atl.obj
 0001:00007310       ?InternalAddRef@?$CComObjectRootEx@VCComMultiThreadModel@ATL@@@ATL@@QAEKXZ 7c638310 f i atl.obj
 0001:00007360       ?Increment@CComMultiThreadModel@ATL@@SGKPAJ@Z 7c638360 f i atl.obj
 0001:00007380       ?InternalRelease@?$CComObjectRootEx@VCComMultiThreadModel@ATL@@@ATL@@QAEKXZ 7c638380 f i atl.obj
 0001:000073d0       ?Decrement@CComMultiThreadModel@ATL@@SGKPAJ@Z 7c6383d0 f i atl.obj
 0001:000073f0       ?FindKey@?$CSimpleMap@PADPA_WVCExpansionVectorEqualHelper@ATL@@@ATL@@QBEHABQAD@Z 7c6383f0 f i atl.obj
 0001:00007450       ?IsEqualKey@CExpansionVectorEqualHelper@ATL@@SA_NQAD0@Z 7c638450 f i atl.obj
 0001:00007470       ?InternalSetAtIndex@?$CSimpleMap@PADPA_WVCExpansionVectorEqualHelper@ATL@@@ATL@@QAEXHABQADABQA_W@Z 7c638470 f i atl.obj
 0001:000074f0       ?Free@?$CAutoVectorPtr@D@ATL@@QAEXXZ 7c6384f0 f i atl.obj
 0001:00007520       ?Free@?$CAutoVectorPtr@_W@ATL@@QAEXXZ 7c638520 f i atl.obj
 0001:00007550       ?AllocateBytes@?$CTempBuffer@D$0EAA@VCCRTAllocator@ATL@@@ATL@@QAEPADI@Z 7c638550 f i atl.obj
 0001:000075b0       ?FreeHeap@?$CTempBuffer@D$0EAA@VCCRTAllocator@ATL@@@ATL@@AAEXXZ 7c6385b0 f i atl.obj
 0001:000075d0       ?AllocateBytes@?$CTempBuffer@D$0BAA@VCCRTAllocator@ATL@@@ATL@@QAEPADI@Z 7c6385d0 f i atl.obj
 0001:00007630       ?FreeHeap@?$CTempBuffer@D$0BAA@VCCRTAllocator@ATL@@@ATL@@AAEXXZ 7c638630 f i atl.obj
 0001:00007650       ?AllocateBytes@?$CTempBuffer@E$0BAA@VCCRTAllocator@ATL@@@ATL@@QAEPAEI@Z 7c638650 f i atl.obj
 0001:000076b0       ?FreeHeap@?$CTempBuffer@E$0BAA@VCCRTAllocator@ATL@@@ATL@@AAEXXZ 7c6386b0 f i atl.obj
 0001:000076d0       ?GetData@CAtlSafeAllocBufferNode@?$CAtlSafeAllocBufferManager@VCCRTAllocator@ATL@@@_ATL_SAFE_ALLOCA_IMPL@ATL@@QAEPAXXZ 7c6386d0 f i atl.obj
 0001:000076f0       ?AllocateHeap@?$CTempBuffer@D$0EAA@VCCRTAllocator@ATL@@@ATL@@AAEXI@Z 7c6386f0 f i atl.obj
 0001:00007730       ?AllocateHeap@?$CTempBuffer@D$0BAA@VCCRTAllocator@ATL@@@ATL@@AAEXI@Z 7c638730 f i atl.obj
 0001:00007770       ?AllocateHeap@?$CTempBuffer@E$0BAA@VCCRTAllocator@ATL@@@ATL@@AAEXI@Z 7c638770 f i atl.obj
 0001:000077b0       ??0?$Wrapper@PAD@?$CSimpleMap@PADPA_WVCExpansionVectorEqualHelper@ATL@@@ATL@@QAE@ABQAD@Z 7c6387b0 f i atl.obj
 0001:000077d0       ??0?$Wrapper@PA_W@?$CSimpleMap@PADPA_WVCExpansionVectorEqualHelper@ATL@@@ATL@@QAE@ABQA_W@Z 7c6387d0 f i atl.obj
 0001:000077f0       ??$AtlAdd@K@ATL@@YAJPAKKK@Z 7c6387f0 f i atl.obj
 0001:00007820       ??$AtlAddThrow@K@ATL@@YAKKK@Z 7c638820 f i atl.obj
 0001:00007860       ??$AtlMultiplyThrow@I@ATL@@YAIII@Z 7c638860 f i atl.obj
 0001:000078a0       ??$AtlMultiply@I@ATL@@YAJPAIII@Z 7c6388a0 f i atl.obj
 0001:000078e0       ??$?2PAD@?$Wrapper@PAD@?$CSimpleMap@PADPA_WVCExpansionVectorEqualHelper@ATL@@@ATL@@SAPAXIPAPAD@Z 7c6388e0 f i atl.obj
 0001:000078f0       ??$?2PA_W@?$Wrapper@PA_W@?$CSimpleMap@PADPA_WVCExpansionVectorEqualHelper@ATL@@@ATL@@SAPAXIPAPA_W@Z 7c6388f0 f i atl.obj
 0001:00007900       ??0CComModule@ATL@@QAE@XZ  7c638900 f i atl.obj
 0001:00007960       ?Lock@CAtlModule@ATL@@UAEJXZ 7c638960 f i atl.obj
 0001:00007980       ?Unlock@CAtlModule@ATL@@UAEJXZ 7c638980 f i atl.obj
 0001:000079a0       ?GetLockCount@CAtlModule@ATL@@UAEJXZ 7c6389a0 f i atl.obj
 0001:000079c0       ?GetGITPtr@CAtlModule@ATL@@UAEJPAPAUIGlobalInterfaceTable@@@Z 7c6389c0 f i atl.obj
 0001:00007a90       ?UpdateRegistryFromResourceD@CComModule@ATL@@UAGJPBDHPAU_ATL_REGMAP_ENTRY@2@@Z 7c638a90 f i atl.obj
 0001:00007ab0       ?UpdateRegistryFromResourceD@CAtlModule@ATL@@QAGJPBDHPAU_ATL_REGMAP_ENTRY@2@@Z 7c638ab0 f i atl.obj
 0001:00007be0       ?UpdateRegistryFromResourceDHelper@CAtlModule@ATL@@QAGJPB_WHPAU_ATL_REGMAP_ENTRY@2@@Z 7c638be0 f i atl.obj
 0001:00007cf0       ?UpdateRegistryFromResourceD@CComModule@ATL@@UAGJIHPAU_ATL_REGMAP_ENTRY@2@@Z 7c638cf0 f i atl.obj
 0001:00007d10       ?UpdateRegistryFromResourceD@CAtlModule@ATL@@QAGJIHPAU_ATL_REGMAP_ENTRY@2@@Z 7c638d10 f i atl.obj
 0001:00007d30       ?UpdateRegistryFromResourceS@CComModule@ATL@@UAGJPBDHPAU_ATL_REGMAP_ENTRY@2@@Z 7c638d30 f i atl.obj
 0001:00007d40       ?UpdateRegistryFromResourceS@CComModule@ATL@@UAGJIHPAU_ATL_REGMAP_ENTRY@2@@Z 7c638d40 f i atl.obj
 0001:00007d50       ??_GCComModule@ATL@@UAEPAXI@Z 7c638d50 f i atl.obj
 0001:00007d50       ??_ECComModule@ATL@@UAEPAXI@Z 7c638d50 f i atl.obj
 0001:00007d80       ??1CComModule@ATL@@UAE@XZ  7c638d80 f i atl.obj
 0001:00007da0       ??1?$CAtlModuleT@VCComModule@ATL@@@ATL@@UAE@XZ 7c638da0 f i atl.obj
 0001:00007dc0       ??1CAtlModule@ATL@@UAE@XZ  7c638dc0 f i atl.obj
 0001:00007e00       ??1_ATL_MODULE70@ATL@@QAE@XZ 7c638e00 f i atl.obj
 0001:00007e20       ??0?$CAtlModuleT@VCComModule@ATL@@@ATL@@QAE@XZ 7c638e20 f i atl.obj
 0001:00007e40       ??0CAtlModule@ATL@@QAE@XZ  7c638e40 f i atl.obj
 0001:00007f30       ??0_ATL_MODULE70@ATL@@QAE@XZ 7c638f30 f i atl.obj
 0001:00007f50       ?AddCommonRGSReplacements@?$CAtlModuleT@VCComModule@ATL@@@ATL@@UAEJPAUIRegistrarBase@@@Z 7c638f50 f i atl.obj
 0001:00007f80       ?InitLibId@?$CAtlModuleT@VCComModule@ATL@@@ATL@@SAXXZ 7c638f80 f i atl.obj
 0001:00007f90       ?GetAppId@?$CAtlModuleT@VCComModule@ATL@@@ATL@@SAPB_WXZ 7c638f90 f i atl.obj
 0001:00007fa0       ??0CAtlComModule@ATL@@QAE@XZ 7c638fa0 f i atl.obj
 0001:00008060       ??0_ATL_COM_MODULE70@ATL@@QAE@XZ 7c639060 f i atl.obj
 0001:00008080       ??1CAtlComModule@ATL@@QAE@XZ 7c639080 f i atl.obj
 0001:000080a0       ?Term@CAtlComModule@ATL@@QAEXXZ 7c6390a0 f i atl.obj
 0001:00008130       ??1_ATL_COM_MODULE70@ATL@@QAE@XZ 7c639130 f i atl.obj
 0001:00008150       _AtlDevModeW2A@8           7c639150 f i stdafx.obj
 0001:000082d0       _AtlComQIPtrAssign@12      7c6392d0 f i stdafx.obj
 0001:00008330       ??_I@YGXPAXIHP6EX0@Z@Z     7c639330 f i stdafx.obj
 0001:00008360       _AtlLoadTypeLib@16         7c639360 f i stdafx.obj
 0001:000089a0       ?strcpy_s@Checked@ATL@@YAXPADIPBD@Z 7c6399a0 f i stdafx.obj
 0001:00009730       _AtlUnRegisterTypeLib@8    7c63a730 f i stdafx.obj
 0001:00009800       ??0CComBSTR@ATL@@QAE@XZ    7c63a800 f i stdafx.obj
 0001:00009820       ??ICComBSTR@ATL@@QAEPAPA_WXZ 7c63a820 f i stdafx.obj
 0001:00009830       ??1CComBSTR@ATL@@QAE@XZ    7c63a830 f i stdafx.obj
 0001:00009850       ??1?$CComPtr@UITypeLib@@@ATL@@QAE@XZ 7c63a850 f i stdafx.obj
 0001:00009870       _AtlRegisterTypeLib@8      7c63a870 f i stdafx.obj
 0001:000099c0       ?wcsncpy_s@Checked@ATL@@YAHPA_WIPB_WI@Z 7c63a9c0 f i stdafx.obj
 0001:000099f0       ?Length@CComBSTR@ATL@@QBEIXZ 7c63a9f0 f i stdafx.obj
 0001:00009a10       ??BCComBSTR@ATL@@QBEPA_WXZ 7c63aa10 f i stdafx.obj
 0001:00009a20       ?CharNextO@@YAPA_WPB_W@Z   7c63aa20 f i stdafx.obj
 0001:00009a50       _AtlComModuleRegisterServer@12 7c63aa50 f i stdafx.obj
 0001:00009b70       _IsEqualGUID               7c63ab70 f i stdafx.obj
 0001:00009b90       _AtlComModuleUnregisterServer@12 7c63ab90 f i stdafx.obj
 0001:00009c80       _AtlRegisterClassCategoriesHelper@12 7c63ac80 f i stdafx.obj
 0001:0000a230       ?strcat_s@Checked@ATL@@YAXPADIPBD@Z 7c63b230 f i stdafx.obj
 0001:0000a260       ??0CRegKey@ATL@@QAE@PAUHKEY__@@@Z 7c63b260 f i stdafx.obj
 0001:0000a280       ??1?$CComPtr@UICatRegister@@@ATL@@QAE@XZ 7c63b280 f i stdafx.obj
 0001:0000a2a0       _AtlAdvise@16              7c63b2a0 f i stdafx.obj
 0001:0000a360       ??1?$CComPtr@UIConnectionPointContainer@@@ATL@@QAE@XZ 7c63b360 f i stdafx.obj
 0001:0000a380       ??1?$CComPtr@UIConnectionPoint@@@ATL@@QAE@XZ 7c63b380 f i stdafx.obj
 0001:0000a3a0       _AtlUnadvise@12            7c63b3a0 f i stdafx.obj
 0001:0000a460       _AtlFreeMarshalStream@4    7c63b460 f i stdafx.obj
 0001:0000a4c0       _AtlMarshalPtrInProc@12    7c63b4c0 f i stdafx.obj
 0001:0000a560       _AtlUnmarshalPtr@12        7c63b560 f i stdafx.obj
 0001:0000a600       _AtlComModuleGetClassObject@16 7c63b600 f i stdafx.obj
 0001:0000a7d0       _AtlComModuleRegisterClassObjects@12 7c63b7d0 f i stdafx.obj
 0001:0000a860       ?RegisterClassObject@_ATL_OBJMAP_ENTRY30@ATL@@QAGJKK@Z 7c63b860 f i stdafx.obj
 0001:0000a8e0       _AtlComModuleRevokeClassObjects@4 7c63b8e0 f i stdafx.obj
 0001:0000a970       ?RevokeClassObject@_ATL_OBJMAP_ENTRY30@ATL@@QAGJXZ 7c63b970 f i stdafx.obj
 0001:0000a9a0       _AtlWaitWithMessageLoop@4  7c63b9a0 f i stdafx.obj
 0001:0000aa90       _AtlGetVersion@4           7c63ba90 f i stdafx.obj
 0001:0000aaa0       _AtlWinModuleInit@4        7c63baa0 f i stdafx.obj
 0001:0000ab40       _AtlModuleAddTermFunc@12   7c63bb40 f i stdafx.obj
 0001:0000ac50       ??_Estringdispid@CComTypeInfoHolder@ATL@@QAEPAXI@Z 7c63bc50 f i stdafx.obj
 0001:0000acc0       ??1stringdispid@CComTypeInfoHolder@ATL@@QAE@XZ 7c63bcc0 f i stdafx.obj
 0001:0000ace0       _AtlSetErrorInfo@28        7c63bce0 f i stdafx.obj
 0001:0000b110       ?tcscpy_s@Checked@ATL@@YAXPADIPBD@Z 7c63c110 f i stdafx.obj
 0001:0000b140       ??1?$CComPtr@UICreateErrorInfo@@@ATL@@QAE@XZ 7c63c140 f i stdafx.obj
 0001:0000b160       ??1?$CComPtr@UIErrorInfo@@@ATL@@QAE@XZ 7c63c160 f i stdafx.obj
 0001:0000b180       _AtlIPersistStreamInit_Load@16 7c63c180 f i stdafx.obj
 0001:0000b4d0       ??0?$CComPtr@UIDispatch@@@ATL@@QAE@XZ 7c63c4d0 f i stdafx.obj
 0001:0000b4f0       ?PutProperty@?$CComPtr@UIDispatch@@@ATL@@QAEJJPAUtagVARIANT@@@Z 7c63c4f0 f i stdafx.obj
 0001:0000b520       ?PutProperty@?$CComPtr@UIDispatch@@@ATL@@SAJPAUIDispatch@@JPAUtagVARIANT@@@Z 7c63c520 f i stdafx.obj
 0001:0000b690       ?Detach@CComBSTR@ATL@@QAEPA_WXZ 7c63c690 f i stdafx.obj
 0001:0000b6c0       ?ReadFromStream@CComBSTR@ATL@@QAEJPAUIStream@@@Z 7c63c6c0 f i stdafx.obj
 0001:0000b9e0       ?Empty@CComBSTR@ATL@@QAEXXZ 7c63c9e0 f i stdafx.obj
 0001:0000ba00       ??7CComBSTR@ATL@@QBE_NXZ   7c63ca00 f i stdafx.obj
 0001:0000ba20       ??0CComVariant@ATL@@QAE@XZ 7c63ca20 f i stdafx.obj
 0001:0000ba40       ??1CComVariant@ATL@@QAE@XZ 7c63ca40 f i stdafx.obj
 0001:0000ba60       ?Clear@CComVariant@ATL@@QAEJXZ 7c63ca60 f i stdafx.obj
 0001:0000ba80       ?ReadFromStream@CComVariant@ATL@@QAEJPAUIStream@@G@Z 7c63ca80 f i stdafx.obj
 0001:0000bab0       ?ReadFromStream@CComVariant@ATL@@QAEJPAUIStream@@GTClassesAllowedInStream@2@K@Z 7c63cab0 f i stdafx.obj
 0001:0000bd50       ?ChangeType@CComVariant@ATL@@QAEJGPBUtagVARIANT@@@Z 7c63cd50 f i stdafx.obj
 0001:0000bd90       ??1?$CComPtr@UIDispatch@@@ATL@@QAE@XZ 7c63cd90 f i stdafx.obj
 0001:0000bdb0       _AtlIPersistStreamInit_Save@20 7c63cdb0 f i stdafx.obj
 0001:0000c0f0       ?GetProperty@?$CComPtr@UIDispatch@@@ATL@@QAEJJPAUtagVARIANT@@@Z 7c63d0f0 f i stdafx.obj
 0001:0000c120       ?GetProperty@?$CComPtr@UIDispatch@@@ATL@@SAJPAUIDispatch@@JPAUtagVARIANT@@@Z 7c63d120 f i stdafx.obj
 0001:0000c210       ?Attach@CComBSTR@ATL@@QAEXPA_W@Z 7c63d210 f i stdafx.obj
 0001:0000c240       ?WriteToStream@CComBSTR@ATL@@QAEJPAUIStream@@@Z 7c63d240 f i stdafx.obj
 0001:0000c2f0       ?GetStreamSize@CComBSTR@ATL@@SAKPA_W@Z 7c63d2f0 f i stdafx.obj
 0001:0000c320       ?WriteToStream@CComVariant@ATL@@QAEJPAUIStream@@G@Z 7c63d320 f i stdafx.obj
 0001:0000c3b0       ?WriteToStream@CComVariant@ATL@@QAEJPAUIStream@@@Z 7c63d3b0 f i stdafx.obj
 0001:0000c630       ??1?$CComPtr@UIPersistStream@@@ATL@@QAE@XZ 7c63d630 f i stdafx.obj
 0001:0000c650       _AtlIPersistPropertyBag_Load@20 7c63d650 f i stdafx.obj
 0001:0000cc20       ?ClearToZero@CComVariant@ATL@@QAEJXZ 7c63dc20 f i stdafx.obj
 0001:0000cc60       _AtlIPersistPropertyBag_Save@24 7c63dc60 f i stdafx.obj
 0001:0000d130       _AtlGetObjectSourceInterface@20 7c63e130 f i stdafx.obj
 0001:0000d5a0       ??1?$CComPtr@UITypeInfo@@@ATL@@QAE@XZ 7c63e5a0 f i stdafx.obj
 0001:0000d5c0       ??1?$CComPtr@UIProvideClassInfo2@@@ATL@@QAE@XZ 7c63e5c0 f i stdafx.obj
 0001:0000d5e0       ??1?$CComPtr@UIPersist@@@ATL@@QAE@XZ 7c63e5e0 f i stdafx.obj
 0001:0000d600       ??_H@YGXPAXIHP6EPAX0@Z@Z   7c63e600 f i stdafx.obj
 0001:0000d630       _AtlAxDialogBoxW@20        7c63e630 f i stdafx.obj
 0001:0000d660       _AtlAxDialogBoxA@20        7c63e660 f i stdafx.obj
 0001:0000d690       _AtlAxCreateDialogW@20     7c63e690 f i stdafx.obj
 0001:0000d6c0       _AtlAxCreateDialogA@20     7c63e6c0 f i stdafx.obj
 0001:0000d6f0       _AtlAxCreateControl@16     7c63e6f0 f i stdafx.obj
 0001:0000d720       _AtlAxCreateControlEx@28   7c63e720 f i stdafx.obj
 0001:0000d750       _AtlAxCreateControlLic@20  7c63e750 f i stdafx.obj
 0001:0000d780       _AtlAxCreateControlLicEx@32 7c63e780 f i stdafx.obj
 0001:0000d8c0       ??1?$CComPtr@UIUnknown@@@ATL@@QAE@XZ 7c63e8c0 f i stdafx.obj
 0001:0000d8e0       ??0CComBSTR@ATL@@QAE@PB_W@Z 7c63e8e0 f i stdafx.obj
 0001:0000d930       ??1?$CComPtr@UIAxWinHostWindowLic@@@ATL@@QAE@XZ 7c63e930 f i stdafx.obj
 0001:0000d950       _AtlAxAttachControl@12     7c63e950 f i stdafx.obj
 0001:0000da30       ??1?$CComPtr@UIAxWinHostWindow@@@ATL@@QAE@XZ 7c63ea30 f i stdafx.obj
 0001:0000da50       _AtlAxWinInit@0            7c63ea50 f i stdafx.obj
 0001:0000dcc0       __MarkAllocaS              7c63ecc0 f i stdafx.obj
 0001:0000dce0       ?SetWindowLongPtrA@@YAJPAUHWND__@@HJ@Z 7c63ece0 f i stdafx.obj
 0001:0000dd00       ?GetWindowLongPtrA@@YAJPAUHWND__@@H@Z 7c63ed00 f i stdafx.obj
 0001:0000dd20       ??1?$CComPtr@UIStream@@@ATL@@QAE@XZ 7c63ed20 f i stdafx.obj
 0001:0000dd40       ?ParseInitData@_DialogSplitHelper@ATL@@SAJPAUIStream@@PAPA_W@Z 7c63ed40 f i stdafx.obj
 0001:0000df70       ??0CComBSTR@ATL@@QAE@H@Z   7c63ef70 f i stdafx.obj
 0001:0000dfc0       _AtlAxGetControl@8         7c63efc0 f i stdafx.obj
 0001:0000e030       _AtlAxGetHost@8            7c63f030 f i stdafx.obj
 0001:0000e0a0       _AtlWinModuleRegisterClassExW@8 7c63f0a0 f i stdafx.obj
 0001:0000e110       _AtlWinModuleRegisterWndClassInfoW@16 7c63f110 f i stdafx.obj
 0001:0000e140       _AtlCreateTargetDC@8       7c63f140 f i stdafx.obj
 0001:0000e4d0       _AtlHiMetricToPixel@8      7c63f4d0 f i stdafx.obj
 0001:0000e600       _AtlPixelToHiMetric@8      7c63f600 f i stdafx.obj
 0001:0000e730       ??0?$CComPtrBase@UIDispatch@@@ATL@@IAE@XZ 7c63f730 f i stdafx.obj
 0001:0000e750       ??1?$CComPtrBase@UIDispatch@@@ATL@@QAE@XZ 7c63f750 f i stdafx.obj
 0001:0000e780       ??I?$CComPtrBase@UIDispatch@@@ATL@@QAEPAPAUIDispatch@@XZ 7c63f780 f i stdafx.obj
 0001:0000e7c0       ??C?$CComPtrBase@UIDispatch@@@ATL@@QBEPAV?$_NoAddRefReleaseOnCComPtr@UIDispatch@@@1@XZ 7c63f7c0 f i stdafx.obj
 0001:0000e800       ?Release@?$CComPtrBase@UIDispatch@@@ATL@@QAEXXZ 7c63f800 f i stdafx.obj
 0001:0000e840       ??0?$CComPtr@UIUnknown@@@ATL@@QAE@XZ 7c63f840 f i stdafx.obj
 0001:0000e860       ??1?$CComPtrBase@UIUnknown@@@ATL@@QAE@XZ 7c63f860 f i stdafx.obj
 0001:0000e890       ??I?$CComPtrBase@UIUnknown@@@ATL@@QAEPAPAUIUnknown@@XZ 7c63f890 f i stdafx.obj
 0001:0000e8d0       ??C?$CComPtrBase@UIUnknown@@@ATL@@QBEPAV?$_NoAddRefReleaseOnCComPtr@UIUnknown@@@1@XZ 7c63f8d0 f i stdafx.obj
 0001:0000e910       ?Detach@?$CComPtrBase@UIUnknown@@@ATL@@QAEPAUIUnknown@@XZ 7c63f910 f i stdafx.obj
 0001:0000e940       ??0?$CComPtr@UIPersistStream@@@ATL@@QAE@XZ 7c63f940 f i stdafx.obj
 0001:0000e960       ??1?$CComPtrBase@UIPersistStream@@@ATL@@QAE@XZ 7c63f960 f i stdafx.obj
 0001:0000e990       ??B?$CComPtrBase@UIPersistStream@@@ATL@@QBEPAUIPersistStream@@XZ 7c63f990 f i stdafx.obj
 0001:0000e9a0       ??I?$CComPtrBase@UIPersistStream@@@ATL@@QAEPAPAUIPersistStream@@XZ 7c63f9a0 f i stdafx.obj
 0001:0000e9e0       ??9?$CComPtrBase@UIPersistStream@@@ATL@@QBE_NPAUIPersistStream@@@Z 7c63f9e0 f i stdafx.obj
 0001:0000ea10       ??0?$CComPtr@UITypeLib@@@ATL@@QAE@XZ 7c63fa10 f i stdafx.obj
 0001:0000ea30       ??1?$CComPtrBase@UITypeLib@@@ATL@@QAE@XZ 7c63fa30 f i stdafx.obj
 0001:0000ea60       ??B?$CComPtrBase@UITypeLib@@@ATL@@QBEPAUITypeLib@@XZ 7c63fa60 f i stdafx.obj
 0001:0000ea70       ??I?$CComPtrBase@UITypeLib@@@ATL@@QAEPAPAUITypeLib@@XZ 7c63fa70 f i stdafx.obj
 0001:0000eab0       ??C?$CComPtrBase@UITypeLib@@@ATL@@QBEPAV?$_NoAddRefReleaseOnCComPtr@UITypeLib@@@1@XZ 7c63fab0 f i stdafx.obj
 0001:0000eaf0       ??0?$CComPtr@UICatRegister@@@ATL@@QAE@XZ 7c63faf0 f i stdafx.obj
 0001:0000eb10       ??1?$CComPtrBase@UICatRegister@@@ATL@@QAE@XZ 7c63fb10 f i stdafx.obj
 0001:0000eb40       ??I?$CComPtrBase@UICatRegister@@@ATL@@QAEPAPAUICatRegister@@XZ 7c63fb40 f i stdafx.obj
 0001:0000eb80       ??C?$CComPtrBase@UICatRegister@@@ATL@@QBEPAV?$_NoAddRefReleaseOnCComPtr@UICatRegister@@@1@XZ 7c63fb80 f i stdafx.obj
 0001:0000ebc0       ??0?$CComPtr@UIConnectionPointContainer@@@ATL@@QAE@XZ 7c63fbc0 f i stdafx.obj
 0001:0000ebe0       ??1?$CComPtrBase@UIConnectionPointContainer@@@ATL@@QAE@XZ 7c63fbe0 f i stdafx.obj
 0001:0000ec10       ??I?$CComPtrBase@UIConnectionPointContainer@@@ATL@@QAEPAPAUIConnectionPointContainer@@XZ 7c63fc10 f i stdafx.obj
 0001:0000ec50       ??C?$CComPtrBase@UIConnectionPointContainer@@@ATL@@QBEPAV?$_NoAddRefReleaseOnCComPtr@UIConnectionPointContainer@@@1@XZ 7c63fc50 f i stdafx.obj
 0001:0000ec90       ??0?$CComPtr@UIConnectionPoint@@@ATL@@QAE@XZ 7c63fc90 f i stdafx.obj
 0001:0000ecb0       ??1?$CComPtrBase@UIConnectionPoint@@@ATL@@QAE@XZ 7c63fcb0 f i stdafx.obj
 0001:0000ece0       ??I?$CComPtrBase@UIConnectionPoint@@@ATL@@QAEPAPAUIConnectionPoint@@XZ 7c63fce0 f i stdafx.obj
 0001:0000ed20       ??C?$CComPtrBase@UIConnectionPoint@@@ATL@@QBEPAV?$_NoAddRefReleaseOnCComPtr@UIConnectionPoint@@@1@XZ 7c63fd20 f i stdafx.obj
 0001:0000ed60       ??0?$CComPtr@UITypeInfo@@@ATL@@QAE@XZ 7c63fd60 f i stdafx.obj
 0001:0000ed80       ??1?$CComPtrBase@UITypeInfo@@@ATL@@QAE@XZ 7c63fd80 f i stdafx.obj
 0001:0000edb0       ??I?$CComPtrBase@UITypeInfo@@@ATL@@QAEPAPAUITypeInfo@@XZ 7c63fdb0 f i stdafx.obj
 0001:0000edf0       ??C?$CComPtrBase@UITypeInfo@@@ATL@@QBEPAV?$_NoAddRefReleaseOnCComPtr@UITypeInfo@@@1@XZ 7c63fdf0 f i stdafx.obj
 0001:0000ee30       ??0?$CComPtr@UICreateErrorInfo@@@ATL@@QAE@XZ 7c63fe30 f i stdafx.obj
 0001:0000ee50       ??1?$CComPtrBase@UICreateErrorInfo@@@ATL@@QAE@XZ 7c63fe50 f i stdafx.obj
 0001:0000ee80       ??I?$CComPtrBase@UICreateErrorInfo@@@ATL@@QAEPAPAUICreateErrorInfo@@XZ 7c63fe80 f i stdafx.obj
 0001:0000eec0       ??C?$CComPtrBase@UICreateErrorInfo@@@ATL@@QBEPAV?$_NoAddRefReleaseOnCComPtr@UICreateErrorInfo@@@1@XZ 7c63fec0 f i stdafx.obj
 0001:0000ef00       ??0?$CComPtr@UIErrorInfo@@@ATL@@QAE@XZ 7c63ff00 f i stdafx.obj
 0001:0000ef20       ??1?$CComPtrBase@UIErrorInfo@@@ATL@@QAE@XZ 7c63ff20 f i stdafx.obj
 0001:0000ef50       ??B?$CComPtrBase@UIErrorInfo@@@ATL@@QBEPAUIErrorInfo@@XZ 7c63ff50 f i stdafx.obj
 0001:0000ef60       ??I?$CComPtrBase@UIErrorInfo@@@ATL@@QAEPAPAUIErrorInfo@@XZ 7c63ff60 f i stdafx.obj
 0001:0000efa0       ??0?$CW2AEX@$0IA@@ATL@@QAE@PB_W@Z 7c63ffa0 f i stdafx.obj
 0001:0000efd0       ??1?$CW2AEX@$0IA@@ATL@@QAE@XZ 7c63ffd0 f i stdafx.obj
 0001:0000f000       ??B?$CW2AEX@$0IA@@ATL@@QBEPADXZ 7c640000 f i stdafx.obj
 0001:0000f010       ??0?$CComPtr@UIProvideClassInfo2@@@ATL@@QAE@XZ 7c640010 f i stdafx.obj
 0001:0000f030       ??1?$CComPtrBase@UIProvideClassInfo2@@@ATL@@QAE@XZ 7c640030 f i stdafx.obj
 0001:0000f060       ??I?$CComPtrBase@UIProvideClassInfo2@@@ATL@@QAEPAPAUIProvideClassInfo2@@XZ 7c640060 f i stdafx.obj
 0001:0000f0a0       ??C?$CComPtrBase@UIProvideClassInfo2@@@ATL@@QBEPAV?$_NoAddRefReleaseOnCComPtr@UIProvideClassInfo2@@@1@XZ 7c6400a0 f i stdafx.obj
 0001:0000f0e0       ??9?$CComPtrBase@UIProvideClassInfo2@@@ATL@@QBE_NPAUIProvideClassInfo2@@@Z 7c6400e0 f i stdafx.obj
 0001:0000f110       ??0?$CComPtr@UIPersist@@@ATL@@QAE@XZ 7c640110 f i stdafx.obj
 0001:0000f130       ??1?$CComPtrBase@UIPersist@@@ATL@@QAE@XZ 7c640130 f i stdafx.obj
 0001:0000f160       ??I?$CComPtrBase@UIPersist@@@ATL@@QAEPAPAUIPersist@@XZ 7c640160 f i stdafx.obj
 0001:0000f1a0       ??C?$CComPtrBase@UIPersist@@@ATL@@QBEPAV?$_NoAddRefReleaseOnCComPtr@UIPersist@@@1@XZ 7c6401a0 f i stdafx.obj
 0001:0000f1e0       ??0?$CComPtr@UIStream@@@ATL@@QAE@XZ 7c6401e0 f i stdafx.obj
 0001:0000f200       ??1?$CComPtrBase@UIStream@@@ATL@@QAE@XZ 7c640200 f i stdafx.obj
 0001:0000f230       ??B?$CComPtrBase@UIStream@@@ATL@@QBEPAUIStream@@XZ 7c640230 f i stdafx.obj
 0001:0000f240       ??I?$CComPtrBase@UIStream@@@ATL@@QAEPAPAUIStream@@XZ 7c640240 f i stdafx.obj
 0001:0000f280       ??0?$CAutoStackPtr@D@ATL@@QAE@PAD@Z 7c640280 f i stdafx.obj
 0001:0000f2a0       ??1?$CAutoStackPtr@D@ATL@@QAE@XZ 7c6402a0 f i stdafx.obj
 0001:0000f2c0       ??B?$CAutoStackPtr@D@ATL@@QBEPADXZ 7c6402c0 f i stdafx.obj
 0001:0000f2d0       ?CreateInstance@?$CComCreator@V?$CComPolyObject@VCAxHostWindow@ATL@@@ATL@@@ATL@@SGJPAXABU_GUID@@PAPAX@Z 7c6402d0 f i stdafx.obj
 0001:0000f420       ??0?$CComPtr@UIAxWinHostWindowLic@@@ATL@@QAE@XZ 7c640420 f i stdafx.obj
 0001:0000f440       ??1?$CComPtrBase@UIAxWinHostWindowLic@@@ATL@@QAE@XZ 7c640440 f i stdafx.obj
 0001:0000f470       ??I?$CComPtrBase@UIAxWinHostWindowLic@@@ATL@@QAEPAPAUIAxWinHostWindowLic@@XZ 7c640470 f i stdafx.obj
 0001:0000f4b0       ??C?$CComPtrBase@UIAxWinHostWindowLic@@@ATL@@QBEPAV?$_NoAddRefReleaseOnCComPtr@UIAxWinHostWindowLic@@@1@XZ 7c6404b0 f i stdafx.obj
 0001:0000f4f0       ??0?$CComPtr@UIAxWinHostWindow@@@ATL@@QAE@XZ 7c6404f0 f i stdafx.obj
 0001:0000f510       ??1?$CComPtrBase@UIAxWinHostWindow@@@ATL@@QAE@XZ 7c640510 f i stdafx.obj
 0001:0000f540       ??I?$CComPtrBase@UIAxWinHostWindow@@@ATL@@QAEPAPAUIAxWinHostWindow@@XZ 7c640540 f i stdafx.obj
 0001:0000f580       ??C?$CComPtrBase@UIAxWinHostWindow@@@ATL@@QBEPAV?$_NoAddRefReleaseOnCComPtr@UIAxWinHostWindow@@@1@XZ 7c640580 f i stdafx.obj
 0001:0000f5c0       ??0?$CComPtrBase@UIUnknown@@@ATL@@IAE@XZ 7c6405c0 f i stdafx.obj
 0001:0000f5e0       ??0?$CComPtrBase@UIPersistStream@@@ATL@@IAE@XZ 7c6405e0 f i stdafx.obj
 0001:0000f600       ??8?$CComPtrBase@UIPersistStream@@@ATL@@QBE_NPAUIPersistStream@@@Z 7c640600 f i stdafx.obj
 0001:0000f620       ??0?$CComPtrBase@UITypeLib@@@ATL@@IAE@XZ 7c640620 f i stdafx.obj
 0001:0000f640       ??0?$CComPtrBase@UICatRegister@@@ATL@@IAE@XZ 7c640640 f i stdafx.obj
 0001:0000f660       ??0?$CComPtrBase@UIConnectionPointContainer@@@ATL@@IAE@XZ 7c640660 f i stdafx.obj
 0001:0000f680       ??0?$CComPtrBase@UIConnectionPoint@@@ATL@@IAE@XZ 7c640680 f i stdafx.obj
 0001:0000f6a0       ??0?$CComPtrBase@UITypeInfo@@@ATL@@IAE@XZ 7c6406a0 f i stdafx.obj
 0001:0000f6c0       ??0?$CComPtrBase@UICreateErrorInfo@@@ATL@@IAE@XZ 7c6406c0 f i stdafx.obj
 0001:0000f6e0       ??0?$CComPtrBase@UIErrorInfo@@@ATL@@IAE@XZ 7c6406e0 f i stdafx.obj
 0001:0000f700       ?Init@?$CW2AEX@$0IA@@ATL@@AAEXPB_WI@Z 7c640700 f i stdafx.obj
 0001:0000f810       ?AtlThrowLastWin32@ATL@@YGXXZ 7c640810 f i stdafx.obj
 0001:0000f860       ??0?$CComPtrBase@UIProvideClassInfo2@@@ATL@@IAE@XZ 7c640860 f i stdafx.obj
 0001:0000f880       ??8?$CComPtrBase@UIProvideClassInfo2@@@ATL@@QBE_NPAUIProvideClassInfo2@@@Z 7c640880 f i stdafx.obj
 0001:0000f8a0       ??0?$CComPtrBase@UIPersist@@@ATL@@IAE@XZ 7c6408a0 f i stdafx.obj
 0001:0000f8c0       ??0?$CComPtrBase@UIStream@@@ATL@@IAE@XZ 7c6408c0 f i stdafx.obj
 0001:0000f8e0       ?Free@?$CAutoStackPtr@D@ATL@@QAEXXZ 7c6408e0 f i stdafx.obj
 0001:0000f910       __freea                    7c640910 f i stdafx.obj
 0001:0000f950       ??0?$CComPtrBase@UIAxWinHostWindowLic@@@ATL@@IAE@XZ 7c640950 f i stdafx.obj
 0001:0000f970       ??0?$CComPtrBase@UIAxWinHostWindow@@@ATL@@IAE@XZ 7c640970 f i stdafx.obj
 0001:0000f990       ??0?$CComPolyObject@VCAxHostWindow@ATL@@@ATL@@QAE@PAX@Z 7c640990 f i stdafx.obj
 0001:0000fa00       ??0?$CComObjectRootEx@VCComSingleThreadModel@ATL@@@ATL@@QAE@XZ 7c640a00 f i stdafx.obj
 0001:0000fa20       ?_AtlInitialConstruct@?$CComPolyObject@VCAxHostWindow@ATL@@@ATL@@QAEJXZ 7c640a20 f i stdafx.obj
 0001:0000fa60       ?_AtlInitialConstruct@?$CComObjectRootEx@VCComSingleThreadModel@ATL@@@ATL@@QAEJXZ 7c640a60 f i stdafx.obj
 0001:0000fa70       ?FinalConstruct@?$CComPolyObject@VCAxHostWindow@ATL@@@ATL@@QAEJXZ 7c640a70 f i stdafx.obj
 0001:0000fab0       ?InternalAddRef@?$CComObjectRootEx@VCComSingleThreadModel@ATL@@@ATL@@QAEKXZ 7c640ab0 f i stdafx.obj
 0001:0000fb00       ?Increment@CComSingleThreadModel@ATL@@SGKPAJ@Z 7c640b00 f i stdafx.obj
 0001:0000fb20       ?InternalRelease@?$CComObjectRootEx@VCComSingleThreadModel@ATL@@@ATL@@QAEKXZ 7c640b20 f i stdafx.obj
 0001:0000fb70       ?Decrement@CComSingleThreadModel@ATL@@SGKPAJ@Z 7c640b70 f i stdafx.obj
 0001:0000fb90       ?AddRef@?$CComPolyObject@VCAxHostWindow@ATL@@@ATL@@UAGKXZ 7c640b90 f i stdafx.obj
 0001:0000fbb0       ?Release@?$CComPolyObject@VCAxHostWindow@ATL@@@ATL@@UAGKXZ 7c640bb0 f i stdafx.obj
 0001:0000fc00       ?QueryInterface@?$CComPolyObject@VCAxHostWindow@ATL@@@ATL@@UAGJABU_GUID@@PAPAX@Z 7c640c00 f i stdafx.obj
 0001:0000fc90       ?_InternalQueryInterface@CAxHostWindow@ATL@@QAEJABU_GUID@@PAPAX@Z 7c640c90 f i stdafx.obj
 0001:0000fcc0       ?_GetEntries@CAxHostWindow@ATL@@SGPBU_ATL_INTMAP_ENTRY@2@XZ 7c640cc0 f i stdafx.obj
 0001:0000fcd0       ??_E?$CComPolyObject@VCAxHostWindow@ATL@@@ATL@@UAEPAXI@Z 7c640cd0 f i stdafx.obj
 0001:0000fcd0       ??_G?$CComPolyObject@VCAxHostWindow@ATL@@@ATL@@UAEPAXI@Z 7c640cd0 f i stdafx.obj
 0001:0000fd00       ??1?$CComPolyObject@VCAxHostWindow@ATL@@@ATL@@UAE@XZ 7c640d00 f i stdafx.obj
 0001:0000fd70       ??1?$CComObjectRootEx@VCComSingleThreadModel@ATL@@@ATL@@QAE@XZ 7c640d70 f i stdafx.obj
 0001:0000fd90       ??1?$CComContainedObject@VCAxHostWindow@ATL@@@ATL@@UAE@XZ 7c640d90 f i stdafx.obj
 0001:0000fdb0       ??1CAxHostWindow@ATL@@UAE@XZ 7c640db0 f i stdafx.obj
 0001:0000fed0       ??1?$CWindowImpl@VCAxHostWindow@ATL@@VCWindow@2@V?$CWinTraits@$0FGAAAAAA@$0A@@2@@ATL@@UAE@XZ 7c640ed0 f i stdafx.obj
 0001:0000fef0       ??1?$CWindowImplBaseT@VCWindow@ATL@@V?$CWinTraits@$0FGAAAAAA@$0A@@2@@ATL@@UAE@XZ 7c640ef0 f i stdafx.obj
 0001:0000ff10       ??1?$CComPtr@UIOleObject@@@ATL@@QAE@XZ 7c640f10 f i stdafx.obj
 0001:0000ff30       ??1?$CComPtr@UIOleInPlaceFrame@@@ATL@@QAE@XZ 7c640f30 f i stdafx.obj
 0001:0000ff50       ??1?$CComPtr@UIOleInPlaceUIWindow@@@ATL@@QAE@XZ 7c640f50 f i stdafx.obj
 0001:0000ff70       ??1?$CComPtr@UIViewObjectEx@@@ATL@@QAE@XZ 7c640f70 f i stdafx.obj
 0001:0000ff90       ??1?$CComPtr@UIOleInPlaceObjectWindowless@@@ATL@@QAE@XZ 7c640f90 f i stdafx.obj
 0001:0000ffb0       ??1?$CComPtr@UIDocHostUIHandlerDispatch@@@ATL@@QAE@XZ 7c640fb0 f i stdafx.obj
 0001:0000ffd0       ??1?$CComPtr@UIFontDisp@@@ATL@@QAE@XZ 7c640fd0 f i stdafx.obj
 0001:0000fff0       ??1?$CComPtr@UIServiceProvider@@@ATL@@QAE@XZ 7c640ff0 f i stdafx.obj
 0001:00010010       ??1?$CWindowImplRoot@VCWindow@ATL@@@ATL@@UAE@XZ 7c641010 f i stdafx.obj
 0001:00010090       ??1?$IObjectWithSiteImpl@VCAxHostWindow@ATL@@@ATL@@UAE@XZ 7c641090 f i stdafx.obj
 0001:000100b0       ??1?$IDispatchImpl@UIAxWinAmbientDispatchEx@@$1?_GUID_b2d0778b_ac99_4c58_a5c8_e7724e5316b5@@3U__s_GUID@@B$1?m_libid@CAtlModule@ATL@@2U_GUID@@A$0PPPP@$0PPPP@VCComTypeInfoHolder@ATL@@@ATL@@UAE@XZ 7c6410b0 f i stdafx.obj
 0001:000100d0       ??1CComTypeInfoHolder@ATL@@QAE@XZ 7c6410d0 f i stdafx.obj
 0001:00010140       ??1?$CComPtrBase@UIOleObject@@@ATL@@QAE@XZ 7c641140 f i stdafx.obj
 0001:00010170       ??1?$CComPtrBase@UIOleInPlaceFrame@@@ATL@@QAE@XZ 7c641170 f i stdafx.obj
 0001:000101a0       ??1?$CComPtrBase@UIOleInPlaceUIWindow@@@ATL@@QAE@XZ 7c6411a0 f i stdafx.obj
 0001:000101d0       ??1?$CComPtrBase@UIViewObjectEx@@@ATL@@QAE@XZ 7c6411d0 f i stdafx.obj
 0001:00010200       ??1?$CComPtrBase@UIOleInPlaceObjectWindowless@@@ATL@@QAE@XZ 7c641200 f i stdafx.obj
 0001:00010230       ??1?$CComPtrBase@UIDocHostUIHandlerDispatch@@@ATL@@QAE@XZ 7c641230 f i stdafx.obj
 0001:00010260       ??1?$CComPtrBase@UIFontDisp@@@ATL@@QAE@XZ 7c641260 f i stdafx.obj
 0001:00010290       ??1?$CComPtrBase@UIServiceProvider@@@ATL@@QAE@XZ 7c641290 f i stdafx.obj
 0001:000102c0       ??1CWndProcThunk@ATL@@QAE@XZ 7c6412c0 f i stdafx.obj
 0001:000102e0       ??1CDynamicStdCallThunk@ATL@@QAE@XZ 7c6412e0 f i stdafx.obj
 0001:00010310       ??3_stdcallthunk@ATL@@SAXPAX@Z 7c641310 f i stdafx.obj
 0001:00010320       ?FinalRelease@?$CComPolyObject@VCAxHostWindow@ATL@@@ATL@@QAEXXZ 7c641320 f i stdafx.obj
 0001:00010350       ?FinalRelease@CAxHostWindow@ATL@@QAEXXZ 7c641350 f i stdafx.obj
 0001:00010370       ?ReleaseAll@CAxHostWindow@ATL@@QAEXXZ 7c641370 f i stdafx.obj
 0001:00010620       ??1?$CComPtr@UIObjectWithSite@@@ATL@@QAE@XZ 7c641620 f i stdafx.obj
 0001:00010640       ??B?$CComPtrBase@UIUnknown@@@ATL@@QBEPAUIUnknown@@XZ 7c641640 f i stdafx.obj
 0001:00010650       ??9?$CComPtrBase@UIUnknown@@@ATL@@QBE_NPAUIUnknown@@@Z 7c641650 f i stdafx.obj
 0001:00010680       ??8?$CComPtrBase@UIUnknown@@@ATL@@QBE_NPAUIUnknown@@@Z 7c641680 f i stdafx.obj
 0001:000106a0       ?Release@?$CComPtrBase@UIUnknown@@@ATL@@QAEXXZ 7c6416a0 f i stdafx.obj
 0001:000106e0       ??B?$CComPtrBase@UIOleObject@@@ATL@@QBEPAUIOleObject@@XZ 7c6416e0 f i stdafx.obj
 0001:000106f0       ??C?$CComPtrBase@UIOleObject@@@ATL@@QBEPAV?$_NoAddRefReleaseOnCComPtr@UIOleObject@@@1@XZ 7c6416f0 f i stdafx.obj
 0001:00010730       ?Release@?$CComPtrBase@UIOleObject@@@ATL@@QAEXXZ 7c641730 f i stdafx.obj
 0001:00010770       ?Release@?$CComPtrBase@UIOleInPlaceFrame@@@ATL@@QAEXXZ 7c641770 f i stdafx.obj
 0001:000107b0       ?Release@?$CComPtrBase@UIOleInPlaceUIWindow@@@ATL@@QAEXXZ 7c6417b0 f i stdafx.obj
 0001:000107f0       ??C?$CComPtrBase@UIViewObjectEx@@@ATL@@QBEPAV?$_NoAddRefReleaseOnCComPtr@UIViewObjectEx@@@1@XZ 7c6417f0 f i stdafx.obj
 0001:00010830       ??9?$CComPtrBase@UIViewObjectEx@@@ATL@@QBE_NPAUIViewObjectEx@@@Z 7c641830 f i stdafx.obj
 0001:00010860       ??8?$CComPtrBase@UIViewObjectEx@@@ATL@@QBE_NPAUIViewObjectEx@@@Z 7c641860 f i stdafx.obj
 0001:00010880       ?Release@?$CComPtrBase@UIViewObjectEx@@@ATL@@QAEXXZ 7c641880 f i stdafx.obj
 0001:000108c0       ?Release@?$CComPtrBase@UIOleInPlaceObjectWindowless@@@ATL@@QAEXXZ 7c6418c0 f i stdafx.obj
 0001:00010900       ??0?$CComPtr@UIObjectWithSite@@@ATL@@QAE@XZ 7c641900 f i stdafx.obj
 0001:00010920       ??1?$CComPtrBase@UIObjectWithSite@@@ATL@@QAE@XZ 7c641920 f i stdafx.obj
 0001:00010950       ??I?$CComPtrBase@UIObjectWithSite@@@ATL@@QAEPAPAUIObjectWithSite@@XZ 7c641950 f i stdafx.obj
 0001:00010990       ??C?$CComPtrBase@UIObjectWithSite@@@ATL@@QBEPAV?$_NoAddRefReleaseOnCComPtr@UIObjectWithSite@@@1@XZ 7c641990 f i stdafx.obj
 0001:000109d0       ??9?$CComPtrBase@UIObjectWithSite@@@ATL@@QBE_NPAUIObjectWithSite@@@Z 7c6419d0 f i stdafx.obj
 0001:00010a00       ??0?$CComPtrBase@UIObjectWithSite@@@ATL@@IAE@XZ 7c641a00 f i stdafx.obj
 0001:00010a20       ??8?$CComPtrBase@UIObjectWithSite@@@ATL@@QBE_NPAUIObjectWithSite@@@Z 7c641a20 f i stdafx.obj
 0001:00010a40       ??0?$CComContainedObject@VCAxHostWindow@ATL@@@ATL@@QAE@PAX@Z 7c641a40 f i stdafx.obj
 0001:00010ad0       ??0CAxHostWindow@ATL@@QAE@XZ 7c641ad0 f i stdafx.obj
 0001:00010da0       ?OnFinalMessage@CAxHostWindow@ATL@@UAEXPAUHWND__@@@Z 7c641da0 f i stdafx.obj
 0001:00010dd0       ?ProcessWindowMessage@CAxHostWindow@ATL@@UAEHPAUHWND__@@IIJAAJK@Z 7c641dd0 f i stdafx.obj
 0001:00011710       ?OnForwardMsg@CAxHostWindow@ATL@@QAEJIIJAAH@Z 7c642710 f i stdafx.obj
 0001:000117c0       ?OnGetUnknown@CAxHostWindow@ATL@@QAEJIIJAAH@Z 7c6427c0 f i stdafx.obj
 0001:000117f0       ?OnGetControl@CAxHostWindow@ATL@@QAEJIIJAAH@Z 7c6427f0 f i stdafx.obj
 0001:00011830       ?OnEraseBackground@CAxHostWindow@ATL@@QAEJIIJAAH@Z 7c642830 f i stdafx.obj
 0001:00011870       ?OnMouseActivate@CAxHostWindow@ATL@@QAEJIIJAAH@Z 7c642870 f i stdafx.obj
 0001:00011970       ?OnSetFocus@CAxHostWindow@ATL@@QAEJIIJAAH@Z 7c642970 f i stdafx.obj
 0001:00011ac0       ?IsChild@CWindow@ATL@@QBEHPAUHWND__@@@Z 7c642ac0 f i stdafx.obj
 0001:00011b10       ?OnKillFocus@CAxHostWindow@ATL@@QAEJIIJAAH@Z 7c642b10 f i stdafx.obj
 0001:00011b40       ?OnSize@CAxHostWindow@ATL@@QAEJIIJAAH@Z 7c642b40 f i stdafx.obj
 0001:00011ca0       ?OnDestroy@CAxHostWindow@ATL@@QAEJIIJAAH@Z 7c642ca0 f i stdafx.obj
 0001:00011d00       ?OnWindowMessage@CAxHostWindow@ATL@@QAEJIIJAAH@Z 7c642d00 f i stdafx.obj
 0001:00011da0       ?OnWindowlessMouseMessage@CAxHostWindow@ATL@@QAEJIIJAAH@Z 7c642da0 f i stdafx.obj
 0001:00011e30       ?OnPaint@CAxHostWindow@ATL@@QAEJIIJAAH@Z 7c642e30 f i stdafx.obj
 0001:00012130       ?GetClientRect@CWindow@ATL@@QBEHPAUtagRECT@@@Z 7c643130 f i stdafx.obj
 0001:00012180       ?CreateControl@CAxHostWindow@ATL@@UAGJPB_WPAUHWND__@@PAUIStream@@@Z 7c643180 f i stdafx.obj
 0001:000121d0       ?CreateControlEx@CAxHostWindow@ATL@@UAGJPB_WPAUHWND__@@PAUIStream@@PAPAUIUnknown@@ABU_GUID@@PAU5@@Z 7c6431d0 f i stdafx.obj
 0001:00012200       ?AttachControl@CAxHostWindow@ATL@@UAGJPAUIUnknown@@PAUHWND__@@@Z 7c643200 f i stdafx.obj
 0001:000122e0       ?RedrawWindow@CWindow@ATL@@QAEHPBUtagRECT@@PAUHRGN__@@I@Z 7c6432e0 f i stdafx.obj
 0001:00012340       ?QueryControl@CAxHostWindow@ATL@@UAGJABU_GUID@@PAPAX@Z 7c643340 f i stdafx.obj
 0001:000123b0       ?SetExternalDispatch@CAxHostWindow@ATL@@UAGJPAUIDispatch@@@Z 7c6433b0 f i stdafx.obj
 0001:000123d0       ??4?$CComPtr@UIDispatch@@@ATL@@QAEPAUIDispatch@@PAU2@@Z 7c6433d0 f i stdafx.obj
 0001:00012410       ?SetExternalUIHandler@CAxHostWindow@ATL@@UAGJPAUIDocHostUIHandlerDispatch@@@Z 7c643410 f i stdafx.obj
 0001:00012430       ?CreateControlLic@CAxHostWindow@ATL@@UAGJPB_WPAUHWND__@@PAUIStream@@PA_W@Z 7c643430 f i stdafx.obj
 0001:00012480       ?CreateControlLicEx@CAxHostWindow@ATL@@UAGJPB_WPAUHWND__@@PAUIStream@@PAPAUIUnknown@@ABU_GUID@@PAU5@PA_W@Z 7c643480 f i stdafx.obj
 0001:00012980       ??0CComVariant@ATL@@QAE@PB_W@Z 7c643980 f i stdafx.obj
 0001:000129b0       ??4CComVariant@ATL@@QAEAAV01@PB_W@Z 7c6439b0 f i stdafx.obj
 0001:00012a50       ?GetStyle@CWindow@ATL@@QBEKXZ 7c643a50 f i stdafx.obj
 0001:00012aa0       ?SetWindowLongA@CWindow@ATL@@QAEJHJ@Z 7c643aa0 f i stdafx.obj
 0001:00012b00       ?SetWindowPos@CWindow@ATL@@QAEHPAUHWND__@@HHHHI@Z 7c643b00 f i stdafx.obj
 0001:00012b70       ?IsParentDialog@CWindow@ATL@@QAEHXZ 7c643b70 f i stdafx.obj
 0001:00012c00       ??BCWindow@ATL@@QBEPAUHWND__@@XZ 7c643c00 f i stdafx.obj
 0001:00012c10       ?GetParent@CWindow@ATL@@QBE?AV12@XZ 7c643c10 f i stdafx.obj
 0001:00012c70       ??0CWindow@ATL@@QAE@PAUHWND__@@@Z 7c643c70 f i stdafx.obj
 0001:00012c90       ?FindOneOf@CAtlModule@ATL@@SAPBDPBD0@Z 7c643c90 f i stdafx.obj
 0001:00012d00       ??1?$CComPtr@UIClassFactory2@@@ATL@@QAE@XZ 7c643d00 f i stdafx.obj
 0001:00012d20       ?ShowContextMenu@CAxHostWindow@ATL@@UAGJKPAUtagPOINT@@PAUIUnknown@@PAUIDispatch@@@Z 7c643d20 f i stdafx.obj
 0001:00012da0       ?GetHostInfo@CAxHostWindow@ATL@@UAGJPAU_DOCHOSTUIINFO@@@Z 7c643da0 f i stdafx.obj
 0001:00012e20       ?ShowUI@CAxHostWindow@ATL@@UAGJKPAUIOleInPlaceActiveObject@@PAUIOleCommandTarget@@PAUIOleInPlaceFrame@@PAUIOleInPlaceUIWindow@@@Z 7c643e20 f i stdafx.obj
 0001:00012e90       ?HideUI@CAxHostWindow@ATL@@UAGJXZ 7c643e90 f i stdafx.obj
 0001:00012ee0       ?UpdateUI@CAxHostWindow@ATL@@UAGJXZ 7c643ee0 f i stdafx.obj
 0001:00012f30       ?EnableModeless@CAxHostWindow@ATL@@UAGJH@Z 7c643f30 f i stdafx.obj
 0001:00012f90       ?OnDocWindowActivate@CAxHostWindow@ATL@@UAGJH@Z 7c643f90 f i stdafx.obj
 0001:00012ff0       ?OnFrameWindowActivate@CAxHostWindow@ATL@@UAGJH@Z 7c643ff0 f i stdafx.obj
 0001:00013050       ?ResizeBorder@CAxHostWindow@ATL@@UAGJPBUtagRECT@@PAUIOleInPlaceUIWindow@@H@Z 7c644050 f i stdafx.obj
 0001:000130c0       ?TranslateAcceleratorA@CAxHostWindow@ATL@@UAGJPAUtagMSG@@PBU_GUID@@K@Z 7c6440c0 f i stdafx.obj
 0001:00013150       ??0CComBSTR@ATL@@QAE@ABU_GUID@@@Z 7c644150 f i stdafx.obj
 0001:000131d0       ?GetOptionKeyPath@CAxHostWindow@ATL@@UAGJPAPA_WK@Z 7c6441d0 f i stdafx.obj
 0001:000132d0       ?ByteLength@CComBSTR@ATL@@QBEIXZ 7c6442d0 f i stdafx.obj
 0001:000132f0       ?GetDropTarget@CAxHostWindow@ATL@@UAGJPAUIDropTarget@@PAPAU3@@Z 7c6442f0 f i stdafx.obj
 0001:000133f0       ?GetExternal@CAxHostWindow@ATL@@UAGJPAPAUIDispatch@@@Z 7c6443f0 f i stdafx.obj
 0001:000134c0       ?TranslateUrl@CAxHostWindow@ATL@@UAGJKPA_WPAPA_W@Z 7c6444c0 f i stdafx.obj
 0001:00013600       ?FilterDataObject@CAxHostWindow@ATL@@UAGJPAUIDataObject@@PAPAU3@@Z 7c644600 f i stdafx.obj
 0001:000136f0       ?Invoke@CAxHostWindow@ATL@@UAGJJABU_GUID@@KGPAUtagDISPPARAMS@@PAUtagVARIANT@@PAUtagEXCEPINFO@@PAI@Z 7c6446f0 f i stdafx.obj
 0001:000137c0       ?FireAmbientPropertyChange@CAxHostWindow@ATL@@QAEJJ@Z 7c6447c0 f i stdafx.obj
 0001:00013830       ?put_AllowWindowlessActivation@CAxHostWindow@ATL@@UAGJF@Z 7c644830 f i stdafx.obj
 0001:00013860       ?get_AllowWindowlessActivation@CAxHostWindow@ATL@@UAGJPAF@Z 7c644860 f i stdafx.obj
 0001:000138c0       ?put_BackColor@CAxHostWindow@ATL@@UAGJK@Z 7c6448c0 f i stdafx.obj
 0001:00013900       ?get_BackColor@CAxHostWindow@ATL@@UAGJPAK@Z 7c644900 f i stdafx.obj
 0001:00013950       ?put_ForeColor@CAxHostWindow@ATL@@UAGJK@Z 7c644950 f i stdafx.obj
 0001:00013980       ?get_ForeColor@CAxHostWindow@ATL@@UAGJPAK@Z 7c644980 f i stdafx.obj
 0001:000139d0       ?put_LocaleID@CAxHostWindow@ATL@@UAGJK@Z 7c6449d0 f i stdafx.obj
 0001:00013a00       ?get_LocaleID@CAxHostWindow@ATL@@UAGJPAK@Z 7c644a00 f i stdafx.obj
 0001:00013a50       ?put_UserMode@CAxHostWindow@ATL@@UAGJF@Z 7c644a50 f i stdafx.obj
 0001:00013a90       ?get_UserMode@CAxHostWindow@ATL@@UAGJPAF@Z 7c644a90 f i stdafx.obj
 0001:00013af0       ?put_DisplayAsDefault@CAxHostWindow@ATL@@UAGJF@Z 7c644af0 f i stdafx.obj
 0001:00013b30       ?get_DisplayAsDefault@CAxHostWindow@ATL@@UAGJPAF@Z 7c644b30 f i stdafx.obj
 0001:00013b90       ?put_Font@CAxHostWindow@ATL@@UAGJPAUIFontDisp@@@Z 7c644b90 f i stdafx.obj
 0001:00013bc0       ?get_Font@CAxHostWindow@ATL@@UAGJPAPAUIFontDisp@@@Z 7c644bc0 f i stdafx.obj
 0001:00013ed0       ?put_MessageReflect@CAxHostWindow@ATL@@UAGJF@Z 7c644ed0 f i stdafx.obj
 0001:00013f10       ?get_MessageReflect@CAxHostWindow@ATL@@UAGJPAF@Z 7c644f10 f i stdafx.obj
 0001:00013f70       ?get_ShowGrabHandles@CAxHostWindow@ATL@@UAGJPAF@Z 7c644f70 f i stdafx.obj
 0001:00013f90       ?get_ShowHatching@CAxHostWindow@ATL@@UAGJPAF@Z 7c644f90 f i stdafx.obj
 0001:00013fe0       ?put_DocHostFlags@CAxHostWindow@ATL@@UAGJK@Z 7c644fe0 f i stdafx.obj
 0001:00014010       ?get_DocHostFlags@CAxHostWindow@ATL@@UAGJPAK@Z 7c645010 f i stdafx.obj
 0001:00014060       ?put_DocHostDoubleClickFlags@CAxHostWindow@ATL@@UAGJK@Z 7c645060 f i stdafx.obj
 0001:00014080       ?get_DocHostDoubleClickFlags@CAxHostWindow@ATL@@UAGJPAK@Z 7c645080 f i stdafx.obj
 0001:000140d0       ?put_AllowContextMenu@CAxHostWindow@ATL@@UAGJF@Z 7c6450d0 f i stdafx.obj
 0001:00014100       ?get_AllowContextMenu@CAxHostWindow@ATL@@UAGJPAF@Z 7c645100 f i stdafx.obj
 0001:00014160       ?put_AllowShowUI@CAxHostWindow@ATL@@UAGJF@Z 7c645160 f i stdafx.obj
 0001:00014190       ?get_AllowShowUI@CAxHostWindow@ATL@@UAGJPAF@Z 7c645190 f i stdafx.obj
 0001:000141f0       ?put_OptionKeyPath@CAxHostWindow@ATL@@UAGJPA_W@Z 7c6451f0 f i stdafx.obj
 0001:00014210       ??4CComBSTR@ATL@@QAEAAV01@PB_W@Z 7c645210 f i stdafx.obj
 0001:00014270       ?get_OptionKeyPath@CAxHostWindow@ATL@@UAGJPAPA_W@Z 7c645270 f i stdafx.obj
 0001:000142c0       ?SetAmbientDispatch@CAxHostWindow@ATL@@UAGJPAUIDispatch@@@Z 7c6452c0 f i stdafx.obj
 0001:000142e0       ?SetSite@CAxHostWindow@ATL@@UAGJPAUIUnknown@@@Z 7c6452e0 f i stdafx.obj
 0001:00014390       ?SaveObject@CAxHostWindow@ATL@@UAGJXZ 7c645390 f i stdafx.obj
 0001:000143e0       ?GetMoniker@CAxHostWindow@ATL@@UAGJKKPAPAUIMoniker@@@Z 7c6453e0 f i stdafx.obj
 0001:00014430       ?GetContainer@CAxHostWindow@ATL@@UAGJPAPAUIOleContainer@@@Z 7c645430 f i stdafx.obj
 0001:00014510       ?ShowObject@CAxHostWindow@ATL@@UAGJXZ 7c645510 f i stdafx.obj
 0001:000145d0       ?GetDC@CWindow@ATL@@QAEPAUHDC__@@XZ 7c6455d0 f i stdafx.obj
 0001:00014620       ?ReleaseDC@CWindow@ATL@@QAEHPAUHDC__@@@Z 7c645620 f i stdafx.obj
 0001:00014670       ?OnShowWindow@CAxHostWindow@ATL@@UAGJH@Z 7c645670 f i stdafx.obj
 0001:000146c0       ?RequestNewObjectLayout@CAxHostWindow@ATL@@UAGJXZ 7c6456c0 f i stdafx.obj
 0001:00014710       ?GetWindow@CAxHostWindow@ATL@@UAGJPAPAUHWND__@@@Z 7c645710 f i stdafx.obj
 0001:00014770       ?ContextSensitiveHelp@CAxHostWindow@ATL@@UAGJH@Z 7c645770 f i stdafx.obj
 0001:000147c0       ?CanInPlaceActivate@CAxHostWindow@ATL@@UAGJXZ 7c6457c0 f i stdafx.obj
 0001:000147d0       ?OnInPlaceActivate@CAxHostWindow@ATL@@UAGJXZ 7c6457d0 f i stdafx.obj
 0001:000148c0       ?OnUIActivate@CAxHostWindow@ATL@@UAGJXZ 7c6458c0 f i stdafx.obj
 0001:00014910       ?GetWindowContext@CAxHostWindow@ATL@@UAGJPAPAUIOleInPlaceFrame@@PAPAUIOleInPlaceUIWindow@@PAUtagRECT@@2PAUtagOIFI@@@Z 7c645910 f i stdafx.obj
 0001:00014b60       ?Scroll@CAxHostWindow@ATL@@UAGJUtagSIZE@@@Z 7c645b60 f i stdafx.obj
 0001:00014bb0       ?OnUIDeactivate@CAxHostWindow@ATL@@UAGJH@Z 7c645bb0 f i stdafx.obj
 0001:00014c00       ?OnInPlaceDeactivate@CAxHostWindow@ATL@@UAGJXZ 7c645c00 f i stdafx.obj
 0001:00014c30       ?DiscardUndoState@CAxHostWindow@ATL@@UAGJXZ 7c645c30 f i stdafx.obj
 0001:00014c80       ?DeactivateAndUndo@CAxHostWindow@ATL@@UAGJXZ 7c645c80 f i stdafx.obj
 0001:00014cd0       ?OnPosRectChange@CAxHostWindow@ATL@@UAGJPBUtagRECT@@@Z 7c645cd0 f i stdafx.obj
 0001:00014da0       ?Detach@CWindow@ATL@@QAEPAUHWND__@@XZ 7c645da0 f i stdafx.obj
 0001:00014dd0       ?MoveWindow@CWindow@ATL@@QAEHPBUtagRECT@@H@Z 7c645dd0 f i stdafx.obj
 0001:00014e50       ?ClientToScreen@CWindow@ATL@@QBEHPAUtagRECT@@@Z 7c645e50 f i stdafx.obj
 0001:00014ec0       ?ScreenToClient@CWindow@ATL@@QBEHPAUtagRECT@@@Z 7c645ec0 f i stdafx.obj
 0001:00014f30       ?OnInPlaceActivateEx@CAxHostWindow@ATL@@UAGJPAHK@Z 7c645f30 f i stdafx.obj
 0001:000150c0       ?OnInPlaceDeactivateEx@CAxHostWindow@ATL@@UAGJH@Z 7c6460c0 f i stdafx.obj
 0001:000150f0       ?RequestUIActivate@CAxHostWindow@ATL@@UAGJXZ 7c6460f0 f i stdafx.obj
 0001:00015100       ?CanWindowlessActivate@CAxHostWindow@ATL@@UAGJXZ 7c646100 f i stdafx.obj
 0001:00015120       ?GetCapture@CAxHostWindow@ATL@@UAGJXZ 7c646120 f i stdafx.obj
 0001:00015140       ?SetCapture@CAxHostWindow@ATL@@UAGJH@Z 7c646140 f i stdafx.obj
 0001:00015190       ?SetCapture@CWindow@ATL@@QAEPAUHWND__@@XZ 7c646190 f i stdafx.obj
 0001:000151e0       ?GetFocus@CAxHostWindow@ATL@@UAGJXZ 7c6461e0 f i stdafx.obj
 0001:00015200       ?SetFocus@CAxHostWindow@ATL@@UAGJH@Z 7c646200 f i stdafx.obj
 0001:00015230       ?GetDC@CAxHostWindow@ATL@@UAGJPBUtagRECT@@KPAPAUHDC__@@@Z 7c646230 f i stdafx.obj
 0001:00015360       ?ReleaseDC@CAxHostWindow@ATL@@UAGJPAUHDC__@@@Z 7c646360 f i stdafx.obj
 0001:000153e0       ?InvalidateRect@CAxHostWindow@ATL@@UAGJPBUtagRECT@@H@Z 7c6463e0 f i stdafx.obj
 0001:00015400       ?InvalidateRect@CWindow@ATL@@QAEHPBUtagRECT@@H@Z 7c646400 f i stdafx.obj
 0001:00015460       ?InvalidateRgn@CAxHostWindow@ATL@@UAGJPAUHRGN__@@H@Z 7c646460 f i stdafx.obj
 0001:00015480       ?InvalidateRgn@CWindow@ATL@@QAEXPAUHRGN__@@H@Z 7c646480 f i stdafx.obj
 0001:000154e0       ?ScrollRect@CAxHostWindow@ATL@@UAGJHHPBUtagRECT@@0@Z 7c6464e0 f i stdafx.obj
 0001:000154f0       ?AdjustRect@CAxHostWindow@ATL@@UAGJPAUtagRECT@@@Z 7c6464f0 f i stdafx.obj
 0001:00015500       ?OnDefWindowMessage@CAxHostWindow@ATL@@UAGJIIJPAJ@Z 7c646500 f i stdafx.obj
 0001:00015530       ?OnControlInfoChanged@CAxHostWindow@ATL@@UAGJXZ 7c646530 f i stdafx.obj
 0001:00015540       ?LockInPlaceActive@CAxHostWindow@ATL@@UAGJH@Z 7c646540 f i stdafx.obj
 0001:00015550       ?GetExtendedControl@CAxHostWindow@ATL@@UAGJPAPAUIDispatch@@@Z 7c646550 f i stdafx.obj
 0001:00015580       ?TransformCoords@CAxHostWindow@ATL@@UAGJPAU_POINTL@@PAUtagPOINTF@@K@Z 7c646580 f i stdafx.obj
 0001:000155d0       ?TranslateAcceleratorA@CAxHostWindow@ATL@@UAGJPAUtagMSG@@K@Z 7c6465d0 f i stdafx.obj
 0001:000155e0       ?OnFocus@CAxHostWindow@ATL@@UAGJH@Z 7c6465e0 f i stdafx.obj
 0001:00015610       ?ShowPropertyFrame@CAxHostWindow@ATL@@UAGJXZ 7c646610 f i stdafx.obj
 0001:00015660       ?OnDataChange@CAxHostWindow@ATL@@UAGXPAUtagFORMATETC@@PAUtagSTGMEDIUM@@@Z 7c646660 f i stdafx.obj
 0001:00015670       ?OnViewChange@CAxHostWindow@ATL@@UAGXKJ@Z 7c646670 f i stdafx.obj
 0001:00015680       ?OnRename@CAxHostWindow@ATL@@UAGXPAUIMoniker@@@Z 7c646680 f i stdafx.obj
 0001:00015690       ?OnSave@CAxHostWindow@ATL@@UAGXXZ 7c646690 f i stdafx.obj
 0001:000156a0       ?OnClose@CAxHostWindow@ATL@@UAGXXZ 7c6466a0 f i stdafx.obj
 0001:000156b0       ?ParseDisplayName@CAxHostWindow@ATL@@UAGJPAUIBindCtx@@PA_WPAKPAPAUIMoniker@@@Z 7c6466b0 f i stdafx.obj
 0001:00015700       ?EnumObjects@CAxHostWindow@ATL@@UAGJKPAPAUIEnumUnknown@@@Z 7c646700 f i stdafx.obj
 0001:00015800       ?LockContainer@CAxHostWindow@ATL@@UAGJH@Z 7c646800 f i stdafx.obj
 0001:00015830       ?ActivateAx@CAxHostWindow@ATL@@QAEJPAUIUnknown@@_NPAUIStream@@@Z 7c646830 f i stdafx.obj
 0001:00015e50       ?SubclassWindow@CAxHostWindow@ATL@@QAEXPAUHWND__@@@Z 7c646e50 f i stdafx.obj
 0001:00015e90       ?ReleaseWindow@CAxHostWindow@ATL@@QAEXXZ 7c646e90 f i stdafx.obj
 0001:00015ee0       ?ReflectNotifications@CAxHostWindow@ATL@@QAEJIIJAAH@Z 7c646ee0 f i stdafx.obj
 0001:00016160       ?GetDlgItem@CWindow@ATL@@QBE?AV12@H@Z 7c647160 f i stdafx.obj
 0001:000161c0       ?QueryService@CAxHostWindow@ATL@@UAGJABU_GUID@@0PAPAX@Z 7c6471c0 f i stdafx.obj
 0001:00016260       ??0?$CWindowImpl@VCAxHostWindow@ATL@@VCWindow@2@V?$CWinTraits@$0FGAAAAAA@$0A@@2@@ATL@@QAE@XZ 7c647260 f i stdafx.obj
 0001:00016280       ??0IAxWinHostWindowLic@@QAE@XZ 7c647280 f i stdafx.obj
 0001:000162a0       ??0IOleClientSite@@QAE@XZ  7c6472a0 f i stdafx.obj
 0001:000162c0       ??0IOleInPlaceSiteWindowless@@QAE@XZ 7c6472c0 f i stdafx.obj
 0001:000162e0       ??0IOleControlSite@@QAE@XZ 7c6472e0 f i stdafx.obj
 0001:00016300       ??0IOleContainer@@QAE@XZ   7c647300 f i stdafx.obj
 0001:00016320       ??0?$IObjectWithSiteImpl@VCAxHostWindow@ATL@@@ATL@@QAE@XZ 7c647320 f i stdafx.obj
 0001:00016350       ??0IServiceProvider@@QAE@XZ 7c647350 f i stdafx.obj
 0001:00016370       ??0IAdviseSink@@QAE@XZ     7c647370 f i stdafx.obj
 0001:00016390       ??0IDocHostUIHandler@@QAE@XZ 7c647390 f i stdafx.obj
 0001:000163b0       ??1?$CComQIPtr@UIOleInPlaceActiveObject@@$1?_GUID_00000117_0000_0000_c000_000000000046@@3U__s_GUID@@B@ATL@@QAE@XZ 7c6473b0 f i stdafx.obj
 0001:000163d0       ??1?$CComPtr@UIOleInPlaceActiveObject@@@ATL@@QAE@XZ 7c6473d0 f i stdafx.obj
 0001:000163f0       ??1?$CComPtr@UIOleClientSite@@@ATL@@QAE@XZ 7c6473f0 f i stdafx.obj
 0001:00016410       ??1?$CComPtr@UIPersistStreamInit@@@ATL@@QAE@XZ 7c647410 f i stdafx.obj
 0001:00016430       ??1?$CComPtr@UIWebBrowser2@@@ATL@@QAE@XZ 7c647430 f i stdafx.obj
 0001:00016450       ??1?$CComQIPtr@UIOleControl@@$1?_GUID_b196b288_bab4_101a_b69c_00aa00341d07@@3U__s_GUID@@B@ATL@@QAE@XZ 7c647450 f i stdafx.obj
 0001:00016470       ??1?$CComQIPtr@UIOleClientSite@@$1?_GUID_00000118_0000_0000_c000_000000000046@@3U__s_GUID@@B@ATL@@QAE@XZ 7c647470 f i stdafx.obj
 0001:00016490       ??1?$CComQIPtr@UIPersistStreamInit@@$1?_GUID_7fd52380_4e07_101b_ae2d_08002b2ec713@@3U__s_GUID@@B@ATL@@QAE@XZ 7c647490 f i stdafx.obj
 0001:000164b0       ??1?$CComQIPtr@UIPersistStream@@$1?_GUID_00000109_0000_0000_c000_000000000046@@3U__s_GUID@@B@ATL@@QAE@XZ 7c6474b0 f i stdafx.obj
 0001:000164d0       ??1?$CComQIPtr@UIAdviseSink@@$1?_GUID_0000010f_0000_0000_c000_000000000046@@3U__s_GUID@@B@ATL@@QAE@XZ 7c6474d0 f i stdafx.obj
 0001:000164f0       ??0IAxWinHostWindow@@QAE@XZ 7c6474f0 f i stdafx.obj
 0001:00016510       ??0IOleInPlaceSiteEx@@QAE@XZ 7c647510 f i stdafx.obj
 0001:00016530       ??0IParseDisplayName@@QAE@XZ 7c647530 f i stdafx.obj
 0001:00016550       ??0IObjectWithSite@@QAE@XZ 7c647550 f i stdafx.obj
 0001:00016570       ??1?$CComPtr@UIOleControl@@@ATL@@QAE@XZ 7c647570 f i stdafx.obj
 0001:00016590       ??1?$CComPtr@UIAdviseSink@@@ATL@@QAE@XZ 7c647590 f i stdafx.obj
 0001:000165b0       ??0IOleInPlaceSite@@QAE@XZ 7c6475b0 f i stdafx.obj
 0001:000165d0       ??0IOleWindow@@QAE@XZ      7c6475d0 f i stdafx.obj
 0001:000165f0       ??B?$CComPtrBase@UIDispatch@@@ATL@@QBEPAUIDispatch@@XZ 7c6475f0 f i stdafx.obj
 0001:00016600       ??9?$CComPtrBase@UIDispatch@@@ATL@@QBE_NPAUIDispatch@@@Z 7c647600 f i stdafx.obj
 0001:00016630       ?CopyTo@?$CComPtrBase@UIDispatch@@@ATL@@QAEJPAPAUIDispatch@@@Z 7c647630 f i stdafx.obj
 0001:000166a0       ??0?$CComPtr@UIUnknown@@@ATL@@QAE@PAUIUnknown@@@Z 7c6476a0 f i stdafx.obj
 0001:000166c0       ??4?$CComPtr@UIUnknown@@@ATL@@QAEPAUIUnknown@@PAU2@@Z 7c6476c0 f i stdafx.obj
 0001:00016700       ??C?$CComPtrBase@UIPersistStream@@@ATL@@QBEPAV?$_NoAddRefReleaseOnCComPtr@UIPersistStream@@@1@XZ 7c647700 f i stdafx.obj
 0001:00016740       ??0?$CComPtr@UIClassFactory2@@@ATL@@QAE@XZ 7c647740 f i stdafx.obj
 0001:00016760       ??1?$CComPtrBase@UIClassFactory2@@@ATL@@QAE@XZ 7c647760 f i stdafx.obj
 0001:00016790       ??I?$CComPtrBase@UIClassFactory2@@@ATL@@QAEPAPAUIClassFactory2@@XZ 7c647790 f i stdafx.obj
 0001:000167d0       ??C?$CComPtrBase@UIClassFactory2@@@ATL@@QBEPAV?$_NoAddRefReleaseOnCComPtr@UIClassFactory2@@@1@XZ 7c6477d0 f i stdafx.obj
 0001:00016810       ??0?$CWindowImplBaseT@VCWindow@ATL@@V?$CWinTraits@$0FGAAAAAA@$0A@@2@@ATL@@QAE@XZ 7c647810 f i stdafx.obj
 0001:00016840       ?GetWindowProc@?$CWindowImplBaseT@VCWindow@ATL@@V?$CWinTraits@$0FGAAAAAA@$0A@@2@@ATL@@UAEP6GJPAUHWND__@@IIJ@ZXZ 7c647840 f i stdafx.obj
 0001:00016850       ?DestroyWindow@?$CWindowImplBaseT@VCWindow@ATL@@V?$CWinTraits@$0FGAAAAAA@$0A@@2@@ATL@@QAEHXZ 7c647850 f i stdafx.obj
 0001:000168a0       ?DefWindowProcA@?$CWindowImplBaseT@VCWindow@ATL@@V?$CWinTraits@$0FGAAAAAA@$0A@@2@@ATL@@QAEJXZ 7c6478a0 f i stdafx.obj
 0001:000168f0       ?DefWindowProcA@?$CWindowImplBaseT@VCWindow@ATL@@V?$CWinTraits@$0FGAAAAAA@$0A@@2@@ATL@@QAEJIIJ@Z 7c6478f0 f i stdafx.obj
 0001:00016920       ??1?$CComPtrBase@UIOleInPlaceActiveObject@@@ATL@@QAE@XZ 7c647920 f i stdafx.obj
 0001:00016950       ??B?$CComPtrBase@UIOleInPlaceActiveObject@@@ATL@@QBEPAUIOleInPlaceActiveObject@@XZ 7c647950 f i stdafx.obj
 0001:00016960       ??C?$CComPtrBase@UIOleInPlaceActiveObject@@@ATL@@QBEPAV?$_NoAddRefReleaseOnCComPtr@UIOleInPlaceActiveObject@@@1@XZ 7c647960 f i stdafx.obj
 0001:000169a0       ?SetSite@?$IObjectWithSiteImpl@VCAxHostWindow@ATL@@@ATL@@UAGJPAUIUnknown@@@Z 7c6479a0 f i stdafx.obj
 0001:00016a10       ?GetSite@?$IObjectWithSiteImpl@VCAxHostWindow@ATL@@@ATL@@UAGJABU_GUID@@PAPAX@Z 7c647a10 f i stdafx.obj
 0001:00016af0       ?GetTypeInfoCount@?$IDispatchImpl@UIAxWinAmbientDispatchEx@@$1?_GUID_b2d0778b_ac99_4c58_a5c8_e7724e5316b5@@3U__s_GUID@@B$1?m_libid@CAtlModule@ATL@@2U_GUID@@A$0PPPP@$0PPPP@VCComTypeInfoHolder@ATL@@@ATL@@UAGJPAI@Z 7c647af0 f i stdafx.obj
 0001:00016b10       ?GetTypeInfo@?$IDispatchImpl@UIAxWinAmbientDispatchEx@@$1?_GUID_b2d0778b_ac99_4c58_a5c8_e7724e5316b5@@3U__s_GUID@@B$1?m_libid@CAtlModule@ATL@@2U_GUID@@A$0PPPP@$0PPPP@VCComTypeInfoHolder@ATL@@@ATL@@UAGJIKPAPAUITypeInfo@@@Z 7c647b10 f i stdafx.obj
 0001:00016b30       ?GetTypeInfo@CComTypeInfoHolder@ATL@@QAEJIKPAPAUITypeInfo@@@Z 7c647b30 f i stdafx.obj
 0001:00016b50       ?GetTI@CComTypeInfoHolder@ATL@@QAEJKPAPAUITypeInfo@@@Z 7c647b50 f i stdafx.obj
 0001:00016bf0       ?GetTI@CComTypeInfoHolder@ATL@@QAEJK@Z 7c647bf0 f i stdafx.obj
 0001:00017490       ?LoadNameCache@CComTypeInfoHolder@ATL@@QAEJPAUITypeInfo@@@Z 7c648490 f i stdafx.obj
 0001:00017680       ??0stringdispid@CComTypeInfoHolder@ATL@@QAE@XZ 7c648680 f i stdafx.obj
 0001:000176b0       ??1?$CComPtr@UITypeInfo2@@@ATL@@QAE@XZ 7c6486b0 f i stdafx.obj
 0001:000176d0       ??0?$CComPtr@UITypeInfo@@@ATL@@QAE@ABV01@@Z 7c6486d0 f i stdafx.obj
 0001:000176f0       ?Detach@?$CComPtrBase@UITypeInfo@@@ATL@@QAEPAUITypeInfo@@XZ 7c6486f0 f i stdafx.obj
 0001:00017720       ??0?$CComPtr@UITypeInfo2@@@ATL@@QAE@XZ 7c648720 f i stdafx.obj
 0001:00017740       ??1?$CComPtrBase@UITypeInfo2@@@ATL@@QAE@XZ 7c648740 f i stdafx.obj
 0001:00017770       ??I?$CComPtrBase@UITypeInfo2@@@ATL@@QAEPAPAUITypeInfo2@@XZ 7c648770 f i stdafx.obj
 0001:000177b0       ?GetIDsOfNames@?$IDispatchImpl@UIAxWinAmbientDispatchEx@@$1?_GUID_b2d0778b_ac99_4c58_a5c8_e7724e5316b5@@3U__s_GUID@@B$1?m_libid@CAtlModule@ATL@@2U_GUID@@A$0PPPP@$0PPPP@VCComTypeInfoHolder@ATL@@@ATL@@UAGJABU_GUID@@PAPA_WIKPAJ@Z 7c6487b0 f i stdafx.obj
 0001:000177e0       ?GetIDsOfNames@CComTypeInfoHolder@ATL@@QAEJABU_GUID@@PAPA_WIKPAJ@Z 7c6487e0 f i stdafx.obj
 0001:000178f0       ?EnsureTI@CComTypeInfoHolder@ATL@@QAEJK@Z 7c6488f0 f i stdafx.obj
 0001:00017930       ?Invoke@?$IDispatchImpl@UIAxWinAmbientDispatchEx@@$1?_GUID_b2d0778b_ac99_4c58_a5c8_e7724e5316b5@@3U__s_GUID@@B$1?m_libid@CAtlModule@ATL@@2U_GUID@@A$0PPPP@$0PPPP@VCComTypeInfoHolder@ATL@@@ATL@@UAGJJABU_GUID@@KGPAUtagDISPPARAMS@@PAUtagVARIANT@@PAUtagEXCEPINFO@@PAI@Z 7c648930 f i stdafx.obj
 0001:00017970       ?Invoke@CComTypeInfoHolder@ATL@@QAEJPAUIDispatch@@JABU_GUID@@KGPAUtagDISPPARAMS@@PAUtagVARIANT@@PAUtagEXCEPINFO@@PAI@Z 7c648970 f i stdafx.obj
 0001:000179d0       ??0?$IDispatchImpl@UIAxWinAmbientDispatchEx@@$1?_GUID_b2d0778b_ac99_4c58_a5c8_e7724e5316b5@@3U__s_GUID@@B$1?m_libid@CAtlModule@ATL@@2U_GUID@@A$0PPPP@$0PPPP@VCComTypeInfoHolder@ATL@@@ATL@@QAE@XZ 7c6489d0 f i stdafx.obj
 0001:00017a10       ??0CComTypeInfoHolder@ATL@@QAE@PBU_GUID@@0GG@Z 7c648a10 f i stdafx.obj
 0001:00017a70       ??0?$CComPtr@UIOleObject@@@ATL@@QAE@XZ 7c648a70 f i stdafx.obj
 0001:00017a90       ??I?$CComPtrBase@UIOleObject@@@ATL@@QAEPAPAUIOleObject@@XZ 7c648a90 f i stdafx.obj
 0001:00017ad0       ??9?$CComPtrBase@UIOleObject@@@ATL@@QBE_NPAUIOleObject@@@Z 7c648ad0 f i stdafx.obj
 0001:00017b00       ??8?$CComPtrBase@UIOleObject@@@ATL@@QBE_NPAUIOleObject@@@Z 7c648b00 f i stdafx.obj
 0001:00017b20       ??0?$CComPtr@UIOleInPlaceFrame@@@ATL@@QAE@XZ 7c648b20 f i stdafx.obj
 0001:00017b40       ??I?$CComPtrBase@UIOleInPlaceFrame@@@ATL@@QAEPAPAUIOleInPlaceFrame@@XZ 7c648b40 f i stdafx.obj
 0001:00017b80       ??7?$CComPtrBase@UIOleInPlaceFrame@@@ATL@@QBE_NXZ 7c648b80 f i stdafx.obj
 0001:00017ba0       ?CopyTo@?$CComPtrBase@UIOleInPlaceFrame@@@ATL@@QAEJPAPAUIOleInPlaceFrame@@@Z 7c648ba0 f i stdafx.obj
 0001:00017c10       ??0?$CComPtr@UIOleInPlaceUIWindow@@@ATL@@QAE@XZ 7c648c10 f i stdafx.obj
 0001:00017c30       ??I?$CComPtrBase@UIOleInPlaceUIWindow@@@ATL@@QAEPAPAUIOleInPlaceUIWindow@@XZ 7c648c30 f i stdafx.obj
 0001:00017c70       ??7?$CComPtrBase@UIOleInPlaceUIWindow@@@ATL@@QBE_NXZ 7c648c70 f i stdafx.obj
 0001:00017c90       ?CopyTo@?$CComPtrBase@UIOleInPlaceUIWindow@@@ATL@@QAEJPAPAUIOleInPlaceUIWindow@@@Z 7c648c90 f i stdafx.obj
 0001:00017d00       ??0?$CComPtr@UIViewObjectEx@@@ATL@@QAE@XZ 7c648d00 f i stdafx.obj
 0001:00017d20       ??B?$CComPtrBase@UIViewObjectEx@@@ATL@@QBEPAUIViewObjectEx@@XZ 7c648d20 f i stdafx.obj
 0001:00017d30       ??I?$CComPtrBase@UIViewObjectEx@@@ATL@@QAEPAPAUIViewObjectEx@@XZ 7c648d30 f i stdafx.obj
 0001:00017d70       ??0?$CComPtr@UIOleInPlaceObjectWindowless@@@ATL@@QAE@XZ 7c648d70 f i stdafx.obj
 0001:00017d90       ??B?$CComPtrBase@UIOleInPlaceObjectWindowless@@@ATL@@QBEPAUIOleInPlaceObjectWindowless@@XZ 7c648d90 f i stdafx.obj
 0001:00017da0       ??I?$CComPtrBase@UIOleInPlaceObjectWindowless@@@ATL@@QAEPAPAUIOleInPlaceObjectWindowless@@XZ 7c648da0 f i stdafx.obj
 0001:00017de0       ??C?$CComPtrBase@UIOleInPlaceObjectWindowless@@@ATL@@QBEPAV?$_NoAddRefReleaseOnCComPtr@UIOleInPlaceObjectWindowless@@@1@XZ 7c648de0 f i stdafx.obj
[...]
 0001:0001cd25       _RegNotifyChangeKeyValue@20 7c64dd25 f   atldload:advapi.obj
 0001:0001cd2b       _RegOpenKeyA@12            7c64dd2b f   atldload:advapi.obj
 0001:0001cd31       _RegOpenKeyW@12            7c64dd31 f   atldload:advapi.obj
 0001:0001cd37       _RegEnumKeyA@16            7c64dd37 f   atldload:advapi.obj
 0001:0001cd3d       _RegEnumKeyW@16            7c64dd3d f   atldload:advapi.obj
 0001:0001cd43       _RegEnumKeyExW@32          7c64dd43 f   atldload:advapi.obj
 0001:0001cd57       _RegQueryInfoKeyW@48       7c64dd57 f   atldload:advapi.obj
 0001:0001cd5d       _DeregisterEventSource@4   7c64dd5d f   atldload:advapi.obj
 0001:0001cd69       _RegisterEventSourceW@8    7c64dd69 f   atldload:advapi.obj
 0001:0001cd75       _ReportEventW@36           7c64dd75 f   atldload:advapi.obj
 0001:0001cd81       _AdjustTokenPrivileges@24  7c64dd81 f   atldload:advapi.obj
 0001:0001cd8d       _LookupPrivilegeValueA@12  7c64dd8d f   atldload:advapi.obj
 0001:0001cd99       _LookupPrivilegeValueW@12  7c64dd99 f   atldload:advapi.obj
 0001:0001cda5       _FreeSid@4                 7c64dda5 f   atldload:advapi.obj
 0001:0001cdb1       _CheckTokenMembership@12   7c64ddb1 f   atldload:advapi.obj
 0001:0001cdbd       _AllocateAndInitializeSid@44 7c64ddbd f   atldload:advapi.obj
 0001:0001cdc9       _OpenProcessToken@12       7c64ddc9 f   atldload:advapi.obj
 0001:0001cdd5       _OpenThreadToken@16        7c64ddd5 f   atldload:advapi.obj
 0001:0001cde1       _GetTokenInformation@20    7c64dde1 f   atldload:advapi.obj
 0001:0001cded       _RegEnumValueW@32          7c64dded f   atldload:advapi.obj
 0001:0001cdf3       _CryptHashData@16          7c64ddf3 f   atldload:advapi.obj
 0001:0001cdf8       _CryptReleaseContext@8     7c64ddf8 f   atldload:advapi.obj
 0001:0001cdfd       _CryptAcquireContextW@20   7c64ddfd f   atldload:advapi.obj
 0001:0001ce02       _CryptDestroyHash@4        7c64de02 f   atldload:advapi.obj
 0001:0001ce07       _CryptDestroyKey@4         7c64de07 f   atldload:advapi.obj
 0001:0001ce0c       _CryptExportKey@24         7c64de0c f   atldload:advapi.obj
 0001:0001ce11       _CryptGetHashParam@20      7c64de11 f   atldload:advapi.obj
 0001:0001ce24       _CryptCreateHash@20        7c64de24 f   atldload:advapi.obj
 0001:0001ce29       _SetFileSecurityA@12       7c64de29 f   atldload:advapi.obj
 0001:0001ce35       _GetFileSecurityA@20       7c64de35 f   atldload:advapi.obj
 0001:0001ce41       _RegQueryValueW@16         7c64de41 f   atldload:advapi.obj
 0001:0001ce4d       _RegSetValueW@20           7c64de4d f   atldload:advapi.obj
 0001:0001ce59       _SetFileSecurityW@12       7c64de59 f   atldload:advapi.obj
 0001:0001ce65       _GetFileSecurityW@20       7c64de65 f   atldload:advapi.obj
 0001:0001ce71       _IsTextUnicode@12          7c64de71 f   atldload:advapi.obj
 0001:0001ce7d       _RevertToSelf@0            7c64de7d f   atldload:advapi.obj
 0001:0001ce87       _SetThreadToken@8          7c64de87 f   atldload:advapi.obj
 0001:0001da10       ?Init@@YG_NXZ              7c64ea10 f   atlsd:Externs.obj
 0001:0001f1d0       ?ShouldTraceOutput@ATL@@YG_NKKIPAPBVCAtlTraceCategory@@PAP6AHHPBDH11ZZ@Z 7c6501d0 f   atlsd:AtlDebugAPI.obj
 0001:00020430       ?__InitializeThunkPool@@YAHXZ 7c651430 f   atlsd:atlthunk.obj
 0001:00024060       _realloc_help              7c655060 f   libcmtd:dbgheap.obj
 0001:00025130       _CheckBytes                7c656130 f   libcmtd:dbgheap.obj
 0001:000260b0       ?_CrtMemDumpAllObjectsSince_stat@@YAXPBU_CrtMemState@@PAUlocaleinfo_struct@@@Z 7c6570b0 f   libcmtd:dbgheap.obj
 0001:000263c0       __printMemBlockData        7c6573c0 f   libcmtd:dbgheap.obj
 0001:00027950       _ValidateLocalCookies      7c658950 f   libcmtd:chandler4.obj
 0001:00027cd0       __onexit_nolock            7c658cd0 f   libcmtd:onexit.obj
 0001:00028740       _cmpBYTE                   7c659740 f   libcmtd:memcmp.obj
 0001:00028770       _cmpResult                 7c659770 f   libcmtd:memcmp.obj
 0001:00028790       _unaligned_memcmp          7c659790 f   libcmtd:memcmp.obj
 0001:00028ea0       _cmpWORD                   7c659ea0 f   libcmtd:memcmp.obj
 0001:00028f20       _cmpDWORD                  7c659f20 f   libcmtd:memcmp.obj
 0001:00029af0       ___DllMainCRTStartup       7c65aaf0 f   libcmtd:dllcrt0.obj
 0001:0002e410       ?wcsncnt@@YAIPB_WI@Z       7c65f410 f   libcmtd:wcstombs.obj
 0001:0002ea50       _doexit                    7c65fa50 f   libcmtd:crt0dat.obj
 0001:0002ecd0       __initterm                 7c65fcd0 f   libcmtd:crt0dat.obj
 0001:0002f7b0       _ctrlevent_capture@4       7c6607b0 f   libcmtd:winsig.obj
 0001:0002fbb0       _siglookup                 7c660bb0 f   libcmtd:winsig.obj
 0001:00032eb0       ?getSystemCP@@YAHH@Z       7c663eb0 f   libcmtd:mbctype.obj
 0001:00033310       ?CPtoLCID@@YAHH@Z          7c664310 f   libcmtd:mbctype.obj
 0001:00033390       ?setSBCS@@YAXPAUthreadmbcinfostruct@@@Z 7c664390 f   libcmtd:mbctype.obj
 0001:00033470       ?setSBUpLow@@YAXPAUthreadmbcinfostruct@@@Z 7c664470 f   libcmtd:mbctype.obj
 0001:00033e70       __updatetlocinfoEx_nolock  7c664e70 f   libcmtd:setlocal.obj
 0001:000343a0       __copytlocinfo_nolock      7c6653a0 f   libcmtd:setlocal.obj
 0001:00034780       _sync_legacy_variables_lk  7c665780 f   libcmtd:setlocal.obj
 0001:00034800       __setlocale_nolock         7c665800 f   libcmtd:setlocal.obj
 0001:00034bf0       __setlocale_set_cat        7c665bf0 f   libcmtd:setlocal.obj
 0001:00035120       __setlocale_get_all        7c666120 f   libcmtd:setlocal.obj
 0001:00035a80       __use_encode_pointer       7c666a80 f   libcmtd:tidtable.obj
 0001:00037f30       _write_char                7c668f30 f   libcmtd:output.obj
 0001:00037fd0       _write_multi_char          7c668fd0 f   libcmtd:output.obj
 0001:00038010       _write_string              7c669010 f   libcmtd:output.obj
 0001:00039180       __unwind_handler4          7c66a180 f   libcmtd:exsup4.obj
 0001:00039b50       _fastzero_I                7c66ab50 f   libcmtd:p4_memset.obj
 0001:0003ac90       _write_char                7c66bc90 f   libcmtd:woutput.obj
 0001:0003acf0       _write_multi_char          7c66bcf0 f   libcmtd:woutput.obj
 0001:0003ad30       _write_string              7c66bd30 f   libcmtd:woutput.obj
 0001:0003b920       _parse_cmdline             7c66c920 f   libcmtd:stdargv.obj
 0001:0003c1f0       _xcptlookup                7c66d1f0 f   libcmtd:winxfltr.obj
 0001:0003e0c0       _write_char                7c66f0c0 f   libcmtd:outputs.obj
 0001:0003e160       _write_multi_char          7c66f160 f   libcmtd:outputs.obj
 0001:0003e1a0       _write_string              7c66f1a0 f   libcmtd:outputs.obj
 0001:00041f30       _write_char                7c672f30 f   libcmtd:outputp.obj
 0001:00041fd0       _write_multi_char          7c672fd0 f   libcmtd:outputp.obj
 0001:00042010       _write_string              7c673010 f   libcmtd:outputp.obj
 0001:000432b0       _write_char                7c6742b0 f   libcmtd:woutputs.obj
 0001:00043310       _write_multi_char          7c674310 f   libcmtd:woutputs.obj
 0001:00043350       _write_string              7c674350 f   libcmtd:woutputs.obj
 0001:00046c70       _write_char                7c677c70 f   libcmtd:woutputp.obj
 0001:00046cd0       _write_multi_char          7c677cd0 f   libcmtd:woutputp.obj
 0001:00046d10       _write_string              7c677d10 f   libcmtd:woutputp.obj
 0001:000473f0       ___crtInitCritSecNoSpinCount@8 7c6783f0 f   libcmtd:initcrit.obj
 0001:00047bc0       _xtoa_s@20                 7c678bc0 f   libcmtd:xtoas.obj
 0001:00047fd0       @x64toa_s@24               7c678fd0 f   libcmtd:xtoas.obj
 0001:000487f0       _xtow_s@20                 7c6797f0 f   libcmtd:xtows.obj
 0001:00048c20       @x64tow_s@24               7c679c20 f   libcmtd:xtows.obj
 0001:00049600       ?CatchGuardHandler@@YA?AW4_EXCEPTION_DISPOSITION@@PAUEHExceptionRecord@@PAUCatchGuardRN@@PAX2@Z 7c67a600 f   libcmtd:trnsctrl.obj
 0001:00049740       ?TranslatorGuardHandler@@YA?AW4_EXCEPTION_DISPOSITION@@PAUEHExceptionRecord@@PAUTranslatorGuardRN@@PAX2@Z 7c67a740 f   libcmtd:trnsctrl.obj
 0001:000499a0       ?__crtLCMapStringA_stat@@YAHPAUlocaleinfo_struct@@KKPBDHPADHHH@Z 7c67a9a0 f   libcmtd:a_map.obj
 0001:00049ea0       ?strncnt@@YAHPBDH@Z        7c67aea0 f   libcmtd:a_map.obj
 0001:00049f50       ?__crtGetStringTypeA_stat@@YAHPAUlocaleinfo_struct@@KPBDHPAGHHH@Z 7c67af50 f   libcmtd:a_str.obj
 0001:0004a2d0       __get_lc_time              7c67b2d0 f   libcmtd:inittime.obj
 0001:0004aee0       _fix_grouping              7c67bee0 f   libcmtd:initnum.obj
 0001:0004b450       _fix_grouping              7c67c450 f   libcmtd:initmon.obj
 0001:0004cae0       ?_expandtime@@YAHPAUlocaleinfo_struct@@DPBUtm@@PAPADPAIPAU__lc_time_data@@I@Z 7c67dae0 f   libcmtd:strftime.obj
 0001:0004daa0       ?_store_str@@YAXPADPAPADPAI@Z 7c67eaa0 f   libcmtd:strftime.obj
 0001:0004daf0       ?_store_num@@YAXHHPAPADPAII@Z 7c67eaf0 f   libcmtd:strftime.obj
 0001:0004dba0       ?_store_number@@YAXHPAPADPAI@Z 7c67eba0 f   libcmtd:strftime.obj
 0001:0004dc50       ?_store_winword@@YAHPAUlocaleinfo_struct@@HPBUtm@@PAPADPAIPAU__lc_time_data@@@Z 7c67ec50 f   libcmtd:strftime.obj
 0001:0004ed60       _TranslateName             7c67fd60 f   libcmtd:getqloc.obj
 0001:0004edf0       _GetLcidFromLangCountry    7c67fdf0 f   libcmtd:getqloc.obj
 0001:0004eeb0       _LangCountryEnumProc@4     7c67feb0 f   libcmtd:getqloc.obj
 0001:0004f2f0       _GetLcidFromLanguage       7c6802f0 f   libcmtd:getqloc.obj
 0001:0004f370       _LanguageEnumProc@4        7c680370 f   libcmtd:getqloc.obj
 0001:0004f510       _GetLcidFromCountry        7c680510 f   libcmtd:getqloc.obj
 0001:0004f560       _CountryEnumProc@4         7c680560 f   libcmtd:getqloc.obj
 0001:0004f660       _GetLcidFromDefault        7c680660 f   libcmtd:getqloc.obj
 0001:0004f690       _ProcessCodePage           7c680690 f   libcmtd:getqloc.obj
 0001:0004f740       _TestDefaultCountry        7c680740 f   libcmtd:getqloc.obj
 0001:0004f790       _TestDefaultLanguage       7c680790 f   libcmtd:getqloc.obj
 0001:0004f830       _LcidFromHexString         7c680830 f   libcmtd:getqloc.obj
 0001:0004f8b0       _GetPrimaryLen             7c6808b0 f   libcmtd:getqloc.obj
 0001:0004fe60       _fastcopy_I                7c680e60 f   libcmtd:p4_memcpy.obj
 0001:00052630       ?__crtGetLocaleInfoW_stat@@YAHPAUlocaleinfo_struct@@KKPA_WHH@Z 7c683630 f   libcmtd:w_loc.obj
 0001:00052800       ?__crtGetLocaleInfoA_stat@@YAHPAUlocaleinfo_struct@@KKPADHH@Z 7c683800 f   libcmtd:a_loc.obj
 0001:000529a8       __unwind_handler           7c6839a8 f   libcmtd:exsup.obj
 0001:00052dd0       ?x_ismbbtype_l@@YAHPAUlocaleinfo_struct@@IHH@Z 7c683dd0 f   libcmtd:ismbbyte.obj
 0001:00052f00       _has_osfxsr_set            7c683f00 f   libcmtd:cpu_disp.obj
 0001:0005cc80       ?und_strlen@@YAIPBD@Z      7c68dc80 f   libcmtd:undname.obj
 0001:0005ccc0       ?und_strncpy@@YAPADPADPBDI@Z 7c68dcc0 f   libcmtd:undname.obj
 0001:0005cd10       ?und_strncmp@@YAIPBD0I@Z   7c68dd10 f   libcmtd:undname.obj
 0001:0005cdc0       ?strtoxl@@YAKPAUlocaleinfo_struct@@PBDPAPBDHH@Z 7c68ddc0 f   libcmtd:strtol.obj
 0001:0005d380       ?wcstoxl@@YAKPAUlocaleinfo_struct@@PB_WPAPB_WHH@Z 7c68e380 f   libcmtd:wcstol.obj
 0001:0005d8a0       ?__crtLCMapStringW_stat@@YAHPAUlocaleinfo_struct@@KKPB_WHPA_WHH@Z 7c68e8a0 f   libcmtd:w_map.obj
 0001:0005dbf0       ?wcsncnt@@YAHPB_WH@Z       7c68ebf0 f   libcmtd:w_map.obj
 0001:0005df00       ?FindHandler@@YAXPAUEHExceptionRecord@@PAUEHRegistrationNode@@PAU_CONTEXT@@PAXPBU_s_FuncInfo@@EH1@Z 7c68ef00 f   libcmtd:frame.obj
 0001:0005e450       ?FindHandlerForForeignException@@YAXPAUEHExceptionRecord@@PAUEHRegistrationNode@@PAU_CONTEXT@@PAXPBU_s_FuncInfo@@HH1@Z 7c68f450 f   libcmtd:frame.obj
 0001:0005e870       ?CatchIt@@YAXPAUEHExceptionRecord@@PAUEHRegistrationNode@@PAU_CONTEXT@@PAXPBU_s_FuncInfo@@PBU_s_HandlerType@@PBU_s_CatchableType@@PBU_s_TryBlockMapEntry@@H1E@Z 7c68f870 f   libcmtd:frame.obj
 0001:0005e930       ?CallCatchBlock@@YAPAXPAUEHExceptionRecord@@PAUEHRegistrationNode@@PAU_CONTEXT@@PBU_s_FuncInfo@@PAXHK@Z 7c68f930 f   libcmtd:frame.obj
 0001:0005ebc0       ?ExFilterRethrow@@YAHPAU_EXCEPTION_POINTERS@@@Z 7c68fbc0 f   libcmtd:frame.obj
 0001:0005f800       ?IsInExceptionSpec@@YAEPAUEHExceptionRecord@@PBU_s_ESTypeList@@@Z 7c690800 f   libcmtd:frame.obj
 0001:0005f8c0       ?CallUnexpected@@YAXPBU_s_ESTypeList@@@Z 7c6908c0 f   libcmtd:frame.obj
 0001:0005f90c       __catch$?CallUnexpected@@YAXPBU_s_ESTypeList@@@Z$0 7c69090c f   libcmtd:frame.obj
 0001:0005f950       ?Is_bad_exception_allowed@@YAEPBU_s_ESTypeList@@@Z 7c690950 f   libcmtd:frame.obj
 0001:00060210       __tzset_nolock             7c691210 f   libcmtd:tzset.obj
 0001:000607f0       __isindst_nolock           7c6917f0 f   libcmtd:tzset.obj
 0001:00060b40       _cvtdate                   7c691b40 f   libcmtd:tzset.obj
 0001:000621e0       ?DebuggerProbe@@YAHK@Z     7c6931e0 f   libcmtd:error.obj
 0001:000622c0       ?failwithmessage@@YAXPAXHHPBD@Z 7c6932c0 f   libcmtd:error.obj
 0001:00062500       ?DebuggerRuntime@@YAHKHPAXPB_W@Z 7c693500 f   libcmtd:error.obj
 0001:00062800       ?_getMemBlockDataString@@YAXPAD00I@Z 7c693800 f   libcmtd:error.obj
 0001:00062c90       _flsall                    7c693c90 f   libcmtd:fflush.obj
 0001:00063870       ?__crtGetStringTypeW_stat@@YAHPAUlocaleinfo_struct@@KPB_WHPAGHH@Z 7c694870 f   libcmtd:w_str.obj
 0001:00063e80       __getenv_s_helper          7c694e80 f   libcmtd:getenv.obj
 0001:000640e0       __dupenv_s_helper          7c6950e0 f   libcmtd:getenv.obj
 0001:00064590       ?strtoxq@@YA_KPAUlocaleinfo_struct@@PBDPAPBDHH@Z 7c695590 f   libcmtd:strtoq.obj
 0001:00064ec0       ?GetPdbDll@@YAPAUHINSTANCE__@@XZ 7c695ec0 f   libcmtd:pdblkup.obj
 0001:00065cd0       ?__crtCompareStringA_stat@@YAHPAUlocaleinfo_struct@@KKPBDH1HH@Z 7c696cd0 f   libcmtd:a_cmp.obj
 0001:000661e0       ?strncnt@@YAHPBDH@Z        7c6971e0 f   libcmtd:a_cmp.obj
 0001:000669a0       _findenv                   7c6979a0 f   libcmtd:setenv.obj
 0001:00066a20       _copy_environ              7c697a20 f   libcmtd:setenv.obj
 0001:00066dbe       ?__strlen@@YGIPBD@Z        7c697dbe f   delayimp:delayhlp.obj
 0001:00066dd5       ?__memcmp@@YGHPBX0I@Z      7c697dd5 f   delayimp:delayhlp.obj
 0001:00066dfd       ?__memcpy@@YGPAXPAXPBXI@Z  7c697dfd f   delayimp:delayhlp.obj
 0001:00066e9c       ?PinhFromImageBase@@YGPAU_IMAGE_NT_HEADERS@@PAUHINSTANCE__@@@Z 7c697e9c f   delayimp:delayhlp.obj
 0001:00066ea2       ?OverlayIAT@@YGXPAU_IMAGE_THUNK_DATA32@@PBU1@@Z 7c697ea2 f   delayimp:delayhlp.obj
 0001:00066eca       ?TimeStampOfImage@@YGKPAU_IMAGE_NT_HEADERS@@@Z 7c697eca f   delayimp:delayhlp.obj
 0001:00066ece       ?FLoadedAtPreferredAddress@@YG_NPAU_IMAGE_NT_HEADERS@@PAUHINSTANCE__@@@Z 7c697ece f   delayimp:delayhlp.obj
 0001:00067550       __unwindfunclet$?getSystemCP@@YAHH@Z$0 7c698550 f   libcmtd:mbctype.obj
 0001:00067558       __ehhandler$?getSystemCP@@YAHH@Z 7c698558 f   libcmtd:mbctype.obj
 0001:00067580       __unwindfunclet$?x_ismbbtype_l@@YAHPAUlocaleinfo_struct@@IHH@Z$0 7c698580 f   libcmtd:ismbbyte.obj
 0001:00067588       __ehhandler$?x_ismbbtype_l@@YAHPAUlocaleinfo_struct@@IHH@Z 7c698588 f   libcmtd:ismbbyte.obj
 0001:000675b0       __unwindfunclet$?strtoxl@@YAKPAUlocaleinfo_struct@@PBDPAPBDHH@Z$0 7c6985b0 f   libcmtd:strtol.obj
 0001:000675b8       __ehhandler$?strtoxl@@YAKPAUlocaleinfo_struct@@PBDPAPBDHH@Z 7c6985b8 f   libcmtd:strtol.obj
 0001:000675e0       __unwindfunclet$?wcstoxl@@YAKPAUlocaleinfo_struct@@PB_WPAPB_WHH@Z$0 7c6985e0 f   libcmtd:wcstol.obj
 0001:000675e8       __ehhandler$?wcstoxl@@YAKPAUlocaleinfo_struct@@PB_WPAPB_WHH@Z 7c6985e8 f   libcmtd:wcstol.obj
 0001:00067610       __ehhandler$?CallUnexpected@@YAXPBU_s_ESTypeList@@@Z 7c698610 f   libcmtd:frame.obj
 0001:00067630       __unwindfunclet$?strtoxq@@YA_KPAUlocaleinfo_struct@@PBDPAPBDHH@Z$0 7c698630 f   libcmtd:strtoq.obj
 0001:00067638       __ehhandler$?strtoxq@@YA_KPAUlocaleinfo_struct@@PBDPAPBDHH@Z 7c698638 f   libcmtd:strtoq.obj
 0001:00067660       ??__E_Module@@YAXXZ        7c698660 f   atl.obj
 0001:00067680       ??__E_AtlComModule@ATL@@YAXXZ 7c698680 f   atl.obj
 0001:000676a0       ??__Eclash@Inconsistent_definition_of_symbol__ATL_MIXED@@YAXXZ 7c6986a0 f   stdafx.obj
 0001:000676b0       ??__Eclash@Define_the_symbol__ATL_MIXED@@YAXXZ 7c6986b0 f   stdafx.obj
 0001:000676c0       ??__EatlTraceGeneral@ATL@@YAXXZ 7c6986c0 f   atlsd:atltrace.obj
 0001:000676e0       ??__EatlTraceCOM@ATL@@YAXXZ 7c6986e0 f   atlsd:atltrace.obj
 0001:00067700       ??__EatlTraceQI@ATL@@YAXXZ 7c698700 f   atlsd:atltrace.obj
 0001:00067720       ??__EatlTraceRegistrar@ATL@@YAXXZ 7c698720 f   atlsd:atltrace.obj
 0001:00067740       ??__EatlTraceRefcount@ATL@@YAXXZ 7c698740 f   atlsd:atltrace.obj
 0001:00067760       ??__EatlTraceWindowing@ATL@@YAXXZ 7c698760 f   atlsd:atltrace.obj
 0001:00067780       ??__EatlTraceControls@ATL@@YAXXZ 7c698780 f   atlsd:atltrace.obj
 0001:000677a0       ??__EatlTraceHosting@ATL@@YAXXZ 7c6987a0 f   atlsd:atltrace.obj
 0001:000677c0       ??__EatlTraceDBClient@ATL@@YAXXZ 7c6987c0 f   atlsd:atltrace.obj
 0001:000677e0       ??__EatlTraceDBProvider@ATL@@YAXXZ 7c6987e0 f   atlsd:atltrace.obj
 0001:00067800       ??__EatlTraceSnapin@ATL@@YAXXZ 7c698800 f   atlsd:atltrace.obj
 0001:00067820       ??__EatlTraceNotImpl@ATL@@YAXXZ 7c698820 f   atlsd:atltrace.obj
 0001:00067840       ??__EatlTraceAllocation@ATL@@YAXXZ 7c698840 f   atlsd:atltrace.obj
 0001:00067860       ??__EatlTraceException@ATL@@YAXXZ 7c698860 f   atlsd:atltrace.obj
 0001:00067880       ??__EatlTraceTime@ATL@@YAXXZ 7c698880 f   atlsd:atltrace.obj
 0001:000678a0       ??__EatlTraceCache@ATL@@YAXXZ 7c6988a0 f   atlsd:atltrace.obj
 0001:000678c0       ??__EatlTraceStencil@ATL@@YAXXZ 7c6988c0 f   atlsd:atltrace.obj
 0001:000678e0       ??__EatlTraceString@ATL@@YAXXZ 7c6988e0 f   atlsd:atltrace.obj
 0001:00067900       ??__EatlTraceMap@ATL@@YAXXZ 7c698900 f   atlsd:atltrace.obj
 0001:00067920       ??__EatlTraceUtil@ATL@@YAXXZ 7c698920 f   atlsd:atltrace.obj
 0001:00067940       ??__EatlTraceSecurity@ATL@@YAXXZ 7c698940 f   atlsd:atltrace.obj
 0001:00067960       ??__EatlTraceSync@ATL@@YAXXZ 7c698960 f   atlsd:atltrace.obj
 0001:00067980       ??__EatlTraceISAPI@ATL@@YAXXZ 7c698980 f   atlsd:atltrace.obj
 0001:000679a0       ??__EatlTraceUser@ATL@@YAXXZ 7c6989a0 f   atlsd:atltrace.obj
 0001:000679c0       ??__EatlTraceUser2@ATL@@YAXXZ 7c6989c0 f   atlsd:atltrace.obj
 0001:000679e0       ??__EatlTraceUser3@ATL@@YAXXZ 7c6989e0 f   atlsd:atltrace.obj
 0001:00067a00       ??__EatlTraceUser4@ATL@@YAXXZ 7c698a00 f   atlsd:atltrace.obj
 0001:00067a20       ??__Eg_Allocator@@YAXXZ    7c698a20 f   atlsd:Externs.obj
 0001:00067a40       ??__Eg_bInitialized@@YAXXZ 7c698a40 f   atlsd:Externs.obj
 0001:00067a50       ??__E?s_trace@CTrace@ATL@@2V12@A@@YAXXZ 7c698a50 f   atlsd:Externs.obj
 0001:00067a80       ??__E_AtlBaseModule@ATL@@YAXXZ 7c698a80 f   atlsd:atlbase.obj
 0001:00067aa0       ??__E_AtlWinModule@ATL@@YAXXZ 7c698aa0 f   atlsd:atlbase.obj
 0001:00067ac0       ??__F_Module@@YAXXZ        7c698ac0 f   atl.obj
 0001:00067ad0       ??__F_AtlComModule@ATL@@YAXXZ 7c698ad0 f   atl.obj
 0001:00067ae0       ??__Fg_Allocator@@YAXXZ    7c698ae0 f   atlsd:Externs.obj
 0001:00067af0       ??__F?s_trace@CTrace@ATL@@2V12@A@@YAXXZ 7c698af0 f   atlsd:Externs.obj
 0001:00067b00       ??__F_AtlBaseModule@ATL@@YAXXZ 7c698b00 f   atlsd:atlbase.obj
 0001:00067b10       ??__F_AtlWinModule@ATL@@YAXXZ 7c698b10 f   atlsd:atlbase.obj
 0001:00067b20       ??__Fnomem@?5???2@YAPAXI@Z@YAXXZ 7c698b20 f   libcmtd:new.obj
