%!Adobe-FontList 1.01

%BeginFont
Handler:DirectoryHandler
FontType:Type1
FontName:AdobeSansMM
FamilyName:Adobe Sans MM
FullName:Adobe Sans MM
WritingScript:Roman
OutlineFileName:\Zx______.pfb
DataFormat:Plain
MMAxisName:Weight
MMAxisName:Width
UsesStandardEncoding:yes
isCFF:no
%EndFont

%BeginFont
Handler:DirectoryHandler
FontType:Type1
FontName:Symbol
FamilyName:Symbol
FullName:Symbol
WritingScript:Roman
OutlineFileName:\Sy______.pfb
DataFormat:Plain
UsesStandardEncoding:no
isCFF:no
%EndFont

%BeginFont
Handler:DirectoryHandler
FontType:Type1
FontName:ZapfDingbats
FamilyName:ITC Zapf Dingbats
FullName:ITC Zapf Dingbats
WritingScript:Roman
OutlineFileName:\Zd______.pfb
DataFormat:Plain
UsesStandardEncoding:no
isCFF:no
%EndFont

%BeginFont
Handler:DirectoryHandler
FontType:Type1
FontName:AdobeSerifMM
FamilyName:Adobe Serif MM
FullName:Adobe Serif MM
WritingScript:Roman
OutlineFileName:\Zy______.pfb
DataFormat:Plain
MMAxisName:Weight
MMAxisName:Width
UsesStandardEncoding:yes
isCFF:no
%EndFont

%BeginFont
Handler:DirectoryHandler
FontType:Type1
FontName:Courier-BoldOblique
FamilyName:Courier
FullName:Courier Bold Oblique
WritingScript:Roman
OutlineFileName:\cobo____.pfb
DataFormat:Plain
UsesStandardEncoding:yes
isCFF:no
%EndFont

%BeginFont
Handler:DirectoryHandler
FontType:Type1
FontName:Courier
FamilyName:Courier
FullName:Courier
WritingScript:Roman
OutlineFileName:\com_____.pfb
DataFormat:Plain
UsesStandardEncoding:yes
isCFF:no
%EndFont

%BeginFont
Handler:DirectoryHandler
FontType:Type1
FontName:Courier-Oblique
FamilyName:Courier
FullName:Courier Oblique
WritingScript:Roman
OutlineFileName:\coo_____.pfb
DataFormat:Plain
UsesStandardEncoding:yes
isCFF:no
%EndFont

%BeginFont
Handler:DirectoryHandler
FontType:Type1
FontName:Courier-Bold
FamilyName:Courier
FullName:Courier Bold
WritingScript:Roman
OutlineFileName:\cob_____.pfb
DataFormat:Plain
UsesStandardEncoding:yes
isCFF:no
%EndFont

%BeginFont
Handler:DirectoryHandler
FontType:Type1
FontName:TimesNewRomanPSMT
FamilyName:Times New Roman PS
FullName:Times New Roman PS
WritingScript:Roman
OutlineFileName:\_er_____.pfb
DataFormat:Plain
UsesStandardEncoding:yes
isCFF:no
%EndFont

%BeginFont
Handler:DirectoryHandler
FontType:Type1
FontName:Arial-BoldMT
FamilyName:Arial MT
FullName:Arial MT Bold
WritingScript:Roman
OutlineFileName:\_ab_____.pfb
DataFormat:Plain
UsesStandardEncoding:yes
isCFF:no
%EndFont

%BeginFont
Handler:DirectoryHandler
FontType:Type1
FontName:Arial-BoldItalicMT
FamilyName:Arial MT
FullName:Arial MT Bold Italic
WritingScript:Roman
OutlineFileName:\_abi____.pfb
DataFormat:Plain
UsesStandardEncoding:yes
isCFF:no
%EndFont

%BeginFont
Handler:DirectoryHandler
FontType:Type1
FontName:Arial-ItalicMT
FamilyName:Arial MT
FullName:Arial MT Italic
WritingScript:Roman
OutlineFileName:\_ai_____.pfb
DataFormat:Plain
UsesStandardEncoding:yes
isCFF:no
%EndFont

%BeginFont
Handler:DirectoryHandler
FontType:Type1
FontName:TimesNewRomanPS-BoldMT
FamilyName:Times New Roman PS
FullName:Times New Roman PS Bold
WritingScript:Roman
OutlineFileName:\_eb_____.pfb
DataFormat:Plain
UsesStandardEncoding:yes
isCFF:no
%EndFont

%BeginFont
Handler:DirectoryHandler
FontType:Type1
FontName:TimesNewRomanPS-BoldItalicMT
FamilyName:Times New Roman PS
FullName:Times New Roman PS Bold Italic
WritingScript:Roman
OutlineFileName:\_ebi____.pfb
DataFormat:Plain
UsesStandardEncoding:yes
isCFF:no
%EndFont

%BeginFont
Handler:DirectoryHandler
FontType:Type1
FontName:TimesNewRomanPS-ItalicMT
FamilyName:Times New Roman PS
FullName:Times New Roman PS Italic
WritingScript:Roman
OutlineFileName:\_ei_____.pfb
DataFormat:Plain
UsesStandardEncoding:yes
isCFF:no
%EndFont

%BeginFont
Handler:DirectoryHandler
FontType:Type1
FontName:ArialMT
FamilyName:Arial MT
FullName:Arial MT
WritingScript:Roman
OutlineFileName:\_a______.pfb
DataFormat:Plain
UsesStandardEncoding:yes
isCFF:no
%EndFont

%BeginFont
Handler:DirectoryHandler
FontType:Invalid
OutlineFileName:\AdobeFnt.lst
%EndFont

%BeginFont
Handler:DirectoryHandler
FontType:PFM
FontName:AdobeSansMM
NumMMAxes:0
OutlineFileName:\PFM\Zx______.pfm
%EndFont

%BeginFont
Handler:DirectoryHandler
FontType:PFM
FontName:ZapfDingbats
NumMMAxes:0
OutlineFileName:\PFM\Zd______.pfm
%EndFont

%BeginFont
Handler:DirectoryHandler
FontType:PFM
FontName:AdobeSansMM
NumMMAxes:2
OutlineFileName:\PFM\Zx______.mmm
%EndFont

%BeginFont
Handler:DirectoryHandler
FontType:PFM
FontName:Symbol
NumMMAxes:0
OutlineFileName:\PFM\Sy______.pfm
%EndFont

%BeginFont
Handler:DirectoryHandler
FontType:PFM
FontName:AdobeSerifMM
NumMMAxes:0
OutlineFileName:\PFM\Zy______.pfm
%EndFont

%BeginFont
Handler:DirectoryHandler
FontType:PFM
FontName:AdobeSerifMM
NumMMAxes:2
OutlineFileName:\PFM\Zy______.mmm
%EndFont

%BeginFont
Handler:DirectoryHandler
FontType:PFM
FontName:Courier-BoldOblique
NumMMAxes:0
OutlineFileName:\PFM\Cobo____.pfm
%EndFont

%BeginFont
Handler:DirectoryHandler
FontType:PFM
FontName:Courier
NumMMAxes:0
OutlineFileName:\PFM\Com_____.pfm
%EndFont

%BeginFont
Handler:DirectoryHandler
FontType:PFM
FontName:Courier-Oblique
NumMMAxes:0
OutlineFileName:\PFM\Coo_____.pfm
%EndFont

%BeginFont
Handler:DirectoryHandler
FontType:PFM
FontName:Courier-Bold
NumMMAxes:0
OutlineFileName:\PFM\Cob_____.pfm
%EndFont

%BeginFont
Handler:DirectoryHandler
FontType:PFM
FontName:TimesNewRomanPSMT
NumMMAxes:0
OutlineFileName:\PFM\_er_____.pfm
%EndFont

%BeginFont
Handler:DirectoryHandler
FontType:PFM
FontName:Arial-BoldMT
NumMMAxes:0
OutlineFileName:\PFM\_ab_____.pfm
%EndFont

%BeginFont
Handler:DirectoryHandler
FontType:PFM
FontName:Arial-BoldItalicMT
NumMMAxes:0
OutlineFileName:\PFM\_abi____.pfm
%EndFont

%BeginFont
Handler:DirectoryHandler
FontType:PFM
FontName:Arial-ItalicMT
NumMMAxes:0
OutlineFileName:\PFM\_ai_____.pfm
%EndFont

%BeginFont
Handler:DirectoryHandler
FontType:PFM
FontName:TimesNewRomanPS-BoldMT
NumMMAxes:0
OutlineFileName:\PFM\_eb_____.pfm
%EndFont

%BeginFont
Handler:DirectoryHandler
FontType:PFM
FontName:TimesNewRomanPS-BoldItalicMT
NumMMAxes:0
OutlineFileName:\PFM\_ebi____.pfm
%EndFont

%BeginFont
Handler:DirectoryHandler
FontType:PFM
FontName:TimesNewRomanPS-ItalicMT
NumMMAxes:0
OutlineFileName:\PFM\_ei_____.pfm
%EndFont

%BeginFont
Handler:DirectoryHandler
FontType:PFM
FontName:ArialMT
NumMMAxes:0
OutlineFileName:\PFM\_a______.pfm
%EndFont

