 atl80

 Timestamp is 62c35297 (Mon Jul 04 16:50:31 2022)

 Preferred load address is 7c630000

 Start         Length     Name                   Class
 0001:00000000 0000f10aH .text                   CODE
 0001:0000f10a 0000006cH .text$yc                CODE
 0001:0000f176 00000032H .text$yd                CODE
 0002:00000000 00000120H .idata$5                DATA
 0002:00000120 00000004H .CRT$XCA                DATA
 0002:00000124 0000000cH .CRT$XCL                DATA
 0002:00000130 00000004H .CRT$XCU                DATA
 0002:00000134 00000004H .CRT$XCZ                DATA
 0002:00000138 00000004H .CRT$XIA                DATA
 0002:0000013c 00000008H .CRT$XIC                DATA
 0002:00000144 00000004H .CRT$XIZ                DATA
 0002:00000148 00000004H .CRT$XPA                DATA
 0002:0000014c 00000004H .CRT$XPZ                DATA
 0002:00000150 00000004H .CRT$XTA                DATA
 0002:00000154 00000004H .CRT$XTZ                DATA
 0002:00000160 00002ee8H .rdata                  DATA
 0002:00003048 0000004eH .rdata$debug            DATA
 0002:000030a0 0000000cH .rdata$sxdata           DATA
 0002:000030b0 000000dcH .xdata$x                DATA
 0002:0000318c 00000004H ATL$__a                 DATA
 0002:00003190 00000004H ATL$__z                 DATA
 0002:00003194 000000a0H .didat$2                DATA
 0002:00003234 00000020H .didat$3                DATA
 0002:00003254 000001e4H .didat$4                DATA
 0002:00003438 000006deH .didat$6                DATA
 0002:00003b18 000001e4H .didat$7                DATA
 0002:00003cfc 00000014H .idata$2                DATA
 0002:00003d10 00000014H .idata$3                DATA
 0002:00003d24 00000120H .idata$4                DATA
 0002:00003e44 0000051aH .idata$6                DATA
 0002:00004360 000006ddH .edata                  DATA
 0003:00000000 00000180H .data                   DATA
 0003:00000180 000001e4H .didat$5                DATA
 0003:00000368 0000052cH .bss                    DATA
 0004:00000000 00000128H .rsrc$01                DATA
 0004:00000130 00002210H .rsrc$02                DATA

  Address         Publics by Value              Rva+Base       Lib:Object

 0000:00000000       __except_list              00000000     <absolute>
 0000:00000003       ___safe_se_handler_count   00000003     <absolute>
 0000:00000000       ___ImageBase               7c630000     <linker-defined>
 0001:00000000       _InlineIsEqualGUID         7c631000 f i RegObj.obj
 0001:0000002d       ?AtlThrowImpl@ATL@@YGXJ@Z  7c63102d f i RegObj.obj
 0001:00000051       ?AtlCrtErrorCheck@ATL@@YAHH@Z 7c631051 f i RegObj.obj
 0001:00000086       ?strcpy_s@Checked@ATL@@YAXPADIPBD@Z 7c631086 f i RegObj.obj
 0001:000000a1       ?ui64toa_s@Checked@ATL@@YAX_KPADIH@Z 7c6310a1 f i RegObj.obj
 0001:000000c3       _AtlComPtrAssign@8         7c6310c3 f i RegObj.obj
 0001:000000f4       ?InlineIsEqualUnknown@ATL@@YGHABU_GUID@@@Z 7c6310f4 f i RegObj.obj
 0001:0000011f       _AtlInternalQueryInterface@16 7c63111f f i RegObj.obj
 0001:000001c0       ?FormatWindowClassName@AtlModuleRegisterWndClassInfoParamA@ATL@@SAXPADKPAX@Z 7c6311c0 f i RegObj.obj
 0001:000001fb       ?InternalSetAtIndex@?$CSimpleArray@GV?$CSimpleArrayEqualHelper@G@ATL@@@ATL@@QAEXHABG@Z 7c6311fb f i RegObj.obj
 0001:00000215       ??1?$CComCritSecLock@VCComCriticalSection@ATL@@@ATL@@QAE@XZ 7c631215 f i RegObj.obj
 0001:0000022c       _AtlWinModuleAddCreateWndData@12 7c63122c f i RegObj.obj
 0001:0000028c       _AtlWinModuleExtractCreateWndData@4 7c63128c f i RegObj.obj
 0001:000002f3       ?Add@?$CSimpleArray@GV?$CSimpleArrayEqualHelper@G@ATL@@@ATL@@QAEHABG@Z 7c6312f3 f i RegObj.obj
 0001:00000365       _AtlWinModuleRegisterClassExA@8 7c631365 f i RegObj.obj
 0001:000003a0       ??$AtlModuleRegisterWndClassInfoT@VAtlModuleRegisterWndClassInfoParamA@ATL@@@ATL@@YAGPAU_ATL_BASE_MODULE70@0@PAU_ATL_WIN_MODULE70@0@PAU_ATL_WNDCLASSINFOA@0@PAP6GJPAUHWND__@@IIJ@ZVAtlModuleRegisterWndClassInfoParamA@0@@Z 7c6313a0 f i RegObj.obj
 0001:000004e9       _AtlWinModuleRegisterWndClassInfoA@16 7c6314e9 f i RegObj.obj
 0001:00000507       ?GetCategoryMap@CComObjectRootBase@ATL@@SAPBU_ATL_CATMAP_ENTRY@2@XZ 7c631507 f i atl.obj
 0001:00000507       ?GetObjectDescription@?$CComCoClass@VCDLLRegObject@@$1?CLSID_Registrar@@3U_GUID@@B@ATL@@SGPBDXZ 7c631507 f i atl.obj
 0001:0000050a       ?CreateInstance@?$CComFailCreator@$0?HPPLPOPA@@ATL@@SGJPAXABU_GUID@@PAPAX@Z 7c63150a f i atl.obj
 0001:00000524       ??$AtlMultiply@H@ATL@@YAJPAHHH@Z 7c631524 f i atl.obj
 0001:00000551       ?AtlA2WHelper@@YGPA_WPA_WPBDHI@Z 7c631551 f i atl.obj
 0001:00000588       ?ocscpy_s@@YA_NPA_WIPB_W@Z 7c631588 f i atl.obj
 0001:000005b4       ??0CComCriticalSection@ATL@@QAE@XZ 7c6315b4 f i atl.obj
 0001:000005c8       ?Init@CComCriticalSection@ATL@@QAEJXZ 7c6315c8 f i atl.obj
 0001:00000613       ?AtlHresultFromLastError@ATL@@YAJXZ 7c631613 f i atl.obj
 0001:00000628       ?AtlHresultFromWin32@ATL@@YAJK@Z 7c631628 f i atl.obj
 0001:0000063b       ?EscapeSingleQuote@CAtlModule@ATL@@SAXPA_WIPB_W@Z 7c63163b f i atl.obj
 0001:00000683       ?Init@CComModule@ATL@@QAEJPAU_ATL_OBJMAP_ENTRY30@2@PAUHINSTANCE__@@PBU_GUID@@@Z 7c631683 f i atl.obj
 0001:000006df       _AtlCallTermFunc@4         7c6316df f i atl.obj
 0001:0000071f       ?OnClose@CAxHostWindow@ATL@@UAGXXZ 7c63171f f i stdafx.obj
 0001:0000071f       ?OnFinalMessage@?$CWindowImplBaseT@VCWindow@ATL@@V?$CWinTraits@$0FGAAAAAA@$0A@@2@@ATL@@UAEXPAUHWND__@@@Z 7c63171f f i stdafx.obj
 0001:0000071f       ?ObjectMain@CComObjectRootBase@ATL@@SGX_N@Z 7c63171f f i atl.obj
 0001:0000071f       ?OnSave@CAxHostWindow@ATL@@UAGXXZ 7c63171f f i stdafx.obj
 0001:00000722       ?FinalConstruct@CRegObject@ATL@@QAEJXZ 7c631722 f i atl.obj
 0001:00000737       ??1?$CAtlSafeAllocBufferManager@VCCRTAllocator@ATL@@@_ATL_SAFE_ALLOCA_IMPL@ATL@@QAE@XZ 7c631737 f i atl.obj
 0001:00000750       ??1?$CComObjectRootEx@VCComMultiThreadModel@ATL@@@ATL@@QAE@XZ 7c631750 f i atl.obj
 0001:00000765       ?RemoveAll@?$CSimpleMap@PADPA_WVCExpansionVectorEqualHelper@ATL@@@ATL@@QAEXXZ 7c631765 f i atl.obj
 0001:00000790       ?GetKeyAt@?$CSimpleMap@PADPA_WVCExpansionVectorEqualHelper@ATL@@@ATL@@QBEAAPADH@Z 7c631790 f i atl.obj
 0001:000007b7       ?GetValueAt@?$CSimpleMap@PADPA_WVCExpansionVectorEqualHelper@ATL@@@ATL@@QBEAAPA_WH@Z 7c6317b7 f i atl.obj
 0001:000007df       ??$AtlAdd@K@ATL@@YAJPAKKK@Z 7c6317df f i atl.obj
 0001:00000801       ??$AtlAddThrow@K@ATL@@YAKKK@Z 7c631801 f i atl.obj
 0001:00000826       ?_AtlInitialConstruct@?$CComObjectRootEx@VCComMultiThreadModel@ATL@@@ATL@@QAEJXZ 7c631826 f i atl.obj
 0001:0000083b       ?_AtlVerifyStackAvailable@_ATL_SAFE_ALLOCA_IMPL@ATL@@YA_NK@Z 7c63183b f i atl.obj
 0001:000008b0       ??0CAtlModule@ATL@@QAE@XZ  7c6318b0 f i atl.obj
 0001:000008f2       ?Term@CAtlModule@ATL@@QAEXXZ 7c6318f2 f i atl.obj
 0001:0000092b       ?Term@CComModule@ATL@@QAEXXZ 7c63192b f i atl.obj
 0001:0000097d       ?CreateInstance@CComClassFactory@ATL@@UAGJPAUIUnknown@@ABU_GUID@@PAPAX@Z 7c63197d f i atl.obj
 0001:000009bb       ?LockServer@CComClassFactory@ATL@@UAGJH@Z 7c6319bb f i atl.obj
 0001:000009d7       ?ClearReplacements@CExpansionVector@ATL@@QAEJXZ 7c6319d7 f i atl.obj
 0001:00000a14       ?ClearReplacements@CRegObject@ATL@@UAGJXZ 7c631a14 f i atl.obj
 0001:00000a3c       ?AtlAxWinTerm@ATL@@YAHXZ   7c631a3c f i atl.obj
 0001:00000a62       ??0?$CComObjectRootEx@VCComMultiThreadModel@ATL@@@ATL@@QAE@XZ 7c631a62 f i atl.obj
 0001:00000a7c       ?Allocate@?$CAtlSafeAllocBufferManager@VCCRTAllocator@ATL@@@_ATL_SAFE_ALLOCA_IMPL@ATL@@QAEPAXK@Z 7c631a7c f i atl.obj
 0001:00000aa4       _DllMain@12                7c631aa4 f   atl.obj
 0001:00000b45       ??1?$CComObjectCached@VCComClassFactory@ATL@@@ATL@@QAE@XZ 7c631b45 f i atl.obj
 0001:00000b5b       ??0CComClassFactory@ATL@@QAE@XZ 7c631b5b f i atl.obj
 0001:00000b70       ?Lock@CAtlModule@ATL@@UAEJXZ 7c631b70 f i atl.obj
 0001:00000b7b       ?Unlock@CAtlModule@ATL@@UAEJXZ 7c631b7b f i atl.obj
 0001:00000b86       ?GetLockCount@CAtlModule@ATL@@UAEJXZ 7c631b86 f i atl.obj
 0001:00000b8a       ?GetGITPtr@CAtlModule@ATL@@UAEJPAPAUIGlobalInterfaceTable@@@Z 7c631b8a f i atl.obj
 0001:00000bd3       ?UpdateRegistryFromResourceS@CComModule@ATL@@UAGJPBDHPAU_ATL_REGMAP_ENTRY@2@@Z 7c631bd3 f i atl.obj
 0001:00000bd3       ?UpdateRegistryFromResourceS@CComModule@ATL@@UAGJIHPAU_ATL_REGMAP_ENTRY@2@@Z 7c631bd3 f i atl.obj
 0001:00000bdb       ?AddCommonRGSReplacements@?$CAtlModuleT@VCComModule@ATL@@@ATL@@UAEJPAUIRegistrarBase@@@Z 7c631bdb f i atl.obj
 0001:00000bf2       ??_GCComModule@ATL@@UAEPAXI@Z 7c631bf2 f i atl.obj
 0001:00000bf2       ??_ECComModule@ATL@@UAEPAXI@Z 7c631bf2 f i atl.obj
 0001:00000c14       ??1CRegObject@ATL@@UAE@XZ  7c631c14 f i atl.obj
 0001:00000c43       ??1CDLLRegObject@@UAE@XZ   7c631c43 f i atl.obj
 0001:00000c64       ??0CRegObject@ATL@@QAE@XZ  7c631c64 f i atl.obj
 0001:00000c87       ?AddRef@?$CComObjectCached@VCComClassFactory@ATL@@@ATL@@UAGKXZ 7c631c87 f i atl.obj
 0001:00000cae       ?QueryInterface@?$CComObjectCached@VCComClassFactory@ATL@@@ATL@@UAGJABU_GUID@@PAPAX@Z 7c631cae f i atl.obj
 0001:00000cc7       ?Release@?$CComObjectCached@VCComClassFactory@ATL@@@ATL@@UAGKXZ 7c631cc7 f i atl.obj
 0001:00000d08       ??0CDLLRegObject@@QAE@XZ   7c631d08 f i atl.obj
 0001:00000d1c       ?CreateInstance@?$CComCreator@V?$CComObjectCached@VCComClassFactory@ATL@@@ATL@@@ATL@@SGJPAXABU_GUID@@PAPAX@Z 7c631d1c f i atl.obj
 0001:00000d9a       ??0?$CComObject@VCDLLRegObject@@@ATL@@QAE@PAX@Z 7c631d9a f i atl.obj
 0001:00000db9       ??$AtlMultiply@K@ATL@@YAJPAKKK@Z 7c631db9 f i atl.obj
 0001:00000db9       ??$AtlMultiply@I@ATL@@YAJPAIII@Z 7c631db9 f i atl.obj
 0001:00000dd9       ?AtlCoTaskMemCAlloc@ATL@@YAPAXKK@Z 7c631dd9 f i atl.obj
 0001:00000e06       ?AtlCoTaskMemRecalloc@ATL@@YAPAXPAXKK@Z 7c631e06 f i atl.obj
 0001:00000e36       ?AtlW2AHelper@@YGPADPADPB_WHI@Z 7c631e36 f i atl.obj
 0001:00000e6e       ?memcpy_s@Checked@ATL@@YAXPAXIPBXI@Z 7c631e6e f i atl.obj
 0001:00000e8d       ?tcsncpy_s@Checked@ATL@@YAHPADIPBDI@Z 7c631e8d f i atl.obj
 0001:00000eac       ?Close@CRegKey@ATL@@QAEJXZ 7c631eac f i atl.obj
 0001:00000ec3       ?Create@CRegKey@ATL@@QAEJPAUHKEY__@@PBDPADKKPAU_SECURITY_ATTRIBUTES@@PAK@Z 7c631ec3 f i atl.obj
 0001:00000f11       ?Open@CRegKey@ATL@@QAEJPAUHKEY__@@PBDK@Z 7c631f11 f i atl.obj
 0001:00000f46       ?SetDWORDValue@CRegKey@ATL@@QAEJPBDK@Z 7c631f46 f i atl.obj
 0001:00000f60       ?SetStringValue@CRegKey@ATL@@QAEJPBD0K@Z 7c631f60 f i atl.obj
 0001:00000f99       ?SetMultiStringValue@CRegKey@ATL@@QAEJPBD0@Z 7c631f99 f i atl.obj
 0001:00000fde       ?IsEqualKey@CExpansionVectorEqualHelper@ATL@@SA_NQAD0@Z 7c631fde f i atl.obj
 0001:00000ff3       ?EndOfVar@CRegParser@ATL@@IAEHXZ 7c631ff3 f i atl.obj
 0001:0000100d       ??0CParseBuffer@CRegParser@ATL@@QAE@H@Z 7c63200d f i atl.obj
 0001:0000103e       ?Append@CParseBuffer@CRegParser@ATL@@QAEHPBDH@Z 7c63203e f i atl.obj
 0001:000010c2       ?AddChar@CParseBuffer@CRegParser@ATL@@QAEHPBD@Z 7c6320c2 f i atl.obj
 0001:000010e1       ?VTFromRegType@CRegParser@ATL@@KAHPBDAAG@Z 7c6320e1 f i atl.obj
 0001:00001173       ?ChToByte@CRegParser@ATL@@KAED@Z 7c632173 f i atl.obj
 0001:0000119e       ?HKeyFromString@CRegParser@ATL@@KAPAUHKEY__@@PAD@Z 7c63219e f i atl.obj
 0001:000011c9       ?StrChrA@CRegParser@ATL@@KAPADPADD@Z 7c6321c9 f i atl.obj
 0001:000011f1       ?IsSpace@CRegParser@ATL@@IAEHD@Z 7c6321f1 f i atl.obj
 0001:0000120f       ?SkipWhiteSpace@CRegParser@ATL@@IAEXXZ 7c63220f f i atl.obj
 0001:00001231       ?NextToken@CRegParser@ATL@@IAEJPAD@Z 7c632231 f i atl.obj
 0001:0000131b       ?CanForceRemoveKey@CRegParser@ATL@@IAEHPBD@Z 7c63231b f i atl.obj
 0001:00001347       ?HasSubKeys@CRegParser@ATL@@IAEHPAUHKEY__@@@Z 7c632347 f i atl.obj
 0001:0000137c       ?SkipAssignment@CRegParser@ATL@@IAEJPAD@Z 7c63237c f i atl.obj
 0001:000013e0       ?FindKey@?$CSimpleMap@PADPA_WVCExpansionVectorEqualHelper@ATL@@@ATL@@QBEHABQAD@Z 7c6323e0 f i atl.obj
 0001:00001413       ?FreeHeap@?$CTempBuffer@E$0BAA@VCCRTAllocator@ATL@@@ATL@@AAEXXZ 7c632413 f i atl.obj
 0001:00001413       ?FreeHeap@?$CTempBuffer@D$0EAA@VCCRTAllocator@ATL@@@ATL@@AAEXXZ 7c632413 f i atl.obj
 0001:00001413       ?FreeHeap@?$CTempBuffer@D$0BAA@VCCRTAllocator@ATL@@@ATL@@AAEXXZ 7c632413 f i atl.obj
 0001:0000141c       ?AllocateHeap@?$CTempBuffer@E$0BAA@VCCRTAllocator@ATL@@@ATL@@AAEXI@Z 7c63241c f i atl.obj
 0001:0000141c       ?AllocateHeap@?$CTempBuffer@D$0EAA@VCCRTAllocator@ATL@@@ATL@@AAEXI@Z 7c63241c f i atl.obj
 0001:0000141c       ?AllocateHeap@?$CTempBuffer@D$0BAA@VCCRTAllocator@ATL@@@ATL@@AAEXI@Z 7c63241c f i atl.obj
 0001:0000143d       ??$AtlMultiplyThrow@I@ATL@@YAIII@Z 7c63243d f i atl.obj
 0001:00001462       ?AddRef@?$CComObject@VCDLLRegObject@@@ATL@@UAGKXZ 7c632462 f i atl.obj
 0001:00001473       ?Release@?$CComObject@VCDLLRegObject@@@ATL@@UAGKXZ 7c632473 f i atl.obj
 0001:0000149d       ?QueryInterface@?$CComObject@VCDLLRegObject@@@ATL@@UAGJABU_GUID@@PAPAX@Z 7c63249d f i atl.obj
 0001:000014b6       ?RecurseDeleteKey@CRegKey@ATL@@QAEJPBD@Z 7c6324b6 f i atl.obj
 0001:00001577       ?Lookup@?$CSimpleMap@PADPA_WVCExpansionVectorEqualHelper@ATL@@@ATL@@QBEPA_WABQAD@Z 7c632577 f i atl.obj
 0001:0000159a       ?InternalSetAtIndex@?$CSimpleMap@PADPA_WVCExpansionVectorEqualHelper@ATL@@@ATL@@QAEXHABQADABQA_W@Z 7c63259a f i atl.obj
 0001:000015c3       ?AllocateBytes@?$CTempBuffer@D$0EAA@VCCRTAllocator@ATL@@@ATL@@QAEPADI@Z 7c6325c3 f i atl.obj
 0001:000015e6       ?AllocateBytes@?$CTempBuffer@E$0BAA@VCCRTAllocator@ATL@@@ATL@@QAEPAEI@Z 7c6325e6 f i atl.obj
 0001:000015e6       ?AllocateBytes@?$CTempBuffer@D$0BAA@VCCRTAllocator@ATL@@@ATL@@QAEPADI@Z 7c6325e6 f i atl.obj
 0001:00001609       ?AddString@CParseBuffer@CRegParser@ATL@@QAEHPB_W@Z 7c632609 f i atl.obj
 0001:000016c6       ?StrFromMap@CRegObject@ATL@@QAEPB_WPAD@Z 7c6326c6 f i atl.obj
 0001:000016f1       ?PreProcessBuffer@CRegParser@ATL@@QAEJPADPAPAD@Z 7c6326f1 f i atl.obj
 0001:0000182d       ?Add@?$CSimpleMap@PADPA_WVCExpansionVectorEqualHelper@ATL@@@ATL@@QAEHABQADABQA_W@Z 7c63282d f i atl.obj
 0001:00001880       ?Allocate@?$CTempBuffer@D$0EAA@VCCRTAllocator@ATL@@@ATL@@QAEPADI@Z 7c632880 f i atl.obj
 0001:0000189c       ?Allocate@?$CTempBuffer@D$0BAA@VCCRTAllocator@ATL@@@ATL@@QAEPADI@Z 7c63289c f i atl.obj
 0001:0000189c       ?Allocate@?$CTempBuffer@E$0BAA@VCCRTAllocator@ATL@@@ATL@@QAEPAEI@Z 7c63289c f i atl.obj
 0001:000018b8       ??1?$CComObject@VCDLLRegObject@@@ATL@@UAE@XZ 7c6328b8 f i atl.obj
 0001:000018db       ??_G?$CComObject@VCDLLRegObject@@@ATL@@UAEPAXI@Z 7c6328db f i atl.obj
 0001:000018db       ??_E?$CComObject@VCDLLRegObject@@@ATL@@UAEPAXI@Z 7c6328db f i atl.obj
 0001:000018f7       ?Add@CExpansionVector@ATL@@QAEHPBDPB_W@Z 7c6328f7 f i atl.obj
 0001:000019cc       ?AddReplacement@CRegObject@ATL@@UAGJPB_W0@Z 7c6329cc f i atl.obj
 0001:00001abe       ?AddValue@CRegParser@ATL@@IAEJAAVCRegKey@2@PBDPAD@Z 7c632abe f i atl.obj
 0001:00001ddd       ?RegisterSubkeys@CRegParser@ATL@@IAEJPADPAUHKEY__@@HH@Z 7c632ddd f i atl.obj
 0001:000022af       ?CreateInstance@?$CComObject@VCDLLRegObject@@@ATL@@SGJPAPAV12@@Z 7c6332af f i atl.obj
 0001:0000231e       ?RegisterBuffer@CRegParser@ATL@@QAEJPADH@Z 7c63331e f i atl.obj
 0001:0000243d       ?CreateInstance@?$CComCreator@V?$CComObject@VCDLLRegObject@@@ATL@@@ATL@@SGJPAXABU_GUID@@PAPAX@Z 7c63343d f i atl.obj
 0001:000024b7       ?RegisterFromResource@CRegObject@ATL@@IAEJPB_WPBD1H@Z 7c6334b7 f i atl.obj
 0001:00002672       ?ResourceRegister@CRegObject@ATL@@UAGJPB_WI0@Z 7c633672 f i atl.obj
 0001:00002728       ?ResourceRegisterSz@CRegObject@ATL@@UAGJPB_W00@Z 7c633728 f i atl.obj
 0001:0000285f       ?ResourceUnregister@CRegObject@ATL@@UAGJPB_WI0@Z 7c63385f f i atl.obj
 0001:00002915       ?ResourceUnregisterSz@CRegObject@ATL@@UAGJPB_W00@Z 7c633915 f i atl.obj
 0001:00002a4c       ?RegisterWithString@CRegObject@ATL@@IAEJPB_WH@Z 7c633a4c f i atl.obj
 0001:00002b04       ?CommonFileRegister@CRegObject@ATL@@IAEJPB_WH@Z 7c633b04 f i atl.obj
 0001:00002c6b       ?CreateInstance@?$CComCreator2@V?$CComCreator@V?$CComObject@VCDLLRegObject@@@ATL@@@ATL@@V?$CComFailCreator@$0?HPPLPOPA@@2@@ATL@@SGJPAXABU_GUID@@PAPAX@Z 7c633c6b f i atl.obj
 0001:00002c8b       ?FileRegister@CRegObject@ATL@@UAGJPB_W@Z 7c633c8b f i atl.obj
 0001:00002c9d       ?FileUnregister@CRegObject@ATL@@UAGJPB_W@Z 7c633c9d f i atl.obj
 0001:00002caf       ?StringRegister@CRegObject@ATL@@UAGJPB_W@Z 7c633caf f i atl.obj
 0001:00002cc1       ?StringUnregister@CRegObject@ATL@@UAGJPB_W@Z 7c633cc1 f i atl.obj
 0001:00002cd3       _AtlCreateRegistrar@4      7c633cd3 f   atl.obj
 0001:00002cf5       _AtlUpdateRegistryFromResourceD@20 7c633cf5 f i atl.obj
 0001:00002f88       ?UpdateRegistryFromResourceDHelper@CAtlModule@ATL@@QAGJPB_WHPAU_ATL_REGMAP_ENTRY@2@@Z 7c633f88 f i atl.obj
 0001:00002ffc       ?UpdateRegistry@CDLLRegObject@@SGJH@Z 7c633ffc f i atl.obj
 0001:0000306d       ?UpdateRegistryFromResourceD@CAtlModule@ATL@@QAGJPBDHPAU_ATL_REGMAP_ENTRY@2@@Z 7c63406d f i atl.obj
 0001:00003124       ?UpdateRegistryFromResourceD@CAtlModule@ATL@@QAGJIHPAU_ATL_REGMAP_ENTRY@2@@Z 7c634124 f i atl.obj
 0001:0000313e       ?UpdateRegistryFromResourceD@CComModule@ATL@@UAGJPBDHPAU_ATL_REGMAP_ENTRY@2@@Z 7c63413e f i atl.obj
 0001:00003143       ?UpdateRegistryFromResourceD@CComModule@ATL@@UAGJIHPAU_ATL_REGMAP_ENTRY@2@@Z 7c634143 f i atl.obj
 0001:00003148       __freea                    7c634148 f i stdafx.obj
 0001:00003163       _IsEqualGUID               7c634163 f i stdafx.obj
 0001:0000317b       ?wcscpy_s@Checked@ATL@@YAXPA_WIPB_W@Z 7c63417b f i stdafx.obj
 0001:00003196       ?wcsncpy_s@Checked@ATL@@YAHPA_WIPB_WI@Z 7c634196 f i stdafx.obj
 0001:000031b5       ?ui64tow_s@Checked@ATL@@YAX_KPA_WIH@Z 7c6341b5 f i stdafx.obj
 0001:000031d7       _AtlComQIPtrAssign@12      7c6341d7 f i stdafx.obj
 0001:0000320d       ?PutProperty@?$CComPtr@UIDispatch@@@ATL@@SAJPAUIDispatch@@JPAUtagVARIANT@@@Z 7c63420d f i stdafx.obj
 0001:0000329f       ?GetProperty@?$CComPtr@UIDispatch@@@ATL@@SAJPAUIDispatch@@JPAUtagVARIANT@@@Z 7c63429f f i stdafx.obj
 0001:000032ed       ?Attach@CComBSTR@ATL@@QAEXPA_W@Z 7c6342ed f i stdafx.obj
 0001:00003309       ?ReadFromStream@CComBSTR@ATL@@QAEJPAUIStream@@@Z 7c634309 f i stdafx.obj
 0001:00003427       ?GetStreamSize@CComBSTR@ATL@@SAKPA_W@Z 7c634427 f i stdafx.obj
 0001:0000343f       ?ClearToZero@CComVariant@ATL@@QAEJXZ 7c63443f f i stdafx.obj
 0001:00003466       ?ChangeType@CComVariant@ATL@@QAEJGPBUtagVARIANT@@@Z 7c634466 f i stdafx.obj
 0001:00003481       ?ReadFromStream@CComVariant@ATL@@QAEJPAUIStream@@GTClassesAllowedInStream@2@K@Z 7c634481 f i stdafx.obj
 0001:0000360b       ??_I@YGXPAXIHP6EX0@Z@Z     7c63460b f i stdafx.obj
 0001:0000362f       ?RevokeClassObject@_ATL_OBJMAP_ENTRY30@ATL@@QAGJXZ 7c63462f f i stdafx.obj
 0001:00003644       ?RegisterClassObject@_ATL_OBJMAP_ENTRY30@ATL@@QAGJKK@Z 7c634644 f i stdafx.obj
 0001:00003698       _AtlFreeMarshalStream@4    7c634698 f i stdafx.obj
 0001:000036c8       _AtlMarshalPtrInProc@12    7c6346c8 f i stdafx.obj
 0001:00003718       _AtlUnmarshalPtr@12        7c634718 f i stdafx.obj
 0001:00003757       _AtlComModuleRegisterClassObjects@12 7c634757 f i stdafx.obj
 0001:00003795       _AtlComModuleRevokeClassObjects@4 7c634795 f i stdafx.obj
 0001:000037ca       _AtlWaitWithMessageLoop@4  7c6347ca f i stdafx.obj
 0001:0000387c       _AtlGetVersion@4           7c63487c f i stdafx.obj
 0001:00003884       _AtlWinModuleInit@4        7c634884 f i stdafx.obj
 0001:00003884       ?AtlWinModuleInit@ATL@@YGJPAU_ATL_WIN_MODULE70@1@@Z 7c634884 f i atls:atlbase.obj
 0001:000038a7       ??0CComTypeInfoHolder@ATL@@QAE@PBU_GUID@@0GG@Z 7c6348a7 f i stdafx.obj
 0001:000038d9       ??1stringdispid@CComTypeInfoHolder@ATL@@QAE@XZ 7c6348d9 f i stdafx.obj
 0001:000038e2       ?DlgTemplateItemCount@_DialogSplitHelper@ATL@@SAAAGPAUDLGTEMPLATE@@@Z 7c6348e2 f i stdafx.obj
 0001:000038f6       ?FindFirstDlgItem@_DialogSplitHelper@ATL@@SAPAUDLGITEMTEMPLATE@@PBUDLGTEMPLATE@@@Z 7c6348f6 f i stdafx.obj
 0001:00003976       ?FindNextDlgItem@_DialogSplitHelper@ATL@@SAPAUDLGITEMTEMPLATE@@PAU3@H@Z 7c634976 f i stdafx.obj
 0001:000039d7       ?SplitDialogTemplate@_DialogSplitHelper@ATL@@SAPAUDLGTEMPLATE@@PAU3@PAE@Z 7c6349d7 f i stdafx.obj
 0001:00003b0b       _AtlAxGetControl@8         7c634b0b f i stdafx.obj
 0001:00003b43       _AtlAxGetHost@8            7c634b43 f i stdafx.obj
 0001:00003b7b       ?FormatWindowClassName@AtlModuleRegisterWndClassInfoParamW@ATL@@SAXPA_WKPAX@Z 7c634b7b f i stdafx.obj
 0001:00003bb7       _AtlHiMetricToPixel@8      7c634bb7 f i stdafx.obj
 0001:00003c34       _AtlPixelToHiMetric@8      7c634c34 f i stdafx.obj
 0001:00003cb1       ??A?$CSimpleArray@GV?$CSimpleArrayEqualHelper@G@ATL@@@ATL@@QAEAAGH@Z 7c634cb1 f i stdafx.obj
 0001:00003cd8       _AtlDevModeW2A@8           7c634cd8 f i stdafx.obj
 0001:00003d97       ??0CComBSTR@ATL@@QAE@H@Z   7c634d97 f i stdafx.obj
 0001:00003dc7       ??0CComBSTR@ATL@@QAE@PB_W@Z 7c634dc7 f i stdafx.obj
 0001:00003df5       ?WriteToStream@CComBSTR@ATL@@QAEJPAUIStream@@@Z 7c634df5 f i stdafx.obj
 0001:00003e4c       ?AtlWinModuleTerm@ATL@@YGJPAU_ATL_WIN_MODULE70@1@PAUHINSTANCE__@@@Z 7c634e4c f i atls:atlbase.obj
 0001:00003e4c       _AtlWinModuleTerm@8        7c634e4c f i stdafx.obj
 0001:00003eac       ??_Estringdispid@CComTypeInfoHolder@ATL@@QAEPAXI@Z 7c634eac f i stdafx.obj
 0001:00003ef8       _AtlIPersistPropertyBag_Load@20 7c634ef8 f i stdafx.obj
 0001:0000411f       _AtlIPersistPropertyBag_Save@24 7c63511f f i stdafx.obj
 0001:0000436a       ?ParseInitData@_DialogSplitHelper@ATL@@SAJPAUIStream@@PAPA_W@Z 7c63536a f i stdafx.obj
 0001:000044d0       ?WriteToStream@CComVariant@ATL@@QAEJPAUIStream@@@Z 7c6354d0 f i stdafx.obj
 0001:00004632       _AtlLoadTypeLib@16         7c635632 f i stdafx.obj
 0001:0000490f       _AtlUnRegisterTypeLib@8    7c63590f f i stdafx.obj
 0001:0000498e       _AtlRegisterTypeLib@8      7c63598e f i stdafx.obj
 0001:00004a9f       _AtlRegisterClassCategoriesHelper@12 7c635a9f f i stdafx.obj
 0001:00004d86       _AtlAdvise@16              7c635d86 f i stdafx.obj
 0001:00004dfd       _AtlUnadvise@12            7c635dfd f i stdafx.obj
 0001:00004e71       _AtlComModuleGetClassObject@16 7c635e71 f i stdafx.obj
 0001:00004f48       _AtlModuleAddTermFunc@12   7c635f48 f i stdafx.obj
 0001:00004fab       ??1CComTypeInfoHolder@ATL@@QAE@XZ 7c635fab f i stdafx.obj
 0001:00004fd3       _AtlSetErrorInfo@28        7c635fd3 f i stdafx.obj
 0001:000051d7       _AtlIPersistStreamInit_Load@16 7c6361d7 f i stdafx.obj
 0001:00005392       _AtlGetObjectSourceInterface@20 7c636392 f i stdafx.obj
 0001:00005652       _AtlCreateTargetDC@8       7c636652 f i stdafx.obj
 0001:0000585f       ?WriteToStream@CComVariant@ATL@@QAEJPAUIStream@@G@Z 7c63685f f i stdafx.obj
 0001:000058b9       _AtlComModuleRegisterServer@12 7c6368b9 f i stdafx.obj
 0001:0000593f       _AtlComModuleUnregisterServer@12 7c63693f f i stdafx.obj
 0001:000059c6       _AtlIPersistStreamInit_Save@20 7c6369c6 f i stdafx.obj
 0001:00005b56       ??1CAxHostWindow@ATL@@UAE@XZ 7c636b56 f i stdafx.obj
 0001:00005c33       _AtlWinModuleRegisterClassExW@8 7c636c33 f i stdafx.obj
 0001:00005c6e       ??0?$IDispatchImpl@UIAxWinAmbientDispatchEx@@$1?_GUID_b2d0778b_ac99_4c58_a5c8_e7724e5316b5@@3U__s_GUID@@B$1?m_libid@CAtlModule@ATL@@2U_GUID@@A$0PPPP@$0PPPP@VCComTypeInfoHolder@ATL@@@ATL@@QAE@XZ 7c636c6e f i stdafx.obj
 0001:00005c8e       ??0CAxHostWindow@ATL@@QAE@XZ 7c636c8e f i stdafx.obj
 0001:00005d74       ??0?$CComContainedObject@VCAxHostWindow@ATL@@@ATL@@QAE@PAX@Z 7c636d74 f i stdafx.obj
 0001:00005dd5       ?AtlThrowLastWin32@ATL@@YGXXZ 7c636dd5 f i stdafx.obj
 0001:00005df0       ?FindOneOf@CAtlModule@ATL@@SAPBDPBD0@Z 7c636df0 f i stdafx.obj
 0001:00005e2f       ?Init@_stdcallthunk@ATL@@QAEHKPAX@Z 7c636e2f f i stdafx.obj
 0001:00005e62       ?Init@CDynamicStdCallThunk@ATL@@QAEHKPAX@Z 7c636e62 f i stdafx.obj
 0001:00005e88       ??0_ATL_MSG@ATL@@QAE@PAUHWND__@@IIJH@Z 7c636e88 f i stdafx.obj
 0001:00005ec0       ?MoveWindow@CWindow@ATL@@QAEHPBUtagRECT@@H@Z 7c636ec0 f i stdafx.obj
 0001:00005eea       ?ClientToScreen@CWindow@ATL@@QBEHPAUtagRECT@@@Z 7c636eea f i stdafx.obj
 0001:00005f10       ?ScreenToClient@CWindow@ATL@@QBEHPAUtagRECT@@@Z 7c636f10 f i stdafx.obj
 0001:00005f36       ?IsParentDialog@CWindow@ATL@@QAEHXZ 7c636f36 f i stdafx.obj
 0001:00005f81       ?OnFinalMessage@CAxHostWindow@ATL@@UAEXPAUHWND__@@@Z 7c636f81 f i stdafx.obj
 0001:00005f8f       ?CreateControlEx@CAxHostWindow@ATL@@UAGJPB_WPAUHWND__@@PAUIStream@@PAPAUIUnknown@@ABU_GUID@@PAU5@@Z 7c636f8f f i stdafx.obj
 0001:00005fb3       ?put_AllowWindowlessActivation@CAxHostWindow@ATL@@UAGJF@Z 7c636fb3 f i stdafx.obj
 0001:00005fcc       ?get_AllowWindowlessActivation@CAxHostWindow@ATL@@UAGJPAF@Z 7c636fcc f i stdafx.obj
 0001:00005ff4       ?get_BackColor@CAxHostWindow@ATL@@UAGJPAK@Z 7c636ff4 f i stdafx.obj
 0001:00006014       ?get_ForeColor@CAxHostWindow@ATL@@UAGJPAK@Z 7c637014 f i stdafx.obj
 0001:00006034       ?get_LocaleID@CAxHostWindow@ATL@@UAGJPAK@Z 7c637034 f i stdafx.obj
 0001:00006054       ?get_UserMode@CAxHostWindow@ATL@@UAGJPAF@Z 7c637054 f i stdafx.obj
 0001:0000607c       ?get_DisplayAsDefault@CAxHostWindow@ATL@@UAGJPAF@Z 7c63707c f i stdafx.obj
 0001:000060a4       ?get_MessageReflect@CAxHostWindow@ATL@@UAGJPAF@Z 7c6370a4 f i stdafx.obj
 0001:000060cc       ?get_ShowGrabHandles@CAxHostWindow@ATL@@UAGJPAF@Z 7c6370cc f i stdafx.obj
 0001:000060d9       ?get_ShowHatching@CAxHostWindow@ATL@@UAGJPAF@Z 7c6370d9 f i stdafx.obj
 0001:000060f1       ?get_DocHostFlags@CAxHostWindow@ATL@@UAGJPAK@Z 7c6370f1 f i stdafx.obj
 0001:00006111       ?put_DocHostDoubleClickFlags@CAxHostWindow@ATL@@UAGJK@Z 7c637111 f i stdafx.obj
 0001:00006124       ?get_DocHostDoubleClickFlags@CAxHostWindow@ATL@@UAGJPAK@Z 7c637124 f i stdafx.obj
 0001:00006144       ?put_AllowContextMenu@CAxHostWindow@ATL@@UAGJF@Z 7c637144 f i stdafx.obj
 0001:00006161       ?get_AllowContextMenu@CAxHostWindow@ATL@@UAGJPAF@Z 7c637161 f i stdafx.obj
 0001:00006189       ?put_AllowShowUI@CAxHostWindow@ATL@@UAGJF@Z 7c637189 f i stdafx.obj
 0001:000061a6       ?get_AllowShowUI@CAxHostWindow@ATL@@UAGJPAF@Z 7c6371a6 f i stdafx.obj
 0001:000061ce       ?get_OptionKeyPath@CAxHostWindow@ATL@@UAGJPAPA_W@Z 7c6371ce f i stdafx.obj
 0001:000061ee       ?DiscardUndoState@CAxHostWindow@ATL@@UAGJXZ 7c6371ee f i stdafx.obj
 0001:000061ee       ?ShowPropertyFrame@CAxHostWindow@ATL@@UAGJXZ 7c6371ee f i stdafx.obj
 0001:000061ee       ?RequestNewObjectLayout@CAxHostWindow@ATL@@UAGJXZ 7c6371ee f i stdafx.obj
 0001:000061ee       ?DeactivateAndUndo@CAxHostWindow@ATL@@UAGJXZ 7c6371ee f i stdafx.obj
 0001:000061ee       ?SaveObject@CAxHostWindow@ATL@@UAGJXZ 7c6371ee f i stdafx.obj
 0001:000061f6       ?GetWindow@CAxHostWindow@ATL@@UAGJPAPAUHWND__@@@Z 7c6371f6 f i stdafx.obj
 0001:00006213       ?OnControlInfoChanged@CAxHostWindow@ATL@@UAGJXZ 7c637213 f i stdafx.obj
 0001:00006213       ?UpdateRegistry@CAxHostWindow@ATL@@SGJH@Z 7c637213 f i atl.obj
 0001:00006213       ?RequestUIActivate@CAxHostWindow@ATL@@UAGJXZ 7c637213 f i stdafx.obj
 0001:00006213       ?CanInPlaceActivate@CAxHostWindow@ATL@@UAGJXZ 7c637213 f i stdafx.obj
 0001:00006218       ?OnUIActivate@CAxHostWindow@ATL@@UAGJXZ 7c637218 f i stdafx.obj
 0001:00006228       ?OnUIDeactivate@CAxHostWindow@ATL@@UAGJH@Z 7c637228 f i stdafx.obj
 0001:00006238       ?OnPosRectChange@CAxHostWindow@ATL@@UAGJPBUtagRECT@@@Z 7c637238 f i stdafx.obj
 0001:00006296       ?CanWindowlessActivate@CAxHostWindow@ATL@@UAGJXZ 7c637296 f i stdafx.obj
 0001:000062a8       ?GetCapture@CAxHostWindow@ATL@@UAGJXZ 7c6372a8 f i stdafx.obj
 0001:000062bd       ?SetCapture@CAxHostWindow@ATL@@UAGJH@Z 7c6372bd f i stdafx.obj
 0001:000062f2       ?GetFocus@CAxHostWindow@ATL@@UAGJXZ 7c6372f2 f i stdafx.obj
 0001:00006307       ?SetFocus@CAxHostWindow@ATL@@UAGJH@Z 7c637307 f i stdafx.obj
 0001:00006323       ?GetDC@CAxHostWindow@ATL@@UAGJPBUtagRECT@@KPAPAUHDC__@@@Z 7c637323 f i stdafx.obj
 0001:000063f4       ?ReleaseDC@CAxHostWindow@ATL@@UAGJPAUHDC__@@@Z 7c6373f4 f i stdafx.obj
 0001:00006460       ?InvalidateRect@CAxHostWindow@ATL@@UAGJPBUtagRECT@@H@Z 7c637460 f i stdafx.obj
 0001:0000647a       ?InvalidateRgn@CAxHostWindow@ATL@@UAGJPAUHRGN__@@H@Z 7c63747a f i stdafx.obj
 0001:00006494       ?OnFocus@CAxHostWindow@ATL@@UAGJH@Z 7c637494 f i stdafx.obj
 0001:000064b0       ?OnDataChange@CAxHostWindow@ATL@@UAGXPAUtagFORMATETC@@PAUtagSTGMEDIUM@@@Z 7c6374b0 f i stdafx.obj
 0001:000064b0       ?OnViewChange@CAxHostWindow@ATL@@UAGXKJ@Z 7c6374b0 f i stdafx.obj
 0001:000064b3       ?OnRename@CAxHostWindow@ATL@@UAGXPAUIMoniker@@@Z 7c6374b3 f i stdafx.obj
 0001:000064b6       ?LockContainer@CAxHostWindow@ATL@@UAGJH@Z 7c6374b6 f i stdafx.obj
 0001:000064d5       ?DefWindowProcA@?$CWindowImplBaseT@VCWindow@ATL@@V?$CWinTraits@$0FGAAAAAA@$0A@@2@@ATL@@QAEJIIJ@Z 7c6374d5 f i stdafx.obj
 0001:000064f0       ?GetSite@?$IObjectWithSiteImpl@VCAxHostWindow@ATL@@@ATL@@UAGJABU_GUID@@PAPAX@Z 7c6374f0 f i stdafx.obj
 0001:00006528       ?GetTypeInfoCount@?$IDispatchImpl@UIAxWinAmbientDispatchEx@@$1?_GUID_b2d0778b_ac99_4c58_a5c8_e7724e5316b5@@3U__s_GUID@@B$1?m_libid@CAtlModule@ATL@@2U_GUID@@A$0PPPP@$0PPPP@VCComTypeInfoHolder@ATL@@@ATL@@UAGJPAI@Z 7c637528 f i stdafx.obj
 0001:00006542       ?CopyTo@?$CComPtrBase@UIFontDisp@@@ATL@@QAEJPAPAUIFontDisp@@@Z 7c637542 f i stdafx.obj
 0001:00006542       ?CopyTo@?$CComPtrBase@UIOleInPlaceUIWindow@@@ATL@@QAEJPAPAUIOleInPlaceUIWindow@@@Z 7c637542 f i stdafx.obj
 0001:00006542       ?CopyTo@?$CComPtrBase@UIDispatch@@@ATL@@QAEJPAPAUIDispatch@@@Z 7c637542 f i stdafx.obj
 0001:00006542       ?CopyTo@?$CComPtrBase@UIOleInPlaceFrame@@@ATL@@QAEJPAPAUIOleInPlaceFrame@@@Z 7c637542 f i stdafx.obj
 0001:00006566       ??0?$CComPtrBase@UIUnknown@@@ATL@@IAE@PAUIUnknown@@@Z 7c637566 f i stdafx.obj
 0001:00006566       ??0?$CComPtrBase@UITypeInfo@@@ATL@@IAE@PAUITypeInfo@@@Z 7c637566 f i stdafx.obj
 0001:0000657f       ?AddRef@?$CComContainedObject@VCAxHostWindow@ATL@@@ATL@@UAGKXZ 7c63757f f i stdafx.obj
 0001:0000658f       ?Release@?$CComContainedObject@VCAxHostWindow@ATL@@@ATL@@UAGKXZ 7c63758f f i stdafx.obj
 0001:0000659f       ?QueryInterface@?$CComContainedObject@VCAxHostWindow@ATL@@@ATL@@UAGJABU_GUID@@PAPAX@Z 7c63759f f i stdafx.obj
 0001:000065b6       ?GetControllingUnknown@?$CComContainedObject@VCAxHostWindow@ATL@@@ATL@@UAEPAUIUnknown@@XZ 7c6375b6 f i stdafx.obj
 0001:000065ba       ?WindowProc@?$CWindowImplBaseT@VCWindow@ATL@@V?$CWinTraits@$0FGAAAAAA@$0A@@2@@ATL@@SGJPAUHWND__@@IIJ@Z 7c6375ba f i stdafx.obj
 0001:000066a2       ?SubclassWindow@?$CWindowImplBaseT@VCWindow@ATL@@V?$CWinTraits@$0FGAAAAAA@$0A@@2@@ATL@@QAEHPAUHWND__@@@Z 7c6376a2 f i stdafx.obj
 0001:000066e0       ?UnsubclassWindow@?$CWindowImplBaseT@VCWindow@ATL@@V?$CWinTraits@$0FGAAAAAA@$0A@@2@@ATL@@QAEPAUHWND__@@H@Z 7c6376e0 f i stdafx.obj
 0001:00006729       ??$AtlConvAllocMemory@D@ATL@@YAXPAPADHPADH@Z 7c637729 f i stdafx.obj
 0001:00006794       ?Release@?$CComContainedObject@VCAxHostWindow@ATL@@@ATL@@WM@AGKXZ 7c637794 f i stdafx.obj
 0001:0000679e       ?AddRef@?$CComContainedObject@VCAxHostWindow@ATL@@@ATL@@WM@AGKXZ 7c63779e f i stdafx.obj
 0001:000067a8       ?Release@?$CComContainedObject@VCAxHostWindow@ATL@@@ATL@@WBA@AGKXZ 7c6377a8 f i stdafx.obj
 0001:000067b2       ?AddRef@?$CComContainedObject@VCAxHostWindow@ATL@@@ATL@@WBA@AGKXZ 7c6377b2 f i stdafx.obj
 0001:000067bc       ?QueryInterface@?$CComContainedObject@VCAxHostWindow@ATL@@@ATL@@WBM@AGJABU_GUID@@PAPAX@Z 7c6377bc f i stdafx.obj
 0001:000067c6       ?Release@?$CComContainedObject@VCAxHostWindow@ATL@@@ATL@@WBE@AGKXZ 7c6377c6 f i stdafx.obj
 0001:000067d0       ?AddRef@?$CComContainedObject@VCAxHostWindow@ATL@@@ATL@@WBE@AGKXZ 7c6377d0 f i stdafx.obj
 0001:000067da       ?QueryInterface@?$CComContainedObject@VCAxHostWindow@ATL@@@ATL@@WCA@AGJABU_GUID@@PAPAX@Z 7c6377da f i stdafx.obj
 0001:000067e4       ?QueryInterface@?$CComContainedObject@VCAxHostWindow@ATL@@@ATL@@W3AGJABU_GUID@@PAPAX@Z 7c6377e4 f i stdafx.obj
 0001:000067ee       ??_E?$CComContainedObject@VCAxHostWindow@ATL@@@ATL@@WEM@AEPAXI@Z 7c6377ee f i stdafx.obj
 0001:000067f6       ?QueryInterface@?$CComContainedObject@VCAxHostWindow@ATL@@@ATL@@WCE@AGJABU_GUID@@PAPAX@Z 7c6377f6 f i stdafx.obj
 0001:00006800       ?Release@?$CComContainedObject@VCAxHostWindow@ATL@@@ATL@@WBM@AGKXZ 7c637800 f i stdafx.obj
 0001:0000680a       ?AddRef@?$CComContainedObject@VCAxHostWindow@ATL@@@ATL@@WBM@AGKXZ 7c63780a f i stdafx.obj
 0001:00006814       ?QueryInterface@?$CComContainedObject@VCAxHostWindow@ATL@@@ATL@@W7AGJABU_GUID@@PAPAX@Z 7c637814 f i stdafx.obj
 0001:0000681e       ?QueryInterface@?$CComContainedObject@VCAxHostWindow@ATL@@@ATL@@WCI@AGJABU_GUID@@PAPAX@Z 7c63781e f i stdafx.obj
 0001:00006828       ?Release@?$CComContainedObject@VCAxHostWindow@ATL@@@ATL@@WCA@AGKXZ 7c637828 f i stdafx.obj
 0001:00006832       ?AddRef@?$CComContainedObject@VCAxHostWindow@ATL@@@ATL@@WCA@AGKXZ 7c637832 f i stdafx.obj
 0001:0000683c       ?QueryInterface@?$CComContainedObject@VCAxHostWindow@ATL@@@ATL@@WM@AGJABU_GUID@@PAPAX@Z 7c63783c f i stdafx.obj
 0001:00006846       ?Release@?$CComContainedObject@VCAxHostWindow@ATL@@@ATL@@W3AGKXZ 7c637846 f i stdafx.obj
 0001:00006850       ?Release@?$CComContainedObject@VCAxHostWindow@ATL@@@ATL@@WCE@AGKXZ 7c637850 f i stdafx.obj
 0001:0000685a       ?AddRef@?$CComContainedObject@VCAxHostWindow@ATL@@@ATL@@W3AGKXZ 7c63785a f i stdafx.obj
 0001:00006864       ?AddRef@?$CComContainedObject@VCAxHostWindow@ATL@@@ATL@@WCE@AGKXZ 7c637864 f i stdafx.obj
 0001:0000686e       ??_E?$CComContainedObject@VCAxHostWindow@ATL@@@ATL@@WDI@AEPAXI@Z 7c63786e f i stdafx.obj
 0001:00006876       ?QueryInterface@?$CComContainedObject@VCAxHostWindow@ATL@@@ATL@@WBA@AGJABU_GUID@@PAPAX@Z 7c637876 f i stdafx.obj
 0001:00006880       ?Release@?$CComContainedObject@VCAxHostWindow@ATL@@@ATL@@W7AGKXZ 7c637880 f i stdafx.obj
 0001:0000688a       ?Release@?$CComContainedObject@VCAxHostWindow@ATL@@@ATL@@WCI@AGKXZ 7c63788a f i stdafx.obj
 0001:00006894       ?AddRef@?$CComContainedObject@VCAxHostWindow@ATL@@@ATL@@W7AGKXZ 7c637894 f i stdafx.obj
 0001:0000689e       ?AddRef@?$CComContainedObject@VCAxHostWindow@ATL@@@ATL@@WCI@AGKXZ 7c63789e f i stdafx.obj
 0001:000068a8       ?QueryInterface@?$CComContainedObject@VCAxHostWindow@ATL@@@ATL@@WBE@AGJABU_GUID@@PAPAX@Z 7c6378a8 f i stdafx.obj
 0001:000068b2       ?copy@?$_CopyInterface@UIUnknown@@@ATL@@SAJPAPAUIUnknown@@PBQAU3@@Z 7c6378b2 f i stdafx.obj
 0001:000068dd       ??0CComBSTR@ATL@@QAE@ABU_GUID@@@Z 7c6378dd f i stdafx.obj
 0001:00006934       ??4CComBSTR@ATL@@QAEAAV01@PB_W@Z 7c637934 f i stdafx.obj
 0001:0000696e       ??4CComVariant@ATL@@QAEAAV01@PB_W@Z 7c63796e f i stdafx.obj
 0001:000069ad       ?LoadNameCache@CComTypeInfoHolder@ATL@@QAEJPAUITypeInfo@@@Z 7c6379ad f i stdafx.obj
 0001:00006ae4       ?OnSize@CAxHostWindow@ATL@@QAEJIIJAAH@Z 7c637ae4 f i stdafx.obj
 0001:00006b81       ?OnWindowMessage@CAxHostWindow@ATL@@QAEJIIJAAH@Z 7c637b81 f i stdafx.obj
 0001:00006bc6       ?OnWindowlessMouseMessage@CAxHostWindow@ATL@@QAEJIIJAAH@Z 7c637bc6 f i stdafx.obj
 0001:00006c06       ?OnPaint@CAxHostWindow@ATL@@QAEJIIJAAH@Z 7c637c06 f i stdafx.obj
 0001:00006d88       ?QueryControl@CAxHostWindow@ATL@@UAGJABU_GUID@@PAPAX@Z 7c637d88 f i stdafx.obj
 0001:00006db7       ?put_OptionKeyPath@CAxHostWindow@ATL@@UAGJPA_W@Z 7c637db7 f i stdafx.obj
 0001:00006dcf       ?GetContainer@CAxHostWindow@ATL@@UAGJPAPAUIOleContainer@@@Z 7c637dcf f i stdafx.obj
 0001:00006e0d       ?ShowObject@CAxHostWindow@ATL@@UAGJXZ 7c637e0d f i stdafx.obj
 0001:00006e5d       ?OnInPlaceActivate@CAxHostWindow@ATL@@UAGJXZ 7c637e5d f i stdafx.obj
 0001:00006e94       ?OnInPlaceDeactivate@CAxHostWindow@ATL@@UAGJXZ 7c637e94 f i stdafx.obj
 0001:00006eb5       ?OnInPlaceActivateEx@CAxHostWindow@ATL@@UAGJPAHK@Z 7c637eb5 f i stdafx.obj
 0001:00006f25       ?OnInPlaceDeactivateEx@CAxHostWindow@ATL@@UAGJH@Z 7c637f25 f i stdafx.obj
 0001:00006f46       ?OnDefWindowMessage@CAxHostWindow@ATL@@UAGJIIJPAJ@Z 7c637f46 f i stdafx.obj
 0001:00006f68       ?GetExtendedControl@CAxHostWindow@ATL@@UAGJPAPAUIDispatch@@@Z 7c637f68 f i stdafx.obj
 0001:00006f8e       ?SubclassWindow@CAxHostWindow@ATL@@QAEXPAUHWND__@@@Z 7c637f8e f i stdafx.obj
 0001:00006fae       ?ReleaseWindow@CAxHostWindow@ATL@@QAEXXZ 7c637fae f i stdafx.obj
 0001:00006fd5       ?QueryService@CAxHostWindow@ATL@@UAGJABU_GUID@@0PAPAX@Z 7c637fd5 f i stdafx.obj
 0001:0000700c       ?GetWindowProc@?$CWindowImplBaseT@VCWindow@ATL@@V?$CWinTraits@$0FGAAAAAA@$0A@@2@@ATL@@UAEP6GJPAUHWND__@@IIJ@ZXZ 7c63800c f i stdafx.obj
 0001:00007012       ?DefWindowProcA@?$CWindowImplBaseT@VCWindow@ATL@@V?$CWinTraits@$0FGAAAAAA@$0A@@2@@ATL@@QAEJXZ 7c638012 f i stdafx.obj
 0001:0000702a       ??0?$CComQIPtr@UIOleInPlaceActiveObject@@$1?_GUID_00000117_0000_0000_c000_000000000046@@3U__s_GUID@@B@ATL@@QAE@PAUIUnknown@@@Z 7c63802a f i stdafx.obj
 0001:00007049       ??0?$CComQIPtr@UIOleClientSite@@$1?_GUID_00000118_0000_0000_c000_000000000046@@3U__s_GUID@@B@ATL@@QAE@PAUIUnknown@@@Z 7c638049 f i stdafx.obj
 0001:00007068       ??0?$CComQIPtr@UIPersistStreamInit@@$1?_GUID_7fd52380_4e07_101b_ae2d_08002b2ec713@@3U__s_GUID@@B@ATL@@QAE@PAUIUnknown@@@Z 7c638068 f i stdafx.obj
 0001:00007087       ??0?$CComQIPtr@UIPersistStream@@$1?_GUID_00000109_0000_0000_c000_000000000046@@3U__s_GUID@@B@ATL@@QAE@PAUIUnknown@@@Z 7c638087 f i stdafx.obj
 0001:000070a6       ?Init@?$CW2AEX@$0IA@@ATL@@AAEXPB_WI@Z 7c6380a6 f i stdafx.obj
 0001:00007160       ??1?$CComEnumImpl@UIEnumUnknown@@$1?_GUID_00000100_0000_0000_c000_000000000046@@3U__s_GUID@@BPAUIUnknown@@V?$_CopyInterface@UIUnknown@@@ATL@@@ATL@@UAE@XZ 7c638160 f i stdafx.obj
 0001:0000719c       ?IsEqualObject@?$CComPtrBase@UITypeInfo@@@ATL@@QAE_NPAUIUnknown@@@Z 7c63819c f i stdafx.obj
 0001:00007208       ??1CAxUIWindow@ATL@@UAE@XZ 7c638208 f i stdafx.obj
 0001:00007208       ??1CAxFrameWindow@ATL@@UAE@XZ 7c638208 f i stdafx.obj
 0001:00007236       ?OnForwardMsg@CAxHostWindow@ATL@@QAEJIIJAAH@Z 7c638236 f i stdafx.obj
 0001:0000727b       ?ReleaseAll@CAxHostWindow@ATL@@QAEXXZ 7c63827b f i stdafx.obj
 0001:000073d9       ?OnSetFocus@CAxHostWindow@ATL@@QAEJIIJAAH@Z 7c6383d9 f i stdafx.obj
 0001:0000748a       ?OnDestroy@CAxHostWindow@ATL@@QAEJIIJAAH@Z 7c63848a f i stdafx.obj
 0001:000074bf       ?CreateControl@CAxHostWindow@ATL@@UAGJPB_WPAUHWND__@@PAUIStream@@@Z 7c6384bf f i stdafx.obj
 0001:000074fd       ?SetExternalDispatch@CAxHostWindow@ATL@@UAGJPAUIDispatch@@@Z 7c6384fd f i stdafx.obj
 0001:00007512       ?CreateControlLic@CAxHostWindow@ATL@@UAGJPB_WPAUHWND__@@PAUIStream@@PA_W@Z 7c638512 f i stdafx.obj
 0001:00007551       ?ShowContextMenu@CAxHostWindow@ATL@@UAGJKPAUtagPOINT@@PAUIUnknown@@PAUIDispatch@@@Z 7c638551 f i stdafx.obj
 0001:0000758f       ?GetHostInfo@CAxHostWindow@ATL@@UAGJPAU_DOCHOSTUIINFO@@@Z 7c63858f f i stdafx.obj
 0001:000075d2       ?ShowUI@CAxHostWindow@ATL@@UAGJKPAUIOleInPlaceActiveObject@@PAUIOleCommandTarget@@PAUIOleInPlaceFrame@@PAUIOleInPlaceUIWindow@@@Z 7c6385d2 f i stdafx.obj
 0001:0000760e       ?HideUI@CAxHostWindow@ATL@@UAGJXZ 7c63860e f i stdafx.obj
 0001:00007624       ?UpdateUI@CAxHostWindow@ATL@@UAGJXZ 7c638624 f i stdafx.obj
 0001:0000763a       ?EnableModeless@CAxHostWindow@ATL@@UAGJH@Z 7c63863a f i stdafx.obj
 0001:00007659       ?OnDocWindowActivate@CAxHostWindow@ATL@@UAGJH@Z 7c638659 f i stdafx.obj
 0001:00007678       ?OnFrameWindowActivate@CAxHostWindow@ATL@@UAGJH@Z 7c638678 f i stdafx.obj
 0001:00007697       ?ResizeBorder@CAxHostWindow@ATL@@UAGJPBUtagRECT@@PAUIOleInPlaceUIWindow@@H@Z 7c638697 f i stdafx.obj
 0001:000076c9       ?TranslateAcceleratorA@CAxHostWindow@ATL@@UAGJPAUtagMSG@@PBU_GUID@@K@Z 7c6386c9 f i stdafx.obj
 0001:00007718       ?GetOptionKeyPath@CAxHostWindow@ATL@@UAGJPAPA_WK@Z 7c638718 f i stdafx.obj
 0001:000077b9       ?GetDropTarget@CAxHostWindow@ATL@@UAGJPAUIDropTarget@@PAPAU3@@Z 7c6387b9 f i stdafx.obj
 0001:0000782b       ?GetExternal@CAxHostWindow@ATL@@UAGJPAPAUIDispatch@@@Z 7c63882b f i stdafx.obj
 0001:0000786c       ?TranslateUrl@CAxHostWindow@ATL@@UAGJKPA_WPAPA_W@Z 7c63886c f i stdafx.obj
 0001:00007926       ?FilterDataObject@CAxHostWindow@ATL@@UAGJPAUIDataObject@@PAPAU3@@Z 7c638926 f i stdafx.obj
 0001:00007995       ?get_Font@CAxHostWindow@ATL@@UAGJPAPAUIFontDisp@@@Z 7c638995 f i stdafx.obj
 0001:00007b5c       ?SetAmbientDispatch@CAxHostWindow@ATL@@UAGJPAUIDispatch@@@Z 7c638b5c f i stdafx.obj
 0001:00007b71       ?ReflectNotifications@CAxHostWindow@ATL@@QAEJIIJAAH@Z 7c638b71 f i stdafx.obj
 0001:00007c96       ??4?$CComPtr@UIDocHostUIHandlerDispatch@@@ATL@@QAEPAUIDocHostUIHandlerDispatch@@PAU2@@Z 7c638c96 f i stdafx.obj
 0001:00007c96       ??4?$CComPtr@UIUnknown@@@ATL@@QAEPAUIUnknown@@PAU2@@Z 7c638c96 f i stdafx.obj
 0001:00007c96       ??4?$CComPtr@UIOleInPlaceActiveObject@@@ATL@@QAEPAUIOleInPlaceActiveObject@@PAU2@@Z 7c638c96 f i stdafx.obj
 0001:00007c96       ??4?$CComPtr@UIFontDisp@@@ATL@@QAEPAUIFontDisp@@PAU2@@Z 7c638c96 f i stdafx.obj
 0001:00007c96       ??4?$CComPtr@UIDispatch@@@ATL@@QAEPAUIDispatch@@PAU2@@Z 7c638c96 f i stdafx.obj
 0001:00007cab       ??0?$CW2AEX@$0IA@@ATL@@QAE@PB_W@Z 7c638cab f i stdafx.obj
 0001:00007ccb       ?SetSite@?$IObjectWithSiteImpl@VCAxHostWindow@ATL@@@ATL@@UAGJPAUIUnknown@@@Z 7c638ccb f i stdafx.obj
 0001:00007ce9       ??0?$CComQIPtr@UIOleControl@@$1?_GUID_b196b288_bab4_101a_b69c_00aa00341d07@@3U__s_GUID@@B@ATL@@QAE@PAUIUnknown@@@Z 7c638ce9 f i stdafx.obj
 0001:00007d08       ??0?$CComQIPtr@UIAdviseSink@@$1?_GUID_0000010f_0000_0000_c000_000000000046@@3U__s_GUID@@B@ATL@@QAE@PAUIUnknown@@@Z 7c638d08 f i stdafx.obj
 0001:00007d27       ??0?$CComEnum@UIEnumUnknown@@$1?_GUID_00000100_0000_0000_c000_000000000046@@3U__s_GUID@@BPAUIUnknown@@V?$_CopyInterface@UIUnknown@@@ATL@@VCComMultiThreadModel@6@@ATL@@QAE@XZ 7c638d27 f i stdafx.obj
 0001:00007d47       ??1?$CComEnum@UIEnumUnknown@@$1?_GUID_00000100_0000_0000_c000_000000000046@@3U__s_GUID@@BPAUIUnknown@@V?$_CopyInterface@UIUnknown@@@ATL@@VCComMultiThreadModel@6@@ATL@@UAE@XZ 7c638d47 f i stdafx.obj
 0001:00007d60       ??$?4UITypeInfo2@@@?$CComPtr@UITypeInfo@@@ATL@@QAEPAUITypeInfo@@ABV?$CComPtr@UITypeInfo2@@@1@@Z 7c638d60 f i stdafx.obj
 0001:00007d8a       ?Init@?$CComEnumImpl@UIEnumUnknown@@$1?_GUID_00000100_0000_0000_c000_000000000046@@3U__s_GUID@@BPAUIUnknown@@V?$_CopyInterface@UIUnknown@@@ATL@@@ATL@@QAEJPAPAUIUnknown@@0PAU3@W4CComEnumFlags@2@@Z 7c638d8a f i stdafx.obj
 0001:00007e53       ?GetTI@CComTypeInfoHolder@ATL@@QAEJK@Z 7c638e53 f i stdafx.obj
 0001:00008248       ?OnMouseActivate@CAxHostWindow@ATL@@QAEJIIJAAH@Z 7c639248 f i stdafx.obj
 0001:000082cd       ?SetExternalUIHandler@CAxHostWindow@ATL@@UAGJPAUIDocHostUIHandlerDispatch@@@Z 7c6392cd f i stdafx.obj
 0001:000082e2       ?FireAmbientPropertyChange@CAxHostWindow@ATL@@QAEJJ@Z 7c6392e2 f i stdafx.obj
 0001:0000831a       ?put_BackColor@CAxHostWindow@ATL@@UAGJK@Z 7c63931a f i stdafx.obj
 0001:00008349       ?put_ForeColor@CAxHostWindow@ATL@@UAGJK@Z 7c639349 f i stdafx.obj
 0001:00008369       ?put_LocaleID@CAxHostWindow@ATL@@UAGJK@Z 7c639369 f i stdafx.obj
 0001:00008389       ?put_UserMode@CAxHostWindow@ATL@@UAGJF@Z 7c639389 f i stdafx.obj
 0001:000083b3       ?put_DisplayAsDefault@CAxHostWindow@ATL@@UAGJF@Z 7c6393b3 f i stdafx.obj
 0001:000083de       ?put_Font@CAxHostWindow@ATL@@UAGJPAUIFontDisp@@@Z 7c6393de f i stdafx.obj
 0001:00008405       ?put_MessageReflect@CAxHostWindow@ATL@@UAGJF@Z 7c639405 f i stdafx.obj
 0001:00008430       ?put_DocHostFlags@CAxHostWindow@ATL@@UAGJK@Z 7c639430 f i stdafx.obj
 0001:0000844d       ?SetSite@CAxHostWindow@ATL@@UAGJPAUIUnknown@@@Z 7c63944d f i stdafx.obj
 0001:000084a0       ?ActivateAx@CAxHostWindow@ATL@@QAEJPAUIUnknown@@_NPAUIStream@@@Z 7c6394a0 f i stdafx.obj
 0001:000087f3       ??0?$CComObject@V?$CComEnum@UIEnumUnknown@@$1?_GUID_00000100_0000_0000_c000_000000000046@@3U__s_GUID@@BPAUIUnknown@@V?$_CopyInterface@UIUnknown@@@ATL@@VCComMultiThreadModel@6@@ATL@@@ATL@@QAE@PAX@Z 7c6397f3 f i stdafx.obj
 0001:00008812       ?Reset@?$CComEnumImpl@UIEnumUnknown@@$1?_GUID_00000100_0000_0000_c000_000000000046@@3U__s_GUID@@BPAUIUnknown@@V?$_CopyInterface@UIUnknown@@@ATL@@@ATL@@UAGJXZ 7c639812 f i stdafx.obj
 0001:00008821       ?Skip@?$CComEnumImpl@UIEnumUnknown@@$1?_GUID_00000100_0000_0000_c000_000000000046@@3U__s_GUID@@BPAUIUnknown@@V?$_CopyInterface@UIUnknown@@@ATL@@@ATL@@UAGJK@Z 7c639821 f i stdafx.obj
 0001:00008859       ?AddRef@?$CComObject@V?$CComEnum@UIEnumUnknown@@$1?_GUID_00000100_0000_0000_c000_000000000046@@3U__s_GUID@@BPAUIUnknown@@V?$_CopyInterface@UIUnknown@@@ATL@@VCComMultiThreadModel@6@@ATL@@@ATL@@UAGKXZ 7c639859 f i stdafx.obj
 0001:0000886a       ?Release@?$CComObject@V?$CComEnum@UIEnumUnknown@@$1?_GUID_00000100_0000_0000_c000_000000000046@@3U__s_GUID@@BPAUIUnknown@@V?$_CopyInterface@UIUnknown@@@ATL@@VCComMultiThreadModel@6@@ATL@@@ATL@@UAGKXZ 7c63986a f i stdafx.obj
 0001:00008894       ?Next@?$CComEnumImpl@UIEnumUnknown@@$1?_GUID_00000100_0000_0000_c000_000000000046@@3U__s_GUID@@BPAUIUnknown@@V?$_CopyInterface@UIUnknown@@@ATL@@@ATL@@UAGJKPAPAUIUnknown@@PAK@Z 7c639894 f i stdafx.obj
 0001:00008960       ?QueryInterface@?$CComObject@V?$CComEnum@UIEnumUnknown@@$1?_GUID_00000100_0000_0000_c000_000000000046@@3U__s_GUID@@BPAUIUnknown@@V?$_CopyInterface@UIUnknown@@@ATL@@VCComMultiThreadModel@6@@ATL@@@ATL@@UAGJABU_GUID@@PAPAX@Z 7c639960 f i stdafx.obj
 0001:00008979       ??1?$CComObject@V?$CComEnum@UIEnumUnknown@@$1?_GUID_00000100_0000_0000_c000_000000000046@@3U__s_GUID@@BPAUIUnknown@@V?$_CopyInterface@UIUnknown@@@ATL@@VCComMultiThreadModel@6@@ATL@@@ATL@@UAE@XZ 7c639979 f i stdafx.obj
 0001:0000899c       ??_G?$CComObject@V?$CComEnum@UIEnumUnknown@@$1?_GUID_00000100_0000_0000_c000_000000000046@@3U__s_GUID@@BPAUIUnknown@@V?$_CopyInterface@UIUnknown@@@ATL@@VCComMultiThreadModel@6@@ATL@@@ATL@@UAEPAXI@Z 7c63999c f i stdafx.obj
 0001:0000899c       ??_E?$CComObject@V?$CComEnum@UIEnumUnknown@@$1?_GUID_00000100_0000_0000_c000_000000000046@@3U__s_GUID@@BPAUIUnknown@@V?$_CopyInterface@UIUnknown@@@ATL@@VCComMultiThreadModel@6@@ATL@@@ATL@@UAEPAXI@Z 7c63999c f i stdafx.obj
 0001:000089b8       ??_G?$CComContainedObject@VCAxHostWindow@ATL@@@ATL@@UAEPAXI@Z 7c6399b8 f i stdafx.obj
 0001:000089b8       ??_E?$CComContainedObject@VCAxHostWindow@ATL@@@ATL@@UAEPAXI@Z 7c6399b8 f i stdafx.obj
 0001:000089d4       ?CreateInstance@?$CComObject@V?$CComEnum@UIEnumUnknown@@$1?_GUID_00000100_0000_0000_c000_000000000046@@3U__s_GUID@@BPAUIUnknown@@V?$_CopyInterface@UIUnknown@@@ATL@@VCComMultiThreadModel@6@@ATL@@@ATL@@SGJPAPAV12@@Z 7c6399d4 f i stdafx.obj
 0001:00008a36       ?GetTI@CComTypeInfoHolder@ATL@@QAEJKPAPAUITypeInfo@@@Z 7c639a36 f i stdafx.obj
 0001:00008a74       ?GetIDsOfNames@CComTypeInfoHolder@ATL@@QAEJABU_GUID@@PAPA_WIKPAJ@Z 7c639a74 f i stdafx.obj
 0001:00008b17       ?Invoke@CComTypeInfoHolder@ATL@@QAEJPAUIDispatch@@JABU_GUID@@KGPAUtagDISPPARAMS@@PAUtagVARIANT@@PAUtagEXCEPINFO@@PAI@Z 7c639b17 f i stdafx.obj
 0001:00008b5a       ??0CAxFrameWindow@ATL@@QAE@XZ 7c639b5a f i stdafx.obj
 0001:00008b5a       ??0CAxUIWindow@ATL@@QAE@XZ 7c639b5a f i stdafx.obj
 0001:00008b83       ?ProcessWindowMessage@CAxHostWindow@ATL@@UAEHPAUHWND__@@IIJAAJK@Z 7c639b83 f i stdafx.obj
 0001:00008f55       ?AttachControl@CAxHostWindow@ATL@@UAGJPAUIUnknown@@PAUHWND__@@@Z 7c639f55 f i stdafx.obj
 0001:00009007       ?CreateControlLicEx@CAxHostWindow@ATL@@UAGJPB_WPAUHWND__@@PAUIStream@@PAPAUIUnknown@@ABU_GUID@@PAU5@PA_W@Z 7c63a007 f i stdafx.obj
 0001:0000937c       ?EnumObjects@CAxHostWindow@ATL@@UAGJKPAPAUIEnumUnknown@@@Z 7c63a37c f i stdafx.obj
 0001:00009405       ?GetTypeInfo@?$IDispatchImpl@UIAxWinAmbientDispatchEx@@$1?_GUID_b2d0778b_ac99_4c58_a5c8_e7724e5316b5@@3U__s_GUID@@B$1?m_libid@CAtlModule@ATL@@2U_GUID@@A$0PPPP@$0PPPP@VCComTypeInfoHolder@ATL@@@ATL@@UAGJIKPAPAUITypeInfo@@@Z 7c63a405 f i stdafx.obj
 0001:0000941c       ?GetIDsOfNames@?$IDispatchImpl@UIAxWinAmbientDispatchEx@@$1?_GUID_b2d0778b_ac99_4c58_a5c8_e7724e5316b5@@3U__s_GUID@@B$1?m_libid@CAtlModule@ATL@@2U_GUID@@A$0PPPP@$0PPPP@VCComTypeInfoHolder@ATL@@@ATL@@UAGJABU_GUID@@PAPA_WIKPAJ@Z 7c63a41c f i stdafx.obj
 0001:0000943d       ?Invoke@?$IDispatchImpl@UIAxWinAmbientDispatchEx@@$1?_GUID_b2d0778b_ac99_4c58_a5c8_e7724e5316b5@@3U__s_GUID@@B$1?m_libid@CAtlModule@ATL@@2U_GUID@@A$0PPPP@$0PPPP@VCComTypeInfoHolder@ATL@@@ATL@@UAGJJABU_GUID@@KGPAUtagDISPPARAMS@@PAUtagVARIANT@@PAUtagEXCEPINFO@@PAI@Z 7c63a43d f i stdafx.obj
 0001:00009468       ?Clone@?$CComEnumImpl@UIEnumUnknown@@$1?_GUID_00000100_0000_0000_c000_000000000046@@3U__s_GUID@@BPAUIUnknown@@V?$_CopyInterface@UIUnknown@@@ATL@@@ATL@@UAGJPAPAUIEnumUnknown@@@Z 7c63a468 f i stdafx.obj
 0001:00009519       ??$AtlModuleRegisterWndClassInfoT@VAtlModuleRegisterWndClassInfoParamW@ATL@@@ATL@@YAGPAU_ATL_BASE_MODULE70@0@PAU_ATL_WIN_MODULE70@0@PAU_ATL_WNDCLASSINFOW@0@PAP6GJPAUHWND__@@IIJ@ZVAtlModuleRegisterWndClassInfoParamW@0@@Z 7c63a519 f i stdafx.obj
 0001:00009662       ??0?$CComObject@VCAxFrameWindow@ATL@@@ATL@@QAE@PAX@Z 7c63a662 f i stdafx.obj
 0001:00009688       ?ProcessWindowMessage@CAxUIWindow@ATL@@UAEHPAUHWND__@@IIJAAJK@Z 7c63a688 f i stdafx.obj
 0001:00009688       ?ProcessWindowMessage@CAxFrameWindow@ATL@@UAEHPAUHWND__@@IIJAAJK@Z 7c63a688 f i stdafx.obj
 0001:0000968d       ?InsertMenus@CAxFrameWindow@ATL@@UAGJPAUHMENU__@@PAUtagOleMenuGroupWidths@@@Z 7c63a68d f i stdafx.obj
 0001:00009692       ?LockInPlaceActive@CAxHostWindow@ATL@@UAGJH@Z 7c63a692 f i stdafx.obj
 0001:00009692       ?AdjustRect@CAxHostWindow@ATL@@UAGJPAUtagRECT@@@Z 7c63a692 f i stdafx.obj
 0001:00009692       ?ContextSensitiveHelp@CAxUIWindow@ATL@@UAGJH@Z 7c63a692 f i stdafx.obj
 0001:00009692       ?SetBorderSpace@CAxUIWindow@ATL@@UAGJPBUtagRECT@@@Z 7c63a692 f i stdafx.obj
 0001:00009692       ?SetStatusText@CAxFrameWindow@ATL@@UAGJPB_W@Z 7c63a692 f i stdafx.obj
 0001:00009692       ?GetBorder@CAxUIWindow@ATL@@UAGJPAUtagRECT@@@Z 7c63a692 f i stdafx.obj
 0001:00009692       ?RemoveMenus@CAxFrameWindow@ATL@@UAGJPAUHMENU__@@@Z 7c63a692 f i stdafx.obj
 0001:00009692       ?ContextSensitiveHelp@CAxFrameWindow@ATL@@UAGJH@Z 7c63a692 f i stdafx.obj
 0001:00009692       ?EnableModeless@CAxFrameWindow@ATL@@UAGJH@Z 7c63a692 f i stdafx.obj
 0001:00009692       ?GetBorder@CAxFrameWindow@ATL@@UAGJPAUtagRECT@@@Z 7c63a692 f i stdafx.obj
 0001:00009692       ?SetBorderSpace@CAxFrameWindow@ATL@@UAGJPBUtagRECT@@@Z 7c63a692 f i stdafx.obj
 0001:00009697       ?TranslateAcceleratorA@CAxFrameWindow@ATL@@UAGJPAUtagMSG@@G@Z 7c63a697 f i stdafx.obj
 0001:00009697       ?TranslateAcceleratorA@CAxHostWindow@ATL@@UAGJPAUtagMSG@@K@Z 7c63a697 f i stdafx.obj
 0001:0000969d       ?AddRef@?$CComObject@VCAxUIWindow@ATL@@@ATL@@UAGKXZ 7c63a69d f i stdafx.obj
 0001:0000969d       ?AddRef@?$CComObject@VCAxFrameWindow@ATL@@@ATL@@UAGKXZ 7c63a69d f i stdafx.obj
 0001:000096ae       ?Release@?$CComObject@VCAxFrameWindow@ATL@@@ATL@@UAGKXZ 7c63a6ae f i stdafx.obj
 0001:000096ae       ?Release@?$CComObject@VCAxUIWindow@ATL@@@ATL@@UAGKXZ 7c63a6ae f i stdafx.obj
 0001:000096d9       ?QueryInterface@?$CComObject@VCAxFrameWindow@ATL@@@ATL@@UAGJABU_GUID@@PAPAX@Z 7c63a6d9 f i stdafx.obj
 0001:000096f6       ??1?$CComObject@VCAxFrameWindow@ATL@@@ATL@@UAE@XZ 7c63a6f6 f i stdafx.obj
 0001:00009725       ??_G?$CComObject@VCAxFrameWindow@ATL@@@ATL@@UAEPAXI@Z 7c63a725 f i stdafx.obj
 0001:00009725       ??_E?$CComObject@VCAxFrameWindow@ATL@@@ATL@@UAEPAXI@Z 7c63a725 f i stdafx.obj
 0001:00009741       ?StartWindowProc@?$CWindowImplBaseT@VCWindow@ATL@@V?$CWinTraits@$0FGAAAAAA@$0A@@2@@ATL@@SGJPAUHWND__@@IIJ@Z 7c63a741 f i stdafx.obj
 0001:0000978f       ?Create@?$CWindowImplBaseT@VCWindow@ATL@@V?$CWinTraits@$0FGAAAAAA@$0A@@2@@ATL@@QAEPAUHWND__@@PAU3@V_U_RECT@2@PBDKKV_U_MENUorID@2@GPAX@Z 7c63a78f f i stdafx.obj
 0001:00009820       ??0?$CComObject@VCAxUIWindow@ATL@@@ATL@@QAE@PAX@Z 7c63a820 f i stdafx.obj
 0001:00009846       ?RequestBorderSpace@CAxFrameWindow@ATL@@UAGJPBUtagRECT@@@Z 7c63a846 f i stdafx.obj
 0001:00009846       ?RequestBorderSpace@CAxUIWindow@ATL@@UAGJPBUtagRECT@@@Z 7c63a846 f i stdafx.obj
 0001:0000984e       ?FinalRelease@CAxFrameWindow@ATL@@QAEXXZ 7c63a84e f i stdafx.obj
 0001:0000984e       ?FinalRelease@CAxUIWindow@ATL@@QAEXXZ 7c63a84e f i stdafx.obj
 0001:00009872       ?QueryInterface@?$CComObject@VCAxUIWindow@ATL@@@ATL@@UAGJABU_GUID@@PAPAX@Z 7c63a872 f i stdafx.obj
 0001:0000988f       ??1?$CComObject@VCAxUIWindow@ATL@@@ATL@@UAE@XZ 7c63a88f f i stdafx.obj
 0001:000098be       ??_G?$CComObject@VCAxUIWindow@ATL@@@ATL@@UAEPAXI@Z 7c63a8be f i stdafx.obj
 0001:000098be       ??_E?$CComObject@VCAxUIWindow@ATL@@@ATL@@UAEPAXI@Z 7c63a8be f i stdafx.obj
 0001:000098da       ?SetActiveObject@CAxUIWindow@ATL@@UAGJPAUIOleInPlaceActiveObject@@PB_W@Z 7c63a8da f i stdafx.obj
 0001:000098da       ?SetActiveObject@CAxFrameWindow@ATL@@UAGJPAUIOleInPlaceActiveObject@@PB_W@Z 7c63a8da f i stdafx.obj
 0001:000098ef       ?Invoke@CAxHostWindow@ATL@@UAGJJABU_GUID@@KGPAUtagDISPPARAMS@@PAUtagVARIANT@@PAUtagEXCEPINFO@@PAI@Z 7c63a8ef f i stdafx.obj
 0001:00009961       _AtlWinModuleRegisterWndClassInfoW@16 7c63a961 f i stdafx.obj
 0001:0000997f       ??0?$CComPolyObject@VCAxHostWindow@ATL@@@ATL@@QAE@PAX@Z 7c63a97f f i stdafx.obj
 0001:000099b0       ?AddRef@?$CComPolyObject@VCAxHostWindow@ATL@@@ATL@@UAGKXZ 7c63a9b0 f i stdafx.obj
 0001:000099bd       ?Release@?$CComPolyObject@VCAxHostWindow@ATL@@@ATL@@UAGKXZ 7c63a9bd f i stdafx.obj
 0001:000099db       ?QueryInterface@?$CComPolyObject@VCAxHostWindow@ATL@@@ATL@@UAGJABU_GUID@@PAPAX@Z 7c63a9db f i stdafx.obj
 0001:00009a27       ??1?$CComPolyObject@VCAxHostWindow@ATL@@@ATL@@UAE@XZ 7c63aa27 f i stdafx.obj
 0001:00009a52       ??_G?$CComPolyObject@VCAxHostWindow@ATL@@@ATL@@UAEPAXI@Z 7c63aa52 f i stdafx.obj
 0001:00009a52       ??_E?$CComPolyObject@VCAxHostWindow@ATL@@@ATL@@UAEPAXI@Z 7c63aa52 f i stdafx.obj
 0001:00009a6e       ?CreateInstance@?$CComObject@VCAxFrameWindow@ATL@@@ATL@@SGJPAPAV12@@Z 7c63aa6e f i stdafx.obj
 0001:00009ad0       ?CreateInstance@?$CComObject@VCAxUIWindow@ATL@@@ATL@@SGJPAPAV12@@Z 7c63aad0 f i stdafx.obj
 0001:00009b32       ?Register@_ATL_WNDCLASSINFOA@ATL@@QAEGPAP6GJPAUHWND__@@IIJ@Z@Z 7c63ab32 f i stdafx.obj
 0001:00009b52       ?GetWindowContext@CAxHostWindow@ATL@@UAGJPAPAUIOleInPlaceFrame@@PAPAUIOleInPlaceUIWindow@@PAUtagRECT@@2PAUtagOIFI@@@Z 7c63ab52 f i stdafx.obj
 0001:00009c84       ?Create@?$CWindowImpl@VCAxFrameWindow@ATL@@VCWindow@2@V?$CWinTraits@$0FGAAAAAA@$0A@@2@@ATL@@QAEPAUHWND__@@PAU3@V_U_RECT@2@PBDKKV_U_MENUorID@2@PAX@Z 7c63ac84 f i stdafx.obj
 0001:00009ce3       ?Create@?$CWindowImpl@VCAxUIWindow@ATL@@VCWindow@2@V?$CWinTraits@$0FGAAAAAA@$0A@@2@@ATL@@QAEPAUHWND__@@PAU3@V_U_RECT@2@PBDKKV_U_MENUorID@2@PAX@Z 7c63ace3 f i stdafx.obj
 0001:00009d42       ?CreateInstance@?$CComCreator@V?$CComPolyObject@VCAxHostWindow@ATL@@@ATL@@@ATL@@SGJPAXABU_GUID@@PAPAX@Z 7c63ad42 f i stdafx.obj
 0001:00009da4       ?GetWindow@CAxFrameWindow@ATL@@UAGJPAPAUHWND__@@@Z 7c63ada4 f i stdafx.obj
 0001:00009deb       ?GetWindow@CAxUIWindow@ATL@@UAGJPAPAUHWND__@@@Z 7c63adeb f i stdafx.obj
 0001:00009e39       _AtlAxCreateControlLicEx@32 7c63ae39 f i stdafx.obj
 0001:00009f09       _AtlAxCreateControlEx@28   7c63af09 f i stdafx.obj
 0001:00009f2c       _AtlAxCreateControlLic@20  7c63af2c f i stdafx.obj
 0001:0000a46c       _AtlAxCreateControl@16     7c63b46c f i stdafx.obj
 0001:0000a48e       _AtlAxWinInit@0            7c63b48e f i stdafx.obj
 0001:0000a607       ??$AtlAxDialogCreateT@PB_WV_AtlDialogBoxIndirectParamHelper@ATL@@$1?DialogBoxIndirectParamW@@YGHPAUHINSTANCE__@@PBUDLGTEMPLATE@@PAUHWND__@@P6GH2IIJ@ZJ@Z@ATL@@YAHPAUHINSTANCE__@@PB_WPAUHWND__@@P6GH2IIJ@ZJ@Z 7c63b607 f i stdafx.obj
 0001:0000a6dc       ??$AtlAxDialogCreateT@PBDV_AtlDialogBoxIndirectParamHelper@ATL@@$1?DialogBoxIndirectParamA@@YGHPAUHINSTANCE__@@PBUDLGTEMPLATE@@PAUHWND__@@P6GH2IIJ@ZJ@Z@ATL@@YAHPAUHINSTANCE__@@PBDPAUHWND__@@P6GH2IIJ@ZJ@Z 7c63b6dc f i stdafx.obj
 0001:0000a7b1       ??$AtlAxDialogCreateT@PB_WV_AtlCreateDialogIndirectParamHelper@ATL@@$1?CreateDialogIndirectParamW@@YGPAUHWND__@@PAUHINSTANCE__@@PBUDLGTEMPLATE@@PAU4@P6GH2IIJ@ZJ@Z@ATL@@YAPAUHWND__@@PAUHINSTANCE__@@PB_WPAU1@P6GH2IIJ@ZJ@Z 7c63b7b1 f i stdafx.obj
 0001:0000a88c       ??$AtlAxDialogCreateT@PBDV_AtlCreateDialogIndirectParamHelper@ATL@@$1?CreateDialogIndirectParamA@@YGPAUHWND__@@PAUHINSTANCE__@@PBUDLGTEMPLATE@@PAU4@P6GH2IIJ@ZJ@Z@ATL@@YAPAUHWND__@@PAUHINSTANCE__@@PBDPAU1@P6GH2IIJ@ZJ@Z 7c63b88c f i stdafx.obj
 0001:0000a967       _AtlAxDialogBoxW@20        7c63b967 f i stdafx.obj
 0001:0000a985       _AtlAxDialogBoxA@20        7c63b985 f i stdafx.obj
 0001:0000a9a3       _AtlAxCreateDialogW@20     7c63b9a3 f i stdafx.obj
 0001:0000a9c1       _AtlAxCreateDialogA@20     7c63b9c1 f i stdafx.obj
 0001:0000a9df       _AtlAxAttachControl@12     7c63b9df f i stdafx.obj
 0001:0000aa75       _Downlevel_DelayLoadFailureHook@8 7c63ba75 f   atldload:downlevel_dload.obj
 0001:0000aaf6       _DelayLoadFailureHook@8    7c63baf6 f   atldload:dload.obj
 0001:0000aaff       _AtlStrLower@4             7c63baff f   atldload:lookup.obj
 0001:0000ab27       _FindDll@4                 7c63bb27 f   atldload:lookup.obj
 0001:0000ac16       _LookupHandlerByName@8     7c63bc16 f   atldload:lookup.obj
 0001:0000ac8c       _LookupHandlerByOrdinal@8  7c63bc8c f   atldload:lookup.obj
 0001:0000acce       _LookupHandler@8           7c63bcce f   atldload:lookup.obj
 0001:0000ae1a       ?ParseDisplayName@CAxHostWindow@ATL@@UAGJPAUIBindCtx@@PA_WPAKPAPAUIMoniker@@@Z 7c63be1a f   stdafx.obj
 0001:0000ae22       ?GetMoniker@CAxHostWindow@ATL@@UAGJKKPAPAUIMoniker@@@Z 7c63be22 f   stdafx.obj
 0001:0000ae22       ?TransformCoords@CAxHostWindow@ATL@@UAGJPAU_POINTL@@PAUtagPOINTF@@K@Z 7c63be22 f   stdafx.obj
 0001:0000af0a       ?ContextSensitiveHelp@CAxHostWindow@ATL@@UAGJH@Z 7c63bf0a f   stdafx.obj
 0001:0000af0a       ?OnShowWindow@CAxHostWindow@ATL@@UAGJH@Z 7c63bf0a f   stdafx.obj
 0001:0000af12       ?Scroll@CAxHostWindow@ATL@@UAGJUtagSIZE@@@Z 7c63bf12 f   stdafx.obj
 0001:0000b000       ?SetMenu@CAxFrameWindow@ATL@@UAGJPAUHMENU__@@PAXPAUHWND__@@@Z 7c63c000 f   stdafx.obj
 0001:0000b018       ?ScrollRect@CAxHostWindow@ATL@@UAGJHHPBUtagRECT@@0@Z 7c63c018 f   stdafx.obj
 0001:0000b029       __imp_load__CoCreateInstance@20 7c63c029     ole32:ole32.dll
 0001:0000b033       __tailMerge_ole32_dll      7c63c033     ole32:ole32.dll
 0001:0000b044       __imp_load__CoTaskMemAlloc@4 7c63c044     ole32:ole32.dll
 0001:0000b04e       __imp_load__CoTaskMemRealloc@8 7c63c04e     ole32:ole32.dll
 0001:0000b058       __imp_load__CoTaskMemFree@4 7c63c058     ole32:ole32.dll
 0001:0000b062       __imp_load__OleLoadFromStream@12 7c63c062     ole32:ole32.dll
 0001:0000b06c       __imp_load__CoRevokeClassObject@4 7c63c06c     ole32:ole32.dll
 0001:0000b076       __imp_load__CoRegisterClassObject@20 7c63c076     ole32:ole32.dll
 0001:0000b080       __imp_load__CoReleaseMarshalData@4 7c63c080     ole32:ole32.dll
 0001:0000b08a       __imp_load__CoMarshalInterface@24 7c63c08a     ole32:ole32.dll
 0001:0000b094       __imp_load__CreateStreamOnHGlobal@12 7c63c094     ole32:ole32.dll
 0001:0000b09e       __imp_load__CoUnmarshalInterface@12 7c63c09e     ole32:ole32.dll
 0001:0000b0a8       __imp_load__WriteClassStm@8 7c63c0a8     ole32:ole32.dll
 0001:0000b0b2       __imp_load__OleSaveToStream@8 7c63c0b2     ole32:ole32.dll
 0001:0000b0bc       __imp_load__StringFromGUID2@12 7c63c0bc     ole32:ole32.dll
 0001:0000b0c6       __imp_load__ProgIDFromCLSID@8 7c63c0c6     ole32:ole32.dll
 0001:0000b0d0       __imp_load__OleLockRunning@12 7c63c0d0     ole32:ole32.dll
 0001:0000b0da       __imp_load__CoGetClassObject@20 7c63c0da     ole32:ole32.dll
 0001:0000b0e4       __imp_load__CLSIDFromProgID@8 7c63c0e4     ole32:ole32.dll
 0001:0000b0ee       __imp_load__CLSIDFromString@8 7c63c0ee     ole32:ole32.dll
 0001:0000b0f8       __imp_load__OleInitialize@4 7c63c0f8     ole32:ole32.dll
 0001:0000b102       __imp_load__OleUninitialize@0 7c63c102     ole32:ole32.dll
 0001:0000b10c       __imp_load__VarUI4FromStr@16 7c63c10c     oleaut32:OLEAUT32.dll
 0001:0000b116       __tailMerge_OLEAUT32_dll   7c63c116     oleaut32:OLEAUT32.dll
 0001:0000b127       __imp_load__SysStringLen@4 7c63c127     oleaut32:OLEAUT32.dll
 0001:0000b131       __imp_load__SysFreeString@4 7c63c131     oleaut32:OLEAUT32.dll
 0001:0000b13b       __imp_load__SysAllocStringByteLen@8 7c63c13b     oleaut32:OLEAUT32.dll
 0001:0000b145       __imp_load__SysStringByteLen@4 7c63c145     oleaut32:OLEAUT32.dll
 0001:0000b14f       __imp_load__VariantInit@4  7c63c14f     oleaut32:OLEAUT32.dll
 0001:0000b159       __imp_load__VariantClear@4 7c63c159     oleaut32:OLEAUT32.dll
 0001:0000b163       __imp_load__VariantChangeType@16 7c63c163     oleaut32:OLEAUT32.dll
 0001:0000b16d       __imp_load__SysAllocStringLen@8 7c63c16d     oleaut32:OLEAUT32.dll
 0001:0000b177       __imp_load__SysAllocString@4 7c63c177     oleaut32:OLEAUT32.dll
 0001:0000b181       __imp_load__LoadTypeLib@8  7c63c181     oleaut32:OLEAUT32.dll
 0001:0000b18b       __imp_load__UnRegisterTypeLib@20 7c63c18b     oleaut32:OLEAUT32.dll
 0001:0000b195       __imp_load__RegisterTypeLib@12 7c63c195     oleaut32:OLEAUT32.dll
 0001:0000b19f       __imp_load__SetErrorInfo@8 7c63c19f     oleaut32:OLEAUT32.dll
 0001:0000b1a9       __imp_load__CreateErrorInfo@4 7c63c1a9     oleaut32:OLEAUT32.dll
 0001:0000b1b3       __imp_load__OleCreateFontIndirect@12 7c63c1b3     oleaut32:OLEAUT32.dll
 0001:0000b1bd       __imp_load__LoadRegTypeLib@20 7c63c1bd     oleaut32:OLEAUT32.dll
 0001:0000b1c7       __imp_load__RegDeleteKeyA@8 7c63c1c7     advapi32:ADVAPI32.dll
 0001:0000b1d1       __tailMerge_ADVAPI32_dll   7c63c1d1     advapi32:ADVAPI32.dll
 0001:0000b1e2       __imp_load__RegDeleteValueA@8 7c63c1e2     advapi32:ADVAPI32.dll
 0001:0000b1ec       __imp_load__RegCloseKey@4  7c63c1ec     advapi32:ADVAPI32.dll
 0001:0000b1f6       __imp_load__RegCreateKeyExA@36 7c63c1f6     advapi32:ADVAPI32.dll
 0001:0000b200       __imp_load__RegOpenKeyExA@20 7c63c200     advapi32:ADVAPI32.dll
 0001:0000b20a       __imp_load__RegSetValueExA@24 7c63c20a     advapi32:ADVAPI32.dll
 0001:0000b214       __imp_load__RegQueryInfoKeyA@48 7c63c214     advapi32:ADVAPI32.dll
 0001:0000b21e       __imp_load__RegEnumKeyExA@32 7c63c21e     advapi32:ADVAPI32.dll
 0001:0000b228       __imp_load__GetClassInfoExA@12 7c63c228     user32:USER32.dll
 0001:0000b232       __tailMerge_USER32_dll     7c63c232     user32:USER32.dll
 0001:0000b243       __imp_load__LoadCursorA@8  7c63c243     user32:USER32.dll
 0001:0000b24d       __imp_load__RegisterClassExA@4 7c63c24d     user32:USER32.dll
 0001:0000b257       __imp_load__UnregisterClassA@8 7c63c257     user32:USER32.dll
 0001:0000b261       __imp_load__CharNextA@4    7c63c261     user32:USER32.dll
 0001:0000b26b       __imp_load__PeekMessageA@20 7c63c26b     user32:USER32.dll
 0001:0000b275       __imp_load__DispatchMessageA@4 7c63c275     user32:USER32.dll
 0001:0000b27f       __imp_load__DispatchMessageW@4 7c63c27f     user32:USER32.dll
 0001:0000b289       __imp_load__TranslateMessage@4 7c63c289     user32:USER32.dll
 0001:0000b293       __imp_load__GetMessageA@16 7c63c293     user32:USER32.dll
 0001:0000b29d       __imp_load__GetMessageW@16 7c63c29d     user32:USER32.dll
 0001:0000b2a7       __imp_load__IsWindowUnicode@4 7c63c2a7     user32:USER32.dll
 0001:0000b2b1       __imp_load__MsgWaitForMultipleObjects@20 7c63c2b1     user32:USER32.dll
 0001:0000b2bb       __imp_load__SetWindowLongA@12 7c63c2bb     user32:USER32.dll
 0001:0000b2c5       __imp_load__GetWindowLongA@8 7c63c2c5     user32:USER32.dll
 0001:0000b2cf       __imp_load__SendMessageA@16 7c63c2cf     user32:USER32.dll
 0001:0000b2d9       __imp_load__GetClassInfoExW@12 7c63c2d9     user32:USER32.dll
 0001:0000b2e3       __imp_load__LoadCursorW@8  7c63c2e3     user32:USER32.dll
 0001:0000b2ed       __imp_load__ReleaseDC@8    7c63c2ed     user32:USER32.dll
 0001:0000b2f7       __imp_load__GetDC@4        7c63c2f7     user32:USER32.dll
 0001:0000b301       __imp_load__LoadStringA@16 7c63c301     user32:USER32.dll
 0001:0000b30b       __imp_load__DefWindowProcA@16 7c63c30b     user32:USER32.dll
 0001:0000b315       __imp_load__RegisterClassExW@4 7c63c315     user32:USER32.dll
 0001:0000b31f       __imp_load__GetSysColor@4  7c63c31f     user32:USER32.dll
 0001:0000b329       __imp_load__MoveWindow@24  7c63c329     user32:USER32.dll
 0001:0000b333       __imp_load__SetWindowPos@28 7c63c333     user32:USER32.dll
 0001:0000b33d       __imp_load__GetClientRect@8 7c63c33d     user32:USER32.dll
 0001:0000b347       __imp_load__ClientToScreen@8 7c63c347     user32:USER32.dll
 0001:0000b351       __imp_load__ScreenToClient@8 7c63c351     user32:USER32.dll
 0001:0000b35b       __imp_load__InvalidateRect@12 7c63c35b     user32:USER32.dll
 0001:0000b365       __imp_load__InvalidateRgn@12 7c63c365     user32:USER32.dll
 0001:0000b36f       __imp_load__RedrawWindow@16 7c63c36f     user32:USER32.dll
 0001:0000b379       __imp_load__SetCapture@4   7c63c379     user32:USER32.dll
 0001:0000b383       __imp_load__IsChild@8      7c63c383     user32:USER32.dll
 0001:0000b38d       __imp_load__GetParent@4    7c63c38d     user32:USER32.dll
 0001:0000b397       __imp_load__GetDlgItem@8   7c63c397     user32:USER32.dll
 0001:0000b3a1       __imp_load__GetClassNameA@12 7c63c3a1     user32:USER32.dll
 0001:0000b3ab       __imp_load__ReleaseCapture@0 7c63c3ab     user32:USER32.dll
 0001:0000b3b5       __imp_load__FillRect@12    7c63c3b5     user32:USER32.dll
 0001:0000b3bf       __imp_load__DestroyWindow@4 7c63c3bf     user32:USER32.dll
 0001:0000b3c9       __imp_load__CallWindowProcA@20 7c63c3c9     user32:USER32.dll
 0001:0000b3d3       __imp_load__EndPaint@8     7c63c3d3     user32:USER32.dll
 0001:0000b3dd       __imp_load__BeginPaint@8   7c63c3dd     user32:USER32.dll
 0001:0000b3e7       __imp_load__DestroyAcceleratorTable@4 7c63c3e7     user32:USER32.dll
 0001:0000b3f1       __imp_load__SetFocus@4     7c63c3f1     user32:USER32.dll
 0001:0000b3fb       __imp_load__GetWindow@8    7c63c3fb     user32:USER32.dll
 0001:0000b405       __imp_load__GetFocus@0     7c63c405     user32:USER32.dll
 0001:0000b40f       __imp_load__GetDesktopWindow@0 7c63c40f     user32:USER32.dll
 0001:0000b419       __imp_load__IsWindow@4     7c63c419     user32:USER32.dll
 0001:0000b423       __imp_load__CreateWindowExA@48 7c63c423     user32:USER32.dll
 0001:0000b42d       __imp_load__CreateAcceleratorTableA@8 7c63c42d     user32:USER32.dll
 0001:0000b437       __imp_load__SetWindowTextA@8 7c63c437     user32:USER32.dll
 0001:0000b441       __imp_load__GetWindowTextA@12 7c63c441     user32:USER32.dll
 0001:0000b44b       __imp_load__GetWindowTextLengthA@4 7c63c44b     user32:USER32.dll
 0001:0000b455       __imp_load__RegisterWindowMessageA@4 7c63c455     user32:USER32.dll
 0001:0000b45f       __imp_load__DialogBoxIndirectParamW@20 7c63c45f     user32:USER32.dll
 0001:0000b469       __imp_load__DialogBoxIndirectParamA@20 7c63c469     user32:USER32.dll
 0001:0000b473       __imp_load__CreateDialogIndirectParamW@20 7c63c473     user32:USER32.dll
 0001:0000b47d       __imp_load__CreateDialogIndirectParamA@20 7c63c47d     user32:USER32.dll
 0001:0000b487       __imp_load__GetDeviceCaps@8 7c63c487     gdi32:GDI32.dll
 0001:0000b491       __tailMerge_GDI32_dll      7c63c491     gdi32:GDI32.dll
 0001:0000b4a2       __imp_load__CreateDCA@16   7c63c4a2     gdi32:GDI32.dll
 0001:0000b4ac       __imp_load__DeleteDC@4     7c63c4ac     gdi32:GDI32.dll
 0001:0000b4b6       __imp_load__DeleteObject@4 7c63c4b6     gdi32:GDI32.dll
 0001:0000b4c0       __imp_load__SelectObject@8 7c63c4c0     gdi32:GDI32.dll
 0001:0000b4ca       __imp_load__CreateCompatibleBitmap@12 7c63c4ca     gdi32:GDI32.dll
 0001:0000b4d4       __imp_load__CreateCompatibleDC@4 7c63c4d4     gdi32:GDI32.dll
 0001:0000b4de       __imp_load__BitBlt@36      7c63c4de     gdi32:GDI32.dll
 0001:0000b4e8       __imp_load__CreateSolidBrush@4 7c63c4e8     gdi32:GDI32.dll
 0001:0000b4f2       __imp_load__GetObjectA@12  7c63c4f2     gdi32:GDI32.dll
 0001:0000b4fc       __imp_load__GetStockObject@4 7c63c4fc     gdi32:GDI32.dll
 0001:0000b506       _GetModuleHandleA@4        7c63c506 f   kernel32:KERNEL32.dll
 0001:0000b50c       _lstrcmpA@8                7c63c50c f   kernel32:KERNEL32.dll
 0001:0000b512       _SetLastError@4            7c63c512 f   kernel32:KERNEL32.dll
 0001:0000b518       _GetTickCount@0            7c63c518 f   kernel32:KERNEL32.dll
 0001:0000b51e       ?_AtlGetThreadACPFake@ATL@@YGIXZ 7c63c51e f i atls:atltrace.obj
 0001:0000b583       ?_AtlGetThreadACPReal@ATL@@YGIXZ 7c63c583 f i atls:atltrace.obj
 0001:0000b587       ?_AtlGetThreadACPThunk@ATL@@YGIXZ 7c63c587 f i atls:atltrace.obj
 0001:0000b5eb       ?Term@CAtlComModule@ATL@@QAEXXZ 7c63c5eb f i atls:atlcommodule.obj
 0001:0000b62d       ??0CAtlComModule@ATL@@QAE@XZ 7c63c62d f i atls:atlcommodule.obj
 0001:0000b672       ?RemoveAll@?$CSimpleArray@GV?$CSimpleArrayEqualHelper@G@ATL@@@ATL@@QAEXXZ 7c63c672 f i stdafx.obj
 0001:0000b672       ?RemoveAll@?$CSimpleArray@PAUHINSTANCE__@@V?$CSimpleArrayEqualHelper@PAUHINSTANCE__@@@ATL@@@ATL@@QAEXXZ 7c63c672 f i atls:atlbase.obj
 0001:0000b68f       ??0_ATL_WIN_MODULE70@ATL@@QAE@XZ 7c63c68f f i atls:atlbase.obj
 0001:0000b6a9       ??0_ATL_BASE_MODULE70@ATL@@QAE@XZ 7c63c6a9 f i atls:atlbase.obj
 0001:0000b6c3       ??1CAtlBaseModule@ATL@@QAE@XZ 7c63c6c3 f   atls:atlbase.obj
 0001:0000b6d9       ??0CAtlWinModule@ATL@@QAE@XZ 7c63c6d9 f i atls:atlbase.obj
 0001:0000b6ff       ??0CAtlBaseModule@ATL@@QAE@XZ 7c63c6ff f   atls:atlbase.obj
 0001:0000b7ae       ??1CAtlWinModule@ATL@@QAE@XZ 7c63c7ae f i atls:atlbase.obj
 0001:0000b7c6       ?__FreeStdCallThunk_cmn@@YAXPAX@Z 7c63c7c6 f   atls:atlthunk.obj
 0001:0000b8a1       ?__FreeStdCallThunk@ATL@@YGXPAX@Z 7c63c8a1 f   atls:atlthunk.obj
 0001:0000b8ae       ?__AllocStdCallThunk_cmn@@YAPAXXZ 7c63c8ae f   atls:atlthunk.obj
 0001:0000b94e       ?__AllocStdCallThunk@ATL@@YGPAXXZ 7c63c94e f   atls:atlthunk.obj
 0001:0000b953       _DoInitialization          7c63c953 f   atlmincrt:atlinit.obj
 0001:0000ba03       _malloc                    7c63ca03 f   atlmincrt:atlinit.obj
 0001:0000ba16       _calloc                    7c63ca16 f   atlmincrt:atlinit.obj
 0001:0000ba54       __msize                    7c63ca54 f   atlmincrt:atlinit.obj
 0001:0000ba67       _free                      7c63ca67 f   atlmincrt:atlinit.obj
 0001:0000ba81       ??2@YAPAXI@Z               7c63ca81 f   atlmincrt:atlinit.obj
 0001:0000ba81       ??_U@YAPAXI@Z              7c63ca81 f   atlmincrt:atlinit.obj
 0001:0000ba86       ??_V@YAXPAX@Z              7c63ca86 f   atlmincrt:atlinit.obj
 0001:0000ba86       ??3@YAXPAX@Z               7c63ca86 f   atlmincrt:atlinit.obj
 0001:0000ba8b       __purecall                 7c63ca8b f   atlmincrt:atlinit.obj
 0001:0000ba94       __errno                    7c63ca94 f   atlmincrt:atlinit.obj
 0001:0000ba9a       __get_osplatform           7c63ca9a f   atlmincrt:atlinit.obj
 0001:0000bab6       _memcpy_s                  7c63cab6 f   atlmincrt:atlinit.obj
 0001:0000bb0b       __decode_pointer           7c63cb0b f   atlmincrt:atlinit.obj
 0001:0000bb39       ??$strcpy_s@D@?A0xcb21b391@@YAHPADIPBD@Z 7c63cb39 f i atlmincrt:atlinit.obj
 0001:0000bb7e       ??$strcpy_s@_W@?A0xcb21b391@@YAHPA_WIPB_W@Z 7c63cb7e f i atlmincrt:atlinit.obj
 0001:0000bbc9       ??$strcat_s@D@?A0xcb21b391@@YAHPADIPBD@Z 7c63cbc9 f i atlmincrt:atlinit.obj
 0001:0000bc1c       ??$_tcsncpy_s@D@?A0xcb21b391@@YAHPADIPBDI@Z 7c63cc1c f i atlmincrt:atlinit.obj
 0001:0000bcaf       ??$_tcsncpy_s@_W@?A0xcb21b391@@YAHPA_WIPB_WI@Z 7c63ccaf f i atlmincrt:atlinit.obj
 0001:0000bd51       _DoCleanup                 7c63cd51 f   atlmincrt:atlinit.obj
 0001:0000be09       _realloc                   7c63ce09 f   atlmincrt:atlinit.obj
 0001:0000be45       __recalloc                 7c63ce45 f   atlmincrt:atlinit.obj
 0001:0000be6f       _atexit                    7c63ce6f f   atlmincrt:atlinit.obj
 0001:0000bf2d       _strcpy_s                  7c63cf2d f   atlmincrt:atlinit.obj
 0001:0000bf32       _wcscpy_s                  7c63cf32 f   atlmincrt:atlinit.obj
 0001:0000bf37       _strcat_s                  7c63cf37 f   atlmincrt:atlinit.obj
 0001:0000bf3c       _strncpy_s                 7c63cf3c f   atlmincrt:atlinit.obj
 0001:0000bf41       _wcsncpy_s                 7c63cf41 f   atlmincrt:atlinit.obj
 0001:0000bf46       ___DllMainCRTStartup       7c63cf46 f   atlmincrt:atlinitdll.obj
 0001:0000bfb4       __DllMainCRTStartup@12     7c63cfb4 f   atlmincrt:atlinitdll.obj
 0001:0000c0cd       __ui64toa_s                7c63d0cd f   libcmt:xtoas.obj
 0001:0000c0f0       _strlen                    7c63d0f0 f   libcmt:strlen.obj
 0001:0000c180       _memset                    7c63d180 f   libcmt:memset.obj
 0001:0000c1fc       __SEH_prolog4              7c63d1fc f   libcmt:sehprolg4.obj
 0001:0000c241       __SEH_epilog4              7c63d241 f   libcmt:sehprolg4.obj
 0001:0000c260       __except_handler4          7c63d260 f   libcmt:chandler4.obj
 0001:0000c3f6       __resetstkoflw             7c63d3f6 f   libcmt:resetstk.obj
 0001:0000c524       __SEH_prolog4_GS           7c63d524 f   libcmt:sehprolg4gs.obj
 0001:0000c56c       __SEH_epilog4_GS           7c63d56c f   libcmt:sehprolg4gs.obj
 0001:0000c580       __alloca_probe_16          7c63d580 f   libcmt:alloca16.obj
 0001:0000c596       __alloca_probe_8           7c63d596     libcmt:alloca16.obj
 0001:0000c5ac       @__security_check_cookie@4 7c63d5ac f   libcmt:secchk.obj
 0001:0000c5c0       __alloca_probe             7c63d5c0     libcmt:chkstk.obj
 0001:0000c5c0       __chkstk                   7c63d5c0 f   libcmt:chkstk.obj
 0001:0000c5eb       _memcmp                    7c63d5eb f   libcmt:memcmp.obj
 0001:0000dd69       __ui64tow_s                7c63ed69 f   libcmt:xtows.obj
 0001:0000dd86       _wcslen                    7c63ed86 f   libcmt:wcslen.obj
 0001:0000dda0       _memcpy                    7c63eda0 f   libcmt:memcpy.obj
 0001:0000e110       _memmove                   7c63f110 f   libcmt:memmove.obj
 0001:0000e475       ___security_init_cookie    7c63f475 f   libcmt:gs_support.obj
 0001:0000e509       __invoke_watson            7c63f509 f   libcmt:invarg.obj
 0001:0000e605       __invalid_parameter        7c63f605 f   libcmt:invarg.obj
 0001:0000e630       __aulldvrm                 7c63f630 f   libcmt:ulldvrm.obj
 0001:0000e71c       __VEC_memzero              7c63f71c f   libcmt:p4_memset.obj
 0001:0000e7ab       __sse2_mathfcns_init       7c63f7ab f   libcmt:mathfcns.obj
 0001:0000e7c0       __local_unwind4            7c63f7c0 f   libcmt:exsup4.obj
 0001:0000e896       __seh_longjmp_unwind4@4    7c63f896 f   libcmt:exsup4.obj
 0001:0000e8b2       @_EH4_CallFilterFunc@8     7c63f8b2 f   libcmt:exsup4.obj
 0001:0000e8c9       @_EH4_TransferToHandler@8  7c63f8c9 f   libcmt:exsup4.obj
 0001:0000e8e2       @_EH4_GlobalUnwind@4       7c63f8e2 f   libcmt:exsup4.obj
 0001:0000e8fc       @_EH4_LocalUnwind@16       7c63f8fc f   libcmt:exsup4.obj
 0001:0000e920       __ValidateImageBase        7c63f920 f   libcmt:pesect.obj
 0001:0000e950       __FindPESection            7c63f950 f   libcmt:pesect.obj
 0001:0000e9a0       __IsNonwritableInCurrentImage 7c63f9a0 f   libcmt:pesect.obj
 0001:0000ea5b       ___report_gsfailure        7c63fa5b f   libcmt:gs_report.obj
 0001:0000ebe6       __VEC_memcpy               7c63fbe6 f   libcmt:p4_memcpy.obj
 0001:0000ecc9       __crt_debugger_hook        7c63fcc9 f   libcmt:dbghook.obj
 0001:0000ed21       __get_sse2_info            7c63fd21 f   libcmt:cpu_disp.obj
 0001:0000ed81       ___sse2_available_init     7c63fd81 f   libcmt:cpu_disp.obj
 0001:0000ed90       __global_unwind2           7c63fd90 f   libcmt:exsup.obj
 0001:0000edf5       __local_unwind2            7c63fdf5 f   libcmt:exsup.obj
 0001:0000ee79       __abnormal_termination     7c63fe79 f   libcmt:exsup.obj
 0001:0000ee9c       __NLG_Notify1              7c63fe9c f   libcmt:exsup.obj
 0001:0000eea5       __NLG_Notify               7c63fea5 f   libcmt:exsup.obj
 0001:0000eebc       __NLG_Dispatch2            7c63febc     libcmt:exsup.obj
 0001:0000eebc       __NLG_Dispatch             7c63febc     libcmt:exsup.obj
 0001:0000eec4       __NLG_Call                 7c63fec4 f   libcmt:exsup.obj
 0001:0000eec6       __NLG_Return2              7c63fec6     libcmt:exsup.obj
 0001:0000eec7       ___delayLoadHelper2@8      7c63fec7 f   delayimp:delayhlp.obj
 0001:0000f104       _RtlUnwind@16              7c640104 f   kernel32:KERNEL32.dll
 0002:00000000       __imp__RaiseException@16   7c641000     kernel32:KERNEL32.dll
 0002:00000004       __imp__EnterCriticalSection@4 7c641004     kernel32:KERNEL32.dll
 0002:00000008       __imp__LeaveCriticalSection@4 7c641008     kernel32:KERNEL32.dll
 0002:0000000c       __imp__GetCurrentThreadId@0 7c64100c     kernel32:KERNEL32.dll
 0002:00000010       __imp__MultiByteToWideChar@24 7c641010     kernel32:KERNEL32.dll
 0002:00000014       __imp__lstrlenW@4          7c641014     kernel32:KERNEL32.dll
 0002:00000018       __imp__InitializeCriticalSection@4 7c641018     kernel32:KERNEL32.dll
 0002:0000001c       __imp__DeleteCriticalSection@4 7c64101c     kernel32:KERNEL32.dll
 0002:00000020       __imp__GetLastError@0      7c641020     kernel32:KERNEL32.dll
 0002:00000024       __imp__DisableThreadLibraryCalls@4 7c641024     kernel32:KERNEL32.dll
 0002:00000028       __imp__OutputDebugStringA@4 7c641028     kernel32:KERNEL32.dll
 0002:0000002c       __imp__GetVersionExA@4     7c64102c     kernel32:KERNEL32.dll
 0002:00000030       __imp__InterlockedIncrement@4 7c641030     kernel32:KERNEL32.dll
 0002:00000034       __imp__InterlockedDecrement@4 7c641034     kernel32:KERNEL32.dll
 0002:00000038       __imp__WideCharToMultiByte@32 7c641038     kernel32:KERNEL32.dll
 0002:0000003c       __imp__lstrlenA@4          7c64103c     kernel32:KERNEL32.dll
 0002:00000040       __imp__lstrcmpiA@8         7c641040     kernel32:KERNEL32.dll
 0002:00000044       __imp__IsDBCSLeadByte@4    7c641044     kernel32:KERNEL32.dll
 0002:00000048       __imp__FreeLibrary@4       7c641048     kernel32:KERNEL32.dll
 0002:0000004c       __imp__SizeofResource@8    7c64104c     kernel32:KERNEL32.dll
 0002:00000050       __imp__LoadResource@8      7c641050     kernel32:KERNEL32.dll
 0002:00000054       __imp__FindResourceA@12    7c641054     kernel32:KERNEL32.dll
 0002:00000058       __imp__LoadLibraryExA@12   7c641058     kernel32:KERNEL32.dll
 0002:0000005c       __imp__CloseHandle@4       7c64105c     kernel32:KERNEL32.dll
 0002:00000060       __imp__ReadFile@20         7c641060     kernel32:KERNEL32.dll
 0002:00000064       __imp__GetFileSize@8       7c641064     kernel32:KERNEL32.dll
 0002:00000068       __imp__CreateFileA@28      7c641068     kernel32:KERNEL32.dll
 0002:0000006c       __imp__GetModuleHandleA@4  7c64106c     kernel32:KERNEL32.dll
 0002:00000070       __imp__GetModuleFileNameA@12 7c641070     kernel32:KERNEL32.dll
[...]
 0001:0000ad6d       _DialogBoxIndirectParamW@20 7c63bd6d f   atldload:user32.obj
 0001:0000ad6d       _MsgWaitForMultipleObjects@20 7c63bd6d f   atldload:user32.obj
 0001:0000ad6d       _DialogBoxIndirectParamA@20 7c63bd6d f   atldload:user32.obj
 0001:0000ad7a       _PeekMessageW@20           7c63bd7a f   atldload:user32.obj
 0001:0000ad7a       _GetTokenInformation@20    7c63bd7a f   atldload:user32.obj
 0001:0000ad7a       _CreateDialogIndirectParamW@20 7c63bd7a f   atldload:user32.obj
 0001:0000ad7a       _CallWindowProcA@20        7c63bd7a f   atldload:user32.obj
 0001:0000ad7a       _CallWindowProcW@20        7c63bd7a f   atldload:user32.obj
 0001:0000ad7a       _CreateDialogIndirectParamA@20 7c63bd7a f   atldload:user32.obj
 0001:0000ad7a       _ChangeDisplaySettingsExW@20 7c63bd7a f   atldload:user32.obj
 0001:0000ad7a       _SetRect@20                7c63bd7a f   atldload:user32.obj
 0001:0000ad7a       _GetFileSecurityA@20       7c63bd7a f   atldload:user32.obj
 0001:0000ad7a       _PeekMessageA@20           7c63bd7a f   atldload:user32.obj
 0001:0000ad86       _RegisterClassExW@4        7c63bd86 f   atldload:user32.obj
 0001:0000ad86       _RegisterClassExA@4        7c63bd86 f   atldload:user32.obj
 0001:0000ad86       _RegisterClassA@4          7c63bd86 f   atldload:user32.obj
 0001:0000ad93       _SetWindowPos@28           7c63bd93 f   atldload:user32.obj
 0001:0000ad9f       _SetSystemCursor@8         7c63bd9f f   atldload:user32.obj
 0001:0000ad9f       _EqualRect@8               7c63bd9f f   atldload:user32.obj
 0001:0000ad9f       _CreateAcceleratorTableW@8 7c63bd9f f   atldload:user32.obj
 0001:0000ad9f       _SetThreadToken@8          7c63bd9f f   atldload:user32.obj
 0001:0000ad9f       _UnregisterClassA@8        7c63bd9f f   atldload:user32.obj
 0001:0000ad9f       _ReleaseDC@8               7c63bd9f f   atldload:user32.obj
 0001:0000ad9f       _GetWindowLongW@8          7c63bd9f f   atldload:user32.obj
 0001:0000ad9f       _GetClientRect@8           7c63bd9f f   atldload:user32.obj
 0001:0000ad9f       _GetWindow@8               7c63bd9f f   atldload:user32.obj
 0001:0000ad9f       _LoadCursorW@8             7c63bd9f f   atldload:user32.obj
 0001:0000ad9f       _ShowWindow@8              7c63bd9f f   atldload:user32.obj
 0001:0000ad9f       _UnregisterClassW@8        7c63bd9f f   atldload:user32.obj
 0001:0000ad9f       _LoadCursorA@8             7c63bd9f f   atldload:user32.obj
 0001:0000ad9f       _GetDeviceCaps@8           7c63bd9f f   atldload:user32.obj
 0001:0000ad9f       _QueryServiceStatus@8      7c63bd9f f   atldload:user32.obj
 0001:0000ad9f       _GetWindowRect@8           7c63bd9f f   atldload:user32.obj
 0001:0000ad9f       _EndPaint@8                7c63bd9f f   atldload:user32.obj
 0001:0000ad9f       _BeginPaint@8              7c63bd9f f   atldload:user32.obj
 0001:0000ad9f       _GetUserNameW@8            7c63bd9f f   atldload:user32.obj
 0001:0000ad9f       _FindWindowA@8             7c63bd9f f   atldload:user32.obj
 0001:0000ad9f       _SetMapMode@8              7c63bd9f f   atldload:user32.obj
 0001:0000ad9f       _ValidateRect@8            7c63bd9f f   atldload:user32.obj
 0001:0000ad9f       _GetWindowLongA@8          7c63bd9f f   atldload:user32.obj
 0001:0000ad9f       _SetSystemPaletteUse@8     7c63bd9f f   atldload:user32.obj
 0001:0000ad9f       _RegisterEventSourceW@8    7c63bd9f f   atldload:user32.obj
 0001:0000ad9f       _SelectObject@8            7c63bd9f f   atldload:user32.obj
 0001:0000ad9f       _ChangeDisplaySettingsA@8  7c63bd9f f   atldload:user32.obj
 0001:0000ad9f       _SetWindowTextW@8          7c63bd9f f   atldload:user32.obj
 0001:0000ad9f       _IsChild@8                 7c63bd9f f   atldload:user32.obj
 0001:0000ad9f       _GetDlgItem@8              7c63bd9f f   atldload:user32.obj
 0001:0000adab       _VariantInit@4             7c63bdab f   atldload:oleaut32.obj
 0001:0000adb9       _VariantClear@4            7c63bdb9 f   atldload:oleaut32.obj
 0001:0000adcc       _OleCreatePropertyFrame@44 7c63bdcc f   atldload:oleaut32.obj
 0001:0000add4       _LoadRegTypeLib@20         7c63bdd4 f   atldload:oleaut32.obj
 0001:0000addc       _VarCmp@16                 7c63bddc f   atldload:oleaut32.obj
 0001:0000ade2       _LoadTypeLib@8             7c63bde2 f   atldload:oleaut32.obj
 0001:0000ade2       _SafeArrayAccessData@8     7c63bde2 f   atldload:oleaut32.obj
 0001:0000ade2       _SafeArrayCopy@8           7c63bde2 f   atldload:oleaut32.obj
 0001:0000ade2       _SetErrorInfo@8            7c63bde2 f   atldload:oleaut32.obj
 0001:0000adea       _VarUI4FromStr@16          7c63bdea f   atldload:oleaut32.obj
 0001:0000adea       _VariantChangeType@16      7c63bdea f   atldload:oleaut32.obj
 0001:0000adf2       _SafeArrayPutElement@12    7c63bdf2 f   atldload:oleaut32.obj
 0001:0000adf2       _SafeArrayGetLBound@12     7c63bdf2 f   atldload:oleaut32.obj
 0001:0000adf2       _SafeArrayGetUBound@12     7c63bdf2 f   atldload:oleaut32.obj
 0001:0000adf2       _RegisterTypeLib@12        7c63bdf2 f   atldload:oleaut32.obj
 0001:0000adfa       _DispInvoke@32             7c63bdfa f   atldload:oleaut32.obj
 0001:0000ae02       _OleDraw@16                7c63be02 f   atldload:oleaut32.obj
 0001:0000ae02       _DispGetIDsOfNames@16      7c63be02 f   atldload:oleaut32.obj
 0001:0000ae0a       _SafeArrayGetElement@12    7c63be0a f   atldload:oleaut32.obj
 0001:0000ae12       _SafeArrayDestroy@4        7c63be12 f   atldload:oleaut32.obj
 0001:0000ae12       _CreateErrorInfo@4         7c63be12 f   atldload:oleaut32.obj
 0001:0000ae12       _OleCreatePropertyFrameIndirect@4 7c63be12 f   atldload:oleaut32.obj
 0001:0000ae12       _SafeArrayUnaccessData@4   7c63be12 f   atldload:oleaut32.obj
 0001:0000ae1a       _OleLoadPicture@20         7c63be1a f   atldload:oleaut32.obj
 0001:0000ae1a       _VarParseNumFromStr@20     7c63be1a f   atldload:oleaut32.obj
 0001:0000ae1a       _VarBstrFromCy@20          7c63be1a f   atldload:oleaut32.obj
 0001:0000ae1a       _UnRegisterTypeLib@20      7c63be1a f   atldload:oleaut32.obj
 0001:0000ae1a       _VarBstrFromDate@20        7c63be1a f   atldload:oleaut32.obj
 0001:0000ae22       _OleCreatePictureIndirect@16 7c63be22 f   atldload:oleaut32.obj
 0001:0000ae22       _VarDecFromStr@16          7c63be22 f   atldload:oleaut32.obj
 0001:0000ae22       _OleLoad@16                7c63be22 f   atldload:oleaut32.obj
 0001:0000ae22       _CreateDataCache@16        7c63be22 f   atldload:oleaut32.obj
 0001:0000ae22       _VarCyFromStr@16           7c63be22 f   atldload:oleaut32.obj
 0001:0000ae22       _VarBstrCmp@16             7c63be22 f   atldload:oleaut32.obj
 0001:0000ae22       _VarBstrFromDec@16         7c63be22 f   atldload:oleaut32.obj
 0001:0000ae22       _VarDateFromStr@16         7c63be22 f   atldload:oleaut32.obj
 0001:0000ae2a       _DispCallFunc@32           7c63be2a f   atldload:oleaut32.obj
 0001:0000ae2a       _OleCreateFromFile@32      7c63be2a f   atldload:oleaut32.obj
 0001:0000ae32       _CoCreateGuid@4            7c63be32 f   atldload:ole32.obj
 0001:0000ae38       _CoGetClassObject@20       7c63be38 f   atldload:ole32.obj
 0001:0000ae38       _CoCreateInstance@20       7c63be38 f   atldload:ole32.obj
 0001:0000ae4a       _OleInitialize@4           7c63be4a f   atldload:ole32.obj
 0001:0000ae4a       _PropVariantClear@4        7c63be4a f   atldload:ole32.obj
 0001:0000ae4a       _OleQueryCreateFromData@4  7c63be4a f   atldload:ole32.obj
 0001:0000ae4a       _OleSetClipboard@4         7c63be4a f   atldload:ole32.obj
 0001:0000ae4a       _OleQueryLinkFromData@4    7c63be4a f   atldload:ole32.obj
 0001:0000ae4a       _CoInitialize@4            7c63be4a f   atldload:ole32.obj
 0001:0000ae4a       _CoEnableCallCancellation@4 7c63be4a f   atldload:ole32.obj
 0001:0000ae4a       _CoDisableCallCancellation@4 7c63be4a f   atldload:ole32.obj
 0001:0000ae4a       _CoRevokeClassObject@4     7c63be4a f   atldload:ole32.obj
 0001:0000ae4a       _RevokeDragDrop@4          7c63be4a f   atldload:ole32.obj
 0001:0000ae4a       _CreateOleAdviseHolder@4   7c63be4a f   atldload:ole32.obj
 0001:0000ae4a       _OleRun@4                  7c63be4a f   atldload:ole32.obj
 0001:0000ae4a       _OleGetClipboard@4         7c63be4a f   atldload:ole32.obj
 0001:0000ae4a       _CoReleaseMarshalData@4    7c63be4a f   atldload:ole32.obj
 0001:0000ae4a       _CreateDataAdviseHolder@4  7c63be4a f   atldload:ole32.obj
 0001:0000ae52       _CoInitializeSecurity@36   7c63be52 f   atldload:ole32.obj
 0001:0000ae5a       _CoMarshalInterface@24     7c63be5a f   atldload:ole32.obj
 0001:0000ae5a       _StgOpenStorage@24         7c63be5a f   atldload:ole32.obj
 0001:0000ae62       _OleFlushClipboard@0       7c63be62 f   atldload:ole32.obj
 0001:0000ae62       _CoImpersonateClient@0     7c63be62 f   atldload:ole32.obj
 0001:0000ae62       _CoRevertToSelf@0          7c63be62 f   atldload:ole32.obj
 0001:0000ae62       _CoSuspendClassObjects@0   7c63be62 f   atldload:ole32.obj
 0001:0000ae62       _CoResumeClassObjects@0    7c63be62 f   atldload:ole32.obj
 0001:0000ae68       _GetRunningObjectTable@8   7c63be68 f   atldload:ole32.obj
 0001:0000ae68       _CoCreateFreeThreadedMarshaler@8 7c63be68 f   atldload:ole32.obj
 0001:0000ae68       _CreateClassMoniker@8      7c63be68 f   atldload:ole32.obj
 0001:0000ae7a       _CreateItemMoniker@12      7c63be7a f   atldload:ole32.obj
 0001:0000ae8c       _MkParseDisplayName@16     7c63be8c f   atldload:ole32.obj
 0001:0000ae9e       _CoUninitialize@0          7c63be9e f   atldload:ole32.obj
 0001:0000ae9e       _OleUninitialize@0         7c63be9e f   atldload:ole32.obj
 0001:0000ae9e       _CoFreeUnusedLibraries@0   7c63be9e f   atldload:ole32.obj
 0001:0000ae9f       _OleLockRunning@12         7c63be9f f   atldload:ole32.obj
 0001:0000ae9f       _OleRegGetMiscStatus@12    7c63be9f f   atldload:ole32.obj
 0001:0000ae9f       _CoUnmarshalInterface@12   7c63be9f f   atldload:ole32.obj
 0001:0000ae9f       _CoGetInterfaceAndReleaseStream@12 7c63be9f f   atldload:ole32.obj
 0001:0000ae9f       _OleSave@12                7c63be9f f   atldload:ole32.obj
 0001:0000ae9f       _OleRegGetUserType@12      7c63be9f f   atldload:ole32.obj
 0001:0000ae9f       _OleLoadFromStream@12      7c63be9f f   atldload:ole32.obj
 0001:0000ae9f       _CreateStreamOnHGlobal@12  7c63be9f f   atldload:ole32.obj
 0001:0000ae9f       _CreateILockBytesOnHGlobal@12 7c63be9f f   atldload:ole32.obj
 0001:0000ae9f       _CoMarshalInterThreadInterfaceInStream@12 7c63be9f f   atldload:ole32.obj
 0001:0000aea7       _CreateBindCtx@8           7c63bea7 f   atldload:ole32.obj
 0001:0000aea7       _FreePropVariantArray@8    7c63bea7 f   atldload:ole32.obj
 0001:0000aea7       _CoInitializeEx@8          7c63bea7 f   atldload:ole32.obj
 0001:0000aea7       _WriteClassStm@8           7c63bea7 f   atldload:ole32.obj
 0001:0000aea7       _ProgIDFromCLSID@8         7c63bea7 f   atldload:ole32.obj
 0001:0000aea7       _CoRegisterMessageFilter@8 7c63bea7 f   atldload:ole32.obj
 0001:0000aea7       _CoGetMalloc@8             7c63bea7 f   atldload:ole32.obj
 0001:0000aea7       _CLSIDFromProgID@8         7c63bea7 f   atldload:ole32.obj
 0001:0000aea7       _RegisterDragDrop@8        7c63bea7 f   atldload:ole32.obj
 0001:0000aea7       _PropVariantCopy@8         7c63bea7 f   atldload:ole32.obj
 0001:0000aea7       _CoAllowSetForegroundWindow@8 7c63bea7 f   atldload:ole32.obj
 0001:0000aea7       _OleSaveToStream@8         7c63bea7 f   atldload:ole32.obj
 0001:0000aea7       _OleRegEnumVerbs@8         7c63bea7 f   atldload:ole32.obj
 0001:0000aea7       _CoSwitchCallContext@8     7c63bea7 f   atldload:ole32.obj
 0001:0000aea7       _CreateFileMoniker@8       7c63bea7 f   atldload:ole32.obj
 0001:0000aea7       _CoCancelCall@8            7c63bea7 f   atldload:ole32.obj
 0001:0000aea7       _CLSIDFromString@8         7c63bea7 f   atldload:ole32.obj
 0001:0000aea7       _StringFromCLSID@8         7c63bea7 f   atldload:ole32.obj
 0001:0000aea7       _GetClassFile@8            7c63bea7 f   atldload:ole32.obj
 0001:0000aeaf       _StgOpenStorageEx@32       7c63beaf f   atldload:ole32.obj
 0001:0000aeaf       _CoSetProxyBlanket@32      7c63beaf f   atldload:ole32.obj
 0001:0000aeb7       _OleCreateFromData@28      7c63beb7 f   atldload:ole32.obj
 0001:0000aec9       _CoFileTimeNow@4           7c63bec9 f   atldload:ole32.obj
 0001:0000aee2       _VariantCopy@8             7c63bee2 f   atldload:ole32.obj
 0001:0000aee2       _VariantCopyInd@8          7c63bee2 f   atldload:ole32.obj
 0001:0000aee2       _GetHGlobalFromStream@8    7c63bee2 f   atldload:ole32.obj
 0001:0000aeea       _CoRegisterClassObject@20  7c63beea f   atldload:ole32.obj
 0001:0000aeea       _OleSetMenuDescriptor@20   7c63beea f   atldload:ole32.obj
 0001:0000aeea       _CoWaitForMultipleHandles@20 7c63beea f   atldload:ole32.obj
 0001:0000aef2       _IsAccelerator@16          7c63bef2 f   atldload:ole32.obj
 0001:0000aef2       _RegQueryValueW@16         7c63bef2 f   atldload:ole32.obj
 0001:0000aefe       _OleCreateMenuDescriptor@8 7c63befe f   atldload:ole32.obj
 0001:0000af0a       _GetHGlobalFromILockBytes@8 7c63bf0a f   atldload:ole32.obj
 0001:0000af0a       _OleSetContainedObject@8   7c63bf0a f   atldload:ole32.obj
 0001:0000af0a       _WriteClassStg@8           7c63bf0a f   atldload:ole32.obj
 0001:0000af0a       _ReadClassStg@8            7c63bf0a f   atldload:ole32.obj
 0001:0000af0a       _CoTreatAsClass@8          7c63bf0a f   atldload:ole32.obj
 0001:0000af0a       _ReadClassStm@8            7c63bf0a f   atldload:ole32.obj
 0001:0000af0a       _SafeArrayAllocDescriptor@8 7c63bf0a f   atldload:ole32.obj
 0001:0000af0a       _CoDisconnectObject@8      7c63bf0a f   atldload:ole32.obj
 0001:0000af0a       _SetConvertStg@8           7c63bf0a f   atldload:ole32.obj
 0001:0000af0a       _SafeArrayRedim@8          7c63bf0a f   atldload:ole32.obj
 0001:0000af12       _WriteFmtUserTypeStg@12    7c63bf12 f   atldload:ole32.obj
 0001:0000af12       _CoLockObjectExternal@12   7c63bf12 f   atldload:ole32.obj
 0001:0000af12       _CreateGenericComposite@12 7c63bf12 f   atldload:ole32.obj
 0001:0000af12       _SafeArrayPtrOfIndex@12    7c63bf12 f   atldload:ole32.obj
 0001:0000af12       _SysReAllocStringLen@12    7c63bf12 f   atldload:ole32.obj
 0001:0000af12       _OleCreateFontIndirect@12  7c63bf12 f   atldload:ole32.obj
 0001:0000af12       _OleTranslateColor@12      7c63bf12 f   atldload:ole32.obj
 0001:0000af12       _OleTranslateAccelerator@12 7c63bf12 f   atldload:ole32.obj
 0001:0000af12       _ReadFmtUserTypeStg@12     7c63bf12 f   atldload:ole32.obj
 0001:0000af1a       _OleIsRunning@4            7c63bf1a f   atldload:ole32.obj
 0001:0000af26       _OleCreate@28              7c63bf26 f   atldload:ole32.obj
 0001:0000af26       _OleCreateStaticFromData@28 7c63bf26 f   atldload:ole32.obj
 0001:0000af26       _OleCreateLinkFromData@28  7c63bf26 f   atldload:ole32.obj
 0001:0000af26       _OleCreateLinkToFile@28    7c63bf26 f   atldload:ole32.obj
 0001:0000af2e       _StgOpenStorageOnILockBytes@24 7c63bf2e f   atldload:ole32.obj
 0001:0000af36       _OleDuplicateData@12       7c63bf36 f   atldload:ole32.obj
 0001:0000af36       _OleGetIconOfClass@12      7c63bf36 f   atldload:ole32.obj
 0001:0000af36       _IsTextUnicode@12          7c63bf36 f   atldload:ole32.obj
 0001:0000af36       _SetFileSecurityW@12       7c63bf36 f   atldload:ole32.obj
 0001:0000af42       _RegOpenKeyA@12            7c63bf42 f   atldload:advapi.obj
 0001:0000af42       _RegCreateKeyA@12          7c63bf42 f   atldload:advapi.obj
 0001:0000af42       _RegOpenKeyW@12            7c63bf42 f   atldload:advapi.obj
 0001:0000af42       _RegCreateKeyW@12          7c63bf42 f   atldload:advapi.obj
 0001:0000af48       _RegCreateKeyExA@36        7c63bf48 f   atldload:advapi.obj
 0001:0000af4e       _RegCreateKeyExW@36        7c63bf4e f   atldload:advapi.obj
 0001:0000af6c       _RegOpenKeyExW@20          7c63bf6c f   atldload:advapi.obj
 0001:0000af80       _RegSetValueExA@24         7c63bf80 f   atldload:advapi.obj
 0001:0000af80       _RegSetValueExW@24         7c63bf80 f   atldload:advapi.obj
 0001:0000af80       _RegQueryValueExA@24       7c63bf80 f   atldload:advapi.obj
 0001:0000af86       _RegQueryValueExW@24       7c63bf86 f   atldload:advapi.obj
 0001:0000afa4       _RegCloseKey@4             7c63bfa4 f   atldload:advapi.obj
 0001:0000afaa       _RegDeleteKeyA@8           7c63bfaa f   atldload:advapi.obj
 0001:0000afaa       _RegDeleteKeyW@8           7c63bfaa f   atldload:advapi.obj
 0001:0000afaa       _RegDeleteValueA@8         7c63bfaa f   atldload:advapi.obj
 0001:0000afaa       _RegDeleteValueW@8         7c63bfaa f   atldload:advapi.obj
 0001:0000afb0       _RegNotifyChangeKeyValue@20 7c63bfb0 f   atldload:advapi.obj
 0001:0000afb0       _RegOpenKeyExA@20          7c63bfb0 f   atldload:advapi.obj
 0001:0000afb0       _RegSetValueA@20           7c63bfb0 f   atldload:advapi.obj
 0001:0000afb6       _RegEnumKeyA@16            7c63bfb6 f   atldload:advapi.obj
 0001:0000afb6       _RegEnumKeyW@16            7c63bfb6 f   atldload:advapi.obj
 0001:0000afb6       _RegQueryValueA@16         7c63bfb6 f   atldload:advapi.obj
 0001:0000afbc       _RegEnumKeyExW@32          7c63bfbc f   atldload:advapi.obj
 0001:0000afd0       _RegQueryInfoKeyW@48       7c63bfd0 f   atldload:advapi.obj
 0001:0000afd6       _BitBlt@36                 7c63bfd6 f   atldload:advapi.obj
 0001:0000afd6       _ReportEventW@36           7c63bfd6 f   atldload:advapi.obj
 0001:0000afe2       _AdjustTokenPrivileges@24  7c63bfe2 f   atldload:advapi.obj
 0001:0000afe2       _CreateDIBSection@24       7c63bfe2 f   atldload:advapi.obj
 0001:0000afee       _AllocateAndInitializeSid@44 7c63bfee f   atldload:advapi.obj
 0001:0000affa       _RegEnumValueW@32          7c63bffa f   atldload:advapi.obj
 0001:0000b000       _VariantTimeToDosDateTime@16 7c63c000 f   atldload:advapi.obj
 0001:0000b000       _CryptHashData@16          7c63c000 f   atldload:advapi.obj
 0001:0000b005       _CryptGetHashParam@20      7c63c005 f   atldload:advapi.obj
 0001:0000b018       _CryptAcquireContextW@20   7c63c018 f   atldload:advapi.obj
 0001:0000b018       _CryptCreateHash@20        7c63c018 f   atldload:advapi.obj
 0001:0000b01d       _GetFileSecurityW@20       7c63c01d f   atldload:advapi.obj
 0001:0000b01d       _RegSetValueW@20           7c63c01d f   atldload:advapi.obj
 0001:0000b7ec       ?__InitializeThunkPool@@YAHXZ 7c63c7ec f   atls:atlthunk.obj
 0001:0000bfd7       @x64toa_s@24               7c63cfd7 f   libcmt:xtoas.obj
 0001:0000dc6b       @x64tow_s@24               7c63ec6b f   libcmt:xtows.obj
 0001:0000e6c5       _fastzero_I                7c63f6c5 f   libcmt:p4_memset.obj
 0001:0000e850       __unwind_handler4          7c63f850 f   libcmt:exsup4.obj
 0001:0000eb5f       _fastcopy_I                7c63fb5f f   libcmt:p4_memcpy.obj
 0001:0000ecd1       _has_osfxsr_set            7c63fcd1 f   libcmt:cpu_disp.obj
 0001:0000edb0       __unwind_handler           7c63fdb0 f   libcmt:exsup.obj
 0001:0000f10a       ??__E_Module@@YAXXZ        7c64010a f   atl.obj
 0001:0000f134       ??__E_AtlComModule@ATL@@YAXXZ 7c640134 f   atls:atlcommodule.obj
 0001:0000f14a       ??__E_AtlBaseModule@ATL@@YAXXZ 7c64014a f   atls:atlbase.obj
 0001:0000f160       ??__E_AtlWinModule@ATL@@YAXXZ 7c640160 f   atls:atlbase.obj
 0001:0000f176       ??__F_Module@@YAXXZ        7c640176 f   atl.obj
 0001:0000f18a       ??__F_AtlComModule@ATL@@YAXXZ 7c64018a f   atls:atlcommodule.obj
 0001:0000f194       ??__F_AtlBaseModule@ATL@@YAXXZ 7c640194 f   atls:atlbase.obj
 0001:0000f19e       ??__F_AtlWinModule@ATL@@YAXXZ 7c64019e f   atls:atlbase.obj
