 atl80

 Timestamp is 62c35295 (Mon Jul 04 16:50:29 2022)

 Preferred load address is 7c630000

 Start         Length     Name                   Class
 0001:00000000 000659d2H .text                   CODE
 0001:000659e0 00000103H .text$x                 CODE
 0001:00065af0 0000045cH .text$yc                CODE
 0001:00065f50 0000006fH .text$yd                CODE
 0002:00000000 0000020cH .idata$5                DATA
 0002:0000020c 00000004H .CRT$XCA                DATA
 0002:00000210 0000000cH .CRT$XCC                DATA
 0002:0000021c 00000074H .CRT$XCL                DATA
 0002:00000290 00000010H .CRT$XCU                DATA
 0002:000002a0 00000004H .CRT$XCZ                DATA
 0002:000002a4 00000004H .CRT$XIA                DATA
 0002:000002a8 00000014H .CRT$XIC                DATA
 0002:000002bc 00000004H .CRT$XIZ                DATA
 0002:000002c0 00000004H .CRT$XPA                DATA
 0002:000002c4 00000008H .CRT$XPX                DATA
 0002:000002cc 00000004H .CRT$XPXA               DATA
 0002:000002d0 00000004H .CRT$XPZ                DATA
 0002:000002d4 00000004H .CRT$XTA                DATA
 0002:000002d8 00000004H .CRT$XTZ                DATA
 0002:000002e0 0001a470H .rdata                  DATA
 0002:0001a750 0000004dH .rdata$debug            DATA
 0002:0001a7a0 00000388H .rdata$r                DATA
 0002:0001ab30 0000002cH .rdata$sxdata           DATA
 0002:0001ab5c 00000004H .rtc$IAA                DATA
 0002:0001ab60 00000004H .rtc$IZZ                DATA
 0002:0001ab64 00000004H .rtc$TAA                DATA
 0002:0001ab68 00000004H .rtc$TZZ                DATA
 0002:0001ab70 00000d2cH .xdata$x                DATA
 0002:0001b89c 00000004H ATL$__a                 DATA
 0002:0001b8a0 00000004H ATL$__z                 DATA
 0002:0001b8a4 000000a0H .didat$2                DATA
 0002:0001b944 00000020H .didat$3                DATA
 0002:0001b964 00000200H .didat$4                DATA
 0002:0001bb64 00000752H .didat$6                DATA
 0002:0001c2b8 00000200H .didat$7                DATA
 0002:0001c4b8 00000014H .idata$2                DATA
 0002:0001c4cc 00000014H .idata$3                DATA
 0002:0001c4e0 0000020cH .idata$4                DATA
 0002:0001c6ec 0000092aH .idata$6                DATA
 0002:0001d020 000006ddH .edata                  DATA
 0003:00000000 00001330H .data                   DATA
 0003:00001330 00000200H .didat$5                DATA
 0003:00001540 00001f1cH .bss                    DATA
 0004:00000000 00000128H .rsrc$01                DATA
 0004:00000130 00002218H .rsrc$02                DATA

  Address         Publics by Value              Rva+Base       Lib:Object

 0000:00000000       __except_list              00000000     <absolute>
 0000:0000000b       ___safe_se_handler_count   0000000b     <absolute>
 0000:00000000       ___ImageBase               7c630000     <linker-defined>
 0001:00000000       _AtlComPtrAssign@8         7c631000 f i RegObj.obj
 0001:00000050       _AtlInternalQueryInterface@16 7c631050 f i RegObj.obj
 0001:00000220       _InlineIsEqualGUID         7c631220 f i RegObj.obj
 0001:00000280       ?InlineIsEqualUnknown@ATL@@YGHABU_GUID@@@Z 7c631280 f i RegObj.obj
 0001:000002d0       _AtlWinModuleAddCreateWndData@12 7c6312d0 f i RegObj.obj
 0001:000003e0       ??0CTraceFileAndLineInfo@ATL@@QAE@PBDH@Z 7c6313e0 f i RegObj.obj
 0001:00000410       ??RCTraceFileAndLineInfo@ATL@@QBAXKIPB_WZZ 7c631410 f i RegObj.obj
 0001:00000450       ?TraceV@CTrace@ATL@@QBAXPBDHKIPB_WPAD@Z 7c631450 f i RegObj.obj
 0001:00000480       ??BCTraceCategory@ATL@@QBEKXZ 7c631480 f i RegObj.obj
 0001:00000490       ?_AtlRaiseException@ATL@@YAXKK@Z 7c631490 f i RegObj.obj
 0001:000004b0       _AtlWinModuleExtractCreateWndData@4 7c6314b0 f i RegObj.obj
 0001:000005d0       _AtlWinModuleRegisterClassExW@8 7c6315d0 f i RegObj.obj
 0001:00000640       _AtlWinModuleRegisterWndClassInfoW@16 7c631640 f i RegObj.obj
 0001:00000670       ?Add@?$CSimpleArray@GV?$CSimpleArrayEqualHelper@G@ATL@@@ATL@@QAEHABG@Z 7c631670 f i RegObj.obj
 0001:00000790       ?AtlThrowImpl@ATL@@YGXJ@Z  7c631790 f i RegObj.obj
 0001:00000820       ?InternalSetAtIndex@?$CSimpleArray@GV?$CSimpleArrayEqualHelper@G@ATL@@@ATL@@QAEXHABG@Z 7c631820 f i RegObj.obj
 0001:00000870       ??0Wrapper@?$CSimpleArray@GV?$CSimpleArrayEqualHelper@G@ATL@@@ATL@@QAE@ABG@Z 7c631870 f i RegObj.obj
 0001:00000890       ??0?$CComCritSecLock@VCComCriticalSection@ATL@@@ATL@@QAE@AAVCComCriticalSection@1@_N@Z 7c631890 f i RegObj.obj
 0001:000008e0       ??1?$CComCritSecLock@VCComCriticalSection@ATL@@@ATL@@QAE@XZ 7c6318e0 f i RegObj.obj
 0001:00000900       ?Unlock@?$CComCritSecLock@VCComCriticalSection@ATL@@@ATL@@QAEXXZ 7c631900 f i RegObj.obj
 0001:00000950       ?Unlock@CComCriticalSection@ATL@@QAEJXZ 7c631950 f i RegObj.obj
 0001:00000970       ?Lock@?$CComCritSecLock@VCComCriticalSection@ATL@@@ATL@@QAEJXZ 7c631970 f i RegObj.obj
 0001:000009d0       ?Lock@CComCriticalSection@ATL@@QAEJXZ 7c6319d0 f i RegObj.obj
 0001:000009f0       ??$AtlModuleRegisterWndClassInfoT@VAtlModuleRegisterWndClassInfoParamW@ATL@@@ATL@@YAGPAU_ATL_BASE_MODULE70@0@PAU_ATL_WIN_MODULE70@0@PAU_ATL_WNDCLASSINFOW@0@PAP6GJPAUHWND__@@IIJ@ZVAtlModuleRegisterWndClassInfoParamW@0@@Z 7c6319f0 f i RegObj.obj
 0001:00000d70       ??RCTraceFileAndLineInfo@ATL@@QBAXKIPBDZZ 7c631d70 f i RegObj.obj
 0001:00000db0       ?TraceV@CTrace@ATL@@QBAXPBDHKI0PAD@Z 7c631db0 f i RegObj.obj
 0001:00000de0       ?GetClassInfoExW@AtlModuleRegisterWndClassInfoParamW@ATL@@SAHPAUHINSTANCE__@@PB_WPAUtagWNDCLASSEXW@@@Z 7c631de0 f i RegObj.obj
 0001:00000e00       ?FormatWindowClassName@AtlModuleRegisterWndClassInfoParamW@ATL@@SAXPA_WKPAX@Z 7c631e00 f i RegObj.obj
 0001:00000e20       ?LoadCursorW@AtlModuleRegisterWndClassInfoParamW@ATL@@SAPAUHICON__@@PAUHINSTANCE__@@PB_W@Z 7c631e20 f i RegObj.obj
 0001:00000e40       ?RegisterClassExW@AtlModuleRegisterWndClassInfoParamW@ATL@@SAGPAU_ATL_WIN_MODULE70@2@PBUtagWNDCLASSEXW@@@Z 7c631e40 f i RegObj.obj
 0001:00000e60       ??$?2G@Wrapper@?$CSimpleArray@GV?$CSimpleArrayEqualHelper@G@ATL@@@ATL@@SAPAXIPAG@Z 7c631e60 f i RegObj.obj
 0001:00000e70       ?UpdateRegistry@CDLLRegObject@@SGJH@Z 7c631e70 f i atl.obj
 0001:00000f40       _DllMain@12                7c631f40 f   atl.obj
 0001:00001040       _AtlCreateRegistrar@4      7c632040 f   atl.obj
 0001:00001070       _AtlUpdateRegistryFromResourceD@20 7c632070 f i atl.obj
 0001:00001500       ??4?$CComPtr@UIRegistrar@@@ATL@@QAEPAUIRegistrar@@PAU2@@Z 7c632500 f i atl.obj
 0001:00001540       ?GetObjectDescription@?$CComCoClass@VCDLLRegObject@@$1?CLSID_Registrar@@3U_GUID@@B@ATL@@SGPB_WXZ 7c632540 f i atl.obj
 0001:00001550       ?CreateInstance@?$CComCreator@V?$CComObjectCached@VCComClassFactory@ATL@@@ATL@@@ATL@@SGJPAXABU_GUID@@PAPAX@Z 7c632550 f i atl.obj
 0001:00001690       ?_AtlInitialConstruct@?$CComObjectRootEx@VCComMultiThreadModel@ATL@@@ATL@@QAEJXZ 7c632690 f i atl.obj
 0001:000016b0       ?CreateInstance@?$CComCreator2@V?$CComCreator@V?$CComObject@VCDLLRegObject@@@ATL@@@ATL@@V?$CComFailCreator@$0?HPPLPOPA@@2@@ATL@@SGJPAXABU_GUID@@PAPAX@Z 7c6326b0 f i atl.obj
 0001:00001720       ??_G?$CComObjectCached@VCComClassFactory@ATL@@@ATL@@QAEPAXI@Z 7c632720 f i atl.obj
 0001:00001750       ??9?$CComPtrBase@UIRegistrar@@@ATL@@QBE_NPAUIRegistrar@@@Z 7c632750 f i atl.obj
 0001:00001780       ??0?$CComObjectCached@VCComClassFactory@ATL@@@ATL@@QAE@PAX@Z 7c632780 f i atl.obj
 0001:000017b0       ??1?$CComObjectCached@VCComClassFactory@ATL@@@ATL@@QAE@XZ 7c6327b0 f i atl.obj
 0001:000017f0       ?AddRef@?$CComObjectCached@VCComClassFactory@ATL@@@ATL@@UAGKXZ 7c6327f0 f i atl.obj
 0001:00001830       ?Release@?$CComObjectCached@VCComClassFactory@ATL@@@ATL@@UAGKXZ 7c632830 f i atl.obj
 0001:000018a0       ?QueryInterface@?$CComObjectCached@VCComClassFactory@ATL@@@ATL@@UAGJABU_GUID@@PAPAX@Z 7c6328a0 f i atl.obj
 0001:000018c0       ?CreateInstance@?$CComCreator@V?$CComObject@VCDLLRegObject@@@ATL@@@ATL@@SGJPAXABU_GUID@@PAPAX@Z 7c6328c0 f i atl.obj
 0001:00001a10       ?FinalConstruct@CDLLRegObject@@QAEJXZ 7c632a10 f i atl.obj
 0001:00001a40       ?CreateInstance@?$CComFailCreator@$0?HPPLPOPA@@ATL@@SGJPAXABU_GUID@@PAPAX@Z 7c632a40 f i atl.obj
 0001:00001a70       ??0CComClassFactory@ATL@@QAE@XZ 7c632a70 f i atl.obj
 0001:00001aa0       ??0IClassFactory@@QAE@XZ   7c632aa0 f i atl.obj
 0001:00001ac0       ??8?$CComPtrBase@UIRegistrar@@@ATL@@QBE_NPAUIRegistrar@@@Z 7c632ac0 f i atl.obj
 0001:00001ae0       ??0?$CComObject@VCDLLRegObject@@@ATL@@QAE@PAX@Z 7c632ae0 f i atl.obj
 0001:00001b20       ??0CDLLRegObject@@QAE@XZ   7c632b20 f i atl.obj
 0001:00001b50       ??0CRegObject@ATL@@QAE@XZ  7c632b50 f i atl.obj
 0001:00001b80       ??0IRegistrar@@QAE@XZ      7c632b80 f i atl.obj
 0001:00001ba0       ??0CExpansionVector@ATL@@QAE@XZ 7c632ba0 f i atl.obj
 0001:00001bc0       ??0IRegistrarBase@@QAE@XZ  7c632bc0 f i atl.obj
 0001:00001be0       ??0?$CSimpleMap@PA_WPA_WVCExpansionVectorEqualHelper@ATL@@@ATL@@QAE@XZ 7c632be0 f i atl.obj
 0001:00001c10       ?AddRef@?$CComObject@VCDLLRegObject@@@ATL@@UAGKXZ 7c632c10 f i atl.obj
 0001:00001c30       ?Release@?$CComObject@VCDLLRegObject@@@ATL@@UAGKXZ 7c632c30 f i atl.obj
 0001:00001c80       ?QueryInterface@?$CComObject@VCDLLRegObject@@@ATL@@UAGJABU_GUID@@PAPAX@Z 7c632c80 f i atl.obj
 0001:00001ca0       ?_InternalQueryInterface@CDLLRegObject@@QAEJABU_GUID@@PAPAX@Z 7c632ca0 f i atl.obj
 0001:00001cd0       ?_GetEntries@CDLLRegObject@@SGPBU_ATL_INTMAP_ENTRY@ATL@@XZ 7c632cd0 f i atl.obj
 0001:00001ce0       ??_G?$CComObject@VCDLLRegObject@@@ATL@@UAEPAXI@Z 7c632ce0 f i atl.obj
 0001:00001ce0       ??_E?$CComObject@VCDLLRegObject@@@ATL@@UAEPAXI@Z 7c632ce0 f i atl.obj
 0001:00001d10       ??1?$CComObject@VCDLLRegObject@@@ATL@@UAE@XZ 7c632d10 f i atl.obj
 0001:00001d60       ??1CDLLRegObject@@UAE@XZ   7c632d60 f i atl.obj
 0001:00001da0       ?FinalRelease@CDLLRegObject@@QAEXXZ 7c632da0 f i atl.obj
 0001:00001dc0       ?CreateInstance@?$CComObject@VCDLLRegObject@@@ATL@@SGJPAPAV12@@Z 7c632dc0 f i atl.obj
 0001:00001ef0       ?_AtlGetConversionACP@ATL@@YGIXZ 7c632ef0 f i atl.obj
 0001:00001f00       ?ocslen@@YAHPB_W@Z         7c632f00 f i atl.obj
 0001:00001f10       ?ocscpy_s@@YA_NPA_WIPB_W@Z 7c632f10 f i atl.obj
 0001:00001f50       ?T2OLE_EX@@YAPA_WPA_WI@Z   7c632f50 f i atl.obj
 0001:00001f60       ?Init@CComSafeDeleteCriticalSection@ATL@@QAEJXZ 7c632f60 f i atl.obj
 0001:00001fc0       ?Init@CComCriticalSection@ATL@@QAEJXZ 7c632fc0 f i atl.obj
 0001:00002060       ?AtlHresultFromLastError@ATL@@YAJXZ 7c633060 f i atl.obj
 0001:000020a0       ?AtlHresultFromWin32@ATL@@YAJK@Z 7c6330a0 f i atl.obj
 0001:000020e0       ?EscapeSingleQuote@CAtlModule@ATL@@SAXPA_WIPB_W@Z 7c6330e0 f i atl.obj
 0001:00002180       ??1?$CComPtr@UIRegistrar@@@ATL@@QAE@XZ 7c633180 f i atl.obj
 0001:000021a0       _AtlWinModuleTerm@8        7c6331a0 f i atl.obj
 0001:00002240       ?Term@CComCriticalSection@ATL@@QAEJXZ 7c633240 f i atl.obj
 0001:00002260       ?AtlModuleUpdateRegistryFromResourceD@ATL@@YAJPAU_ATL_MODULE70@1@PB_WHPAU_ATL_REGMAP_ENTRY@1@PAUIRegistrar@@@Z 7c633260 f i atl.obj
 0001:00002290       ?GetModuleInstance@CAtlBaseModule@ATL@@QAEPAUHINSTANCE__@@XZ 7c633290 f i atl.obj
 0001:000022b0       ?Init@CComModule@ATL@@QAEJPAU_ATL_OBJMAP_ENTRY30@2@PAUHINSTANCE__@@PBU_GUID@@@Z 7c6332b0 f i atl.obj
 0001:00002360       ?Term@CComModule@ATL@@QAEXXZ 7c633360 f i atl.obj
 0001:00002410       ?Term@CAtlWinModule@ATL@@QAEXXZ 7c633410 f i atl.obj
 0001:00002430       ?Term@CAtlModule@ATL@@QAEXXZ 7c633430 f i atl.obj
 0001:000024b0       _AtlCallTermFunc@4         7c6334b0 f i atl.obj
 0001:00002520       ?FinalConstruct@CComObjectRootBase@ATL@@QAEJXZ 7c633520 f i atl.obj
 0001:00002530       ?_AtlFinalConstruct@CComObjectRootBase@ATL@@QAEJXZ 7c633530 f i atl.obj
 0001:00002540       ?FinalRelease@CComObjectRootBase@ATL@@QAEXXZ 7c633540 f i atl.obj
 0001:00002550       ?GetCategoryMap@CComObjectRootBase@ATL@@SAPBU_ATL_CATMAP_ENTRY@2@XZ 7c633550 f i atl.obj
 0001:00002560       ?InternalQueryInterface@CComObjectRootBase@ATL@@SGJPAXPBU_ATL_INTMAP_ENTRY@2@ABU_GUID@@PAPAX@Z 7c633560 f i atl.obj
 0001:00002600       ?SetVoid@CComObjectRootBase@ATL@@QAEXPAX@Z 7c633600 f i atl.obj
 0001:00002610       ?InternalFinalConstructAddRef@CComObjectRootBase@ATL@@QAEXXZ 7c633610 f i atl.obj
 0001:00002620       ?InternalFinalConstructRelease@CComObjectRootBase@ATL@@QAEXXZ 7c633620 f i atl.obj
 0001:00002660       ?ObjectMain@CComObjectRootBase@ATL@@SGX_N@Z 7c633660 f i atl.obj
 0001:00002670       ?_InternalQueryInterface@CComClassFactory@ATL@@QAEJABU_GUID@@PAPAX@Z 7c633670 f i atl.obj
 0001:000026a0       ?_GetEntries@CComClassFactory@ATL@@SGPBU_ATL_INTMAP_ENTRY@2@XZ 7c6336a0 f i atl.obj
 0001:000026b0       ??1CComClassFactory@ATL@@QAE@XZ 7c6336b0 f i atl.obj
 0001:000026f0       ?CreateInstance@CComClassFactory@ATL@@UAGJPAUIUnknown@@ABU_GUID@@PAPAX@Z 7c6336f0 f i atl.obj
 0001:000027b0       ?LockServer@CComClassFactory@ATL@@UAGJH@Z 7c6337b0 f i atl.obj
 0001:000027f0       ?SetVoid@CComClassFactory@ATL@@QAEXPAX@Z 7c6337f0 f i atl.obj
 0001:00002810       ??1CRegObject@ATL@@UAE@XZ  7c633810 f i atl.obj
 0001:00002840       ??1CExpansionVector@ATL@@QAE@XZ 7c633840 f i atl.obj
 0001:00002860       ?ClearReplacements@CExpansionVector@ATL@@QAEJXZ 7c633860 f i atl.obj
 0001:000028e0       ?FinalConstruct@CRegObject@ATL@@QAEJXZ 7c6338e0 f i atl.obj
 0001:00002900       ?FileRegister@CRegObject@ATL@@UAGJPB_W@Z 7c633900 f i atl.obj
 0001:00002920       ?FileUnregister@CRegObject@ATL@@UAGJPB_W@Z 7c633920 f i atl.obj
 0001:00002940       ?StringRegister@CRegObject@ATL@@UAGJPB_W@Z 7c633940 f i atl.obj
 0001:00002960       ?StringUnregister@CRegObject@ATL@@UAGJPB_W@Z 7c633960 f i atl.obj
 0001:00002980       ??1CComAutoDeleteCriticalSection@ATL@@QAE@XZ 7c633980 f i atl.obj
 0001:000029a0       ??1CComSafeDeleteCriticalSection@ATL@@QAE@XZ 7c6339a0 f i atl.obj
 0001:000029d0       ??1CComCriticalSection@ATL@@QAE@XZ 7c6339d0 f i atl.obj
 0001:000029e0       ?AddReplacement@CRegObject@ATL@@UAGJPB_W0@Z 7c6339e0 f i atl.obj
 0001:00002a90       ?OLE2CT_EX@@YAPB_WPB_WI@Z  7c633a90 f i atl.obj
 0001:00002aa0       ?Lock@CComSafeDeleteCriticalSection@ATL@@QAEJXZ 7c633aa0 f i atl.obj
 0001:00002af0       ?Add@CExpansionVector@ATL@@QAEHPB_W0@Z 7c633af0 f i atl.obj
 0001:00002c80       ?memcpy_s@Checked@ATL@@YAXPAXIPBXI@Z 7c633c80 f i atl.obj
 0001:00002cb0       ?AtlCrtErrorCheck@ATL@@YAHH@Z 7c633cb0 f i atl.obj
 0001:00002d60       ?ResourceRegister@CRegObject@ATL@@UAGJPB_WI0@Z 7c633d60 f i atl.obj
 0001:00002dd0       ?RegisterFromResource@CRegObject@ATL@@IAEJPB_W00H@Z 7c633dd0 f i atl.obj
 0001:000030c0       ?ResourceRegisterSz@CRegObject@ATL@@UAGJPB_W00@Z 7c6340c0 f i atl.obj
 0001:00003160       ?ResourceUnregister@CRegObject@ATL@@UAGJPB_WI0@Z 7c634160 f i atl.obj
 0001:000031d0       ?ResourceUnregisterSz@CRegObject@ATL@@UAGJPB_W00@Z 7c6341d0 f i atl.obj
 0001:00003270       ?RegisterWithString@CRegObject@ATL@@IAEJPB_WH@Z 7c634270 f i atl.obj
 0001:000032f0       ?ClearReplacements@CRegObject@ATL@@UAGJXZ 7c6342f0 f i atl.obj
 0001:00003330       ?CommonFileRegister@CRegObject@ATL@@IAEJPB_WH@Z 7c634330 f i atl.obj
 0001:000035f0       ??0CRegParser@ATL@@QAE@PAVCRegObject@1@@Z 7c6345f0 f i atl.obj
 0001:00003620       ?RegisterBuffer@CRegParser@ATL@@QAEJPA_WH@Z 7c634620 f i atl.obj
 0001:000038c0       ?GenerateError@CRegParser@ATL@@IAEJI@Z 7c6348c0 f i atl.obj
 0001:000038e0       ?HKeyFromString@CRegParser@ATL@@KAPAUHKEY__@@PA_W@Z 7c6348e0 f i atl.obj
 0001:00003930       ?SkipWhiteSpace@CRegParser@ATL@@IAEXXZ 7c634930 f i atl.obj
 0001:00003970       ?IsSpace@CRegParser@ATL@@IAEH_W@Z 7c634970 f i atl.obj
 0001:000039d0       ?NextToken@CRegParser@ATL@@IAEJPA_W@Z 7c6349d0 f i atl.obj
 0001:00003c20       ?EndOfVar@CRegParser@ATL@@IAEHXZ 7c634c20 f i atl.obj
 0001:00003c70       ?PreProcessBuffer@CRegParser@ATL@@QAEJPA_WPAPA_W@Z 7c634c70 f i atl.obj
 0001:00003f00       ?tcsncpy_s@Checked@ATL@@YAHPA_WIPB_WI@Z 7c634f00 f i atl.obj
 0001:00003f30       ??0CParseBuffer@CRegParser@ATL@@QAE@H@Z 7c634f30 f i atl.obj
 0001:00003f90       ?AtlCoTaskMemCAlloc@ATL@@YAPAXKK@Z 7c634f90 f i atl.obj
 0001:00003fd0       ??$AtlMultiply@K@ATL@@YAJPAKKK@Z 7c634fd0 f i atl.obj
 0001:00004010       ??1CParseBuffer@CRegParser@ATL@@QAE@XZ 7c635010 f i atl.obj
 0001:00004030       ?AddChar@CParseBuffer@CRegParser@ATL@@QAEHPB_W@Z 7c635030 f i atl.obj
 0001:00004060       ?Append@CParseBuffer@CRegParser@ATL@@QAEHPB_WH@Z 7c635060 f i atl.obj
 0001:000041b0       ?AtlCoTaskMemRecalloc@ATL@@YAPAXPAXKK@Z 7c6351b0 f i atl.obj
 0001:000041f0       ?AddString@CParseBuffer@CRegParser@ATL@@QAEHPB_W@Z 7c6351f0 f i atl.obj
 0001:00004290       ?Detach@CParseBuffer@CRegParser@ATL@@QAEPA_WXZ 7c635290 f i atl.obj
 0001:000042d0       ?StrFromMap@CRegObject@ATL@@QAEPB_WPA_W@Z 7c6352d0 f i atl.obj
 0001:00004340       ?StrChrW@CRegParser@ATL@@KAPA_WPA_W_W@Z 7c635340 f i atl.obj
 0001:00004390       ?RegisterSubkeys@CRegParser@ATL@@IAEJPA_WPAUHKEY__@@HH@Z 7c635390 f i atl.obj
 0001:00004d40       ??0CRegKey@ATL@@QAE@XZ     7c635d40 f i atl.obj
 0001:00004d60       ??1CRegKey@ATL@@QAE@XZ     7c635d60 f i atl.obj
 0001:00004d80       ??BCRegKey@ATL@@QBEPAUHKEY__@@XZ 7c635d80 f i atl.obj
 0001:00004d90       ?Detach@CRegKey@ATL@@QAEPAUHKEY__@@XZ 7c635d90 f i atl.obj
 0001:00004dc0       ?Attach@CRegKey@ATL@@QAEXPAUHKEY__@@@Z 7c635dc0 f i atl.obj
 0001:00004e10       ?DeleteSubKey@CRegKey@ATL@@QAEJPB_W@Z 7c635e10 f i atl.obj
 0001:00004e60       ?DeleteValue@CRegKey@ATL@@QAEJPB_W@Z 7c635e60 f i atl.obj
 0001:00004eb0       ?Close@CRegKey@ATL@@QAEJXZ 7c635eb0 f i atl.obj
 0001:00004ef0       ?Create@CRegKey@ATL@@QAEJPAUHKEY__@@PB_WPA_WKKPAU_SECURITY_ATTRIBUTES@@PAK@Z 7c635ef0 f i atl.obj
 0001:00004f90       ?Open@CRegKey@ATL@@QAEJPAUHKEY__@@PB_WK@Z 7c635f90 f i atl.obj
 0001:00005030       ?RecurseDeleteKey@CRegKey@ATL@@QAEJPB_W@Z 7c636030 f i atl.obj
 0001:00005180       ?AddValue@CRegParser@ATL@@IAEJAAVCRegKey@2@PB_WPA_W@Z 7c636180 f i atl.obj
 0001:000057d0       ?SetDWORDValue@CRegKey@ATL@@QAEJPB_WK@Z 7c6367d0 f i atl.obj
 0001:00005830       ?SetStringValue@CRegKey@ATL@@QAEJPB_W0K@Z 7c636830 f i atl.obj
 0001:00005910       ?SetMultiStringValue@CRegKey@ATL@@QAEJPB_W0@Z 7c636910 f i atl.obj
 0001:000059f0       ?VTFromRegType@CRegParser@ATL@@KAHPB_WAAG@Z 7c6369f0 f i atl.obj
 0001:00005ab0       ?ChToByte@CRegParser@ATL@@KAE_W@Z 7c636ab0 f i atl.obj
 0001:00005ba0       ?CanForceRemoveKey@CRegParser@ATL@@IAEHPB_W@Z 7c636ba0 f i atl.obj
 0001:00005bf0       ?HasSubKeys@CRegParser@ATL@@IAEHPAUHKEY__@@@Z 7c636bf0 f i atl.obj
 0001:00005c90       ?SkipAssignment@CRegParser@ATL@@IAEJPA_W@Z 7c636c90 f i atl.obj
 0001:00005d30       ?AtlAxWinTerm@ATL@@YAHXZ   7c636d30 f i atl.obj
 0001:00005d70       ??0?$CComObjectRootEx@VCComMultiThreadModel@ATL@@@ATL@@QAE@XZ 7c636d70 f i atl.obj
 0001:00005da0       ??0CComObjectRootBase@ATL@@QAE@XZ 7c636da0 f i atl.obj
 0001:00005dc0       ??0CComAutoDeleteCriticalSection@ATL@@QAE@XZ 7c636dc0 f i atl.obj
 0001:00005de0       ??0CComSafeDeleteCriticalSection@ATL@@QAE@XZ 7c636de0 f i atl.obj
 0001:00005e00       ??0CComCriticalSection@ATL@@QAE@XZ 7c636e00 f i atl.obj
 0001:00005e20       ??0IUnknown@@QAE@XZ        7c636e20 f i atl.obj
 0001:00005e30       ?UpdateRegistry@CAxHostWindow@ATL@@SGJH@Z 7c636e30 f i atl.obj
 0001:00005e40       ??0?$CAtlSafeAllocBufferManager@VCCRTAllocator@ATL@@@_ATL_SAFE_ALLOCA_IMPL@ATL@@QAE@XZ 7c636e40 f i atl.obj
 0001:00005e60       ??1?$CAtlSafeAllocBufferManager@VCCRTAllocator@ATL@@@_ATL_SAFE_ALLOCA_IMPL@ATL@@QAE@XZ 7c636e60 f i atl.obj
 0001:00005ea0       ?Free@CCRTAllocator@ATL@@SAXPAX@Z 7c636ea0 f i atl.obj
 0001:00005ec0       ?GetSize@?$CSimpleArray@GV?$CSimpleArrayEqualHelper@G@ATL@@@ATL@@QBEHXZ 7c636ec0 f i atl.obj
 0001:00005ee0       ?RemoveAll@?$CSimpleArray@GV?$CSimpleArrayEqualHelper@G@ATL@@@ATL@@QAEXXZ 7c636ee0 f i atl.obj
 0001:00005f40       ??A?$CSimpleArray@GV?$CSimpleArrayEqualHelper@G@ATL@@@ATL@@QAEAAGH@Z 7c636f40 f i atl.obj
 0001:00005fb0       ??0?$CComPtr@UIRegistrar@@@ATL@@QAE@XZ 7c636fb0 f i atl.obj
 0001:00005fd0       ??1?$CComPtrBase@UIRegistrar@@@ATL@@QAE@XZ 7c636fd0 f i atl.obj
 0001:00006000       ??B?$CComPtrBase@UIRegistrar@@@ATL@@QBEPAUIRegistrar@@XZ 7c637000 f i atl.obj
 0001:00006010       ??I?$CComPtrBase@UIRegistrar@@@ATL@@QAEPAPAUIRegistrar@@XZ 7c637010 f i atl.obj
 0001:00006050       ??C?$CComPtrBase@UIRegistrar@@@ATL@@QBEPAV?$_NoAddRefReleaseOnCComPtr@UIRegistrar@@@1@XZ 7c637050 f i atl.obj
 0001:00006090       ??1?$CComObjectRootEx@VCComMultiThreadModel@ATL@@@ATL@@QAE@XZ 7c637090 f i atl.obj
 0001:000060b0       ??1CComObjectRootBase@ATL@@QAE@XZ 7c6370b0 f i atl.obj
 0001:000060c0       ??1?$CSimpleMap@PA_WPA_WVCExpansionVectorEqualHelper@ATL@@@ATL@@QAE@XZ 7c6370c0 f i atl.obj
 0001:000060e0       ?GetSize@?$CSimpleMap@PA_WPA_WVCExpansionVectorEqualHelper@ATL@@@ATL@@QBEHXZ 7c6370e0 f i atl.obj
 0001:00006100       ?Add@?$CSimpleMap@PA_WPA_WVCExpansionVectorEqualHelper@ATL@@@ATL@@QAEHABQA_W0@Z 7c637100 f i atl.obj
 0001:000061a0       ?RemoveAll@?$CSimpleMap@PA_WPA_WVCExpansionVectorEqualHelper@ATL@@@ATL@@QAEXXZ 7c6371a0 f i atl.obj
 0001:00006220       ?Lookup@?$CSimpleMap@PA_WPA_WVCExpansionVectorEqualHelper@ATL@@@ATL@@QBEPA_WABQA_W@Z 7c637220 f i atl.obj
 0001:00006260       ?GetKeyAt@?$CSimpleMap@PA_WPA_WVCExpansionVectorEqualHelper@ATL@@@ATL@@QBEAAPA_WH@Z 7c637260 f i atl.obj
 0001:000062d0       ?GetValueAt@?$CSimpleMap@PA_WPA_WVCExpansionVectorEqualHelper@ATL@@@ATL@@QBEAAPA_WH@Z 7c6372d0 f i atl.obj
 0001:00006340       ??0?$CAutoVectorPtr@_W@ATL@@QAE@XZ 7c637340 f i atl.obj
 0001:00006360       ??1?$CAutoVectorPtr@_W@ATL@@QAE@XZ 7c637360 f i atl.obj
 0001:00006380       ?Attach@?$CAutoVectorPtr@_W@ATL@@QAEXPA_W@Z 7c637380 f i atl.obj
 0001:000063d0       ?Detach@?$CAutoVectorPtr@_W@ATL@@QAEPA_WXZ 7c6373d0 f i atl.obj
 0001:00006400       ??0?$CTempBuffer@_W$0EAA@VCCRTAllocator@ATL@@@ATL@@QAE@XZ 7c637400 f i atl.obj
 0001:00006420       ??1?$CTempBuffer@_W$0EAA@VCCRTAllocator@ATL@@@ATL@@QAE@XZ 7c637420 f i atl.obj
 0001:00006440       ??B?$CTempBuffer@_W$0EAA@VCCRTAllocator@ATL@@@ATL@@QBEPA_WXZ 7c637440 f i atl.obj
 0001:00006450       ?Allocate@?$CTempBuffer@_W$0EAA@VCCRTAllocator@ATL@@@ATL@@QAEPA_WI@Z 7c637450 f i atl.obj
 0001:00006480       ??0?$CTempBuffer@D$0EAA@VCCRTAllocator@ATL@@@ATL@@QAE@XZ 7c637480 f i atl.obj
 0001:000064a0       ??1?$CTempBuffer@D$0EAA@VCCRTAllocator@ATL@@@ATL@@QAE@XZ 7c6374a0 f i atl.obj
 0001:000064c0       ??B?$CTempBuffer@D$0EAA@VCCRTAllocator@ATL@@@ATL@@QBEPADXZ 7c6374c0 f i atl.obj
 0001:000064d0       ?Allocate@?$CTempBuffer@D$0EAA@VCCRTAllocator@ATL@@@ATL@@QAEPADI@Z 7c6374d0 f i atl.obj
 0001:00006500       ??0?$CTempBuffer@_W$0BAA@VCCRTAllocator@ATL@@@ATL@@QAE@XZ 7c637500 f i atl.obj
 0001:00006520       ??1?$CTempBuffer@_W$0BAA@VCCRTAllocator@ATL@@@ATL@@QAE@XZ 7c637520 f i atl.obj
 0001:00006540       ??B?$CTempBuffer@_W$0BAA@VCCRTAllocator@ATL@@@ATL@@QBEPA_WXZ 7c637540 f i atl.obj
 0001:00006550       ?Allocate@?$CTempBuffer@_W$0BAA@VCCRTAllocator@ATL@@@ATL@@QAEPA_WI@Z 7c637550 f i atl.obj
 0001:00006580       ??0?$CTempBuffer@E$0BAA@VCCRTAllocator@ATL@@@ATL@@QAE@XZ 7c637580 f i atl.obj
 0001:000065a0       ??1?$CTempBuffer@E$0BAA@VCCRTAllocator@ATL@@@ATL@@QAE@XZ 7c6375a0 f i atl.obj
 0001:000065c0       ??B?$CTempBuffer@E$0BAA@VCCRTAllocator@ATL@@@ATL@@QBEPAEXZ 7c6375c0 f i atl.obj
 0001:000065d0       ?Allocate@?$CTempBuffer@E$0BAA@VCCRTAllocator@ATL@@@ATL@@QAEPAEI@Z 7c6375d0 f i atl.obj
 0001:00006600       ?GetWndClassName@?$CAxWindowT@VCWindow@ATL@@@ATL@@SAPB_WXZ 7c637600 f i atl.obj
 0001:00006610       ?GetWndClassName@?$CAxWindow2T@VCWindow@ATL@@@ATL@@SAPB_WXZ 7c637610 f i atl.obj
 0001:00006620       ??0?$CComPtrBase@UIRegistrar@@@ATL@@IAE@XZ 7c637620 f i atl.obj
 0001:00006640       ?InternalAddRef@?$CComObjectRootEx@VCComMultiThreadModel@ATL@@@ATL@@QAEKXZ 7c637640 f i atl.obj
 0001:00006690       ?Increment@CComMultiThreadModel@ATL@@SGKPAJ@Z 7c637690 f i atl.obj
 0001:000066b0       ?InternalRelease@?$CComObjectRootEx@VCComMultiThreadModel@ATL@@@ATL@@QAEKXZ 7c6376b0 f i atl.obj
 0001:00006700       ?Decrement@CComMultiThreadModel@ATL@@SGKPAJ@Z 7c637700 f i atl.obj
 0001:00006720       ?FindKey@?$CSimpleMap@PA_WPA_WVCExpansionVectorEqualHelper@ATL@@@ATL@@QBEHABQA_W@Z 7c637720 f i atl.obj
 0001:00006780       ?IsEqualKey@CExpansionVectorEqualHelper@ATL@@SA_NQA_W0@Z 7c637780 f i atl.obj
 0001:000067a0       ?InternalSetAtIndex@?$CSimpleMap@PA_WPA_WVCExpansionVectorEqualHelper@ATL@@@ATL@@QAEXHABQA_W0@Z 7c6377a0 f i atl.obj
 0001:00006820       ?Free@?$CAutoVectorPtr@_W@ATL@@QAEXXZ 7c637820 f i atl.obj
 0001:00006850       ?AllocateBytes@?$CTempBuffer@_W$0EAA@VCCRTAllocator@ATL@@@ATL@@QAEPA_WI@Z 7c637850 f i atl.obj
 0001:000068b0       ?FreeHeap@?$CTempBuffer@_W$0EAA@VCCRTAllocator@ATL@@@ATL@@AAEXXZ 7c6378b0 f i atl.obj
 0001:000068d0       ?AllocateBytes@?$CTempBuffer@D$0EAA@VCCRTAllocator@ATL@@@ATL@@QAEPADI@Z 7c6378d0 f i atl.obj
 0001:00006930       ?FreeHeap@?$CTempBuffer@D$0EAA@VCCRTAllocator@ATL@@@ATL@@AAEXXZ 7c637930 f i atl.obj
 0001:00006950       ?AllocateBytes@?$CTempBuffer@_W$0BAA@VCCRTAllocator@ATL@@@ATL@@QAEPA_WI@Z 7c637950 f i atl.obj
 0001:000069b0       ?FreeHeap@?$CTempBuffer@_W$0BAA@VCCRTAllocator@ATL@@@ATL@@AAEXXZ 7c6379b0 f i atl.obj
 0001:000069d0       ?AllocateBytes@?$CTempBuffer@E$0BAA@VCCRTAllocator@ATL@@@ATL@@QAEPAEI@Z 7c6379d0 f i atl.obj
 0001:00006a30       ?FreeHeap@?$CTempBuffer@E$0BAA@VCCRTAllocator@ATL@@@ATL@@AAEXXZ 7c637a30 f i atl.obj
 0001:00006a50       ?AllocateHeap@?$CTempBuffer@_W$0EAA@VCCRTAllocator@ATL@@@ATL@@AAEXI@Z 7c637a50 f i atl.obj
 0001:00006a90       ?Allocate@CCRTAllocator@ATL@@SAPAXI@Z 7c637a90 f i atl.obj
 0001:00006ab0       ?AllocateHeap@?$CTempBuffer@D$0EAA@VCCRTAllocator@ATL@@@ATL@@AAEXI@Z 7c637ab0 f i atl.obj
 0001:00006af0       ?AllocateHeap@?$CTempBuffer@_W$0BAA@VCCRTAllocator@ATL@@@ATL@@AAEXI@Z 7c637af0 f i atl.obj
 0001:00006b30       ?AllocateHeap@?$CTempBuffer@E$0BAA@VCCRTAllocator@ATL@@@ATL@@AAEXI@Z 7c637b30 f i atl.obj
 0001:00006b70       ??0?$Wrapper@PA_W@?$CSimpleMap@PA_WPA_WVCExpansionVectorEqualHelper@ATL@@@ATL@@QAE@ABQA_W@Z 7c637b70 f i atl.obj
 0001:00006b90       ??$AtlMultiplyThrow@I@ATL@@YAIII@Z 7c637b90 f i atl.obj
 0001:00006bd0       ??$AtlMultiply@I@ATL@@YAJPAIII@Z 7c637bd0 f i atl.obj
 0001:00006c10       ??$?2PA_W@?$Wrapper@PA_W@?$CSimpleMap@PA_WPA_WVCExpansionVectorEqualHelper@ATL@@@ATL@@SAPAXIPAPA_W@Z 7c637c10 f i atl.obj
 0001:00006c20       ??0CComModule@ATL@@QAE@XZ  7c637c20 f i atl.obj
 0001:00006c80       ?Lock@CAtlModule@ATL@@UAEJXZ 7c637c80 f i atl.obj
 0001:00006ca0       ?Unlock@CAtlModule@ATL@@UAEJXZ 7c637ca0 f i atl.obj
 0001:00006cc0       ?GetLockCount@CAtlModule@ATL@@UAEJXZ 7c637cc0 f i atl.obj
 0001:00006ce0       ?GetGITPtr@CAtlModule@ATL@@UAEJPAPAUIGlobalInterfaceTable@@@Z 7c637ce0 f i atl.obj
 0001:00006db0       ?UpdateRegistryFromResourceD@CComModule@ATL@@UAGJPB_WHPAU_ATL_REGMAP_ENTRY@2@@Z 7c637db0 f i atl.obj
 0001:00006dd0       ?UpdateRegistryFromResourceD@CAtlModule@ATL@@QAGJPB_WHPAU_ATL_REGMAP_ENTRY@2@@Z 7c637dd0 f i atl.obj
 0001:00006e60       ?T2COLE_EX@@YAPB_WPB_WI@Z  7c637e60 f i atl.obj
 0001:00006e70       ?UpdateRegistryFromResourceDHelper@CAtlModule@ATL@@QAGJPB_WHPAU_ATL_REGMAP_ENTRY@2@@Z 7c637e70 f i atl.obj
 0001:00006f80       ?UpdateRegistryFromResourceD@CComModule@ATL@@UAGJIHPAU_ATL_REGMAP_ENTRY@2@@Z 7c637f80 f i atl.obj
 0001:00006fa0       ?UpdateRegistryFromResourceD@CAtlModule@ATL@@QAGJIHPAU_ATL_REGMAP_ENTRY@2@@Z 7c637fa0 f i atl.obj
 0001:00006fc0       ?UpdateRegistryFromResourceS@CComModule@ATL@@UAGJPB_WHPAU_ATL_REGMAP_ENTRY@2@@Z 7c637fc0 f i atl.obj
 0001:00006fd0       ?UpdateRegistryFromResourceS@CComModule@ATL@@UAGJIHPAU_ATL_REGMAP_ENTRY@2@@Z 7c637fd0 f i atl.obj
 0001:00006fe0       ??_GCComModule@ATL@@UAEPAXI@Z 7c637fe0 f i atl.obj
 0001:00006fe0       ??_ECComModule@ATL@@UAEPAXI@Z 7c637fe0 f i atl.obj
 0001:00007010       ??1CComModule@ATL@@UAE@XZ  7c638010 f i atl.obj
 0001:00007030       ??1?$CAtlModuleT@VCComModule@ATL@@@ATL@@UAE@XZ 7c638030 f i atl.obj
 0001:00007050       ??1CAtlModule@ATL@@UAE@XZ  7c638050 f i atl.obj
 0001:00007090       ??1_ATL_MODULE70@ATL@@QAE@XZ 7c638090 f i atl.obj
 0001:000070b0       ??0?$CAtlModuleT@VCComModule@ATL@@@ATL@@QAE@XZ 7c6380b0 f i atl.obj
 0001:000070d0       ??0CAtlModule@ATL@@QAE@XZ  7c6380d0 f i atl.obj
 0001:000071c0       ??0_ATL_MODULE70@ATL@@QAE@XZ 7c6381c0 f i atl.obj
 0001:000071e0       ?AddCommonRGSReplacements@?$CAtlModuleT@VCComModule@ATL@@@ATL@@UAEJPAUIRegistrarBase@@@Z 7c6381e0 f i atl.obj
 0001:00007210       ?InitLibId@?$CAtlModuleT@VCComModule@ATL@@@ATL@@SAXXZ 7c638210 f i atl.obj
 0001:00007220       ?GetAppId@?$CAtlModuleT@VCComModule@ATL@@@ATL@@SAPB_WXZ 7c638220 f i atl.obj
 0001:00007230       ??0CAtlComModule@ATL@@QAE@XZ 7c638230 f i atl.obj
 0001:000072f0       ??0_ATL_COM_MODULE70@ATL@@QAE@XZ 7c6382f0 f i atl.obj
 0001:00007310       ??1CAtlComModule@ATL@@QAE@XZ 7c638310 f i atl.obj
 0001:00007330       ?Term@CAtlComModule@ATL@@QAEXXZ 7c638330 f i atl.obj
 0001:000073c0       ??1_ATL_COM_MODULE70@ATL@@QAE@XZ 7c6383c0 f i atl.obj
 0001:000073e0       _AtlDevModeW2A@8           7c6383e0 f i stdafx.obj
 0001:00007560       ?AtlW2AHelper@@YGPADPADPB_WHI@Z 7c638560 f i stdafx.obj
 0001:00007630       _AtlComQIPtrAssign@12      7c638630 f i stdafx.obj
 0001:00007690       ??_I@YGXPAXIHP6EX0@Z@Z     7c638690 f i stdafx.obj
 0001:000076c0       _AtlLoadTypeLib@16         7c6386c0 f i stdafx.obj
 0001:00007a50       ?wcscpy_s@Checked@ATL@@YAXPA_WIPB_W@Z 7c638a50 f i stdafx.obj
 0001:00008650       _AtlUnRegisterTypeLib@8    7c639650 f i stdafx.obj
 0001:00008720       ??0CComBSTR@ATL@@QAE@XZ    7c639720 f i stdafx.obj
 0001:00008740       ??ICComBSTR@ATL@@QAEPAPA_WXZ 7c639740 f i stdafx.obj
 0001:00008750       ??1CComBSTR@ATL@@QAE@XZ    7c639750 f i stdafx.obj
 0001:00008770       ??1?$CComPtr@UITypeLib@@@ATL@@QAE@XZ 7c639770 f i stdafx.obj
 0001:00008790       _AtlRegisterTypeLib@8      7c639790 f i stdafx.obj
 0001:000088e0       ?wcsncpy_s@Checked@ATL@@YAHPA_WIPB_WI@Z 7c6398e0 f i stdafx.obj
 0001:00008910       ?Length@CComBSTR@ATL@@QBEIXZ 7c639910 f i stdafx.obj
 0001:00008930       ??BCComBSTR@ATL@@QBEPA_WXZ 7c639930 f i stdafx.obj
 0001:00008940       ?CharNextO@@YAPA_WPB_W@Z   7c639940 f i stdafx.obj
 0001:00008950       _AtlComModuleRegisterServer@12 7c639950 f i stdafx.obj
 0001:00008a70       _IsEqualGUID               7c639a70 f i stdafx.obj
 0001:00008a90       _AtlComModuleUnregisterServer@12 7c639a90 f i stdafx.obj
 0001:00008b80       _AtlRegisterClassCategoriesHelper@12 7c639b80 f i stdafx.obj
 0001:00009080       ?OLE2T_EX@@YAPA_WPA_WI@Z   7c63a080 f i stdafx.obj
 0001:00009090       ?wcscat_s@Checked@ATL@@YAXPA_WIPB_W@Z 7c63a090 f i stdafx.obj
 0001:000090c0       ??0CRegKey@ATL@@QAE@PAUHKEY__@@@Z 7c63a0c0 f i stdafx.obj
 0001:000090e0       ??1?$CComPtr@UICatRegister@@@ATL@@QAE@XZ 7c63a0e0 f i stdafx.obj
 0001:00009100       _AtlAdvise@16              7c63a100 f i stdafx.obj
 0001:000091c0       ??1?$CComPtr@UIConnectionPointContainer@@@ATL@@QAE@XZ 7c63a1c0 f i stdafx.obj
 0001:000091e0       ??1?$CComPtr@UIConnectionPoint@@@ATL@@QAE@XZ 7c63a1e0 f i stdafx.obj
 0001:00009200       _AtlUnadvise@12            7c63a200 f i stdafx.obj
 0001:000092c0       _AtlFreeMarshalStream@4    7c63a2c0 f i stdafx.obj
 0001:00009320       _AtlMarshalPtrInProc@12    7c63a320 f i stdafx.obj
 0001:000093c0       _AtlUnmarshalPtr@12        7c63a3c0 f i stdafx.obj
 0001:00009460       _AtlComModuleGetClassObject@16 7c63a460 f i stdafx.obj
 0001:00009630       _AtlComModuleRegisterClassObjects@12 7c63a630 f i stdafx.obj
 0001:000096c0       ?RegisterClassObject@_ATL_OBJMAP_ENTRY30@ATL@@QAGJKK@Z 7c63a6c0 f i stdafx.obj
 0001:00009740       _AtlComModuleRevokeClassObjects@4 7c63a740 f i stdafx.obj
 0001:000097d0       ?RevokeClassObject@_ATL_OBJMAP_ENTRY30@ATL@@QAGJXZ 7c63a7d0 f i stdafx.obj
 0001:00009800       _AtlWaitWithMessageLoop@4  7c63a800 f i stdafx.obj
 0001:000098f0       _AtlGetVersion@4           7c63a8f0 f i stdafx.obj
 0001:00009900       _AtlWinModuleInit@4        7c63a900 f i stdafx.obj
 0001:000099a0       _AtlModuleAddTermFunc@12   7c63a9a0 f i stdafx.obj
 0001:00009ab0       ??_Estringdispid@CComTypeInfoHolder@ATL@@QAEPAXI@Z 7c63aab0 f i stdafx.obj
 0001:00009b20       ??1stringdispid@CComTypeInfoHolder@ATL@@QAE@XZ 7c63ab20 f i stdafx.obj
 0001:00009b40       _AtlSetErrorInfo@28        7c63ab40 f i stdafx.obj
 0001:00009e60       ?tcscpy_s@Checked@ATL@@YAXPA_WIPB_W@Z 7c63ae60 f i stdafx.obj
 0001:00009e90       ??1?$CComPtr@UICreateErrorInfo@@@ATL@@QAE@XZ 7c63ae90 f i stdafx.obj
 0001:00009eb0       ??1?$CComPtr@UIErrorInfo@@@ATL@@QAE@XZ 7c63aeb0 f i stdafx.obj
 0001:00009ed0       _AtlIPersistStreamInit_Load@16 7c63aed0 f i stdafx.obj
 0001:0000a220       ??0?$CComPtr@UIDispatch@@@ATL@@QAE@XZ 7c63b220 f i stdafx.obj
 0001:0000a240       ?PutProperty@?$CComPtr@UIDispatch@@@ATL@@QAEJJPAUtagVARIANT@@@Z 7c63b240 f i stdafx.obj
 0001:0000a270       ?PutProperty@?$CComPtr@UIDispatch@@@ATL@@SAJPAUIDispatch@@JPAUtagVARIANT@@@Z 7c63b270 f i stdafx.obj
 0001:0000a3e0       ?Detach@CComBSTR@ATL@@QAEPA_WXZ 7c63b3e0 f i stdafx.obj
 0001:0000a410       ?ReadFromStream@CComBSTR@ATL@@QAEJPAUIStream@@@Z 7c63b410 f i stdafx.obj
 0001:0000a730       ?Empty@CComBSTR@ATL@@QAEXXZ 7c63b730 f i stdafx.obj
 0001:0000a750       ??7CComBSTR@ATL@@QBE_NXZ   7c63b750 f i stdafx.obj
 0001:0000a770       ??0CComVariant@ATL@@QAE@XZ 7c63b770 f i stdafx.obj
 0001:0000a790       ??1CComVariant@ATL@@QAE@XZ 7c63b790 f i stdafx.obj
 0001:0000a7b0       ?Clear@CComVariant@ATL@@QAEJXZ 7c63b7b0 f i stdafx.obj
 0001:0000a7d0       ?ReadFromStream@CComVariant@ATL@@QAEJPAUIStream@@G@Z 7c63b7d0 f i stdafx.obj
 0001:0000a800       ?ReadFromStream@CComVariant@ATL@@QAEJPAUIStream@@GTClassesAllowedInStream@2@K@Z 7c63b800 f i stdafx.obj
 0001:0000aaa0       ?ChangeType@CComVariant@ATL@@QAEJGPBUtagVARIANT@@@Z 7c63baa0 f i stdafx.obj
 0001:0000aae0       ??1?$CComPtr@UIDispatch@@@ATL@@QAE@XZ 7c63bae0 f i stdafx.obj
 0001:0000ab00       _AtlIPersistStreamInit_Save@20 7c63bb00 f i stdafx.obj
 0001:0000ae40       ?GetProperty@?$CComPtr@UIDispatch@@@ATL@@QAEJJPAUtagVARIANT@@@Z 7c63be40 f i stdafx.obj
 0001:0000ae70       ?GetProperty@?$CComPtr@UIDispatch@@@ATL@@SAJPAUIDispatch@@JPAUtagVARIANT@@@Z 7c63be70 f i stdafx.obj
 0001:0000af60       ?Attach@CComBSTR@ATL@@QAEXPA_W@Z 7c63bf60 f i stdafx.obj
 0001:0000af90       ?WriteToStream@CComBSTR@ATL@@QAEJPAUIStream@@@Z 7c63bf90 f i stdafx.obj
 0001:0000b040       ?GetStreamSize@CComBSTR@ATL@@SAKPA_W@Z 7c63c040 f i stdafx.obj
 0001:0000b070       ?WriteToStream@CComVariant@ATL@@QAEJPAUIStream@@G@Z 7c63c070 f i stdafx.obj
 0001:0000b100       ?WriteToStream@CComVariant@ATL@@QAEJPAUIStream@@@Z 7c63c100 f i stdafx.obj
 0001:0000b380       ??1?$CComPtr@UIPersistStream@@@ATL@@QAE@XZ 7c63c380 f i stdafx.obj
 0001:0000b3a0       _AtlIPersistPropertyBag_Load@20 7c63c3a0 f i stdafx.obj
 0001:0000b910       ?ClearToZero@CComVariant@ATL@@QAEJXZ 7c63c910 f i stdafx.obj
 0001:0000b950       _AtlIPersistPropertyBag_Save@24 7c63c950 f i stdafx.obj
 0001:0000be20       _AtlGetObjectSourceInterface@20 7c63ce20 f i stdafx.obj
 0001:0000c290       ??1?$CComPtr@UITypeInfo@@@ATL@@QAE@XZ 7c63d290 f i stdafx.obj
 0001:0000c2b0       ??1?$CComPtr@UIProvideClassInfo2@@@ATL@@QAE@XZ 7c63d2b0 f i stdafx.obj
 0001:0000c2d0       ??1?$CComPtr@UIPersist@@@ATL@@QAE@XZ 7c63d2d0 f i stdafx.obj
 0001:0000c2f0       ??_H@YGXPAXIHP6EPAX0@Z@Z   7c63d2f0 f i stdafx.obj
 0001:0000c320       _AtlAxDialogBoxW@20        7c63d320 f i stdafx.obj
 0001:0000c350       _AtlAxDialogBoxA@20        7c63d350 f i stdafx.obj
 0001:0000c380       _AtlAxCreateDialogW@20     7c63d380 f i stdafx.obj
 0001:0000c3b0       _AtlAxCreateDialogA@20     7c63d3b0 f i stdafx.obj
 0001:0000c3e0       _AtlAxCreateControl@16     7c63d3e0 f i stdafx.obj
 0001:0000c410       _AtlAxCreateControlEx@28   7c63d410 f i stdafx.obj
 0001:0000c440       _AtlAxCreateControlLic@20  7c63d440 f i stdafx.obj
 0001:0000c470       _AtlAxCreateControlLicEx@32 7c63d470 f i stdafx.obj
 0001:0000c5b0       ??1?$CComPtr@UIUnknown@@@ATL@@QAE@XZ 7c63d5b0 f i stdafx.obj
 0001:0000c5d0       ??0CComBSTR@ATL@@QAE@PB_W@Z 7c63d5d0 f i stdafx.obj
 0001:0000c620       ??1?$CComPtr@UIAxWinHostWindowLic@@@ATL@@QAE@XZ 7c63d620 f i stdafx.obj
 0001:0000c640       _AtlAxAttachControl@12     7c63d640 f i stdafx.obj
 0001:0000c720       ??1?$CComPtr@UIAxWinHostWindow@@@ATL@@QAE@XZ 7c63d720 f i stdafx.obj
 0001:0000c740       _AtlAxWinInit@0            7c63d740 f i stdafx.obj
 0001:0000c9b0       __MarkAllocaS              7c63d9b0 f i stdafx.obj
 0001:0000c9d0       ?T2COLE_EX_DEF@@YAPB_WPB_W@Z 7c63d9d0 f i stdafx.obj
 0001:0000c9e0       ?SetWindowLongPtrW@@YAJPAUHWND__@@HJ@Z 7c63d9e0 f i stdafx.obj
 0001:0000ca00       ?GetWindowLongPtrW@@YAJPAUHWND__@@H@Z 7c63da00 f i stdafx.obj
 0001:0000ca20       ??1?$CComPtr@UIStream@@@ATL@@QAE@XZ 7c63da20 f i stdafx.obj
 0001:0000ca40       ?ParseInitData@_DialogSplitHelper@ATL@@SAJPAUIStream@@PAPA_W@Z 7c63da40 f i stdafx.obj
 0001:0000cc70       ??0CComBSTR@ATL@@QAE@H@Z   7c63dc70 f i stdafx.obj
 0001:0000ccc0       _AtlAxGetControl@8         7c63dcc0 f i stdafx.obj
 0001:0000cd30       _AtlAxGetHost@8            7c63dd30 f i stdafx.obj
 0001:0000cda0       _AtlWinModuleRegisterClassExA@8 7c63dda0 f i stdafx.obj
 0001:0000ce10       _AtlWinModuleRegisterWndClassInfoA@16 7c63de10 f i stdafx.obj
 0001:0000ce40       _AtlCreateTargetDC@8       7c63de40 f i stdafx.obj
 0001:0000cf70       ?OLE2CT_EX_DEF@@YAPB_WPB_W@Z 7c63df70 f i stdafx.obj
 0001:0000cf80       ?DEVMODEOLE2T_EX@@YAPAU_devicemodeW@@PAU1@@Z 7c63df80 f i stdafx.obj
 0001:0000cf90       _AtlHiMetricToPixel@8      7c63df90 f i stdafx.obj
 0001:0000d0c0       _AtlPixelToHiMetric@8      7c63e0c0 f i stdafx.obj
 0001:0000d1f0       ??0?$CComPtrBase@UIDispatch@@@ATL@@IAE@XZ 7c63e1f0 f i stdafx.obj
 0001:0000d210       ??1?$CComPtrBase@UIDispatch@@@ATL@@QAE@XZ 7c63e210 f i stdafx.obj
 0001:0000d240       ??I?$CComPtrBase@UIDispatch@@@ATL@@QAEPAPAUIDispatch@@XZ 7c63e240 f i stdafx.obj
 0001:0000d280       ??C?$CComPtrBase@UIDispatch@@@ATL@@QBEPAV?$_NoAddRefReleaseOnCComPtr@UIDispatch@@@1@XZ 7c63e280 f i stdafx.obj
 0001:0000d2c0       ?Release@?$CComPtrBase@UIDispatch@@@ATL@@QAEXXZ 7c63e2c0 f i stdafx.obj
 0001:0000d300       ??0?$CComPtr@UIUnknown@@@ATL@@QAE@XZ 7c63e300 f i stdafx.obj
 0001:0000d320       ??1?$CComPtrBase@UIUnknown@@@ATL@@QAE@XZ 7c63e320 f i stdafx.obj
 0001:0000d350       ??I?$CComPtrBase@UIUnknown@@@ATL@@QAEPAPAUIUnknown@@XZ 7c63e350 f i stdafx.obj
 0001:0000d390       ??C?$CComPtrBase@UIUnknown@@@ATL@@QBEPAV?$_NoAddRefReleaseOnCComPtr@UIUnknown@@@1@XZ 7c63e390 f i stdafx.obj
 0001:0000d3d0       ?Detach@?$CComPtrBase@UIUnknown@@@ATL@@QAEPAUIUnknown@@XZ 7c63e3d0 f i stdafx.obj
 0001:0000d400       ??0?$CComPtr@UIPersistStream@@@ATL@@QAE@XZ 7c63e400 f i stdafx.obj
 0001:0000d420       ??1?$CComPtrBase@UIPersistStream@@@ATL@@QAE@XZ 7c63e420 f i stdafx.obj
 0001:0000d450       ??B?$CComPtrBase@UIPersistStream@@@ATL@@QBEPAUIPersistStream@@XZ 7c63e450 f i stdafx.obj
 0001:0000d460       ??I?$CComPtrBase@UIPersistStream@@@ATL@@QAEPAPAUIPersistStream@@XZ 7c63e460 f i stdafx.obj
 0001:0000d4a0       ??9?$CComPtrBase@UIPersistStream@@@ATL@@QBE_NPAUIPersistStream@@@Z 7c63e4a0 f i stdafx.obj
 0001:0000d4d0       ??0?$CComPtr@UITypeLib@@@ATL@@QAE@XZ 7c63e4d0 f i stdafx.obj
 0001:0000d4f0       ??1?$CComPtrBase@UITypeLib@@@ATL@@QAE@XZ 7c63e4f0 f i stdafx.obj
 0001:0000d520       ??B?$CComPtrBase@UITypeLib@@@ATL@@QBEPAUITypeLib@@XZ 7c63e520 f i stdafx.obj
 0001:0000d530       ??I?$CComPtrBase@UITypeLib@@@ATL@@QAEPAPAUITypeLib@@XZ 7c63e530 f i stdafx.obj
 0001:0000d570       ??C?$CComPtrBase@UITypeLib@@@ATL@@QBEPAV?$_NoAddRefReleaseOnCComPtr@UITypeLib@@@1@XZ 7c63e570 f i stdafx.obj
 0001:0000d5b0       ??0?$CComPtr@UICatRegister@@@ATL@@QAE@XZ 7c63e5b0 f i stdafx.obj
 0001:0000d5d0       ??1?$CComPtrBase@UICatRegister@@@ATL@@QAE@XZ 7c63e5d0 f i stdafx.obj
 0001:0000d600       ??I?$CComPtrBase@UICatRegister@@@ATL@@QAEPAPAUICatRegister@@XZ 7c63e600 f i stdafx.obj
 0001:0000d640       ??C?$CComPtrBase@UICatRegister@@@ATL@@QBEPAV?$_NoAddRefReleaseOnCComPtr@UICatRegister@@@1@XZ 7c63e640 f i stdafx.obj
 0001:0000d680       ??0?$CComPtr@UIConnectionPointContainer@@@ATL@@QAE@XZ 7c63e680 f i stdafx.obj
 0001:0000d6a0       ??1?$CComPtrBase@UIConnectionPointContainer@@@ATL@@QAE@XZ 7c63e6a0 f i stdafx.obj
 0001:0000d6d0       ??I?$CComPtrBase@UIConnectionPointContainer@@@ATL@@QAEPAPAUIConnectionPointContainer@@XZ 7c63e6d0 f i stdafx.obj
 0001:0000d710       ??C?$CComPtrBase@UIConnectionPointContainer@@@ATL@@QBEPAV?$_NoAddRefReleaseOnCComPtr@UIConnectionPointContainer@@@1@XZ 7c63e710 f i stdafx.obj
 0001:0000d750       ??0?$CComPtr@UIConnectionPoint@@@ATL@@QAE@XZ 7c63e750 f i stdafx.obj
 0001:0000d770       ??1?$CComPtrBase@UIConnectionPoint@@@ATL@@QAE@XZ 7c63e770 f i stdafx.obj
 0001:0000d7a0       ??I?$CComPtrBase@UIConnectionPoint@@@ATL@@QAEPAPAUIConnectionPoint@@XZ 7c63e7a0 f i stdafx.obj
 0001:0000d7e0       ??C?$CComPtrBase@UIConnectionPoint@@@ATL@@QBEPAV?$_NoAddRefReleaseOnCComPtr@UIConnectionPoint@@@1@XZ 7c63e7e0 f i stdafx.obj
 0001:0000d820       ??0?$CComPtr@UITypeInfo@@@ATL@@QAE@XZ 7c63e820 f i stdafx.obj
 0001:0000d840       ??1?$CComPtrBase@UITypeInfo@@@ATL@@QAE@XZ 7c63e840 f i stdafx.obj
 0001:0000d870       ??I?$CComPtrBase@UITypeInfo@@@ATL@@QAEPAPAUITypeInfo@@XZ 7c63e870 f i stdafx.obj
 0001:0000d8b0       ??C?$CComPtrBase@UITypeInfo@@@ATL@@QBEPAV?$_NoAddRefReleaseOnCComPtr@UITypeInfo@@@1@XZ 7c63e8b0 f i stdafx.obj
 0001:0000d8f0       ??0?$CComPtr@UICreateErrorInfo@@@ATL@@QAE@XZ 7c63e8f0 f i stdafx.obj
 0001:0000d910       ??1?$CComPtrBase@UICreateErrorInfo@@@ATL@@QAE@XZ 7c63e910 f i stdafx.obj
 0001:0000d940       ??I?$CComPtrBase@UICreateErrorInfo@@@ATL@@QAEPAPAUICreateErrorInfo@@XZ 7c63e940 f i stdafx.obj
 0001:0000d980       ??C?$CComPtrBase@UICreateErrorInfo@@@ATL@@QBEPAV?$_NoAddRefReleaseOnCComPtr@UICreateErrorInfo@@@1@XZ 7c63e980 f i stdafx.obj
 0001:0000d9c0       ??0?$CComPtr@UIErrorInfo@@@ATL@@QAE@XZ 7c63e9c0 f i stdafx.obj
 0001:0000d9e0       ??1?$CComPtrBase@UIErrorInfo@@@ATL@@QAE@XZ 7c63e9e0 f i stdafx.obj
 0001:0000da10       ??B?$CComPtrBase@UIErrorInfo@@@ATL@@QBEPAUIErrorInfo@@XZ 7c63ea10 f i stdafx.obj
 0001:0000da20       ??I?$CComPtrBase@UIErrorInfo@@@ATL@@QAEPAPAUIErrorInfo@@XZ 7c63ea20 f i stdafx.obj
 0001:0000da60       ??0?$CW2CWEX@$0IA@@ATL@@QAE@PB_W@Z 7c63ea60 f i stdafx.obj
 0001:0000da80       ??1?$CW2CWEX@$0IA@@ATL@@QAE@XZ 7c63ea80 f i stdafx.obj
 0001:0000da90       ??B?$CW2CWEX@$0IA@@ATL@@QBEPB_WXZ 7c63ea90 f i stdafx.obj
 0001:0000daa0       ??0?$CComPtr@UIProvideClassInfo2@@@ATL@@QAE@XZ 7c63eaa0 f i stdafx.obj
 0001:0000dac0       ??1?$CComPtrBase@UIProvideClassInfo2@@@ATL@@QAE@XZ 7c63eac0 f i stdafx.obj
 0001:0000daf0       ??I?$CComPtrBase@UIProvideClassInfo2@@@ATL@@QAEPAPAUIProvideClassInfo2@@XZ 7c63eaf0 f i stdafx.obj
 0001:0000db30       ??C?$CComPtrBase@UIProvideClassInfo2@@@ATL@@QBEPAV?$_NoAddRefReleaseOnCComPtr@UIProvideClassInfo2@@@1@XZ 7c63eb30 f i stdafx.obj
 0001:0000db70       ??9?$CComPtrBase@UIProvideClassInfo2@@@ATL@@QBE_NPAUIProvideClassInfo2@@@Z 7c63eb70 f i stdafx.obj
 0001:0000dba0       ??0?$CComPtr@UIPersist@@@ATL@@QAE@XZ 7c63eba0 f i stdafx.obj
 0001:0000dbc0       ??1?$CComPtrBase@UIPersist@@@ATL@@QAE@XZ 7c63ebc0 f i stdafx.obj
 0001:0000dbf0       ??I?$CComPtrBase@UIPersist@@@ATL@@QAEPAPAUIPersist@@XZ 7c63ebf0 f i stdafx.obj
 0001:0000dc30       ??C?$CComPtrBase@UIPersist@@@ATL@@QBEPAV?$_NoAddRefReleaseOnCComPtr@UIPersist@@@1@XZ 7c63ec30 f i stdafx.obj
 0001:0000dc70       ??0?$CComPtr@UIStream@@@ATL@@QAE@XZ 7c63ec70 f i stdafx.obj
 0001:0000dc90       ??1?$CComPtrBase@UIStream@@@ATL@@QAE@XZ 7c63ec90 f i stdafx.obj
 0001:0000dcc0       ??B?$CComPtrBase@UIStream@@@ATL@@QBEPAUIStream@@XZ 7c63ecc0 f i stdafx.obj
 0001:0000dcd0       ??I?$CComPtrBase@UIStream@@@ATL@@QAEPAPAUIStream@@XZ 7c63ecd0 f i stdafx.obj
 0001:0000dd10       ??0?$CAutoStackPtr@_W@ATL@@QAE@PA_W@Z 7c63ed10 f i stdafx.obj
 0001:0000dd30       ??1?$CAutoStackPtr@_W@ATL@@QAE@XZ 7c63ed30 f i stdafx.obj
 0001:0000dd50       ??B?$CAutoStackPtr@_W@ATL@@QBEPA_WXZ 7c63ed50 f i stdafx.obj
 0001:0000dd60       ?CreateInstance@?$CComCreator@V?$CComPolyObject@VCAxHostWindow@ATL@@@ATL@@@ATL@@SGJPAXABU_GUID@@PAPAX@Z 7c63ed60 f i stdafx.obj
 0001:0000deb0       ??0?$CComPtr@UIAxWinHostWindowLic@@@ATL@@QAE@XZ 7c63eeb0 f i stdafx.obj
 0001:0000ded0       ??1?$CComPtrBase@UIAxWinHostWindowLic@@@ATL@@QAE@XZ 7c63eed0 f i stdafx.obj
 0001:0000df00       ??I?$CComPtrBase@UIAxWinHostWindowLic@@@ATL@@QAEPAPAUIAxWinHostWindowLic@@XZ 7c63ef00 f i stdafx.obj
 0001:0000df40       ??C?$CComPtrBase@UIAxWinHostWindowLic@@@ATL@@QBEPAV?$_NoAddRefReleaseOnCComPtr@UIAxWinHostWindowLic@@@1@XZ 7c63ef40 f i stdafx.obj
 0001:0000df80       ??0?$CComPtr@UIAxWinHostWindow@@@ATL@@QAE@XZ 7c63ef80 f i stdafx.obj
 0001:0000dfa0       ??1?$CComPtrBase@UIAxWinHostWindow@@@ATL@@QAE@XZ 7c63efa0 f i stdafx.obj
 0001:0000dfd0       ??I?$CComPtrBase@UIAxWinHostWindow@@@ATL@@QAEPAPAUIAxWinHostWindow@@XZ 7c63efd0 f i stdafx.obj
 0001:0000e010       ??C?$CComPtrBase@UIAxWinHostWindow@@@ATL@@QBEPAV?$_NoAddRefReleaseOnCComPtr@UIAxWinHostWindow@@@1@XZ 7c63f010 f i stdafx.obj
 0001:0000e050       ??0?$CComPtrBase@UIUnknown@@@ATL@@IAE@XZ 7c63f050 f i stdafx.obj
 0001:0000e070       ??0?$CComPtrBase@UIPersistStream@@@ATL@@IAE@XZ 7c63f070 f i stdafx.obj
 0001:0000e090       ??8?$CComPtrBase@UIPersistStream@@@ATL@@QBE_NPAUIPersistStream@@@Z 7c63f090 f i stdafx.obj
 0001:0000e0b0       ??0?$CComPtrBase@UITypeLib@@@ATL@@IAE@XZ 7c63f0b0 f i stdafx.obj
 0001:0000e0d0       ??0?$CComPtrBase@UICatRegister@@@ATL@@IAE@XZ 7c63f0d0 f i stdafx.obj
 0001:0000e0f0       ??0?$CComPtrBase@UIConnectionPointContainer@@@ATL@@IAE@XZ 7c63f0f0 f i stdafx.obj
 0001:0000e110       ??0?$CComPtrBase@UIConnectionPoint@@@ATL@@IAE@XZ 7c63f110 f i stdafx.obj
 0001:0000e130       ??0?$CComPtrBase@UITypeInfo@@@ATL@@IAE@XZ 7c63f130 f i stdafx.obj
 0001:0000e150       ??0?$CComPtrBase@UICreateErrorInfo@@@ATL@@IAE@XZ 7c63f150 f i stdafx.obj
 0001:0000e170       ??0?$CComPtrBase@UIErrorInfo@@@ATL@@IAE@XZ 7c63f170 f i stdafx.obj
 0001:0000e190       ??0?$CComPtrBase@UIProvideClassInfo2@@@ATL@@IAE@XZ 7c63f190 f i stdafx.obj
 0001:0000e1b0       ??8?$CComPtrBase@UIProvideClassInfo2@@@ATL@@QBE_NPAUIProvideClassInfo2@@@Z 7c63f1b0 f i stdafx.obj
 0001:0000e1d0       ??0?$CComPtrBase@UIPersist@@@ATL@@IAE@XZ 7c63f1d0 f i stdafx.obj
 0001:0000e1f0       ??0?$CComPtrBase@UIStream@@@ATL@@IAE@XZ 7c63f1f0 f i stdafx.obj
 0001:0000e210       ?Free@?$CAutoStackPtr@_W@ATL@@QAEXXZ 7c63f210 f i stdafx.obj
 0001:0000e240       __freea                    7c63f240 f i stdafx.obj
 0001:0000e280       ??0?$CComPtrBase@UIAxWinHostWindowLic@@@ATL@@IAE@XZ 7c63f280 f i stdafx.obj
 0001:0000e2a0       ??0?$CComPtrBase@UIAxWinHostWindow@@@ATL@@IAE@XZ 7c63f2a0 f i stdafx.obj
 0001:0000e2c0       ??0?$CComPolyObject@VCAxHostWindow@ATL@@@ATL@@QAE@PAX@Z 7c63f2c0 f i stdafx.obj
 0001:0000e330       ??0?$CComObjectRootEx@VCComSingleThreadModel@ATL@@@ATL@@QAE@XZ 7c63f330 f i stdafx.obj
 0001:0000e350       ?_AtlInitialConstruct@?$CComPolyObject@VCAxHostWindow@ATL@@@ATL@@QAEJXZ 7c63f350 f i stdafx.obj
 0001:0000e390       ?_AtlInitialConstruct@?$CComObjectRootEx@VCComSingleThreadModel@ATL@@@ATL@@QAEJXZ 7c63f390 f i stdafx.obj
 0001:0000e3a0       ?FinalConstruct@?$CComPolyObject@VCAxHostWindow@ATL@@@ATL@@QAEJXZ 7c63f3a0 f i stdafx.obj
 0001:0000e3e0       ?InternalAddRef@?$CComObjectRootEx@VCComSingleThreadModel@ATL@@@ATL@@QAEKXZ 7c63f3e0 f i stdafx.obj
 0001:0000e430       ?Increment@CComSingleThreadModel@ATL@@SGKPAJ@Z 7c63f430 f i stdafx.obj
 0001:0000e450       ?InternalRelease@?$CComObjectRootEx@VCComSingleThreadModel@ATL@@@ATL@@QAEKXZ 7c63f450 f i stdafx.obj
 0001:0000e4a0       ?Decrement@CComSingleThreadModel@ATL@@SGKPAJ@Z 7c63f4a0 f i stdafx.obj
 0001:0000e4c0       ?AddRef@?$CComPolyObject@VCAxHostWindow@ATL@@@ATL@@UAGKXZ 7c63f4c0 f i stdafx.obj
 0001:0000e4e0       ?Release@?$CComPolyObject@VCAxHostWindow@ATL@@@ATL@@UAGKXZ 7c63f4e0 f i stdafx.obj
 0001:0000e530       ?QueryInterface@?$CComPolyObject@VCAxHostWindow@ATL@@@ATL@@UAGJABU_GUID@@PAPAX@Z 7c63f530 f i stdafx.obj
 0001:0000e5c0       ?_InternalQueryInterface@CAxHostWindow@ATL@@QAEJABU_GUID@@PAPAX@Z 7c63f5c0 f i stdafx.obj
 0001:0000e5f0       ?_GetEntries@CAxHostWindow@ATL@@SGPBU_ATL_INTMAP_ENTRY@2@XZ 7c63f5f0 f i stdafx.obj
 0001:0000e600       ??_E?$CComPolyObject@VCAxHostWindow@ATL@@@ATL@@UAEPAXI@Z 7c63f600 f i stdafx.obj
 0001:0000e600       ??_G?$CComPolyObject@VCAxHostWindow@ATL@@@ATL@@UAEPAXI@Z 7c63f600 f i stdafx.obj
 0001:0000e630       ??1?$CComPolyObject@VCAxHostWindow@ATL@@@ATL@@UAE@XZ 7c63f630 f i stdafx.obj
 0001:0000e6a0       ??1?$CComObjectRootEx@VCComSingleThreadModel@ATL@@@ATL@@QAE@XZ 7c63f6a0 f i stdafx.obj
 0001:0000e6c0       ??1?$CComContainedObject@VCAxHostWindow@ATL@@@ATL@@UAE@XZ 7c63f6c0 f i stdafx.obj
 0001:0000e6e0       ??1CAxHostWindow@ATL@@UAE@XZ 7c63f6e0 f i stdafx.obj
 0001:0000e800       ??1?$CWindowImpl@VCAxHostWindow@ATL@@VCWindow@2@V?$CWinTraits@$0FGAAAAAA@$0A@@2@@ATL@@UAE@XZ 7c63f800 f i stdafx.obj
 0001:0000e820       ??1?$CWindowImplBaseT@VCWindow@ATL@@V?$CWinTraits@$0FGAAAAAA@$0A@@2@@ATL@@UAE@XZ 7c63f820 f i stdafx.obj
 0001:0000e840       ??1?$CComPtr@UIOleObject@@@ATL@@QAE@XZ 7c63f840 f i stdafx.obj
 0001:0000e860       ??1?$CComPtr@UIOleInPlaceFrame@@@ATL@@QAE@XZ 7c63f860 f i stdafx.obj
 0001:0000e880       ??1?$CComPtr@UIOleInPlaceUIWindow@@@ATL@@QAE@XZ 7c63f880 f i stdafx.obj
 0001:0000e8a0       ??1?$CComPtr@UIViewObjectEx@@@ATL@@QAE@XZ 7c63f8a0 f i stdafx.obj
 0001:0000e8c0       ??1?$CComPtr@UIOleInPlaceObjectWindowless@@@ATL@@QAE@XZ 7c63f8c0 f i stdafx.obj
 0001:0000e8e0       ??1?$CComPtr@UIDocHostUIHandlerDispatch@@@ATL@@QAE@XZ 7c63f8e0 f i stdafx.obj
 0001:0000e900       ??1?$CComPtr@UIFontDisp@@@ATL@@QAE@XZ 7c63f900 f i stdafx.obj
 0001:0000e920       ??1?$CComPtr@UIServiceProvider@@@ATL@@QAE@XZ 7c63f920 f i stdafx.obj
 0001:0000e940       ??1?$CWindowImplRoot@VCWindow@ATL@@@ATL@@UAE@XZ 7c63f940 f i stdafx.obj
 0001:0000e9c0       ??1?$IObjectWithSiteImpl@VCAxHostWindow@ATL@@@ATL@@UAE@XZ 7c63f9c0 f i stdafx.obj
 0001:0000e9e0       ??1?$IDispatchImpl@UIAxWinAmbientDispatchEx@@$1?_GUID_b2d0778b_ac99_4c58_a5c8_e7724e5316b5@@3U__s_GUID@@B$1?m_libid@CAtlModule@ATL@@2U_GUID@@A$0PPPP@$0PPPP@VCComTypeInfoHolder@ATL@@@ATL@@UAE@XZ 7c63f9e0 f i stdafx.obj
 0001:0000ea00       ??1CComTypeInfoHolder@ATL@@QAE@XZ 7c63fa00 f i stdafx.obj
 0001:0000ea70       ??1?$CComPtrBase@UIOleObject@@@ATL@@QAE@XZ 7c63fa70 f i stdafx.obj
 0001:0000eaa0       ??1?$CComPtrBase@UIOleInPlaceFrame@@@ATL@@QAE@XZ 7c63faa0 f i stdafx.obj
 0001:0000ead0       ??1?$CComPtrBase@UIOleInPlaceUIWindow@@@ATL@@QAE@XZ 7c63fad0 f i stdafx.obj
 0001:0000eb00       ??1?$CComPtrBase@UIViewObjectEx@@@ATL@@QAE@XZ 7c63fb00 f i stdafx.obj
 0001:0000eb30       ??1?$CComPtrBase@UIOleInPlaceObjectWindowless@@@ATL@@QAE@XZ 7c63fb30 f i stdafx.obj
 0001:0000eb60       ??1?$CComPtrBase@UIDocHostUIHandlerDispatch@@@ATL@@QAE@XZ 7c63fb60 f i stdafx.obj
 0001:0000eb90       ??1?$CComPtrBase@UIFontDisp@@@ATL@@QAE@XZ 7c63fb90 f i stdafx.obj
 0001:0000ebc0       ??1?$CComPtrBase@UIServiceProvider@@@ATL@@QAE@XZ 7c63fbc0 f i stdafx.obj
 0001:0000ebf0       ??1CWndProcThunk@ATL@@QAE@XZ 7c63fbf0 f i stdafx.obj
 0001:0000ec10       ??1CDynamicStdCallThunk@ATL@@QAE@XZ 7c63fc10 f i stdafx.obj
 0001:0000ec40       ??3_stdcallthunk@ATL@@SAXPAX@Z 7c63fc40 f i stdafx.obj
 0001:0000ec50       ?FinalRelease@?$CComPolyObject@VCAxHostWindow@ATL@@@ATL@@QAEXXZ 7c63fc50 f i stdafx.obj
 0001:0000ec80       ?FinalRelease@CAxHostWindow@ATL@@QAEXXZ 7c63fc80 f i stdafx.obj
 0001:0000eca0       ?ReleaseAll@CAxHostWindow@ATL@@QAEXXZ 7c63fca0 f i stdafx.obj
 0001:0000ef50       ??1?$CComPtr@UIObjectWithSite@@@ATL@@QAE@XZ 7c63ff50 f i stdafx.obj
 0001:0000ef70       ??B?$CComPtrBase@UIUnknown@@@ATL@@QBEPAUIUnknown@@XZ 7c63ff70 f i stdafx.obj
 0001:0000ef80       ??9?$CComPtrBase@UIUnknown@@@ATL@@QBE_NPAUIUnknown@@@Z 7c63ff80 f i stdafx.obj
 0001:0000efb0       ??8?$CComPtrBase@UIUnknown@@@ATL@@QBE_NPAUIUnknown@@@Z 7c63ffb0 f i stdafx.obj
 0001:0000efd0       ?Release@?$CComPtrBase@UIUnknown@@@ATL@@QAEXXZ 7c63ffd0 f i stdafx.obj
 0001:0000f010       ??B?$CComPtrBase@UIOleObject@@@ATL@@QBEPAUIOleObject@@XZ 7c640010 f i stdafx.obj
 0001:0000f020       ??C?$CComPtrBase@UIOleObject@@@ATL@@QBEPAV?$_NoAddRefReleaseOnCComPtr@UIOleObject@@@1@XZ 7c640020 f i stdafx.obj
 0001:0000f060       ?Release@?$CComPtrBase@UIOleObject@@@ATL@@QAEXXZ 7c640060 f i stdafx.obj
 0001:0000f0a0       ?Release@?$CComPtrBase@UIOleInPlaceFrame@@@ATL@@QAEXXZ 7c6400a0 f i stdafx.obj
 0001:0000f0e0       ?Release@?$CComPtrBase@UIOleInPlaceUIWindow@@@ATL@@QAEXXZ 7c6400e0 f i stdafx.obj
 0001:0000f120       ??C?$CComPtrBase@UIViewObjectEx@@@ATL@@QBEPAV?$_NoAddRefReleaseOnCComPtr@UIViewObjectEx@@@1@XZ 7c640120 f i stdafx.obj
 0001:0000f160       ??9?$CComPtrBase@UIViewObjectEx@@@ATL@@QBE_NPAUIViewObjectEx@@@Z 7c640160 f i stdafx.obj
 0001:0000f190       ??8?$CComPtrBase@UIViewObjectEx@@@ATL@@QBE_NPAUIViewObjectEx@@@Z 7c640190 f i stdafx.obj
 0001:0000f1b0       ?Release@?$CComPtrBase@UIViewObjectEx@@@ATL@@QAEXXZ 7c6401b0 f i stdafx.obj
 0001:0000f1f0       ?Release@?$CComPtrBase@UIOleInPlaceObjectWindowless@@@ATL@@QAEXXZ 7c6401f0 f i stdafx.obj
 0001:0000f230       ??0?$CComPtr@UIObjectWithSite@@@ATL@@QAE@XZ 7c640230 f i stdafx.obj
 0001:0000f250       ??1?$CComPtrBase@UIObjectWithSite@@@ATL@@QAE@XZ 7c640250 f i stdafx.obj
 0001:0000f280       ??I?$CComPtrBase@UIObjectWithSite@@@ATL@@QAEPAPAUIObjectWithSite@@XZ 7c640280 f i stdafx.obj
 0001:0000f2c0       ??C?$CComPtrBase@UIObjectWithSite@@@ATL@@QBEPAV?$_NoAddRefReleaseOnCComPtr@UIObjectWithSite@@@1@XZ 7c6402c0 f i stdafx.obj
 0001:0000f300       ??9?$CComPtrBase@UIObjectWithSite@@@ATL@@QBE_NPAUIObjectWithSite@@@Z 7c640300 f i stdafx.obj
 0001:0000f330       ??0?$CComPtrBase@UIObjectWithSite@@@ATL@@IAE@XZ 7c640330 f i stdafx.obj
 0001:0000f350       ??8?$CComPtrBase@UIObjectWithSite@@@ATL@@QBE_NPAUIObjectWithSite@@@Z 7c640350 f i stdafx.obj
 0001:0000f370       ??0?$CComContainedObject@VCAxHostWindow@ATL@@@ATL@@QAE@PAX@Z 7c640370 f i stdafx.obj
 0001:0000f400       ??0CAxHostWindow@ATL@@QAE@XZ 7c640400 f i stdafx.obj
 0001:0000f6d0       ?OnFinalMessage@CAxHostWindow@ATL@@UAEXPAUHWND__@@@Z 7c6406d0 f i stdafx.obj
 0001:0000f700       ?ProcessWindowMessage@CAxHostWindow@ATL@@UAEHPAUHWND__@@IIJAAJK@Z 7c640700 f i stdafx.obj
 0001:00010040       ?OnForwardMsg@CAxHostWindow@ATL@@QAEJIIJAAH@Z 7c641040 f i stdafx.obj
 0001:000100f0       ?OnGetUnknown@CAxHostWindow@ATL@@QAEJIIJAAH@Z 7c6410f0 f i stdafx.obj
 0001:00010120       ?OnGetControl@CAxHostWindow@ATL@@QAEJIIJAAH@Z 7c641120 f i stdafx.obj
 0001:00010160       ?OnEraseBackground@CAxHostWindow@ATL@@QAEJIIJAAH@Z 7c641160 f i stdafx.obj
 0001:000101a0       ?OnMouseActivate@CAxHostWindow@ATL@@QAEJIIJAAH@Z 7c6411a0 f i stdafx.obj
 0001:000102a0       ?OnSetFocus@CAxHostWindow@ATL@@QAEJIIJAAH@Z 7c6412a0 f i stdafx.obj
 0001:000103f0       ?IsChild@CWindow@ATL@@QBEHPAUHWND__@@@Z 7c6413f0 f i stdafx.obj
 0001:00010440       ?OnKillFocus@CAxHostWindow@ATL@@QAEJIIJAAH@Z 7c641440 f i stdafx.obj
 0001:00010470       ?OnSize@CAxHostWindow@ATL@@QAEJIIJAAH@Z 7c641470 f i stdafx.obj
 0001:000105d0       ?OnDestroy@CAxHostWindow@ATL@@QAEJIIJAAH@Z 7c6415d0 f i stdafx.obj
 0001:00010630       ?OnWindowMessage@CAxHostWindow@ATL@@QAEJIIJAAH@Z 7c641630 f i stdafx.obj
 0001:000106d0       ?OnWindowlessMouseMessage@CAxHostWindow@ATL@@QAEJIIJAAH@Z 7c6416d0 f i stdafx.obj
 0001:00010760       ?OnPaint@CAxHostWindow@ATL@@QAEJIIJAAH@Z 7c641760 f i stdafx.obj
 0001:00010a60       ?GetClientRect@CWindow@ATL@@QBEHPAUtagRECT@@@Z 7c641a60 f i stdafx.obj
 0001:00010ab0       ?CreateControl@CAxHostWindow@ATL@@UAGJPB_WPAUHWND__@@PAUIStream@@@Z 7c641ab0 f i stdafx.obj
 0001:00010b00       ?CreateControlEx@CAxHostWindow@ATL@@UAGJPB_WPAUHWND__@@PAUIStream@@PAPAUIUnknown@@ABU_GUID@@PAU5@@Z 7c641b00 f i stdafx.obj
 0001:00010b30       ?AttachControl@CAxHostWindow@ATL@@UAGJPAUIUnknown@@PAUHWND__@@@Z 7c641b30 f i stdafx.obj
 0001:00010c10       ?RedrawWindow@CWindow@ATL@@QAEHPBUtagRECT@@PAUHRGN__@@I@Z 7c641c10 f i stdafx.obj
 0001:00010c70       ?QueryControl@CAxHostWindow@ATL@@UAGJABU_GUID@@PAPAX@Z 7c641c70 f i stdafx.obj
 0001:00010ce0       ?SetExternalDispatch@CAxHostWindow@ATL@@UAGJPAUIDispatch@@@Z 7c641ce0 f i stdafx.obj
 0001:00010d00       ??4?$CComPtr@UIDispatch@@@ATL@@QAEPAUIDispatch@@PAU2@@Z 7c641d00 f i stdafx.obj
 0001:00010d40       ?SetExternalUIHandler@CAxHostWindow@ATL@@UAGJPAUIDocHostUIHandlerDispatch@@@Z 7c641d40 f i stdafx.obj
 0001:00010d60       ?CreateControlLic@CAxHostWindow@ATL@@UAGJPB_WPAUHWND__@@PAUIStream@@PA_W@Z 7c641d60 f i stdafx.obj
 0001:00010db0       ?CreateControlLicEx@CAxHostWindow@ATL@@UAGJPB_WPAUHWND__@@PAUIStream@@PAPAUIUnknown@@ABU_GUID@@PAU5@PA_W@Z 7c641db0 f i stdafx.obj
 0001:000112b0       ??0CComVariant@ATL@@QAE@PB_W@Z 7c6422b0 f i stdafx.obj
 0001:000112e0       ??4CComVariant@ATL@@QAEAAV01@PB_W@Z 7c6422e0 f i stdafx.obj
 0001:00011380       ?GetStyle@CWindow@ATL@@QBEKXZ 7c642380 f i stdafx.obj
 0001:000113d0       ?SetWindowLongW@CWindow@ATL@@QAEJHJ@Z 7c6423d0 f i stdafx.obj
 0001:00011430       ?SetWindowPos@CWindow@ATL@@QAEHPAUHWND__@@HHHHI@Z 7c642430 f i stdafx.obj
 0001:000114a0       ?IsParentDialog@CWindow@ATL@@QAEHXZ 7c6424a0 f i stdafx.obj
 0001:00011530       ??BCWindow@ATL@@QBEPAUHWND__@@XZ 7c642530 f i stdafx.obj
 0001:00011540       ?GetParent@CWindow@ATL@@QBE?AV12@XZ 7c642540 f i stdafx.obj
 0001:000115a0       ??0CWindow@ATL@@QAE@PAUHWND__@@@Z 7c6425a0 f i stdafx.obj
 0001:000115c0       ?FindOneOf@CAtlModule@ATL@@SAPB_WPB_W0@Z 7c6425c0 f i stdafx.obj
 0001:00011630       ??1?$CComPtr@UIClassFactory2@@@ATL@@QAE@XZ 7c642630 f i stdafx.obj
 0001:00011650       ?ShowContextMenu@CAxHostWindow@ATL@@UAGJKPAUtagPOINT@@PAUIUnknown@@PAUIDispatch@@@Z 7c642650 f i stdafx.obj
 0001:000116d0       ?GetHostInfo@CAxHostWindow@ATL@@UAGJPAU_DOCHOSTUIINFO@@@Z 7c6426d0 f i stdafx.obj
 0001:00011750       ?ShowUI@CAxHostWindow@ATL@@UAGJKPAUIOleInPlaceActiveObject@@PAUIOleCommandTarget@@PAUIOleInPlaceFrame@@PAUIOleInPlaceUIWindow@@@Z 7c642750 f i stdafx.obj
 0001:000117c0       ?HideUI@CAxHostWindow@ATL@@UAGJXZ 7c6427c0 f i stdafx.obj
 0001:00011810       ?UpdateUI@CAxHostWindow@ATL@@UAGJXZ 7c642810 f i stdafx.obj
 0001:00011860       ?EnableModeless@CAxHostWindow@ATL@@UAGJH@Z 7c642860 f i stdafx.obj
 0001:000118c0       ?OnDocWindowActivate@CAxHostWindow@ATL@@UAGJH@Z 7c6428c0 f i stdafx.obj
 0001:00011920       ?OnFrameWindowActivate@CAxHostWindow@ATL@@UAGJH@Z 7c642920 f i stdafx.obj
 0001:00011980       ?ResizeBorder@CAxHostWindow@ATL@@UAGJPBUtagRECT@@PAUIOleInPlaceUIWindow@@H@Z 7c642980 f i stdafx.obj
 0001:000119f0       ?TranslateAcceleratorW@CAxHostWindow@ATL@@UAGJPAUtagMSG@@PBU_GUID@@K@Z 7c6429f0 f i stdafx.obj
 0001:00011a80       ??0CComBSTR@ATL@@QAE@ABU_GUID@@@Z 7c642a80 f i stdafx.obj
 0001:00011b00       ?GetOptionKeyPath@CAxHostWindow@ATL@@UAGJPAPA_WK@Z 7c642b00 f i stdafx.obj
 0001:00011c00       ?ByteLength@CComBSTR@ATL@@QBEIXZ 7c642c00 f i stdafx.obj
 0001:00011c20       ?GetDropTarget@CAxHostWindow@ATL@@UAGJPAUIDropTarget@@PAPAU3@@Z 7c642c20 f i stdafx.obj
 0001:00011d20       ?GetExternal@CAxHostWindow@ATL@@UAGJPAPAUIDispatch@@@Z 7c642d20 f i stdafx.obj
 0001:00011df0       ?TranslateUrl@CAxHostWindow@ATL@@UAGJKPA_WPAPA_W@Z 7c642df0 f i stdafx.obj
 0001:00011f30       ?FilterDataObject@CAxHostWindow@ATL@@UAGJPAUIDataObject@@PAPAU3@@Z 7c642f30 f i stdafx.obj
 0001:00012020       ?Invoke@CAxHostWindow@ATL@@UAGJJABU_GUID@@KGPAUtagDISPPARAMS@@PAUtagVARIANT@@PAUtagEXCEPINFO@@PAI@Z 7c643020 f i stdafx.obj
 0001:000120f0       ?FireAmbientPropertyChange@CAxHostWindow@ATL@@QAEJJ@Z 7c6430f0 f i stdafx.obj
 0001:00012160       ?put_AllowWindowlessActivation@CAxHostWindow@ATL@@UAGJF@Z 7c643160 f i stdafx.obj
 0001:00012190       ?get_AllowWindowlessActivation@CAxHostWindow@ATL@@UAGJPAF@Z 7c643190 f i stdafx.obj
 0001:000121f0       ?put_BackColor@CAxHostWindow@ATL@@UAGJK@Z 7c6431f0 f i stdafx.obj
 0001:00012230       ?get_BackColor@CAxHostWindow@ATL@@UAGJPAK@Z 7c643230 f i stdafx.obj
 0001:00012280       ?put_ForeColor@CAxHostWindow@ATL@@UAGJK@Z 7c643280 f i stdafx.obj
 0001:000122b0       ?get_ForeColor@CAxHostWindow@ATL@@UAGJPAK@Z 7c6432b0 f i stdafx.obj
 0001:00012300       ?put_LocaleID@CAxHostWindow@ATL@@UAGJK@Z 7c643300 f i stdafx.obj
 0001:00012330       ?get_LocaleID@CAxHostWindow@ATL@@UAGJPAK@Z 7c643330 f i stdafx.obj
 0001:00012380       ?put_UserMode@CAxHostWindow@ATL@@UAGJF@Z 7c643380 f i stdafx.obj
 0001:000123c0       ?get_UserMode@CAxHostWindow@ATL@@UAGJPAF@Z 7c6433c0 f i stdafx.obj
 0001:00012420       ?put_DisplayAsDefault@CAxHostWindow@ATL@@UAGJF@Z 7c643420 f i stdafx.obj
 0001:00012460       ?get_DisplayAsDefault@CAxHostWindow@ATL@@UAGJPAF@Z 7c643460 f i stdafx.obj
 0001:000124c0       ?put_Font@CAxHostWindow@ATL@@UAGJPAUIFontDisp@@@Z 7c6434c0 f i stdafx.obj
 0001:000124f0       ?get_Font@CAxHostWindow@ATL@@UAGJPAPAUIFontDisp@@@Z 7c6434f0 f i stdafx.obj
 0001:00012770       ?T2OLE_EX_DEF@@YAPA_WPA_W@Z 7c643770 f i stdafx.obj
 0001:00012780       ?put_MessageReflect@CAxHostWindow@ATL@@UAGJF@Z 7c643780 f i stdafx.obj
 0001:000127c0       ?get_MessageReflect@CAxHostWindow@ATL@@UAGJPAF@Z 7c6437c0 f i stdafx.obj
 0001:00012820       ?get_ShowGrabHandles@CAxHostWindow@ATL@@UAGJPAF@Z 7c643820 f i stdafx.obj
 0001:00012840       ?get_ShowHatching@CAxHostWindow@ATL@@UAGJPAF@Z 7c643840 f i stdafx.obj
 0001:00012890       ?put_DocHostFlags@CAxHostWindow@ATL@@UAGJK@Z 7c643890 f i stdafx.obj
 0001:000128c0       ?get_DocHostFlags@CAxHostWindow@ATL@@UAGJPAK@Z 7c6438c0 f i stdafx.obj
 0001:00012910       ?put_DocHostDoubleClickFlags@CAxHostWindow@ATL@@UAGJK@Z 7c643910 f i stdafx.obj
 0001:00012930       ?get_DocHostDoubleClickFlags@CAxHostWindow@ATL@@UAGJPAK@Z 7c643930 f i stdafx.obj
 0001:00012980       ?put_AllowContextMenu@CAxHostWindow@ATL@@UAGJF@Z 7c643980 f i stdafx.obj
 0001:000129b0       ?get_AllowContextMenu@CAxHostWindow@ATL@@UAGJPAF@Z 7c6439b0 f i stdafx.obj
 0001:00012a10       ?put_AllowShowUI@CAxHostWindow@ATL@@UAGJF@Z 7c643a10 f i stdafx.obj
 0001:00012a40       ?get_AllowShowUI@CAxHostWindow@ATL@@UAGJPAF@Z 7c643a40 f i stdafx.obj
 0001:00012aa0       ?put_OptionKeyPath@CAxHostWindow@ATL@@UAGJPA_W@Z 7c643aa0 f i stdafx.obj
 0001:00012ac0       ??4CComBSTR@ATL@@QAEAAV01@PB_W@Z 7c643ac0 f i stdafx.obj
 0001:00012b20       ?get_OptionKeyPath@CAxHostWindow@ATL@@UAGJPAPA_W@Z 7c643b20 f i stdafx.obj
 0001:00012b70       ?SetAmbientDispatch@CAxHostWindow@ATL@@UAGJPAUIDispatch@@@Z 7c643b70 f i stdafx.obj
 0001:00012b90       ?SetSite@CAxHostWindow@ATL@@UAGJPAUIUnknown@@@Z 7c643b90 f i stdafx.obj
 0001:00012c40       ?SaveObject@CAxHostWindow@ATL@@UAGJXZ 7c643c40 f i stdafx.obj
 0001:00012c90       ?GetMoniker@CAxHostWindow@ATL@@UAGJKKPAPAUIMoniker@@@Z 7c643c90 f i stdafx.obj
 0001:00012ce0       ?GetContainer@CAxHostWindow@ATL@@UAGJPAPAUIOleContainer@@@Z 7c643ce0 f i stdafx.obj
 0001:00012dc0       ?ShowObject@CAxHostWindow@ATL@@UAGJXZ 7c643dc0 f i stdafx.obj
 0001:00012e80       ?GetDC@CWindow@ATL@@QAEPAUHDC__@@XZ 7c643e80 f i stdafx.obj
 0001:00012ed0       ?ReleaseDC@CWindow@ATL@@QAEHPAUHDC__@@@Z 7c643ed0 f i stdafx.obj
 0001:00012f20       ?OnShowWindow@CAxHostWindow@ATL@@UAGJH@Z 7c643f20 f i stdafx.obj
 0001:00012f70       ?RequestNewObjectLayout@CAxHostWindow@ATL@@UAGJXZ 7c643f70 f i stdafx.obj
 0001:00012fc0       ?GetWindow@CAxHostWindow@ATL@@UAGJPAPAUHWND__@@@Z 7c643fc0 f i stdafx.obj
 0001:00013020       ?ContextSensitiveHelp@CAxHostWindow@ATL@@UAGJH@Z 7c644020 f i stdafx.obj
 0001:00013070       ?CanInPlaceActivate@CAxHostWindow@ATL@@UAGJXZ 7c644070 f i stdafx.obj
 0001:00013080       ?OnInPlaceActivate@CAxHostWindow@ATL@@UAGJXZ 7c644080 f i stdafx.obj
 0001:00013170       ?OnUIActivate@CAxHostWindow@ATL@@UAGJXZ 7c644170 f i stdafx.obj
 0001:000131c0       ?GetWindowContext@CAxHostWindow@ATL@@UAGJPAPAUIOleInPlaceFrame@@PAPAUIOleInPlaceUIWindow@@PAUtagRECT@@2PAUtagOIFI@@@Z 7c6441c0 f i stdafx.obj
 0001:00013410       ?Scroll@CAxHostWindow@ATL@@UAGJUtagSIZE@@@Z 7c644410 f i stdafx.obj
 0001:00013460       ?OnUIDeactivate@CAxHostWindow@ATL@@UAGJH@Z 7c644460 f i stdafx.obj
 0001:000134b0       ?OnInPlaceDeactivate@CAxHostWindow@ATL@@UAGJXZ 7c6444b0 f i stdafx.obj
 0001:000134e0       ?DiscardUndoState@CAxHostWindow@ATL@@UAGJXZ 7c6444e0 f i stdafx.obj
 0001:00013530       ?DeactivateAndUndo@CAxHostWindow@ATL@@UAGJXZ 7c644530 f i stdafx.obj
 0001:00013580       ?OnPosRectChange@CAxHostWindow@ATL@@UAGJPBUtagRECT@@@Z 7c644580 f i stdafx.obj
 0001:00013650       ?Detach@CWindow@ATL@@QAEPAUHWND__@@XZ 7c644650 f i stdafx.obj
 0001:00013680       ?MoveWindow@CWindow@ATL@@QAEHPBUtagRECT@@H@Z 7c644680 f i stdafx.obj
 0001:00013700       ?ClientToScreen@CWindow@ATL@@QBEHPAUtagRECT@@@Z 7c644700 f i stdafx.obj
 0001:00013770       ?ScreenToClient@CWindow@ATL@@QBEHPAUtagRECT@@@Z 7c644770 f i stdafx.obj
 0001:000137e0       ?OnInPlaceActivateEx@CAxHostWindow@ATL@@UAGJPAHK@Z 7c6447e0 f i stdafx.obj
 0001:00013970       ?OnInPlaceDeactivateEx@CAxHostWindow@ATL@@UAGJH@Z 7c644970 f i stdafx.obj
 0001:000139a0       ?RequestUIActivate@CAxHostWindow@ATL@@UAGJXZ 7c6449a0 f i stdafx.obj
 0001:000139b0       ?CanWindowlessActivate@CAxHostWindow@ATL@@UAGJXZ 7c6449b0 f i stdafx.obj
 0001:000139d0       ?GetCapture@CAxHostWindow@ATL@@UAGJXZ 7c6449d0 f i stdafx.obj
 0001:000139f0       ?SetCapture@CAxHostWindow@ATL@@UAGJH@Z 7c6449f0 f i stdafx.obj
 0001:00013a40       ?SetCapture@CWindow@ATL@@QAEPAUHWND__@@XZ 7c644a40 f i stdafx.obj
 0001:00013a90       ?GetFocus@CAxHostWindow@ATL@@UAGJXZ 7c644a90 f i stdafx.obj
 0001:00013ab0       ?SetFocus@CAxHostWindow@ATL@@UAGJH@Z 7c644ab0 f i stdafx.obj
 0001:00013ae0       ?GetDC@CAxHostWindow@ATL@@UAGJPBUtagRECT@@KPAPAUHDC__@@@Z 7c644ae0 f i stdafx.obj
 0001:00013c10       ?ReleaseDC@CAxHostWindow@ATL@@UAGJPAUHDC__@@@Z 7c644c10 f i stdafx.obj
 0001:00013c90       ?InvalidateRect@CAxHostWindow@ATL@@UAGJPBUtagRECT@@H@Z 7c644c90 f i stdafx.obj
 0001:00013cb0       ?InvalidateRect@CWindow@ATL@@QAEHPBUtagRECT@@H@Z 7c644cb0 f i stdafx.obj
 0001:00013d10       ?InvalidateRgn@CAxHostWindow@ATL@@UAGJPAUHRGN__@@H@Z 7c644d10 f i stdafx.obj
 0001:00013d30       ?InvalidateRgn@CWindow@ATL@@QAEXPAUHRGN__@@H@Z 7c644d30 f i stdafx.obj
 0001:00013d90       ?ScrollRect@CAxHostWindow@ATL@@UAGJHHPBUtagRECT@@0@Z 7c644d90 f i stdafx.obj
 0001:00013da0       ?AdjustRect@CAxHostWindow@ATL@@UAGJPAUtagRECT@@@Z 7c644da0 f i stdafx.obj
 0001:00013db0       ?OnDefWindowMessage@CAxHostWindow@ATL@@UAGJIIJPAJ@Z 7c644db0 f i stdafx.obj
 0001:00013de0       ?OnControlInfoChanged@CAxHostWindow@ATL@@UAGJXZ 7c644de0 f i stdafx.obj
 0001:00013df0       ?LockInPlaceActive@CAxHostWindow@ATL@@UAGJH@Z 7c644df0 f i stdafx.obj
 0001:00013e00       ?GetExtendedControl@CAxHostWindow@ATL@@UAGJPAPAUIDispatch@@@Z 7c644e00 f i stdafx.obj
 0001:00013e30       ?TransformCoords@CAxHostWindow@ATL@@UAGJPAU_POINTL@@PAUtagPOINTF@@K@Z 7c644e30 f i stdafx.obj
 0001:00013e80       ?TranslateAcceleratorW@CAxHostWindow@ATL@@UAGJPAUtagMSG@@K@Z 7c644e80 f i stdafx.obj
 0001:00013e90       ?OnFocus@CAxHostWindow@ATL@@UAGJH@Z 7c644e90 f i stdafx.obj
 0001:00013ec0       ?ShowPropertyFrame@CAxHostWindow@ATL@@UAGJXZ 7c644ec0 f i stdafx.obj
 0001:00013f10       ?OnDataChange@CAxHostWindow@ATL@@UAGXPAUtagFORMATETC@@PAUtagSTGMEDIUM@@@Z 7c644f10 f i stdafx.obj
 0001:00013f20       ?OnViewChange@CAxHostWindow@ATL@@UAGXKJ@Z 7c644f20 f i stdafx.obj
 0001:00013f30       ?OnRename@CAxHostWindow@ATL@@UAGXPAUIMoniker@@@Z 7c644f30 f i stdafx.obj
 0001:00013f40       ?OnSave@CAxHostWindow@ATL@@UAGXXZ 7c644f40 f i stdafx.obj
 0001:00013f50       ?OnClose@CAxHostWindow@ATL@@UAGXXZ 7c644f50 f i stdafx.obj
 0001:00013f60       ?ParseDisplayName@CAxHostWindow@ATL@@UAGJPAUIBindCtx@@PA_WPAKPAPAUIMoniker@@@Z 7c644f60 f i stdafx.obj
 0001:00013fb0       ?EnumObjects@CAxHostWindow@ATL@@UAGJKPAPAUIEnumUnknown@@@Z 7c644fb0 f i stdafx.obj
 0001:000140b0       ?LockContainer@CAxHostWindow@ATL@@UAGJH@Z 7c6450b0 f i stdafx.obj
 0001:000140e0       ?ActivateAx@CAxHostWindow@ATL@@QAEJPAUIUnknown@@_NPAUIStream@@@Z 7c6450e0 f i stdafx.obj
 0001:00014700       ?SubclassWindow@CAxHostWindow@ATL@@QAEXPAUHWND__@@@Z 7c645700 f i stdafx.obj
 0001:00014740       ?ReleaseWindow@CAxHostWindow@ATL@@QAEXXZ 7c645740 f i stdafx.obj
 0001:00014790       ?ReflectNotifications@CAxHostWindow@ATL@@QAEJIIJAAH@Z 7c645790 f i stdafx.obj
 0001:00014a10       ?GetDlgItem@CWindow@ATL@@QBE?AV12@H@Z 7c645a10 f i stdafx.obj
 0001:00014a70       ?QueryService@CAxHostWindow@ATL@@UAGJABU_GUID@@0PAPAX@Z 7c645a70 f i stdafx.obj
 0001:00014b10       ??0?$CWindowImpl@VCAxHostWindow@ATL@@VCWindow@2@V?$CWinTraits@$0FGAAAAAA@$0A@@2@@ATL@@QAE@XZ 7c645b10 f i stdafx.obj
 0001:00014b30       ??0IAxWinHostWindowLic@@QAE@XZ 7c645b30 f i stdafx.obj
 0001:00014b50       ??0IOleClientSite@@QAE@XZ  7c645b50 f i stdafx.obj
 0001:00014b70       ??0IOleInPlaceSiteWindowless@@QAE@XZ 7c645b70 f i stdafx.obj
 0001:00014b90       ??0IOleControlSite@@QAE@XZ 7c645b90 f i stdafx.obj
 0001:00014bb0       ??0IOleContainer@@QAE@XZ   7c645bb0 f i stdafx.obj
 0001:00014bd0       ??0?$IObjectWithSiteImpl@VCAxHostWindow@ATL@@@ATL@@QAE@XZ 7c645bd0 f i stdafx.obj
 0001:00014c00       ??0IServiceProvider@@QAE@XZ 7c645c00 f i stdafx.obj
 0001:00014c20       ??0IAdviseSink@@QAE@XZ     7c645c20 f i stdafx.obj
 0001:00014c40       ??0IDocHostUIHandler@@QAE@XZ 7c645c40 f i stdafx.obj
 0001:00014c60       ??1?$CComQIPtr@UIOleInPlaceActiveObject@@$1?_GUID_00000117_0000_0000_c000_000000000046@@3U__s_GUID@@B@ATL@@QAE@XZ 7c645c60 f i stdafx.obj
 0001:00014c80       ??1?$CComPtr@UIOleInPlaceActiveObject@@@ATL@@QAE@XZ 7c645c80 f i stdafx.obj
 0001:00014ca0       ??1?$CComPtr@UIOleClientSite@@@ATL@@QAE@XZ 7c645ca0 f i stdafx.obj
 0001:00014cc0       ??1?$CComPtr@UIPersistStreamInit@@@ATL@@QAE@XZ 7c645cc0 f i stdafx.obj
 0001:00014ce0       ??1?$CComPtr@UIWebBrowser2@@@ATL@@QAE@XZ 7c645ce0 f i stdafx.obj
 0001:00014d00       ??1?$CComQIPtr@UIOleControl@@$1?_GUID_b196b288_bab4_101a_b69c_00aa00341d07@@3U__s_GUID@@B@ATL@@QAE@XZ 7c645d00 f i stdafx.obj
 0001:00014d20       ??1?$CComQIPtr@UIOleClientSite@@$1?_GUID_00000118_0000_0000_c000_000000000046@@3U__s_GUID@@B@ATL@@QAE@XZ 7c645d20 f i stdafx.obj
 0001:00014d40       ??1?$CComQIPtr@UIPersistStreamInit@@$1?_GUID_7fd52380_4e07_101b_ae2d_08002b2ec713@@3U__s_GUID@@B@ATL@@QAE@XZ 7c645d40 f i stdafx.obj
 0001:00014d60       ??1?$CComQIPtr@UIPersistStream@@$1?_GUID_00000109_0000_0000_c000_000000000046@@3U__s_GUID@@B@ATL@@QAE@XZ 7c645d60 f i stdafx.obj
 0001:00014d80       ??1?$CComQIPtr@UIAdviseSink@@$1?_GUID_0000010f_0000_0000_c000_000000000046@@3U__s_GUID@@B@ATL@@QAE@XZ 7c645d80 f i stdafx.obj
 0001:00014da0       ??0IAxWinHostWindow@@QAE@XZ 7c645da0 f i stdafx.obj
 0001:00014dc0       ??0IOleInPlaceSiteEx@@QAE@XZ 7c645dc0 f i stdafx.obj
 0001:00014de0       ??0IParseDisplayName@@QAE@XZ 7c645de0 f i stdafx.obj
 0001:00014e00       ??0IObjectWithSite@@QAE@XZ 7c645e00 f i stdafx.obj
 0001:00014e20       ??1?$CComPtr@UIOleControl@@@ATL@@QAE@XZ 7c645e20 f i stdafx.obj
 0001:00014e40       ??1?$CComPtr@UIAdviseSink@@@ATL@@QAE@XZ 7c645e40 f i stdafx.obj
 0001:00014e60       ??0IOleInPlaceSite@@QAE@XZ 7c645e60 f i stdafx.obj
 0001:00014e80       ??0IOleWindow@@QAE@XZ      7c645e80 f i stdafx.obj
 0001:00014ea0       ??B?$CComPtrBase@UIDispatch@@@ATL@@QBEPAUIDispatch@@XZ 7c645ea0 f i stdafx.obj
 0001:00014eb0       ??9?$CComPtrBase@UIDispatch@@@ATL@@QBE_NPAUIDispatch@@@Z 7c645eb0 f i stdafx.obj
 0001:00014ee0       ?CopyTo@?$CComPtrBase@UIDispatch@@@ATL@@QAEJPAPAUIDispatch@@@Z 7c645ee0 f i stdafx.obj
 0001:00014f50       ??0?$CComPtr@UIUnknown@@@ATL@@QAE@PAUIUnknown@@@Z 7c645f50 f i stdafx.obj
 0001:00014f70       ??4?$CComPtr@UIUnknown@@@ATL@@QAEPAUIUnknown@@PAU2@@Z 7c645f70 f i stdafx.obj
 0001:00014fb0       ??C?$CComPtrBase@UIPersistStream@@@ATL@@QBEPAV?$_NoAddRefReleaseOnCComPtr@UIPersistStream@@@1@XZ 7c645fb0 f i stdafx.obj
 0001:00014ff0       ??0?$CComPtr@UIClassFactory2@@@ATL@@QAE@XZ 7c645ff0 f i stdafx.obj
 0001:00015010       ??1?$CComPtrBase@UIClassFactory2@@@ATL@@QAE@XZ 7c646010 f i stdafx.obj
 0001:00015040       ??I?$CComPtrBase@UIClassFactory2@@@ATL@@QAEPAPAUIClassFactory2@@XZ 7c646040 f i stdafx.obj
 0001:00015080       ??C?$CComPtrBase@UIClassFactory2@@@ATL@@QBEPAV?$_NoAddRefReleaseOnCComPtr@UIClassFactory2@@@1@XZ 7c646080 f i stdafx.obj
 0001:000150c0       ??0?$CWindowImplBaseT@VCWindow@ATL@@V?$CWinTraits@$0FGAAAAAA@$0A@@2@@ATL@@QAE@XZ 7c6460c0 f i stdafx.obj
 0001:000150f0       ?GetWindowProc@?$CWindowImplBaseT@VCWindow@ATL@@V?$CWinTraits@$0FGAAAAAA@$0A@@2@@ATL@@UAEP6GJPAUHWND__@@IIJ@ZXZ 7c6460f0 f i stdafx.obj
 0001:00015100       ?DestroyWindow@?$CWindowImplBaseT@VCWindow@ATL@@V?$CWinTraits@$0FGAAAAAA@$0A@@2@@ATL@@QAEHXZ 7c646100 f i stdafx.obj
 0001:00015150       ?DefWindowProcW@?$CWindowImplBaseT@VCWindow@ATL@@V?$CWinTraits@$0FGAAAAAA@$0A@@2@@ATL@@QAEJXZ 7c646150 f i stdafx.obj
 0001:000151a0       ?DefWindowProcW@?$CWindowImplBaseT@VCWindow@ATL@@V?$CWinTraits@$0FGAAAAAA@$0A@@2@@ATL@@QAEJIIJ@Z 7c6461a0 f i stdafx.obj
 0001:000151d0       ??1?$CComPtrBase@UIOleInPlaceActiveObject@@@ATL@@QAE@XZ 7c6461d0 f i stdafx.obj
 0001:00015200       ??B?$CComPtrBase@UIOleInPlaceActiveObject@@@ATL@@QBEPAUIOleInPlaceActiveObject@@XZ 7c646200 f i stdafx.obj
 0001:00015210       ??C?$CComPtrBase@UIOleInPlaceActiveObject@@@ATL@@QBEPAV?$_NoAddRefReleaseOnCComPtr@UIOleInPlaceActiveObject@@@1@XZ 7c646210 f i stdafx.obj
 0001:00015250       ?SetSite@?$IObjectWithSiteImpl@VCAxHostWindow@ATL@@@ATL@@UAGJPAUIUnknown@@@Z 7c646250 f i stdafx.obj
 0001:000152c0       ?GetSite@?$IObjectWithSiteImpl@VCAxHostWindow@ATL@@@ATL@@UAGJABU_GUID@@PAPAX@Z 7c6462c0 f i stdafx.obj
 0001:000153a0       ?GetTypeInfoCount@?$IDispatchImpl@UIAxWinAmbientDispatchEx@@$1?_GUID_b2d0778b_ac99_4c58_a5c8_e7724e5316b5@@3U__s_GUID@@B$1?m_libid@CAtlModule@ATL@@2U_GUID@@A$0PPPP@$0PPPP@VCComTypeInfoHolder@ATL@@@ATL@@UAGJPAI@Z 7c6463a0 f i stdafx.obj
 0001:000153c0       ?GetTypeInfo@?$IDispatchImpl@UIAxWinAmbientDispatchEx@@$1?_GUID_b2d0778b_ac99_4c58_a5c8_e7724e5316b5@@3U__s_GUID@@B$1?m_libid@CAtlModule@ATL@@2U_GUID@@A$0PPPP@$0PPPP@VCComTypeInfoHolder@ATL@@@ATL@@UAGJIKPAPAUITypeInfo@@@Z 7c6463c0 f i stdafx.obj
 0001:000153e0       ?GetTypeInfo@CComTypeInfoHolder@ATL@@QAEJIKPAPAUITypeInfo@@@Z 7c6463e0 f i stdafx.obj
 0001:00015400       ?GetTI@CComTypeInfoHolder@ATL@@QAEJKPAPAUITypeInfo@@@Z 7c646400 f i stdafx.obj
 0001:000154a0       ?GetTI@CComTypeInfoHolder@ATL@@QAEJK@Z 7c6464a0 f i stdafx.obj
 0001:00015b30       ?LoadNameCache@CComTypeInfoHolder@ATL@@QAEJPAUITypeInfo@@@Z 7c646b30 f i stdafx.obj
 0001:00015d20       ??0stringdispid@CComTypeInfoHolder@ATL@@QAE@XZ 7c646d20 f i stdafx.obj
 0001:00015d50       ??1?$CComPtr@UITypeInfo2@@@ATL@@QAE@XZ 7c646d50 f i stdafx.obj
 0001:00015d70       ??0?$CComPtr@UITypeInfo@@@ATL@@QAE@ABV01@@Z 7c646d70 f i stdafx.obj
 0001:00015d90       ?Detach@?$CComPtrBase@UITypeInfo@@@ATL@@QAEPAUITypeInfo@@XZ 7c646d90 f i stdafx.obj
 0001:00015dc0       ??0?$CComPtr@UITypeInfo2@@@ATL@@QAE@XZ 7c646dc0 f i stdafx.obj
 0001:00015de0       ??1?$CComPtrBase@UITypeInfo2@@@ATL@@QAE@XZ 7c646de0 f i stdafx.obj
 0001:00015e10       ??I?$CComPtrBase@UITypeInfo2@@@ATL@@QAEPAPAUITypeInfo2@@XZ 7c646e10 f i stdafx.obj
 0001:00015e50       ?GetIDsOfNames@?$IDispatchImpl@UIAxWinAmbientDispatchEx@@$1?_GUID_b2d0778b_ac99_4c58_a5c8_e7724e5316b5@@3U__s_GUID@@B$1?m_libid@CAtlModule@ATL@@2U_GUID@@A$0PPPP@$0PPPP@VCComTypeInfoHolder@ATL@@@ATL@@UAGJABU_GUID@@PAPA_WIKPAJ@Z 7c646e50 f i stdafx.obj
 0001:00015e80       ?GetIDsOfNames@CComTypeInfoHolder@ATL@@QAEJABU_GUID@@PAPA_WIKPAJ@Z 7c646e80 f i stdafx.obj
 0001:00015f90       ?EnsureTI@CComTypeInfoHolder@ATL@@QAEJK@Z 7c646f90 f i stdafx.obj
 0001:00015fd0       ?Invoke@?$IDispatchImpl@UIAxWinAmbientDispatchEx@@$1?_GUID_b2d0778b_ac99_4c58_a5c8_e7724e5316b5@@3U__s_GUID@@B$1?m_libid@CAtlModule@ATL@@2U_GUID@@A$0PPPP@$0PPPP@VCComTypeInfoHolder@ATL@@@ATL@@UAGJJABU_GUID@@KGPAUtagDISPPARAMS@@PAUtagVARIANT@@PAUtagEXCEPINFO@@PAI@Z 7c646fd0 f i stdafx.obj
 0001:00016010       ?Invoke@CComTypeInfoHolder@ATL@@QAEJPAUIDispatch@@JABU_GUID@@KGPAUtagDISPPARAMS@@PAUtagVARIANT@@PAUtagEXCEPINFO@@PAI@Z 7c647010 f i stdafx.obj
 0001:00016070       ??0?$IDispatchImpl@UIAxWinAmbientDispatchEx@@$1?_GUID_b2d0778b_ac99_4c58_a5c8_e7724e5316b5@@3U__s_GUID@@B$1?m_libid@CAtlModule@ATL@@2U_GUID@@A$0PPPP@$0PPPP@VCComTypeInfoHolder@ATL@@@ATL@@QAE@XZ 7c647070 f i stdafx.obj
 0001:000160b0       ??0CComTypeInfoHolder@ATL@@QAE@PBU_GUID@@0GG@Z 7c6470b0 f i stdafx.obj
 0001:00016110       ??0?$CComPtr@UIOleObject@@@ATL@@QAE@XZ 7c647110 f i stdafx.obj
 0001:00016130       ??I?$CComPtrBase@UIOleObject@@@ATL@@QAEPAPAUIOleObject@@XZ 7c647130 f i stdafx.obj
 0001:00016170       ??9?$CComPtrBase@UIOleObject@@@ATL@@QBE_NPAUIOleObject@@@Z 7c647170 f i stdafx.obj
 0001:000161a0       ??8?$CComPtrBase@UIOleObject@@@ATL@@QBE_NPAUIOleObject@@@Z 7c6471a0 f i stdafx.obj
 0001:000161c0       ??0?$CComPtr@UIOleInPlaceFrame@@@ATL@@QAE@XZ 7c6471c0 f i stdafx.obj
 0001:000161e0       ??I?$CComPtrBase@UIOleInPlaceFrame@@@ATL@@QAEPAPAUIOleInPlaceFrame@@XZ 7c6471e0 f i stdafx.obj
 0001:00016220       ??7?$CComPtrBase@UIOleInPlaceFrame@@@ATL@@QBE_NXZ 7c647220 f i stdafx.obj
 0001:00016240       ?CopyTo@?$CComPtrBase@UIOleInPlaceFrame@@@ATL@@QAEJPAPAUIOleInPlaceFrame@@@Z 7c647240 f i stdafx.obj
 0001:000162b0       ??0?$CComPtr@UIOleInPlaceUIWindow@@@ATL@@QAE@XZ 7c6472b0 f i stdafx.obj
 0001:000162d0       ??I?$CComPtrBase@UIOleInPlaceUIWindow@@@ATL@@QAEPAPAUIOleInPlaceUIWindow@@XZ 7c6472d0 f i stdafx.obj
 0001:00016310       ??7?$CComPtrBase@UIOleInPlaceUIWindow@@@ATL@@QBE_NXZ 7c647310 f i stdafx.obj
 0001:00016330       ?CopyTo@?$CComPtrBase@UIOleInPlaceUIWindow@@@ATL@@QAEJPAPAUIOleInPlaceUIWindow@@@Z 7c647330 f i stdafx.obj
 0001:000163a0       ??0?$CComPtr@UIViewObjectEx@@@ATL@@QAE@XZ 7c6473a0 f i stdafx.obj
 0001:000163c0       ??B?$CComPtrBase@UIViewObjectEx@@@ATL@@QBEPAUIViewObjectEx@@XZ 7c6473c0 f i stdafx.obj
 0001:000163d0       ??I?$CComPtrBase@UIViewObjectEx@@@ATL@@QAEPAPAUIViewObjectEx@@XZ 7c6473d0 f i stdafx.obj
 0001:00016410       ??0?$CComPtr@UIOleInPlaceObjectWindowless@@@ATL@@QAE@XZ 7c647410 f i stdafx.obj
 0001:00016430       ??B?$CComPtrBase@UIOleInPlaceObjectWindowless@@@ATL@@QBEPAUIOleInPlaceObjectWindowless@@XZ 7c647430 f i stdafx.obj
 0001:00016440       ??I?$CComPtrBase@UIOleInPlaceObjectWindowless@@@ATL@@QAEPAPAUIOleInPlaceObjectWindowless@@XZ 7c647440 f i stdafx.obj
 0001:00016480       ??C?$CComPtrBase@UIOleInPlaceObjectWindowless@@@ATL@@QBEPAV?$_NoAddRefReleaseOnCComPtr@UIOleInPlaceObjectWindowless@@@1@XZ 7c647480 f i stdafx.obj
[...]
 0001:0001b215       _RegNotifyChangeKeyValue@20 7c64c215 f   atldload:advapi.obj
 0001:0001b21b       _RegOpenKeyA@12            7c64c21b f   atldload:advapi.obj
 0001:0001b221       _RegOpenKeyW@12            7c64c221 f   atldload:advapi.obj
 0001:0001b227       _RegEnumKeyA@16            7c64c227 f   atldload:advapi.obj
 0001:0001b22d       _RegEnumKeyW@16            7c64c22d f   atldload:advapi.obj
 0001:0001b233       _RegEnumKeyExW@32          7c64c233 f   atldload:advapi.obj
 0001:0001b247       _RegQueryInfoKeyW@48       7c64c247 f   atldload:advapi.obj
 0001:0001b24d       _DeregisterEventSource@4   7c64c24d f   atldload:advapi.obj
 0001:0001b259       _RegisterEventSourceW@8    7c64c259 f   atldload:advapi.obj
 0001:0001b265       _ReportEventW@36           7c64c265 f   atldload:advapi.obj
 0001:0001b271       _AdjustTokenPrivileges@24  7c64c271 f   atldload:advapi.obj
 0001:0001b27d       _LookupPrivilegeValueA@12  7c64c27d f   atldload:advapi.obj
 0001:0001b289       _LookupPrivilegeValueW@12  7c64c289 f   atldload:advapi.obj
 0001:0001b295       _FreeSid@4                 7c64c295 f   atldload:advapi.obj
 0001:0001b2a1       _CheckTokenMembership@12   7c64c2a1 f   atldload:advapi.obj
 0001:0001b2ad       _AllocateAndInitializeSid@44 7c64c2ad f   atldload:advapi.obj
 0001:0001b2b9       _OpenProcessToken@12       7c64c2b9 f   atldload:advapi.obj
 0001:0001b2c5       _OpenThreadToken@16        7c64c2c5 f   atldload:advapi.obj
 0001:0001b2d1       _GetTokenInformation@20    7c64c2d1 f   atldload:advapi.obj
 0001:0001b2dd       _RegEnumValueW@32          7c64c2dd f   atldload:advapi.obj
 0001:0001b2e3       _CryptHashData@16          7c64c2e3 f   atldload:advapi.obj
 0001:0001b2e8       _CryptReleaseContext@8     7c64c2e8 f   atldload:advapi.obj
 0001:0001b2ed       _CryptAcquireContextW@20   7c64c2ed f   atldload:advapi.obj
 0001:0001b2f2       _CryptDestroyHash@4        7c64c2f2 f   atldload:advapi.obj
 0001:0001b2f7       _CryptDestroyKey@4         7c64c2f7 f   atldload:advapi.obj
 0001:0001b2fc       _CryptExportKey@24         7c64c2fc f   atldload:advapi.obj
 0001:0001b301       _CryptGetHashParam@20      7c64c301 f   atldload:advapi.obj
 0001:0001b314       _CryptCreateHash@20        7c64c314 f   atldload:advapi.obj
 0001:0001b319       _SetFileSecurityA@12       7c64c319 f   atldload:advapi.obj
 0001:0001b325       _GetFileSecurityA@20       7c64c325 f   atldload:advapi.obj
 0001:0001b331       _RegQueryValueW@16         7c64c331 f   atldload:advapi.obj
 0001:0001b33d       _RegSetValueW@20           7c64c33d f   atldload:advapi.obj
 0001:0001b349       _SetFileSecurityW@12       7c64c349 f   atldload:advapi.obj
 0001:0001b355       _GetFileSecurityW@20       7c64c355 f   atldload:advapi.obj
 0001:0001b361       _IsTextUnicode@12          7c64c361 f   atldload:advapi.obj
 0001:0001b36d       _RevertToSelf@0            7c64c36d f   atldload:advapi.obj
 0001:0001b377       _SetThreadToken@8          7c64c377 f   atldload:advapi.obj
 0001:0001bf10       ?Init@@YG_NXZ              7c64cf10 f   atlsd:Externs.obj
 0001:0001d6d0       ?ShouldTraceOutput@ATL@@YG_NKKIPAPBVCAtlTraceCategory@@PAP6AHHPBDH11ZZ@Z 7c64e6d0 f   atlsd:AtlDebugAPI.obj
 0001:0001e980       ?__InitializeThunkPool@@YAHXZ 7c64f980 f   atlsd:atlthunk.obj
 0001:00022670       _realloc_help              7c653670 f   libcmtd:dbgheap.obj
 0001:00023740       _CheckBytes                7c654740 f   libcmtd:dbgheap.obj
 0001:000246c0       ?_CrtMemDumpAllObjectsSince_stat@@YAXPBU_CrtMemState@@PAUlocaleinfo_struct@@@Z 7c6556c0 f   libcmtd:dbgheap.obj
 0001:000249d0       __printMemBlockData        7c6559d0 f   libcmtd:dbgheap.obj
 0001:00025f20       _ValidateLocalCookies      7c656f20 f   libcmtd:chandler4.obj
 0001:000264f0       __onexit_nolock            7c6574f0 f   libcmtd:onexit.obj
 0001:00026b60       _cmpBYTE                   7c657b60 f   libcmtd:memcmp.obj
 0001:00026b90       _cmpResult                 7c657b90 f   libcmtd:memcmp.obj
 0001:00026bb0       _unaligned_memcmp          7c657bb0 f   libcmtd:memcmp.obj
 0001:000272c0       _cmpWORD                   7c6582c0 f   libcmtd:memcmp.obj
 0001:00027340       _cmpDWORD                  7c658340 f   libcmtd:memcmp.obj
 0001:00027ed0       ___DllMainCRTStartup       7c658ed0 f   libcmtd:dllcrt0.obj
 0001:0002cc00       ?wcsncnt@@YAIPB_WI@Z       7c65dc00 f   libcmtd:wcstombs.obj
 0001:0002d240       _doexit                    7c65e240 f   libcmtd:crt0dat.obj
 0001:0002d4c0       __initterm                 7c65e4c0 f   libcmtd:crt0dat.obj
 0001:0002dfa0       _ctrlevent_capture@4       7c65efa0 f   libcmtd:winsig.obj
 0001:0002e3a0       _siglookup                 7c65f3a0 f   libcmtd:winsig.obj
 0001:000316a0       ?getSystemCP@@YAHH@Z       7c6626a0 f   libcmtd:mbctype.obj
 0001:00031b00       ?CPtoLCID@@YAHH@Z          7c662b00 f   libcmtd:mbctype.obj
 0001:00031b80       ?setSBCS@@YAXPAUthreadmbcinfostruct@@@Z 7c662b80 f   libcmtd:mbctype.obj
 0001:00031c60       ?setSBUpLow@@YAXPAUthreadmbcinfostruct@@@Z 7c662c60 f   libcmtd:mbctype.obj
 0001:00032660       __updatetlocinfoEx_nolock  7c663660 f   libcmtd:setlocal.obj
 0001:00032b90       __copytlocinfo_nolock      7c663b90 f   libcmtd:setlocal.obj
 0001:00032f70       _sync_legacy_variables_lk  7c663f70 f   libcmtd:setlocal.obj
 0001:00032ff0       __setlocale_nolock         7c663ff0 f   libcmtd:setlocal.obj
 0001:000333e0       __setlocale_set_cat        7c6643e0 f   libcmtd:setlocal.obj
 0001:00033910       __setlocale_get_all        7c664910 f   libcmtd:setlocal.obj
 0001:00034270       __use_encode_pointer       7c665270 f   libcmtd:tidtable.obj
 0001:000364c0       _write_char                7c6674c0 f   libcmtd:woutput.obj
 0001:00036520       _write_multi_char          7c667520 f   libcmtd:woutput.obj
 0001:00036560       _write_string              7c667560 f   libcmtd:woutput.obj
 0001:00037730       __unwind_handler4          7c668730 f   libcmtd:exsup4.obj
 0001:00037a80       _fastzero_I                7c668a80 f   libcmtd:p4_memset.obj
 0001:00038e20       _write_char                7c669e20 f   libcmtd:output.obj
 0001:00038ec0       _write_multi_char          7c669ec0 f   libcmtd:output.obj
 0001:00038f00       _write_string              7c669f00 f   libcmtd:output.obj
 0001:00039a90       _parse_cmdline             7c66aa90 f   libcmtd:stdargv.obj
 0001:0003a360       _xcptlookup                7c66b360 f   libcmtd:winxfltr.obj
 0001:0003c250       _write_char                7c66d250 f   libcmtd:outputs.obj
 0001:0003c2f0       _write_multi_char          7c66d2f0 f   libcmtd:outputs.obj
 0001:0003c330       _write_string              7c66d330 f   libcmtd:outputs.obj
 0001:000400c0       _write_char                7c6710c0 f   libcmtd:outputp.obj
 0001:00040160       _write_multi_char          7c671160 f   libcmtd:outputp.obj
 0001:000401a0       _write_string              7c6711a0 f   libcmtd:outputp.obj
 0001:00041440       _write_char                7c672440 f   libcmtd:woutputs.obj
 0001:000414a0       _write_multi_char          7c6724a0 f   libcmtd:woutputs.obj
 0001:000414e0       _write_string              7c6724e0 f   libcmtd:woutputs.obj
 0001:00044e00       _write_char                7c675e00 f   libcmtd:woutputp.obj
 0001:00044e60       _write_multi_char          7c675e60 f   libcmtd:woutputp.obj
 0001:00044ea0       _write_string              7c675ea0 f   libcmtd:woutputp.obj
 0001:00045580       ___crtInitCritSecNoSpinCount@8 7c676580 f   libcmtd:initcrit.obj
 0001:00045d50       _xtoa_s@20                 7c676d50 f   libcmtd:xtoas.obj
 0001:00046160       @x64toa_s@24               7c677160 f   libcmtd:xtoas.obj
 0001:00046590       _xtow_s@20                 7c677590 f   libcmtd:xtows.obj
 0001:000469c0       @x64tow_s@24               7c6779c0 f   libcmtd:xtows.obj
 0001:000473a0       ?CatchGuardHandler@@YA?AW4_EXCEPTION_DISPOSITION@@PAUEHExceptionRecord@@PAUCatchGuardRN@@PAX2@Z 7c6783a0 f   libcmtd:trnsctrl.obj
 0001:000474e0       ?TranslatorGuardHandler@@YA?AW4_EXCEPTION_DISPOSITION@@PAUEHExceptionRecord@@PAUTranslatorGuardRN@@PAX2@Z 7c6784e0 f   libcmtd:trnsctrl.obj
 0001:00047740       ?__crtLCMapStringA_stat@@YAHPAUlocaleinfo_struct@@KKPBDHPADHHH@Z 7c678740 f   libcmtd:a_map.obj
 0001:00047c40       ?strncnt@@YAHPBDH@Z        7c678c40 f   libcmtd:a_map.obj
 0001:00047cf0       ?__crtGetStringTypeA_stat@@YAHPAUlocaleinfo_struct@@KPBDHPAGHHH@Z 7c678cf0 f   libcmtd:a_str.obj
 0001:00048070       __get_lc_time              7c679070 f   libcmtd:inittime.obj
 0001:00048c80       _fix_grouping              7c679c80 f   libcmtd:initnum.obj
 0001:000491f0       _fix_grouping              7c67a1f0 f   libcmtd:initmon.obj
 0001:0004a880       ?_expandtime@@YAHPAUlocaleinfo_struct@@DPBUtm@@PAPADPAIPAU__lc_time_data@@I@Z 7c67b880 f   libcmtd:strftime.obj
 0001:0004b840       ?_store_str@@YAXPADPAPADPAI@Z 7c67c840 f   libcmtd:strftime.obj
 0001:0004b890       ?_store_num@@YAXHHPAPADPAII@Z 7c67c890 f   libcmtd:strftime.obj
 0001:0004b940       ?_store_number@@YAXHPAPADPAI@Z 7c67c940 f   libcmtd:strftime.obj
 0001:0004b9f0       ?_store_winword@@YAHPAUlocaleinfo_struct@@HPBUtm@@PAPADPAIPAU__lc_time_data@@@Z 7c67c9f0 f   libcmtd:strftime.obj
 0001:0004cb00       _TranslateName             7c67db00 f   libcmtd:getqloc.obj
 0001:0004cb90       _GetLcidFromLangCountry    7c67db90 f   libcmtd:getqloc.obj
 0001:0004cc50       _LangCountryEnumProc@4     7c67dc50 f   libcmtd:getqloc.obj
 0001:0004d090       _GetLcidFromLanguage       7c67e090 f   libcmtd:getqloc.obj
 0001:0004d110       _LanguageEnumProc@4        7c67e110 f   libcmtd:getqloc.obj
 0001:0004d2b0       _GetLcidFromCountry        7c67e2b0 f   libcmtd:getqloc.obj
 0001:0004d300       _CountryEnumProc@4         7c67e300 f   libcmtd:getqloc.obj
 0001:0004d400       _GetLcidFromDefault        7c67e400 f   libcmtd:getqloc.obj
 0001:0004d430       _ProcessCodePage           7c67e430 f   libcmtd:getqloc.obj
 0001:0004d4e0       _TestDefaultCountry        7c67e4e0 f   libcmtd:getqloc.obj
 0001:0004d530       _TestDefaultLanguage       7c67e530 f   libcmtd:getqloc.obj
 0001:0004d5d0       _LcidFromHexString         7c67e5d0 f   libcmtd:getqloc.obj
 0001:0004d650       _GetPrimaryLen             7c67e650 f   libcmtd:getqloc.obj
 0001:0004dc00       _fastcopy_I                7c67ec00 f   libcmtd:p4_memcpy.obj
 0001:00050720       ?__crtGetLocaleInfoW_stat@@YAHPAUlocaleinfo_struct@@KKPA_WHH@Z 7c681720 f   libcmtd:w_loc.obj
 0001:000508f0       ?__crtGetLocaleInfoA_stat@@YAHPAUlocaleinfo_struct@@KKPADHH@Z 7c6818f0 f   libcmtd:a_loc.obj
 0001:00050a98       __unwind_handler           7c681a98 f   libcmtd:exsup.obj
 0001:00050c20       _has_osfxsr_set            7c681c20 f   libcmtd:cpu_disp.obj
 0001:000513f0       ?x_ismbbtype_l@@YAHPAUlocaleinfo_struct@@IHH@Z 7c6823f0 f   libcmtd:ismbbyte.obj
 0001:0005aa20       ?und_strlen@@YAIPBD@Z      7c68ba20 f   libcmtd:undname.obj
 0001:0005aa60       ?und_strncpy@@YAPADPADPBDI@Z 7c68ba60 f   libcmtd:undname.obj
 0001:0005aab0       ?und_strncmp@@YAIPBD0I@Z   7c68bab0 f   libcmtd:undname.obj
 0001:0005b1e0       ?strtoxl@@YAKPAUlocaleinfo_struct@@PBDPAPBDHH@Z 7c68c1e0 f   libcmtd:strtol.obj
 0001:0005b7a0       ?wcstoxl@@YAKPAUlocaleinfo_struct@@PB_WPAPB_WHH@Z 7c68c7a0 f   libcmtd:wcstol.obj
 0001:0005bcc0       ?__crtLCMapStringW_stat@@YAHPAUlocaleinfo_struct@@KKPB_WHPA_WHH@Z 7c68ccc0 f   libcmtd:w_map.obj
 0001:0005c010       ?wcsncnt@@YAHPB_WH@Z       7c68d010 f   libcmtd:w_map.obj
 0001:0005c320       ?FindHandler@@YAXPAUEHExceptionRecord@@PAUEHRegistrationNode@@PAU_CONTEXT@@PAXPBU_s_FuncInfo@@EH1@Z 7c68d320 f   libcmtd:frame.obj
 0001:0005c870       ?FindHandlerForForeignException@@YAXPAUEHExceptionRecord@@PAUEHRegistrationNode@@PAU_CONTEXT@@PAXPBU_s_FuncInfo@@HH1@Z 7c68d870 f   libcmtd:frame.obj
 0001:0005cc90       ?CatchIt@@YAXPAUEHExceptionRecord@@PAUEHRegistrationNode@@PAU_CONTEXT@@PAXPBU_s_FuncInfo@@PBU_s_HandlerType@@PBU_s_CatchableType@@PBU_s_TryBlockMapEntry@@H1E@Z 7c68dc90 f   libcmtd:frame.obj
 0001:0005cd50       ?CallCatchBlock@@YAPAXPAUEHExceptionRecord@@PAUEHRegistrationNode@@PAU_CONTEXT@@PBU_s_FuncInfo@@PAXHK@Z 7c68dd50 f   libcmtd:frame.obj
 0001:0005cfe0       ?ExFilterRethrow@@YAHPAU_EXCEPTION_POINTERS@@@Z 7c68dfe0 f   libcmtd:frame.obj
 0001:0005dc20       ?IsInExceptionSpec@@YAEPAUEHExceptionRecord@@PBU_s_ESTypeList@@@Z 7c68ec20 f   libcmtd:frame.obj
 0001:0005dce0       ?CallUnexpected@@YAXPBU_s_ESTypeList@@@Z 7c68ece0 f   libcmtd:frame.obj
 0001:0005dd2c       __catch$?CallUnexpected@@YAXPBU_s_ESTypeList@@@Z$0 7c68ed2c f   libcmtd:frame.obj
 0001:0005dd70       ?Is_bad_exception_allowed@@YAEPBU_s_ESTypeList@@@Z 7c68ed70 f   libcmtd:frame.obj
 0001:0005e630       __tzset_nolock             7c68f630 f   libcmtd:tzset.obj
 0001:0005ec10       __isindst_nolock           7c68fc10 f   libcmtd:tzset.obj
 0001:0005ef60       _cvtdate                   7c68ff60 f   libcmtd:tzset.obj
 0001:00060600       ?DebuggerProbe@@YAHK@Z     7c691600 f   libcmtd:error.obj
 0001:000606e0       ?failwithmessage@@YAXPAXHHPBD@Z 7c6916e0 f   libcmtd:error.obj
 0001:00060920       ?DebuggerRuntime@@YAHKHPAXPB_W@Z 7c691920 f   libcmtd:error.obj
 0001:00060c20       ?_getMemBlockDataString@@YAXPAD00I@Z 7c691c20 f   libcmtd:error.obj
 0001:000610b0       _flsall                    7c6920b0 f   libcmtd:fflush.obj
 0001:00061c90       ?__crtGetStringTypeW_stat@@YAHPAUlocaleinfo_struct@@KPB_WHPAGHH@Z 7c692c90 f   libcmtd:w_str.obj
 0001:000622a0       __getenv_s_helper          7c6932a0 f   libcmtd:getenv.obj
 0001:00062500       __dupenv_s_helper          7c693500 f   libcmtd:getenv.obj
 0001:000629b0       ?strtoxq@@YA_KPAUlocaleinfo_struct@@PBDPAPBDHH@Z 7c6939b0 f   libcmtd:strtoq.obj
 0001:000632e0       ?GetPdbDll@@YAPAUHINSTANCE__@@XZ 7c6942e0 f   libcmtd:pdblkup.obj
 0001:00064130       ?__crtCompareStringA_stat@@YAHPAUlocaleinfo_struct@@KKPBDH1HH@Z 7c695130 f   libcmtd:a_cmp.obj
 0001:00064640       ?strncnt@@YAHPBDH@Z        7c695640 f   libcmtd:a_cmp.obj
 0001:00064e00       _findenv                   7c695e00 f   libcmtd:setenv.obj
 0001:00064e80       _copy_environ              7c695e80 f   libcmtd:setenv.obj
 0001:0006521e       ?__strlen@@YGIPBD@Z        7c69621e f   delayimp:delayhlp.obj
 0001:00065235       ?__memcmp@@YGHPBX0I@Z      7c696235 f   delayimp:delayhlp.obj
 0001:0006525d       ?__memcpy@@YGPAXPAXPBXI@Z  7c69625d f   delayimp:delayhlp.obj
 0001:000652fc       ?PinhFromImageBase@@YGPAU_IMAGE_NT_HEADERS@@PAUHINSTANCE__@@@Z 7c6962fc f   delayimp:delayhlp.obj
 0001:00065302       ?OverlayIAT@@YGXPAU_IMAGE_THUNK_DATA32@@PBU1@@Z 7c696302 f   delayimp:delayhlp.obj
 0001:0006532a       ?TimeStampOfImage@@YGKPAU_IMAGE_NT_HEADERS@@@Z 7c69632a f   delayimp:delayhlp.obj
 0001:0006532e       ?FLoadedAtPreferredAddress@@YG_NPAU_IMAGE_NT_HEADERS@@PAUHINSTANCE__@@@Z 7c69632e f   delayimp:delayhlp.obj
 0001:000659e0       __unwindfunclet$?getSystemCP@@YAHH@Z$0 7c6969e0 f   libcmtd:mbctype.obj
 0001:000659e8       __ehhandler$?getSystemCP@@YAHH@Z 7c6969e8 f   libcmtd:mbctype.obj
 0001:00065a10       __unwindfunclet$?x_ismbbtype_l@@YAHPAUlocaleinfo_struct@@IHH@Z$0 7c696a10 f   libcmtd:ismbbyte.obj
 0001:00065a18       __ehhandler$?x_ismbbtype_l@@YAHPAUlocaleinfo_struct@@IHH@Z 7c696a18 f   libcmtd:ismbbyte.obj
 0001:00065a40       __unwindfunclet$?strtoxl@@YAKPAUlocaleinfo_struct@@PBDPAPBDHH@Z$0 7c696a40 f   libcmtd:strtol.obj
 0001:00065a48       __ehhandler$?strtoxl@@YAKPAUlocaleinfo_struct@@PBDPAPBDHH@Z 7c696a48 f   libcmtd:strtol.obj
 0001:00065a70       __unwindfunclet$?wcstoxl@@YAKPAUlocaleinfo_struct@@PB_WPAPB_WHH@Z$0 7c696a70 f   libcmtd:wcstol.obj
 0001:00065a78       __ehhandler$?wcstoxl@@YAKPAUlocaleinfo_struct@@PB_WPAPB_WHH@Z 7c696a78 f   libcmtd:wcstol.obj
 0001:00065aa0       __ehhandler$?CallUnexpected@@YAXPBU_s_ESTypeList@@@Z 7c696aa0 f   libcmtd:frame.obj
 0001:00065ac0       __unwindfunclet$?strtoxq@@YA_KPAUlocaleinfo_struct@@PBDPAPBDHH@Z$0 7c696ac0 f   libcmtd:strtoq.obj
 0001:00065ac8       __ehhandler$?strtoxq@@YA_KPAUlocaleinfo_struct@@PBDPAPBDHH@Z 7c696ac8 f   libcmtd:strtoq.obj
 0001:00065af0       ??__E_Module@@YAXXZ        7c696af0 f   atl.obj
 0001:00065b10       ??__E_AtlComModule@ATL@@YAXXZ 7c696b10 f   atl.obj
 0001:00065b30       ??__Eclash@Inconsistent_definition_of_symbol__ATL_MIXED@@YAXXZ 7c696b30 f   stdafx.obj
 0001:00065b40       ??__Eclash@Define_the_symbol__ATL_MIXED@@YAXXZ 7c696b40 f   stdafx.obj
 0001:00065b50       ??__EatlTraceGeneral@ATL@@YAXXZ 7c696b50 f   atlsd:atltrace.obj
 0001:00065b70       ??__EatlTraceCOM@ATL@@YAXXZ 7c696b70 f   atlsd:atltrace.obj
 0001:00065b90       ??__EatlTraceQI@ATL@@YAXXZ 7c696b90 f   atlsd:atltrace.obj
 0001:00065bb0       ??__EatlTraceRegistrar@ATL@@YAXXZ 7c696bb0 f   atlsd:atltrace.obj
 0001:00065bd0       ??__EatlTraceRefcount@ATL@@YAXXZ 7c696bd0 f   atlsd:atltrace.obj
 0001:00065bf0       ??__EatlTraceWindowing@ATL@@YAXXZ 7c696bf0 f   atlsd:atltrace.obj
 0001:00065c10       ??__EatlTraceControls@ATL@@YAXXZ 7c696c10 f   atlsd:atltrace.obj
 0001:00065c30       ??__EatlTraceHosting@ATL@@YAXXZ 7c696c30 f   atlsd:atltrace.obj
 0001:00065c50       ??__EatlTraceDBClient@ATL@@YAXXZ 7c696c50 f   atlsd:atltrace.obj
 0001:00065c70       ??__EatlTraceDBProvider@ATL@@YAXXZ 7c696c70 f   atlsd:atltrace.obj
 0001:00065c90       ??__EatlTraceSnapin@ATL@@YAXXZ 7c696c90 f   atlsd:atltrace.obj
 0001:00065cb0       ??__EatlTraceNotImpl@ATL@@YAXXZ 7c696cb0 f   atlsd:atltrace.obj
 0001:00065cd0       ??__EatlTraceAllocation@ATL@@YAXXZ 7c696cd0 f   atlsd:atltrace.obj
 0001:00065cf0       ??__EatlTraceException@ATL@@YAXXZ 7c696cf0 f   atlsd:atltrace.obj
 0001:00065d10       ??__EatlTraceTime@ATL@@YAXXZ 7c696d10 f   atlsd:atltrace.obj
 0001:00065d30       ??__EatlTraceCache@ATL@@YAXXZ 7c696d30 f   atlsd:atltrace.obj
 0001:00065d50       ??__EatlTraceStencil@ATL@@YAXXZ 7c696d50 f   atlsd:atltrace.obj
 0001:00065d70       ??__EatlTraceString@ATL@@YAXXZ 7c696d70 f   atlsd:atltrace.obj
 0001:00065d90       ??__EatlTraceMap@ATL@@YAXXZ 7c696d90 f   atlsd:atltrace.obj
 0001:00065db0       ??__EatlTraceUtil@ATL@@YAXXZ 7c696db0 f   atlsd:atltrace.obj
 0001:00065dd0       ??__EatlTraceSecurity@ATL@@YAXXZ 7c696dd0 f   atlsd:atltrace.obj
 0001:00065df0       ??__EatlTraceSync@ATL@@YAXXZ 7c696df0 f   atlsd:atltrace.obj
 0001:00065e10       ??__EatlTraceISAPI@ATL@@YAXXZ 7c696e10 f   atlsd:atltrace.obj
 0001:00065e30       ??__EatlTraceUser@ATL@@YAXXZ 7c696e30 f   atlsd:atltrace.obj
 0001:00065e50       ??__EatlTraceUser2@ATL@@YAXXZ 7c696e50 f   atlsd:atltrace.obj
 0001:00065e70       ??__EatlTraceUser3@ATL@@YAXXZ 7c696e70 f   atlsd:atltrace.obj
 0001:00065e90       ??__EatlTraceUser4@ATL@@YAXXZ 7c696e90 f   atlsd:atltrace.obj
 0001:00065eb0       ??__Eg_Allocator@@YAXXZ    7c696eb0 f   atlsd:Externs.obj
 0001:00065ed0       ??__Eg_bInitialized@@YAXXZ 7c696ed0 f   atlsd:Externs.obj
 0001:00065ee0       ??__E?s_trace@CTrace@ATL@@2V12@A@@YAXXZ 7c696ee0 f   atlsd:Externs.obj
 0001:00065f10       ??__E_AtlBaseModule@ATL@@YAXXZ 7c696f10 f   atlsd:atlbase.obj
 0001:00065f30       ??__E_AtlWinModule@ATL@@YAXXZ 7c696f30 f   atlsd:atlbase.obj
 0001:00065f50       ??__F_Module@@YAXXZ        7c696f50 f   atl.obj
 0001:00065f60       ??__F_AtlComModule@ATL@@YAXXZ 7c696f60 f   atl.obj
 0001:00065f70       ??__Fg_Allocator@@YAXXZ    7c696f70 f   atlsd:Externs.obj
 0001:00065f80       ??__F?s_trace@CTrace@ATL@@2V12@A@@YAXXZ 7c696f80 f   atlsd:Externs.obj
 0001:00065f90       ??__F_AtlBaseModule@ATL@@YAXXZ 7c696f90 f   atlsd:atlbase.obj
 0001:00065fa0       ??__F_AtlWinModule@ATL@@YAXXZ 7c696fa0 f   atlsd:atlbase.obj
 0001:00065fb0       ??__Fnomem@?5???2@YAPAXI@Z@YAXXZ 7c696fb0 f   libcmtd:new.obj
